D4 Spec Coverage Check (unified)	Set up job	﻿2026-06-21T17:03:16.8501404Z Current runner version: '2.335.1'
D4 Spec Coverage Check (unified)	Set up job	2026-06-21T17:03:16.8527619Z ##[group]Runner Image Provisioner
D4 Spec Coverage Check (unified)	Set up job	2026-06-21T17:03:16.8528484Z Hosted Compute Agent
D4 Spec Coverage Check (unified)	Set up job	2026-06-21T17:03:16.8529218Z Version: 20260611.554
D4 Spec Coverage Check (unified)	Set up job	2026-06-21T17:03:16.8529867Z Commit: 5e0782fdc9014723d3be820dd114dd31555c2bd1
D4 Spec Coverage Check (unified)	Set up job	2026-06-21T17:03:16.8530996Z Build Date: 2026-06-11T21:40:46Z
D4 Spec Coverage Check (unified)	Set up job	2026-06-21T17:03:16.8531783Z Worker ID: {a0d3addb-f42b-4703-8a42-df2d8ebb3e9c}
D4 Spec Coverage Check (unified)	Set up job	2026-06-21T17:03:16.8532518Z Azure Region: northcentralus
D4 Spec Coverage Check (unified)	Set up job	2026-06-21T17:03:16.8533222Z ##[endgroup]
D4 Spec Coverage Check (unified)	Set up job	2026-06-21T17:03:16.8534758Z ##[group]Operating System
D4 Spec Coverage Check (unified)	Set up job	2026-06-21T17:03:16.8535408Z Ubuntu
D4 Spec Coverage Check (unified)	Set up job	2026-06-21T17:03:16.8536018Z 24.04.4
D4 Spec Coverage Check (unified)	Set up job	2026-06-21T17:03:16.8536533Z LTS
D4 Spec Coverage Check (unified)	Set up job	2026-06-21T17:03:16.8537162Z ##[endgroup]
D4 Spec Coverage Check (unified)	Set up job	2026-06-21T17:03:16.8537720Z ##[group]Runner Image
D4 Spec Coverage Check (unified)	Set up job	2026-06-21T17:03:16.8538301Z Image: ubuntu-24.04
D4 Spec Coverage Check (unified)	Set up job	2026-06-21T17:03:16.8538931Z Version: 20260615.205.1
D4 Spec Coverage Check (unified)	Set up job	2026-06-21T17:03:16.8539993Z Included Software: https://github.com/actions/runner-images/blob/ubuntu24/20260615.205/images/ubuntu/Ubuntu2404-Readme.md
D4 Spec Coverage Check (unified)	Set up job	2026-06-21T17:03:16.8542161Z Image Release: https://github.com/actions/runner-images/releases/tag/ubuntu24%2F20260615.205
D4 Spec Coverage Check (unified)	Set up job	2026-06-21T17:03:16.8543159Z ##[endgroup]
D4 Spec Coverage Check (unified)	Set up job	2026-06-21T17:03:16.8544383Z ##[group]GITHUB_TOKEN Permissions
D4 Spec Coverage Check (unified)	Set up job	2026-06-21T17:03:16.8546311Z Contents: read
D4 Spec Coverage Check (unified)	Set up job	2026-06-21T17:03:16.8547444Z Metadata: read
D4 Spec Coverage Check (unified)	Set up job	2026-06-21T17:03:16.8548020Z Packages: read
D4 Spec Coverage Check (unified)	Set up job	2026-06-21T17:03:16.8548604Z ##[endgroup]
D4 Spec Coverage Check (unified)	Set up job	2026-06-21T17:03:16.8551261Z Secret source: Actions
D4 Spec Coverage Check (unified)	Set up job	2026-06-21T17:03:16.8552285Z Prepare workflow directory
D4 Spec Coverage Check (unified)	Set up job	2026-06-21T17:03:16.8900817Z Prepare all required actions
D4 Spec Coverage Check (unified)	Set up job	2026-06-21T17:03:16.8938833Z Getting action download info
D4 Spec Coverage Check (unified)	Set up job	2026-06-21T17:03:17.1524881Z Download action repository 'actions/checkout@v4' (SHA:34e114876b0b11c390a56381ad16ebd13914f8d5)
D4 Spec Coverage Check (unified)	Set up job	2026-06-21T17:03:17.2273756Z Download action repository 'actions/setup-python@v5' (SHA:a26af69be951a213d495a4c3e4e4022e16d87065)
D4 Spec Coverage Check (unified)	Set up job	2026-06-21T17:03:17.4077132Z Complete job name: D4 Spec Coverage Check (unified)
D4 Spec Coverage Check (unified)	Run actions/checkout@v4	﻿2026-06-21T17:03:17.4834256Z Node 20 is being deprecated. This workflow is running with Node 24 by default. If you need to temporarily use Node 20, you can set the ACTIONS_ALLOW_USE_UNSECURE_NODE_VERSION=true environment variable. For more information see: https://github.blog/changelog/2025-09-19-deprecation-of-node-20-on-github-actions-runners/
D4 Spec Coverage Check (unified)	Run actions/checkout@v4	2026-06-21T17:03:17.4842940Z ##[group]Run actions/checkout@v4
D4 Spec Coverage Check (unified)	Run actions/checkout@v4	2026-06-21T17:03:17.4843695Z with:
D4 Spec Coverage Check (unified)	Run actions/checkout@v4	2026-06-21T17:03:17.4844179Z   submodules: true
D4 Spec Coverage Check (unified)	Run actions/checkout@v4	2026-06-21T17:03:17.4844717Z   repository: johnnylugm-tech/omnibot
D4 Spec Coverage Check (unified)	Run actions/checkout@v4	2026-06-21T17:03:17.4848827Z   token: ***
D4 Spec Coverage Check (unified)	Run actions/checkout@v4	2026-06-21T17:03:17.4849251Z   ssh-strict: true
D4 Spec Coverage Check (unified)	Run actions/checkout@v4	2026-06-21T17:03:17.4849689Z   ssh-user: git
D4 Spec Coverage Check (unified)	Run actions/checkout@v4	2026-06-21T17:03:17.4850443Z   persist-credentials: true
D4 Spec Coverage Check (unified)	Run actions/checkout@v4	2026-06-21T17:03:17.4851122Z   clean: true
D4 Spec Coverage Check (unified)	Run actions/checkout@v4	2026-06-21T17:03:17.4851570Z   sparse-checkout-cone-mode: true
D4 Spec Coverage Check (unified)	Run actions/checkout@v4	2026-06-21T17:03:17.4852088Z   fetch-depth: 1
D4 Spec Coverage Check (unified)	Run actions/checkout@v4	2026-06-21T17:03:17.4852522Z   fetch-tags: false
D4 Spec Coverage Check (unified)	Run actions/checkout@v4	2026-06-21T17:03:17.4852984Z   show-progress: true
D4 Spec Coverage Check (unified)	Run actions/checkout@v4	2026-06-21T17:03:17.4853442Z   lfs: false
D4 Spec Coverage Check (unified)	Run actions/checkout@v4	2026-06-21T17:03:17.4853912Z   set-safe-directory: true
D4 Spec Coverage Check (unified)	Run actions/checkout@v4	2026-06-21T17:03:17.4854746Z ##[endgroup]
D4 Spec Coverage Check (unified)	Run actions/checkout@v4	2026-06-21T17:03:17.5853889Z Syncing repository: johnnylugm-tech/omnibot
D4 Spec Coverage Check (unified)	Run actions/checkout@v4	2026-06-21T17:03:17.5855769Z ##[group]Getting Git version info
D4 Spec Coverage Check (unified)	Run actions/checkout@v4	2026-06-21T17:03:17.5856484Z Working directory is '/home/runner/work/omnibot/omnibot'
D4 Spec Coverage Check (unified)	Run actions/checkout@v4	2026-06-21T17:03:17.5857511Z [command]/usr/bin/git version
D4 Spec Coverage Check (unified)	Run actions/checkout@v4	2026-06-21T17:03:17.5908816Z git version 2.54.0
D4 Spec Coverage Check (unified)	Run actions/checkout@v4	2026-06-21T17:03:17.5932457Z ##[endgroup]
D4 Spec Coverage Check (unified)	Run actions/checkout@v4	2026-06-21T17:03:17.5949134Z Temporarily overriding HOME='/home/runner/work/_temp/cf32df41-9a1c-4650-8329-a424d7427c06' before making global git config changes
D4 Spec Coverage Check (unified)	Run actions/checkout@v4	2026-06-21T17:03:17.5951860Z Adding repository directory to the temporary git global config as a safe directory
D4 Spec Coverage Check (unified)	Run actions/checkout@v4	2026-06-21T17:03:17.5956009Z [command]/usr/bin/git config --global --add safe.directory /home/runner/work/omnibot/omnibot
D4 Spec Coverage Check (unified)	Run actions/checkout@v4	2026-06-21T17:03:17.6003814Z Deleting the contents of '/home/runner/work/omnibot/omnibot'
D4 Spec Coverage Check (unified)	Run actions/checkout@v4	2026-06-21T17:03:17.6008737Z ##[group]Initializing the repository
D4 Spec Coverage Check (unified)	Run actions/checkout@v4	2026-06-21T17:03:17.6013182Z [command]/usr/bin/git init /home/runner/work/omnibot/omnibot
D4 Spec Coverage Check (unified)	Run actions/checkout@v4	2026-06-21T17:03:17.6096804Z hint: Using 'master' as the name for the initial branch. This default branch name
D4 Spec Coverage Check (unified)	Run actions/checkout@v4	2026-06-21T17:03:17.6098015Z hint: will change to "main" in Git 3.0. To configure the initial branch name
D4 Spec Coverage Check (unified)	Run actions/checkout@v4	2026-06-21T17:03:17.6098987Z hint: to use in all of your new repositories, which will suppress this warning,
D4 Spec Coverage Check (unified)	Run actions/checkout@v4	2026-06-21T17:03:17.6099744Z hint: call:
D4 Spec Coverage Check (unified)	Run actions/checkout@v4	2026-06-21T17:03:17.6100554Z hint:
D4 Spec Coverage Check (unified)	Run actions/checkout@v4	2026-06-21T17:03:17.6101097Z hint: 	git config --global init.defaultBranch <name>
D4 Spec Coverage Check (unified)	Run actions/checkout@v4	2026-06-21T17:03:17.6101738Z hint:
D4 Spec Coverage Check (unified)	Run actions/checkout@v4	2026-06-21T17:03:17.6102329Z hint: Names commonly chosen instead of 'master' are 'main', 'trunk' and
D4 Spec Coverage Check (unified)	Run actions/checkout@v4	2026-06-21T17:03:17.6103281Z hint: 'development'. The just-created branch can be renamed via this command:
D4 Spec Coverage Check (unified)	Run actions/checkout@v4	2026-06-21T17:03:17.6104045Z hint:
D4 Spec Coverage Check (unified)	Run actions/checkout@v4	2026-06-21T17:03:17.6104467Z hint: 	git branch -m <name>
D4 Spec Coverage Check (unified)	Run actions/checkout@v4	2026-06-21T17:03:17.6104950Z hint:
D4 Spec Coverage Check (unified)	Run actions/checkout@v4	2026-06-21T17:03:17.6105569Z hint: Disable this message with "git config set advice.defaultBranchName false"
D4 Spec Coverage Check (unified)	Run actions/checkout@v4	2026-06-21T17:03:17.6111666Z Initialized empty Git repository in /home/runner/work/omnibot/omnibot/.git/
D4 Spec Coverage Check (unified)	Run actions/checkout@v4	2026-06-21T17:03:17.6122834Z [command]/usr/bin/git remote add origin https://github.com/johnnylugm-tech/omnibot
D4 Spec Coverage Check (unified)	Run actions/checkout@v4	2026-06-21T17:03:17.6163691Z ##[endgroup]
D4 Spec Coverage Check (unified)	Run actions/checkout@v4	2026-06-21T17:03:17.6164479Z ##[group]Disabling automatic garbage collection
D4 Spec Coverage Check (unified)	Run actions/checkout@v4	2026-06-21T17:03:17.6167500Z [command]/usr/bin/git config --local gc.auto 0
D4 Spec Coverage Check (unified)	Run actions/checkout@v4	2026-06-21T17:03:17.6195321Z ##[endgroup]
D4 Spec Coverage Check (unified)	Run actions/checkout@v4	2026-06-21T17:03:17.6196067Z ##[group]Setting up auth
D4 Spec Coverage Check (unified)	Run actions/checkout@v4	2026-06-21T17:03:17.6202480Z [command]/usr/bin/git config --local --name-only --get-regexp core\.sshCommand
D4 Spec Coverage Check (unified)	Run actions/checkout@v4	2026-06-21T17:03:17.6233763Z [command]/usr/bin/git submodule foreach --recursive sh -c "git config --local --name-only --get-regexp 'core\.sshCommand' && git config --local --unset-all 'core.sshCommand' || :"
D4 Spec Coverage Check (unified)	Run actions/checkout@v4	2026-06-21T17:03:17.6541315Z [command]/usr/bin/git config --local --name-only --get-regexp http\.https\:\/\/github\.com\/\.extraheader
D4 Spec Coverage Check (unified)	Run actions/checkout@v4	2026-06-21T17:03:17.6572278Z [command]/usr/bin/git submodule foreach --recursive sh -c "git config --local --name-only --get-regexp 'http\.https\:\/\/github\.com\/\.extraheader' && git config --local --unset-all 'http.https://github.com/.extraheader' || :"
D4 Spec Coverage Check (unified)	Run actions/checkout@v4	2026-06-21T17:03:17.6787247Z [command]/usr/bin/git config --local --name-only --get-regexp ^includeIf\.gitdir:
D4 Spec Coverage Check (unified)	Run actions/checkout@v4	2026-06-21T17:03:17.6818746Z [command]/usr/bin/git submodule foreach --recursive git config --local --show-origin --name-only --get-regexp remote.origin.url
D4 Spec Coverage Check (unified)	Run actions/checkout@v4	2026-06-21T17:03:17.7034745Z [command]/usr/bin/git config --local http.https://github.com/.extraheader AUTHORIZATION: basic ***
D4 Spec Coverage Check (unified)	Run actions/checkout@v4	2026-06-21T17:03:17.7068618Z ##[endgroup]
D4 Spec Coverage Check (unified)	Run actions/checkout@v4	2026-06-21T17:03:17.7077768Z ##[group]Fetching the repository
D4 Spec Coverage Check (unified)	Run actions/checkout@v4	2026-06-21T17:03:17.7079121Z [command]/usr/bin/git -c protocol.version=2 fetch --no-tags --prune --no-recurse-submodules --depth=1 origin +b4a42eeb727aaa535039bd86a9731a15588be212:refs/remotes/origin/main
D4 Spec Coverage Check (unified)	Run actions/checkout@v4	2026-06-21T17:03:18.3393821Z From https://github.com/johnnylugm-tech/omnibot
D4 Spec Coverage Check (unified)	Run actions/checkout@v4	2026-06-21T17:03:18.3395554Z  * [new ref]         b4a42eeb727aaa535039bd86a9731a15588be212 -> origin/main
D4 Spec Coverage Check (unified)	Run actions/checkout@v4	2026-06-21T17:03:18.3434150Z ##[endgroup]
D4 Spec Coverage Check (unified)	Run actions/checkout@v4	2026-06-21T17:03:18.3435303Z ##[group]Determining the checkout info
D4 Spec Coverage Check (unified)	Run actions/checkout@v4	2026-06-21T17:03:18.3436650Z ##[endgroup]
D4 Spec Coverage Check (unified)	Run actions/checkout@v4	2026-06-21T17:03:18.3445027Z [command]/usr/bin/git sparse-checkout disable
D4 Spec Coverage Check (unified)	Run actions/checkout@v4	2026-06-21T17:03:18.3491585Z [command]/usr/bin/git config --local --unset-all extensions.worktreeConfig
D4 Spec Coverage Check (unified)	Run actions/checkout@v4	2026-06-21T17:03:18.3522562Z ##[group]Checking out the ref
D4 Spec Coverage Check (unified)	Run actions/checkout@v4	2026-06-21T17:03:18.3527664Z [command]/usr/bin/git checkout --progress --force -B main refs/remotes/origin/main
D4 Spec Coverage Check (unified)	Run actions/checkout@v4	2026-06-21T17:03:18.6842007Z Switched to a new branch 'main'
D4 Spec Coverage Check (unified)	Run actions/checkout@v4	2026-06-21T17:03:18.6844481Z branch 'main' set up to track 'origin/main'.
D4 Spec Coverage Check (unified)	Run actions/checkout@v4	2026-06-21T17:03:18.6854697Z ##[endgroup]
D4 Spec Coverage Check (unified)	Run actions/checkout@v4	2026-06-21T17:03:18.6855892Z ##[group]Setting up auth for fetching submodules
D4 Spec Coverage Check (unified)	Run actions/checkout@v4	2026-06-21T17:03:18.6861264Z [command]/usr/bin/git config --global http.https://github.com/.extraheader AUTHORIZATION: basic ***
D4 Spec Coverage Check (unified)	Run actions/checkout@v4	2026-06-21T17:03:18.6899464Z [command]/usr/bin/git config --global --unset-all url.https://github.com/.insteadOf
D4 Spec Coverage Check (unified)	Run actions/checkout@v4	2026-06-21T17:03:18.6927945Z [command]/usr/bin/git config --global --add url.https://github.com/.insteadOf git@github.com:
D4 Spec Coverage Check (unified)	Run actions/checkout@v4	2026-06-21T17:03:18.6955835Z [command]/usr/bin/git config --global --add url.https://github.com/.insteadOf org-264831202@github.com:
D4 Spec Coverage Check (unified)	Run actions/checkout@v4	2026-06-21T17:03:18.6982594Z ##[endgroup]
D4 Spec Coverage Check (unified)	Run actions/checkout@v4	2026-06-21T17:03:18.6983957Z ##[group]Fetching submodules
D4 Spec Coverage Check (unified)	Run actions/checkout@v4	2026-06-21T17:03:18.6985442Z [command]/usr/bin/git submodule sync
D4 Spec Coverage Check (unified)	Run actions/checkout@v4	2026-06-21T17:03:18.7202810Z [command]/usr/bin/git -c protocol.version=2 submodule update --init --force --depth=1
D4 Spec Coverage Check (unified)	Run actions/checkout@v4	2026-06-21T17:03:18.7414904Z Submodule 'harness' (https://github.com/johnnylugm-tech/harness-methodology.git) registered for path 'harness'
D4 Spec Coverage Check (unified)	Run actions/checkout@v4	2026-06-21T17:03:18.7438526Z Cloning into '/home/runner/work/omnibot/omnibot/harness'...
D4 Spec Coverage Check (unified)	Run actions/checkout@v4	2026-06-21T17:03:20.0177407Z From https://github.com/johnnylugm-tech/harness-methodology
D4 Spec Coverage Check (unified)	Run actions/checkout@v4	2026-06-21T17:03:20.0178185Z  * branch            094bc1981e951903f3a243e6c4d6e4e573bfceda -> FETCH_HEAD
D4 Spec Coverage Check (unified)	Run actions/checkout@v4	2026-06-21T17:03:20.0609006Z Submodule path 'harness': checked out '094bc1981e951903f3a243e6c4d6e4e573bfceda'
D4 Spec Coverage Check (unified)	Run actions/checkout@v4	2026-06-21T17:03:20.0621084Z [command]/usr/bin/git submodule foreach git config --local gc.auto 0
D4 Spec Coverage Check (unified)	Run actions/checkout@v4	2026-06-21T17:03:20.0835360Z Entering 'harness'
D4 Spec Coverage Check (unified)	Run actions/checkout@v4	2026-06-21T17:03:20.0872016Z ##[endgroup]
D4 Spec Coverage Check (unified)	Run actions/checkout@v4	2026-06-21T17:03:20.0872949Z ##[group]Persisting credentials for submodules
D4 Spec Coverage Check (unified)	Run actions/checkout@v4	2026-06-21T17:03:20.0878644Z [command]/usr/bin/git submodule foreach --recursive sh -c "git config --local --name-only --get-regexp 'url\.https\:\/\/github\.com\/\.insteadOf' && git config --local --unset-all 'url.https://github.com/.insteadOf' || :"
D4 Spec Coverage Check (unified)	Run actions/checkout@v4	2026-06-21T17:03:20.1086449Z Entering 'harness'
D4 Spec Coverage Check (unified)	Run actions/checkout@v4	2026-06-21T17:03:20.1145457Z [command]/usr/bin/git submodule foreach sh -c "git config --local 'http.https://github.com/.extraheader' 'AUTHORIZATION: basic ***' && git config --local --show-origin --name-only --get-regexp remote.origin.url"
D4 Spec Coverage Check (unified)	Run actions/checkout@v4	2026-06-21T17:03:20.1356030Z Entering 'harness'
D4 Spec Coverage Check (unified)	Run actions/checkout@v4	2026-06-21T17:03:20.1394259Z file:/home/runner/work/omnibot/omnibot/.git/modules/harness/config	remote.origin.url
D4 Spec Coverage Check (unified)	Run actions/checkout@v4	2026-06-21T17:03:20.1417088Z [command]/usr/bin/git submodule foreach git config --local --add 'url.https://github.com/.insteadOf' 'git@github.com:'
D4 Spec Coverage Check (unified)	Run actions/checkout@v4	2026-06-21T17:03:20.1620557Z Entering 'harness'
D4 Spec Coverage Check (unified)	Run actions/checkout@v4	2026-06-21T17:03:20.1654530Z [command]/usr/bin/git submodule foreach git config --local --add 'url.https://github.com/.insteadOf' 'org-264831202@github.com:'
D4 Spec Coverage Check (unified)	Run actions/checkout@v4	2026-06-21T17:03:20.1857070Z Entering 'harness'
D4 Spec Coverage Check (unified)	Run actions/checkout@v4	2026-06-21T17:03:20.1886715Z ##[endgroup]
D4 Spec Coverage Check (unified)	Run actions/checkout@v4	2026-06-21T17:03:20.1925651Z [command]/usr/bin/git log -1 --format=%H
D4 Spec Coverage Check (unified)	Run actions/checkout@v4	2026-06-21T17:03:20.1948474Z b4a42eeb727aaa535039bd86a9731a15588be212
D4 Spec Coverage Check (unified)	Run actions/setup-python@v5	﻿2026-06-21T17:03:20.2188915Z Node 20 is being deprecated. This workflow is running with Node 24 by default. If you need to temporarily use Node 20, you can set the ACTIONS_ALLOW_USE_UNSECURE_NODE_VERSION=true environment variable. For more information see: https://github.blog/changelog/2025-09-19-deprecation-of-node-20-on-github-actions-runners/
D4 Spec Coverage Check (unified)	Run actions/setup-python@v5	2026-06-21T17:03:20.2190901Z ##[group]Run actions/setup-python@v5
D4 Spec Coverage Check (unified)	Run actions/setup-python@v5	2026-06-21T17:03:20.2191244Z with:
D4 Spec Coverage Check (unified)	Run actions/setup-python@v5	2026-06-21T17:03:20.2191484Z   python-version: 3.11
D4 Spec Coverage Check (unified)	Run actions/setup-python@v5	2026-06-21T17:03:20.2191772Z   check-latest: false
D4 Spec Coverage Check (unified)	Run actions/setup-python@v5	2026-06-21T17:03:20.2194536Z   token: ***
D4 Spec Coverage Check (unified)	Run actions/setup-python@v5	2026-06-21T17:03:20.2194798Z   update-environment: true
D4 Spec Coverage Check (unified)	Run actions/setup-python@v5	2026-06-21T17:03:20.2195089Z   allow-prereleases: false
D4 Spec Coverage Check (unified)	Run actions/setup-python@v5	2026-06-21T17:03:20.2195365Z   freethreaded: false
D4 Spec Coverage Check (unified)	Run actions/setup-python@v5	2026-06-21T17:03:20.2195621Z ##[endgroup]
D4 Spec Coverage Check (unified)	Run actions/setup-python@v5	2026-06-21T17:03:20.3515109Z ##[group]Installed versions
D4 Spec Coverage Check (unified)	Run actions/setup-python@v5	2026-06-21T17:03:20.3603239Z (node:2520) [DEP0040] DeprecationWarning: The `punycode` module is deprecated. Please use a userland alternative instead.
D4 Spec Coverage Check (unified)	Run actions/setup-python@v5	2026-06-21T17:03:20.3604214Z (Use `node --trace-deprecation ...` to show where the warning was created)
D4 Spec Coverage Check (unified)	Run actions/setup-python@v5	2026-06-21T17:03:20.3605164Z Successfully set up CPython (3.11.15)
D4 Spec Coverage Check (unified)	Run actions/setup-python@v5	2026-06-21T17:03:20.3606037Z ##[endgroup]
D4 Spec Coverage Check (unified)	Install harness dependencies	﻿2026-06-21T17:03:20.3811388Z ##[group]Run pip install -r harness/requirements.txt || true
D4 Spec Coverage Check (unified)	Install harness dependencies	2026-06-21T17:03:20.3812003Z ^[[36;1mpip install -r harness/requirements.txt || true^[[0m
D4 Spec Coverage Check (unified)	Install harness dependencies	2026-06-21T17:03:20.3974515Z shell: /usr/bin/bash -e {0}
D4 Spec Coverage Check (unified)	Install harness dependencies	2026-06-21T17:03:20.3975077Z env:
D4 Spec Coverage Check (unified)	Install harness dependencies	2026-06-21T17:03:20.3975390Z   pythonLocation: /opt/hostedtoolcache/Python/3.11.15/x64
D4 Spec Coverage Check (unified)	Install harness dependencies	2026-06-21T17:03:20.3975889Z   PKG_CONFIG_PATH: /opt/hostedtoolcache/Python/3.11.15/x64/lib/pkgconfig
D4 Spec Coverage Check (unified)	Install harness dependencies	2026-06-21T17:03:20.3976384Z   Python_ROOT_DIR: /opt/hostedtoolcache/Python/3.11.15/x64
D4 Spec Coverage Check (unified)	Install harness dependencies	2026-06-21T17:03:20.3976836Z   Python2_ROOT_DIR: /opt/hostedtoolcache/Python/3.11.15/x64
D4 Spec Coverage Check (unified)	Install harness dependencies	2026-06-21T17:03:20.3977287Z   Python3_ROOT_DIR: /opt/hostedtoolcache/Python/3.11.15/x64
D4 Spec Coverage Check (unified)	Install harness dependencies	2026-06-21T17:03:20.3977742Z   LD_LIBRARY_PATH: /opt/hostedtoolcache/Python/3.11.15/x64/lib
D4 Spec Coverage Check (unified)	Install harness dependencies	2026-06-21T17:03:20.3978130Z ##[endgroup]
D4 Spec Coverage Check (unified)	Install harness dependencies	2026-06-21T17:03:21.6219458Z Collecting ruff==0.15.13 (from -r harness/requirements.txt (line 8))
D4 Spec Coverage Check (unified)	Install harness dependencies	2026-06-21T17:03:21.6785998Z   Downloading ruff-0.15.13-py3-none-manylinux_2_17_x86_64.manylinux2014_x86_64.whl.metadata (26 kB)
D4 Spec Coverage Check (unified)	Install harness dependencies	2026-06-21T17:03:21.7783461Z Collecting mypy==1.19.1 (from -r harness/requirements.txt (line 11))
D4 Spec Coverage Check (unified)	Install harness dependencies	2026-06-21T17:03:21.7828466Z   Downloading mypy-1.19.1-cp311-cp311-manylinux2014_x86_64.manylinux_2_17_x86_64.manylinux_2_28_x86_64.whl.metadata (2.2 kB)
D4 Spec Coverage Check (unified)	Install harness dependencies	2026-06-21T17:03:21.8100438Z Collecting pyright==1.1.409 (from -r harness/requirements.txt (line 12))
D4 Spec Coverage Check (unified)	Install harness dependencies	2026-06-21T17:03:21.8142753Z   Downloading pyright-1.1.409-py3-none-any.whl.metadata (6.9 kB)
D4 Spec Coverage Check (unified)	Install harness dependencies	2026-06-21T17:03:21.8513377Z Collecting pytest==8.4.2 (from -r harness/requirements.txt (line 15))
D4 Spec Coverage Check (unified)	Install harness dependencies	2026-06-21T17:03:21.8553191Z   Downloading pytest-8.4.2-py3-none-any.whl.metadata (7.7 kB)
D4 Spec Coverage Check (unified)	Install harness dependencies	2026-06-21T17:03:21.8699665Z Collecting pytest-cov==7.1.0 (from -r harness/requirements.txt (line 16))
D4 Spec Coverage Check (unified)	Install harness dependencies	2026-06-21T17:03:21.8736147Z   Downloading pytest_cov-7.1.0-py3-none-any.whl.metadata (32 kB)
D4 Spec Coverage Check (unified)	Install harness dependencies	2026-06-21T17:03:21.8903970Z Collecting pytest-benchmark==5.2.3 (from -r harness/requirements.txt (line 17))
D4 Spec Coverage Check (unified)	Install harness dependencies	2026-06-21T17:03:21.8941074Z   Downloading pytest_benchmark-5.2.3-py3-none-any.whl.metadata (29 kB)
D4 Spec Coverage Check (unified)	Install harness dependencies	2026-06-21T17:03:21.9093705Z Collecting bandit==1.8.6 (from -r harness/requirements.txt (line 20))
D4 Spec Coverage Check (unified)	Install harness dependencies	2026-06-21T17:03:21.9134553Z   Downloading bandit-1.8.6-py3-none-any.whl.metadata (6.9 kB)
D4 Spec Coverage Check (unified)	Install harness dependencies	2026-06-21T17:03:21.9298075Z Collecting radon==6.0.1 (from -r harness/requirements.txt (line 23))
D4 Spec Coverage Check (unified)	Install harness dependencies	2026-06-21T17:03:21.9357555Z   Downloading radon-6.0.1-py2.py3-none-any.whl.metadata (8.2 kB)
D4 Spec Coverage Check (unified)	Install harness dependencies	2026-06-21T17:03:22.0382811Z Collecting semgrep==1.165.0 (from -r harness/requirements.txt (line 27))
D4 Spec Coverage Check (unified)	Install harness dependencies	2026-06-21T17:03:22.0427058Z   Downloading semgrep-1.165.0-cp310.cp311.cp312.cp313.cp314.py310.py311.py312.py313.py314-none-manylinux_2_34_x86_64.whl.metadata (22 kB)
D4 Spec Coverage Check (unified)	Install harness dependencies	2026-06-21T17:03:22.0839973Z Collecting tree-sitter==0.25.2 (from -r harness/requirements.txt (line 32))
D4 Spec Coverage Check (unified)	Install harness dependencies	2026-06-21T17:03:22.0883296Z   Downloading tree_sitter-0.25.2-cp311-cp311-manylinux2014_x86_64.manylinux_2_17_x86_64.manylinux_2_28_x86_64.whl.metadata (10.0 kB)
D4 Spec Coverage Check (unified)	Install harness dependencies	2026-06-21T17:03:22.1041485Z Collecting tree-sitter-javascript==0.25.0 (from -r harness/requirements.txt (line 33))
D4 Spec Coverage Check (unified)	Install harness dependencies	2026-06-21T17:03:22.1081550Z   Downloading tree_sitter_javascript-0.25.0-cp310-abi3-manylinux1_x86_64.manylinux_2_28_x86_64.manylinux_2_5_x86_64.whl.metadata (2.2 kB)
D4 Spec Coverage Check (unified)	Install harness dependencies	2026-06-21T17:03:22.1221247Z Collecting tree-sitter-typescript==0.23.2 (from -r harness/requirements.txt (line 34))
D4 Spec Coverage Check (unified)	Install harness dependencies	2026-06-21T17:03:22.1258753Z   Downloading tree_sitter_typescript-0.23.2-cp39-abi3-manylinux_2_5_x86_64.manylinux1_x86_64.manylinux_2_17_x86_64.manylinux2014_x86_64.whl.metadata (2.3 kB)
D4 Spec Coverage Check (unified)	Install harness dependencies	2026-06-21T17:03:22.1591855Z Collecting pyyaml==6.0.3 (from -r harness/requirements.txt (line 37))
D4 Spec Coverage Check (unified)	Install harness dependencies	2026-06-21T17:03:22.1632414Z   Downloading pyyaml-6.0.3-cp311-cp311-manylinux2014_x86_64.manylinux_2_17_x86_64.manylinux_2_28_x86_64.whl.metadata (2.4 kB)
D4 Spec Coverage Check (unified)	Install harness dependencies	2026-06-21T17:03:22.1796517Z Collecting mutmut==2.5.1 (from -r harness/requirements.txt (line 41))
D4 Spec Coverage Check (unified)	Install harness dependencies	2026-06-21T17:03:22.1850651Z   Downloading mutmut-2.5.1.tar.gz (50 kB)
D4 Spec Coverage Check (unified)	Install harness dependencies	2026-06-21T17:03:22.1972545Z   Installing build dependencies: started
D4 Spec Coverage Check (unified)	Install harness dependencies	2026-06-21T17:03:22.8985521Z   Installing build dependencies: finished with status 'done'
D4 Spec Coverage Check (unified)	Install harness dependencies	2026-06-21T17:03:22.8993532Z   Getting requirements to build wheel: started
D4 Spec Coverage Check (unified)	Install harness dependencies	2026-06-21T17:03:23.3043641Z   Getting requirements to build wheel: finished with status 'done'
D4 Spec Coverage Check (unified)	Install harness dependencies	2026-06-21T17:03:23.3051731Z   Preparing metadata (pyproject.toml): started
D4 Spec Coverage Check (unified)	Install harness dependencies	2026-06-21T17:03:23.4953195Z   Preparing metadata (pyproject.toml): finished with status 'done'
D4 Spec Coverage Check (unified)	Install harness dependencies	2026-06-21T17:03:23.5101594Z Collecting opentelemetry-exporter-otlp-proto-http~=1.37.0 (from -r harness/requirements.txt (line 52))
D4 Spec Coverage Check (unified)	Install harness dependencies	2026-06-21T17:03:23.5139276Z   Downloading opentelemetry_exporter_otlp_proto_http-1.37.0-py3-none-any.whl.metadata (2.3 kB)
D4 Spec Coverage Check (unified)	Install harness dependencies	2026-06-21T17:03:23.5303318Z Collecting typing_extensions>=4.6.0 (from mypy==1.19.1->-r harness/requirements.txt (line 11))
D4 Spec Coverage Check (unified)	Install harness dependencies	2026-06-21T17:03:23.5344719Z   Downloading typing_extensions-4.15.0-py3-none-any.whl.metadata (3.3 kB)
D4 Spec Coverage Check (unified)	Install harness dependencies	2026-06-21T17:03:23.5447831Z Collecting mypy_extensions>=1.0.0 (from mypy==1.19.1->-r harness/requirements.txt (line 11))
D4 Spec Coverage Check (unified)	Install harness dependencies	2026-06-21T17:03:23.5485109Z   Downloading mypy_extensions-1.1.0-py3-none-any.whl.metadata (1.1 kB)
D4 Spec Coverage Check (unified)	Install harness dependencies	2026-06-21T17:03:23.5601184Z Collecting pathspec>=0.9.0 (from mypy==1.19.1->-r harness/requirements.txt (line 11))
D4 Spec Coverage Check (unified)	Install harness dependencies	2026-06-21T17:03:23.5638543Z   Downloading pathspec-1.1.1-py3-none-any.whl.metadata (14 kB)
D4 Spec Coverage Check (unified)	Install harness dependencies	2026-06-21T17:03:23.6615180Z Collecting librt>=0.6.2 (from mypy==1.19.1->-r harness/requirements.txt (line 11))
D4 Spec Coverage Check (unified)	Install harness dependencies	2026-06-21T17:03:23.6655254Z   Downloading librt-0.11.0-cp311-cp311-manylinux2014_x86_64.manylinux_2_17_x86_64.manylinux_2_28_x86_64.whl.metadata (1.3 kB)
D4 Spec Coverage Check (unified)	Install harness dependencies	2026-06-21T17:03:23.6790942Z Collecting nodeenv>=1.6.0 (from pyright==1.1.409->-r harness/requirements.txt (line 12))
D4 Spec Coverage Check (unified)	Install harness dependencies	2026-06-21T17:03:23.6828379Z   Downloading nodeenv-1.10.0-py2.py3-none-any.whl.metadata (24 kB)
D4 Spec Coverage Check (unified)	Install harness dependencies	2026-06-21T17:03:23.6958372Z Collecting iniconfig>=1 (from pytest==8.4.2->-r harness/requirements.txt (line 15))
D4 Spec Coverage Check (unified)	Install harness dependencies	2026-06-21T17:03:23.6997646Z   Downloading iniconfig-2.3.0-py3-none-any.whl.metadata (2.5 kB)
D4 Spec Coverage Check (unified)	Install harness dependencies	2026-06-21T17:03:23.7146582Z Collecting packaging>=20 (from pytest==8.4.2->-r harness/requirements.txt (line 15))
D4 Spec Coverage Check (unified)	Install harness dependencies	2026-06-21T17:03:23.7182862Z   Downloading packaging-26.2-py3-none-any.whl.metadata (3.5 kB)
D4 Spec Coverage Check (unified)	Install harness dependencies	2026-06-21T17:03:23.7297995Z Collecting pluggy<2,>=1.5 (from pytest==8.4.2->-r harness/requirements.txt (line 15))
D4 Spec Coverage Check (unified)	Install harness dependencies	2026-06-21T17:03:23.7335590Z   Downloading pluggy-1.6.0-py3-none-any.whl.metadata (4.8 kB)
D4 Spec Coverage Check (unified)	Install harness dependencies	2026-06-21T17:03:23.7504152Z Collecting pygments>=2.7.2 (from pytest==8.4.2->-r harness/requirements.txt (line 15))
D4 Spec Coverage Check (unified)	Install harness dependencies	2026-06-21T17:03:23.7539695Z   Downloading pygments-2.20.0-py3-none-any.whl.metadata (2.5 kB)
D4 Spec Coverage Check (unified)	Install harness dependencies	2026-06-21T17:03:24.1093728Z Collecting coverage>=7.10.6 (from coverage[toml]>=7.10.6->pytest-cov==7.1.0->-r harness/requirements.txt (line 16))
D4 Spec Coverage Check (unified)	Install harness dependencies	2026-06-21T17:03:24.1133111Z   Downloading coverage-7.14.2-cp311-cp311-manylinux1_x86_64.manylinux_2_28_x86_64.manylinux_2_5_x86_64.whl.metadata (8.6 kB)
D4 Spec Coverage Check (unified)	Install harness dependencies	2026-06-21T17:03:24.1300302Z Collecting py-cpuinfo (from pytest-benchmark==5.2.3->-r harness/requirements.txt (line 17))
D4 Spec Coverage Check (unified)	Install harness dependencies	2026-06-21T17:03:24.1337019Z   Downloading py_cpuinfo-9.0.0-py3-none-any.whl.metadata (794 bytes)
D4 Spec Coverage Check (unified)	Install harness dependencies	2026-06-21T17:03:24.1522093Z Collecting stevedore>=1.20.0 (from bandit==1.8.6->-r harness/requirements.txt (line 20))
D4 Spec Coverage Check (unified)	Install harness dependencies	2026-06-21T17:03:24.1559290Z   Downloading stevedore-5.8.0-py3-none-any.whl.metadata (2.3 kB)
D4 Spec Coverage Check (unified)	Install harness dependencies	2026-06-21T17:03:24.1884014Z Collecting rich (from bandit==1.8.6->-r harness/requirements.txt (line 20))
D4 Spec Coverage Check (unified)	Install harness dependencies	2026-06-21T17:03:24.1922857Z   Downloading rich-15.0.0-py3-none-any.whl.metadata (18 kB)
D4 Spec Coverage Check (unified)	Install harness dependencies	2026-06-21T17:03:24.2057854Z Collecting mando<0.8,>=0.6 (from radon==6.0.1->-r harness/requirements.txt (line 23))
D4 Spec Coverage Check (unified)	Install harness dependencies	2026-06-21T17:03:24.2094417Z   Downloading mando-0.7.1-py2.py3-none-any.whl.metadata (7.4 kB)
D4 Spec Coverage Check (unified)	Install harness dependencies	2026-06-21T17:03:24.2230695Z Collecting colorama>=0.4.1 (from radon==6.0.1->-r harness/requirements.txt (line 23))
D4 Spec Coverage Check (unified)	Install harness dependencies	2026-06-21T17:03:24.2268706Z   Downloading colorama-0.4.6-py2.py3-none-any.whl.metadata (17 kB)
D4 Spec Coverage Check (unified)	Install harness dependencies	2026-06-21T17:03:24.2421560Z Collecting attrs>=21.3 (from semgrep==1.165.0->-r harness/requirements.txt (line 27))
D4 Spec Coverage Check (unified)	Install harness dependencies	2026-06-21T17:03:24.2459121Z   Downloading attrs-26.1.0-py3-none-any.whl.metadata (8.8 kB)
D4 Spec Coverage Check (unified)	Install harness dependencies	2026-06-21T17:03:24.2607448Z Collecting boltons~=21.0 (from semgrep==1.165.0->-r harness/requirements.txt (line 27))
D4 Spec Coverage Check (unified)	Install harness dependencies	2026-06-21T17:03:24.2644737Z   Downloading boltons-21.0.0-py2.py3-none-any.whl.metadata (1.5 kB)
D4 Spec Coverage Check (unified)	Install harness dependencies	2026-06-21T17:03:24.2767037Z Collecting click-option-group~=0.5 (from semgrep==1.165.0->-r harness/requirements.txt (line 27))
D4 Spec Coverage Check (unified)	Install harness dependencies	2026-06-21T17:03:24.2803805Z   Downloading click_option_group-0.5.9-py3-none-any.whl.metadata (5.8 kB)
D4 Spec Coverage Check (unified)	Install harness dependencies	2026-06-21T17:03:24.2955644Z Collecting click~=8.1.8 (from semgrep==1.165.0->-r harness/requirements.txt (line 27))
D4 Spec Coverage Check (unified)	Install harness dependencies	2026-06-21T17:03:24.2993581Z   Downloading click-8.1.8-py3-none-any.whl.metadata (2.3 kB)
D4 Spec Coverage Check (unified)	Install harness dependencies	2026-06-21T17:03:24.3116411Z Collecting exceptiongroup~=1.2.0 (from semgrep==1.165.0->-r harness/requirements.txt (line 27))
D4 Spec Coverage Check (unified)	Install harness dependencies	2026-06-21T17:03:24.3154094Z   Downloading exceptiongroup-1.2.2-py3-none-any.whl.metadata (6.6 kB)
D4 Spec Coverage Check (unified)	Install harness dependencies	2026-06-21T17:03:24.3281240Z Collecting glom>=23.3 (from semgrep==1.165.0->-r harness/requirements.txt (line 27))
D4 Spec Coverage Check (unified)	Install harness dependencies	2026-06-21T17:03:24.3317782Z   Downloading glom-25.12.0-py3-none-any.whl.metadata (5.2 kB)
D4 Spec Coverage Check (unified)	Install harness dependencies	2026-06-21T17:03:24.3513871Z Collecting jsonschema~=4.25.1 (from semgrep==1.165.0->-r harness/requirements.txt (line 27))
D4 Spec Coverage Check (unified)	Install harness dependencies	2026-06-21T17:03:24.3549801Z   Downloading jsonschema-4.25.1-py3-none-any.whl.metadata (7.6 kB)
D4 Spec Coverage Check (unified)	Install harness dependencies	2026-06-21T17:03:24.3705393Z Collecting mcp==1.23.3 (from semgrep==1.165.0->-r harness/requirements.txt (line 27))
D4 Spec Coverage Check (unified)	Install harness dependencies	2026-06-21T17:03:24.3742105Z   Downloading mcp-1.23.3-py3-none-any.whl.metadata (89 kB)
D4 Spec Coverage Check (unified)	Install harness dependencies	2026-06-21T17:03:24.3969898Z Collecting opentelemetry-api~=1.37.0 (from semgrep==1.165.0->-r harness/requirements.txt (line 27))
D4 Spec Coverage Check (unified)	Install harness dependencies	2026-06-21T17:03:24.4006486Z   Downloading opentelemetry_api-1.37.0-py3-none-any.whl.metadata (1.5 kB)
D4 Spec Coverage Check (unified)	Install harness dependencies	2026-06-21T17:03:24.4176905Z Collecting opentelemetry-sdk~=1.37.0 (from semgrep==1.165.0->-r harness/requirements.txt (line 27))
D4 Spec Coverage Check (unified)	Install harness dependencies	2026-06-21T17:03:24.4214430Z   Downloading opentelemetry_sdk-1.37.0-py3-none-any.whl.metadata (1.5 kB)
D4 Spec Coverage Check (unified)	Install harness dependencies	2026-06-21T17:03:24.4392198Z Collecting opentelemetry-instrumentation-requests~=0.58b0 (from semgrep==1.165.0->-r harness/requirements.txt (line 27))
D4 Spec Coverage Check (unified)	Install harness dependencies	2026-06-21T17:03:24.4430199Z   Downloading opentelemetry_instrumentation_requests-0.63b1-py3-none-any.whl.metadata (2.6 kB)
D4 Spec Coverage Check (unified)	Install harness dependencies	2026-06-21T17:03:24.4564394Z Collecting opentelemetry-instrumentation-threading~=0.58b0 (from semgrep==1.165.0->-r harness/requirements.txt (line 27))
D4 Spec Coverage Check (unified)	Install harness dependencies	2026-06-21T17:03:24.4600900Z   Downloading opentelemetry_instrumentation_threading-0.63b1-py3-none-any.whl.metadata (2.1 kB)
D4 Spec Coverage Check (unified)	Install harness dependencies	2026-06-21T17:03:24.4783733Z Collecting peewee~=3.14 (from semgrep==1.165.0->-r harness/requirements.txt (line 27))
D4 Spec Coverage Check (unified)	Install harness dependencies	2026-06-21T17:03:24.4820619Z   Downloading peewee-3.19.0-py3-none-any.whl.metadata (7.0 kB)
D4 Spec Coverage Check (unified)	Install harness dependencies	2026-06-21T17:03:24.4986788Z Collecting pyjwt~=2.12.0 (from pyjwt[crypto]~=2.12.0->semgrep==1.165.0->-r harness/requirements.txt (line 27))
D4 Spec Coverage Check (unified)	Install harness dependencies	2026-06-21T17:03:24.5023003Z   Downloading pyjwt-2.12.1-py3-none-any.whl.metadata (4.1 kB)
D4 Spec Coverage Check (unified)	Install harness dependencies	2026-06-21T17:03:24.5238435Z Collecting requests~=2.22 (from semgrep==1.165.0->-r harness/requirements.txt (line 27))
D4 Spec Coverage Check (unified)	Install harness dependencies	2026-06-21T17:03:24.5275242Z   Downloading requests-2.34.2-py3-none-any.whl.metadata (4.8 kB)
D4 Spec Coverage Check (unified)	Install harness dependencies	2026-06-21T17:03:24.6641685Z Collecting ruamel.yaml>=0.18.15 (from semgrep==1.165.0->-r harness/requirements.txt (line 27))
D4 Spec Coverage Check (unified)	Install harness dependencies	2026-06-21T17:03:24.6681160Z   Downloading ruamel_yaml-0.19.1-py3-none-any.whl.metadata (16 kB)
D4 Spec Coverage Check (unified)	Install harness dependencies	2026-06-21T17:03:24.7029209Z Collecting ruamel.yaml.clib==0.2.15 (from semgrep==1.165.0->-r harness/requirements.txt (line 27))
D4 Spec Coverage Check (unified)	Install harness dependencies	2026-06-21T17:03:24.7069945Z   Downloading ruamel_yaml_clib-0.2.15-cp311-cp311-manylinux2014_x86_64.manylinux_2_17_x86_64.manylinux_2_28_x86_64.whl.metadata (3.5 kB)
D4 Spec Coverage Check (unified)	Install harness dependencies	2026-06-21T17:03:24.7182875Z Collecting semantic-version~=2.10.0 (from semgrep==1.165.0->-r harness/requirements.txt (line 27))
D4 Spec Coverage Check (unified)	Install harness dependencies	2026-06-21T17:03:24.7219679Z   Downloading semantic_version-2.10.0-py2.py3-none-any.whl.metadata (9.7 kB)
D4 Spec Coverage Check (unified)	Install harness dependencies	2026-06-21T17:03:24.7439172Z Collecting tomli~=2.4.0 (from semgrep==1.165.0->-r harness/requirements.txt (line 27))
D4 Spec Coverage Check (unified)	Install harness dependencies	2026-06-21T17:03:24.7476151Z   Downloading tomli-2.4.1-cp311-cp311-manylinux2014_x86_64.manylinux_2_17_x86_64.manylinux_2_28_x86_64.whl.metadata (10 kB)
D4 Spec Coverage Check (unified)	Install harness dependencies	2026-06-21T17:03:24.7681366Z Collecting urllib3~=2.0 (from semgrep==1.165.0->-r harness/requirements.txt (line 27))
D4 Spec Coverage Check (unified)	Install harness dependencies	2026-06-21T17:03:24.7720519Z   Downloading urllib3-2.7.0-py3-none-any.whl.metadata (6.9 kB)
D4 Spec Coverage Check (unified)	Install harness dependencies	2026-06-21T17:03:24.7872424Z Collecting wcmatch~=8.3 (from semgrep==1.165.0->-r harness/requirements.txt (line 27))
D4 Spec Coverage Check (unified)	Install harness dependencies	2026-06-21T17:03:24.7909011Z   Downloading wcmatch-8.5.2-py3-none-any.whl.metadata (4.8 kB)
D4 Spec Coverage Check (unified)	Install harness dependencies	2026-06-21T17:03:24.8039203Z Collecting glob2 (from mutmut==2.5.1->-r harness/requirements.txt (line 41))
D4 Spec Coverage Check (unified)	Install harness dependencies	2026-06-21T17:03:24.8076806Z   Downloading glob2-0.7.tar.gz (10 kB)
D4 Spec Coverage Check (unified)	Install harness dependencies	2026-06-21T17:03:24.8147337Z   Installing build dependencies: started
D4 Spec Coverage Check (unified)	Install harness dependencies	2026-06-21T17:03:25.3799658Z   Installing build dependencies: finished with status 'done'
D4 Spec Coverage Check (unified)	Install harness dependencies	2026-06-21T17:03:25.3805917Z   Getting requirements to build wheel: started
D4 Spec Coverage Check (unified)	Install harness dependencies	2026-06-21T17:03:25.6965274Z   Getting requirements to build wheel: finished with status 'done'
D4 Spec Coverage Check (unified)	Install harness dependencies	2026-06-21T17:03:25.6973211Z   Preparing metadata (pyproject.toml): started
D4 Spec Coverage Check (unified)	Install harness dependencies	2026-06-21T17:03:25.8579532Z   Preparing metadata (pyproject.toml): finished with status 'done'
D4 Spec Coverage Check (unified)	Install harness dependencies	2026-06-21T17:03:25.8696978Z Collecting parso (from mutmut==2.5.1->-r harness/requirements.txt (line 41))
D4 Spec Coverage Check (unified)	Install harness dependencies	2026-06-21T17:03:25.8733967Z   Downloading parso-0.8.7-py2.py3-none-any.whl.metadata (8.2 kB)
D4 Spec Coverage Check (unified)	Install harness dependencies	2026-06-21T17:03:25.8872906Z Collecting pony (from mutmut==2.5.1->-r harness/requirements.txt (line 41))
D4 Spec Coverage Check (unified)	Install harness dependencies	2026-06-21T17:03:25.8924756Z   Downloading pony-0.7.19-py3-none-any.whl.metadata (2.8 kB)
D4 Spec Coverage Check (unified)	Install harness dependencies	2026-06-21T17:03:25.9033017Z Collecting junit-xml<2,>=1.8 (from mutmut==2.5.1->-r harness/requirements.txt (line 41))
D4 Spec Coverage Check (unified)	Install harness dependencies	2026-06-21T17:03:25.9069032Z   Downloading junit_xml-1.9-py2.py3-none-any.whl.metadata (3.2 kB)
D4 Spec Coverage Check (unified)	Install harness dependencies	2026-06-21T17:03:25.9174361Z Collecting toml (from mutmut==2.5.1->-r harness/requirements.txt (line 41))
D4 Spec Coverage Check (unified)	Install harness dependencies	2026-06-21T17:03:25.9210525Z   Downloading toml-0.10.2-py2.py3-none-any.whl.metadata (7.1 kB)
D4 Spec Coverage Check (unified)	Install harness dependencies	2026-06-21T17:03:25.9377596Z Collecting anyio>=4.5 (from mcp==1.23.3->semgrep==1.165.0->-r harness/requirements.txt (line 27))
D4 Spec Coverage Check (unified)	Install harness dependencies	2026-06-21T17:03:25.9414888Z   Downloading anyio-4.14.0-py3-none-any.whl.metadata (4.6 kB)
D4 Spec Coverage Check (unified)	Install harness dependencies	2026-06-21T17:03:25.9529051Z Collecting httpx-sse>=0.4 (from mcp==1.23.3->semgrep==1.165.0->-r harness/requirements.txt (line 27))
D4 Spec Coverage Check (unified)	Install harness dependencies	2026-06-21T17:03:25.9564402Z   Downloading httpx_sse-0.4.3-py3-none-any.whl.metadata (9.7 kB)
D4 Spec Coverage Check (unified)	Install harness dependencies	2026-06-21T17:03:25.9740332Z Collecting httpx>=0.27.1 (from mcp==1.23.3->semgrep==1.165.0->-r harness/requirements.txt (line 27))
D4 Spec Coverage Check (unified)	Install harness dependencies	2026-06-21T17:03:25.9775331Z   Downloading httpx-0.28.1-py3-none-any.whl.metadata (7.1 kB)
D4 Spec Coverage Check (unified)	Install harness dependencies	2026-06-21T17:03:25.9930754Z Collecting pydantic-settings>=2.5.2 (from mcp==1.23.3->semgrep==1.165.0->-r harness/requirements.txt (line 27))
D4 Spec Coverage Check (unified)	Install harness dependencies	2026-06-21T17:03:25.9967048Z   Downloading pydantic_settings-2.14.2-py3-none-any.whl.metadata (3.4 kB)
D4 Spec Coverage Check (unified)	Install harness dependencies	2026-06-21T17:03:26.0919696Z Collecting pydantic<3.0.0,>=2.11.0 (from mcp==1.23.3->semgrep==1.165.0->-r harness/requirements.txt (line 27))
D4 Spec Coverage Check (unified)	Install harness dependencies	2026-06-21T17:03:26.0959642Z   Downloading pydantic-2.13.4-py3-none-any.whl.metadata (109 kB)
D4 Spec Coverage Check (unified)	Install harness dependencies	2026-06-21T17:03:26.1178000Z Collecting python-multipart>=0.0.9 (from mcp==1.23.3->semgrep==1.165.0->-r harness/requirements.txt (line 27))
D4 Spec Coverage Check (unified)	Install harness dependencies	2026-06-21T17:03:26.1216964Z   Downloading python_multipart-0.0.32-py3-none-any.whl.metadata (2.1 kB)
D4 Spec Coverage Check (unified)	Install harness dependencies	2026-06-21T17:03:26.1373055Z Collecting sse-starlette>=1.6.1 (from mcp==1.23.3->semgrep==1.165.0->-r harness/requirements.txt (line 27))
D4 Spec Coverage Check (unified)	Install harness dependencies	2026-06-21T17:03:26.1409469Z   Downloading sse_starlette-3.4.5-py3-none-any.whl.metadata (15 kB)
D4 Spec Coverage Check (unified)	Install harness dependencies	2026-06-21T17:03:26.1649847Z Collecting starlette>=0.27 (from mcp==1.23.3->semgrep==1.165.0->-r harness/requirements.txt (line 27))
D4 Spec Coverage Check (unified)	Install harness dependencies	2026-06-21T17:03:26.1696659Z   Downloading starlette-1.3.1-py3-none-any.whl.metadata (6.4 kB)
D4 Spec Coverage Check (unified)	Install harness dependencies	2026-06-21T17:03:26.1837181Z Collecting typing-inspection>=0.4.1 (from mcp==1.23.3->semgrep==1.165.0->-r harness/requirements.txt (line 27))
D4 Spec Coverage Check (unified)	Install harness dependencies	2026-06-21T17:03:26.1872976Z   Downloading typing_inspection-0.4.2-py3-none-any.whl.metadata (2.6 kB)
D4 Spec Coverage Check (unified)	Install harness dependencies	2026-06-21T17:03:26.2079637Z Collecting uvicorn>=0.31.1 (from mcp==1.23.3->semgrep==1.165.0->-r harness/requirements.txt (line 27))
D4 Spec Coverage Check (unified)	Install harness dependencies	2026-06-21T17:03:26.2116710Z   Downloading uvicorn-0.49.0-py3-none-any.whl.metadata (6.7 kB)
D4 Spec Coverage Check (unified)	Install harness dependencies	2026-06-21T17:03:26.2308152Z Collecting googleapis-common-protos~=1.52 (from opentelemetry-exporter-otlp-proto-http~=1.37.0->-r harness/requirements.txt (line 52))
D4 Spec Coverage Check (unified)	Install harness dependencies	2026-06-21T17:03:26.2345605Z   Downloading googleapis_common_protos-1.75.0-py3-none-any.whl.metadata (8.6 kB)
D4 Spec Coverage Check (unified)	Install harness dependencies	2026-06-21T17:03:26.2510705Z Collecting opentelemetry-exporter-otlp-proto-common==1.37.0 (from opentelemetry-exporter-otlp-proto-http~=1.37.0->-r harness/requirements.txt (line 52))
D4 Spec Coverage Check (unified)	Install harness dependencies	2026-06-21T17:03:26.2548490Z   Downloading opentelemetry_exporter_otlp_proto_common-1.37.0-py3-none-any.whl.metadata (1.8 kB)
D4 Spec Coverage Check (unified)	Install harness dependencies	2026-06-21T17:03:26.2697754Z Collecting opentelemetry-proto==1.37.0 (from opentelemetry-exporter-otlp-proto-http~=1.37.0->-r harness/requirements.txt (line 52))
D4 Spec Coverage Check (unified)	Install harness dependencies	2026-06-21T17:03:26.2734808Z   Downloading opentelemetry_proto-1.37.0-py3-none-any.whl.metadata (2.3 kB)
D4 Spec Coverage Check (unified)	Install harness dependencies	2026-06-21T17:03:26.4468347Z Collecting protobuf<7.0,>=5.0 (from opentelemetry-proto==1.37.0->opentelemetry-exporter-otlp-proto-http~=1.37.0->-r harness/requirements.txt (line 52))
D4 Spec Coverage Check (unified)	Install harness dependencies	2026-06-21T17:03:26.4507616Z   Downloading protobuf-6.33.6-cp39-abi3-manylinux2014_x86_64.whl.metadata (593 bytes)
D4 Spec Coverage Check (unified)	Install harness dependencies	2026-06-21T17:03:26.4744919Z Collecting jsonschema-specifications>=2023.03.6 (from jsonschema~=4.25.1->semgrep==1.165.0->-r harness/requirements.txt (line 27))
D4 Spec Coverage Check (unified)	Install harness dependencies	2026-06-21T17:03:26.4781974Z   Downloading jsonschema_specifications-2025.9.1-py3-none-any.whl.metadata (2.9 kB)
D4 Spec Coverage Check (unified)	Install harness dependencies	2026-06-21T17:03:26.4969115Z Collecting referencing>=0.28.4 (from jsonschema~=4.25.1->semgrep==1.165.0->-r harness/requirements.txt (line 27))
D4 Spec Coverage Check (unified)	Install harness dependencies	2026-06-21T17:03:26.5007030Z   Downloading referencing-0.37.0-py3-none-any.whl.metadata (2.8 kB)
D4 Spec Coverage Check (unified)	Install harness dependencies	2026-06-21T17:03:26.7296774Z Collecting rpds-py>=0.7.1 (from jsonschema~=4.25.1->semgrep==1.165.0->-r harness/requirements.txt (line 27))
D4 Spec Coverage Check (unified)	Install harness dependencies	2026-06-21T17:03:26.7337598Z   Downloading rpds_py-2026.5.1-cp311-cp311-manylinux_2_17_x86_64.manylinux2014_x86_64.whl.metadata (4.1 kB)
D4 Spec Coverage Check (unified)	Install harness dependencies	2026-06-21T17:03:26.7477986Z Collecting six (from junit-xml<2,>=1.8->mutmut==2.5.1->-r harness/requirements.txt (line 41))
D4 Spec Coverage Check (unified)	Install harness dependencies	2026-06-21T17:03:26.7514353Z   Downloading six-1.17.0-py2.py3-none-any.whl.metadata (1.7 kB)
D4 Spec Coverage Check (unified)	Install harness dependencies	2026-06-21T17:03:26.7740498Z Collecting importlib-metadata<8.8.0,>=6.0 (from opentelemetry-api~=1.37.0->semgrep==1.165.0->-r harness/requirements.txt (line 27))
D4 Spec Coverage Check (unified)	Install harness dependencies	2026-06-21T17:03:26.7777073Z   Downloading importlib_metadata-8.7.1-py3-none-any.whl.metadata (4.7 kB)
D4 Spec Coverage Check (unified)	Install harness dependencies	2026-06-21T17:03:26.7945838Z Collecting zipp>=3.20 (from importlib-metadata<8.8.0,>=6.0->opentelemetry-api~=1.37.0->semgrep==1.165.0->-r harness/requirements.txt (line 27))
D4 Spec Coverage Check (unified)	Install harness dependencies	2026-06-21T17:03:26.7983170Z   Downloading zipp-4.1.0-py3-none-any.whl.metadata (3.6 kB)
D4 Spec Coverage Check (unified)	Install harness dependencies	2026-06-21T17:03:26.8200949Z Collecting opentelemetry-instrumentation==0.63b1 (from opentelemetry-instrumentation-requests~=0.58b0->semgrep==1.165.0->-r harness/requirements.txt (line 27))
D4 Spec Coverage Check (unified)	Install harness dependencies	2026-06-21T17:03:26.8236408Z   Downloading opentelemetry_instrumentation-0.63b1-py3-none-any.whl.metadata (7.2 kB)
D4 Spec Coverage Check (unified)	Install harness dependencies	2026-06-21T17:03:26.8387687Z Collecting opentelemetry-semantic-conventions==0.63b1 (from opentelemetry-instrumentation-requests~=0.58b0->semgrep==1.165.0->-r harness/requirements.txt (line 27))
D4 Spec Coverage Check (unified)	Install harness dependencies	2026-06-21T17:03:26.8423983Z   Downloading opentelemetry_semantic_conventions-0.63b1-py3-none-any.whl.metadata (2.4 kB)
D4 Spec Coverage Check (unified)	Install harness dependencies	2026-06-21T17:03:26.8586483Z Collecting opentelemetry-util-http==0.63b1 (from opentelemetry-instrumentation-requests~=0.58b0->semgrep==1.165.0->-r harness/requirements.txt (line 27))
D4 Spec Coverage Check (unified)	Install harness dependencies	2026-06-21T17:03:26.8622653Z   Downloading opentelemetry_util_http-0.63b1-py3-none-any.whl.metadata (2.6 kB)
D4 Spec Coverage Check (unified)	Install harness dependencies	2026-06-21T17:03:27.1415831Z Collecting wrapt<3.0.0,>=1.0.0 (from opentelemetry-instrumentation==0.63b1->opentelemetry-instrumentation-requests~=0.58b0->semgrep==1.165.0->-r harness/requirements.txt (line 27))
D4 Spec Coverage Check (unified)	Install harness dependencies	2026-06-21T17:03:27.1455930Z   Downloading wrapt-2.2.2-cp311-cp311-manylinux1_x86_64.manylinux_2_28_x86_64.manylinux_2_5_x86_64.whl.metadata (7.4 kB)
D4 Spec Coverage Check (unified)	Install harness dependencies	2026-06-21T17:03:27.1515563Z INFO: pip is looking at multiple versions of opentelemetry-semantic-conventions to determine which version is compatible with other requirements. This could take a while.
D4 Spec Coverage Check (unified)	Install harness dependencies	2026-06-21T17:03:27.1524660Z Collecting opentelemetry-instrumentation-requests~=0.58b0 (from semgrep==1.165.0->-r harness/requirements.txt (line 27))
D4 Spec Coverage Check (unified)	Install harness dependencies	2026-06-21T17:03:27.1562490Z   Downloading opentelemetry_instrumentation_requests-0.63b0-py3-none-any.whl.metadata (2.6 kB)
D4 Spec Coverage Check (unified)	Install harness dependencies	2026-06-21T17:03:27.1608465Z Collecting opentelemetry-instrumentation==0.63b0 (from opentelemetry-instrumentation-requests~=0.58b0->semgrep==1.165.0->-r harness/requirements.txt (line 27))
D4 Spec Coverage Check (unified)	Install harness dependencies	2026-06-21T17:03:27.1645497Z   Downloading opentelemetry_instrumentation-0.63b0-py3-none-any.whl.metadata (7.2 kB)
D4 Spec Coverage Check (unified)	Install harness dependencies	2026-06-21T17:03:27.1688825Z Collecting opentelemetry-semantic-conventions==0.63b0 (from opentelemetry-instrumentation-requests~=0.58b0->semgrep==1.165.0->-r harness/requirements.txt (line 27))
D4 Spec Coverage Check (unified)	Install harness dependencies	2026-06-21T17:03:27.1725172Z   Downloading opentelemetry_semantic_conventions-0.63b0-py3-none-any.whl.metadata (2.4 kB)
D4 Spec Coverage Check (unified)	Install harness dependencies	2026-06-21T17:03:27.1763767Z Collecting opentelemetry-util-http==0.63b0 (from opentelemetry-instrumentation-requests~=0.58b0->semgrep==1.165.0->-r harness/requirements.txt (line 27))
D4 Spec Coverage Check (unified)	Install harness dependencies	2026-06-21T17:03:27.1803985Z   Downloading opentelemetry_util_http-0.63b0-py3-none-any.whl.metadata (2.6 kB)
D4 Spec Coverage Check (unified)	Install harness dependencies	2026-06-21T17:03:27.1861411Z Collecting opentelemetry-instrumentation-requests~=0.58b0 (from semgrep==1.165.0->-r harness/requirements.txt (line 27))
D4 Spec Coverage Check (unified)	Install harness dependencies	2026-06-21T17:03:27.1898388Z   Downloading opentelemetry_instrumentation_requests-0.62b1-py3-none-any.whl.metadata (2.7 kB)
D4 Spec Coverage Check (unified)	Install harness dependencies	2026-06-21T17:03:27.1942921Z Collecting opentelemetry-instrumentation==0.62b1 (from opentelemetry-instrumentation-requests~=0.58b0->semgrep==1.165.0->-r harness/requirements.txt (line 27))
D4 Spec Coverage Check (unified)	Install harness dependencies	2026-06-21T17:03:27.1978791Z   Downloading opentelemetry_instrumentation-0.62b1-py3-none-any.whl.metadata (7.2 kB)
D4 Spec Coverage Check (unified)	Install harness dependencies	2026-06-21T17:03:27.2018551Z Collecting opentelemetry-semantic-conventions==0.62b1 (from opentelemetry-instrumentation-requests~=0.58b0->semgrep==1.165.0->-r harness/requirements.txt (line 27))
D4 Spec Coverage Check (unified)	Install harness dependencies	2026-06-21T17:03:27.2054405Z   Downloading opentelemetry_semantic_conventions-0.62b1-py3-none-any.whl.metadata (2.5 kB)
D4 Spec Coverage Check (unified)	Install harness dependencies	2026-06-21T17:03:27.2092212Z Collecting opentelemetry-util-http==0.62b1 (from opentelemetry-instrumentation-requests~=0.58b0->semgrep==1.165.0->-r harness/requirements.txt (line 27))
D4 Spec Coverage Check (unified)	Install harness dependencies	2026-06-21T17:03:27.2127401Z   Downloading opentelemetry_util_http-0.62b1-py3-none-any.whl.metadata (2.6 kB)
D4 Spec Coverage Check (unified)	Install harness dependencies	2026-06-21T17:03:27.2176414Z Collecting opentelemetry-instrumentation-requests~=0.58b0 (from semgrep==1.165.0->-r harness/requirements.txt (line 27))
D4 Spec Coverage Check (unified)	Install harness dependencies	2026-06-21T17:03:27.2212952Z   Downloading opentelemetry_instrumentation_requests-0.62b0-py3-none-any.whl.metadata (2.7 kB)
D4 Spec Coverage Check (unified)	Install harness dependencies	2026-06-21T17:03:27.2254749Z Collecting opentelemetry-instrumentation==0.62b0 (from opentelemetry-instrumentation-requests~=0.58b0->semgrep==1.165.0->-r harness/requirements.txt (line 27))
D4 Spec Coverage Check (unified)	Install harness dependencies	2026-06-21T17:03:27.2291439Z   Downloading opentelemetry_instrumentation-0.62b0-py3-none-any.whl.metadata (7.2 kB)
D4 Spec Coverage Check (unified)	Install harness dependencies	2026-06-21T17:03:27.2331535Z Collecting opentelemetry-semantic-conventions==0.62b0 (from opentelemetry-instrumentation-requests~=0.58b0->semgrep==1.165.0->-r harness/requirements.txt (line 27))
D4 Spec Coverage Check (unified)	Install harness dependencies	2026-06-21T17:03:27.2367908Z   Downloading opentelemetry_semantic_conventions-0.62b0-py3-none-any.whl.metadata (2.5 kB)
D4 Spec Coverage Check (unified)	Install harness dependencies	2026-06-21T17:03:27.2406024Z Collecting opentelemetry-util-http==0.62b0 (from opentelemetry-instrumentation-requests~=0.58b0->semgrep==1.165.0->-r harness/requirements.txt (line 27))
D4 Spec Coverage Check (unified)	Install harness dependencies	2026-06-21T17:03:27.2442510Z   Downloading opentelemetry_util_http-0.62b0-py3-none-any.whl.metadata (2.6 kB)
D4 Spec Coverage Check (unified)	Install harness dependencies	2026-06-21T17:03:27.2489043Z Collecting opentelemetry-instrumentation-requests~=0.58b0 (from semgrep==1.165.0->-r harness/requirements.txt (line 27))
D4 Spec Coverage Check (unified)	Install harness dependencies	2026-06-21T17:03:27.2524862Z   Downloading opentelemetry_instrumentation_requests-0.61b0-py3-none-any.whl.metadata (2.7 kB)
D4 Spec Coverage Check (unified)	Install harness dependencies	2026-06-21T17:03:27.2567708Z Collecting opentelemetry-instrumentation==0.61b0 (from opentelemetry-instrumentation-requests~=0.58b0->semgrep==1.165.0->-r harness/requirements.txt (line 27))
D4 Spec Coverage Check (unified)	Install harness dependencies	2026-06-21T17:03:27.2603808Z   Downloading opentelemetry_instrumentation-0.61b0-py3-none-any.whl.metadata (7.2 kB)
D4 Spec Coverage Check (unified)	Install harness dependencies	2026-06-21T17:03:27.2644349Z Collecting opentelemetry-semantic-conventions==0.61b0 (from opentelemetry-instrumentation-requests~=0.58b0->semgrep==1.165.0->-r harness/requirements.txt (line 27))
D4 Spec Coverage Check (unified)	Install harness dependencies	2026-06-21T17:03:27.2680828Z   Downloading opentelemetry_semantic_conventions-0.61b0-py3-none-any.whl.metadata (2.5 kB)
D4 Spec Coverage Check (unified)	Install harness dependencies	2026-06-21T17:03:27.2719347Z Collecting opentelemetry-util-http==0.61b0 (from opentelemetry-instrumentation-requests~=0.58b0->semgrep==1.165.0->-r harness/requirements.txt (line 27))
D4 Spec Coverage Check (unified)	Install harness dependencies	2026-06-21T17:03:27.2755263Z   Downloading opentelemetry_util_http-0.61b0-py3-none-any.whl.metadata (2.6 kB)
D4 Spec Coverage Check (unified)	Install harness dependencies	2026-06-21T17:03:27.2803049Z Collecting opentelemetry-instrumentation-requests~=0.58b0 (from semgrep==1.165.0->-r harness/requirements.txt (line 27))
D4 Spec Coverage Check (unified)	Install harness dependencies	2026-06-21T17:03:27.2840060Z   Downloading opentelemetry_instrumentation_requests-0.60b1-py3-none-any.whl.metadata (2.6 kB)
D4 Spec Coverage Check (unified)	Install harness dependencies	2026-06-21T17:03:27.2883911Z Collecting opentelemetry-instrumentation==0.60b1 (from opentelemetry-instrumentation-requests~=0.58b0->semgrep==1.165.0->-r harness/requirements.txt (line 27))
D4 Spec Coverage Check (unified)	Install harness dependencies	2026-06-21T17:03:27.2920636Z   Downloading opentelemetry_instrumentation-0.60b1-py3-none-any.whl.metadata (7.2 kB)
D4 Spec Coverage Check (unified)	Install harness dependencies	2026-06-21T17:03:27.2961862Z Collecting opentelemetry-semantic-conventions==0.60b1 (from opentelemetry-instrumentation-requests~=0.58b0->semgrep==1.165.0->-r harness/requirements.txt (line 27))
D4 Spec Coverage Check (unified)	Install harness dependencies	2026-06-21T17:03:27.2998574Z   Downloading opentelemetry_semantic_conventions-0.60b1-py3-none-any.whl.metadata (2.4 kB)
D4 Spec Coverage Check (unified)	Install harness dependencies	2026-06-21T17:03:27.3038460Z Collecting opentelemetry-util-http==0.60b1 (from opentelemetry-instrumentation-requests~=0.58b0->semgrep==1.165.0->-r harness/requirements.txt (line 27))
D4 Spec Coverage Check (unified)	Install harness dependencies	2026-06-21T17:03:27.3075020Z   Downloading opentelemetry_util_http-0.60b1-py3-none-any.whl.metadata (2.6 kB)
D4 Spec Coverage Check (unified)	Install harness dependencies	2026-06-21T17:03:27.3123671Z Collecting opentelemetry-instrumentation-requests~=0.58b0 (from semgrep==1.165.0->-r harness/requirements.txt (line 27))
D4 Spec Coverage Check (unified)	Install harness dependencies	2026-06-21T17:03:27.3161198Z   Downloading opentelemetry_instrumentation_requests-0.60b0-py3-none-any.whl.metadata (2.6 kB)
D4 Spec Coverage Check (unified)	Install harness dependencies	2026-06-21T17:03:27.3206262Z Collecting opentelemetry-instrumentation==0.60b0 (from opentelemetry-instrumentation-requests~=0.58b0->semgrep==1.165.0->-r harness/requirements.txt (line 27))
D4 Spec Coverage Check (unified)	Install harness dependencies	2026-06-21T17:03:27.3244131Z   Downloading opentelemetry_instrumentation-0.60b0-py3-none-any.whl.metadata (7.2 kB)
D4 Spec Coverage Check (unified)	Install harness dependencies	2026-06-21T17:03:27.3286717Z Collecting opentelemetry-semantic-conventions==0.60b0 (from opentelemetry-instrumentation-requests~=0.58b0->semgrep==1.165.0->-r harness/requirements.txt (line 27))
D4 Spec Coverage Check (unified)	Install harness dependencies	2026-06-21T17:03:27.3323407Z   Downloading opentelemetry_semantic_conventions-0.60b0-py3-none-any.whl.metadata (2.4 kB)
D4 Spec Coverage Check (unified)	Install harness dependencies	2026-06-21T17:03:27.3370546Z Collecting opentelemetry-util-http==0.60b0 (from opentelemetry-instrumentation-requests~=0.58b0->semgrep==1.165.0->-r harness/requirements.txt (line 27))
D4 Spec Coverage Check (unified)	Install harness dependencies	2026-06-21T17:03:27.3407621Z   Downloading opentelemetry_util_http-0.60b0-py3-none-any.whl.metadata (2.6 kB)
D4 Spec Coverage Check (unified)	Install harness dependencies	2026-06-21T17:03:27.3456238Z Collecting opentelemetry-instrumentation-requests~=0.58b0 (from semgrep==1.165.0->-r harness/requirements.txt (line 27))
D4 Spec Coverage Check (unified)	Install harness dependencies	2026-06-21T17:03:27.3494928Z   Downloading opentelemetry_instrumentation_requests-0.59b0-py3-none-any.whl.metadata (2.6 kB)
D4 Spec Coverage Check (unified)	Install harness dependencies	2026-06-21T17:03:27.3540271Z Collecting opentelemetry-instrumentation==0.59b0 (from opentelemetry-instrumentation-requests~=0.58b0->semgrep==1.165.0->-r harness/requirements.txt (line 27))
D4 Spec Coverage Check (unified)	Install harness dependencies	2026-06-21T17:03:27.3578357Z   Downloading opentelemetry_instrumentation-0.59b0-py3-none-any.whl.metadata (7.1 kB)
D4 Spec Coverage Check (unified)	Install harness dependencies	2026-06-21T17:03:27.3619129Z Collecting opentelemetry-semantic-conventions==0.59b0 (from opentelemetry-instrumentation-requests~=0.58b0->semgrep==1.165.0->-r harness/requirements.txt (line 27))
D4 Spec Coverage Check (unified)	Install harness dependencies	2026-06-21T17:03:27.3655503Z   Downloading opentelemetry_semantic_conventions-0.59b0-py3-none-any.whl.metadata (2.4 kB)
D4 Spec Coverage Check (unified)	Install harness dependencies	2026-06-21T17:03:27.3696297Z Collecting opentelemetry-util-http==0.59b0 (from opentelemetry-instrumentation-requests~=0.58b0->semgrep==1.165.0->-r harness/requirements.txt (line 27))
D4 Spec Coverage Check (unified)	Install harness dependencies	2026-06-21T17:03:27.3735947Z   Downloading opentelemetry_util_http-0.59b0-py3-none-any.whl.metadata (2.6 kB)
D4 Spec Coverage Check (unified)	Install harness dependencies	2026-06-21T17:03:27.3779943Z INFO: pip is still looking at multiple versions of opentelemetry-semantic-conventions to determine which version is compatible with other requirements. This could take a while.
D4 Spec Coverage Check (unified)	Install harness dependencies	2026-06-21T17:03:27.3786785Z Collecting opentelemetry-instrumentation-requests~=0.58b0 (from semgrep==1.165.0->-r harness/requirements.txt (line 27))
D4 Spec Coverage Check (unified)	Install harness dependencies	2026-06-21T17:03:27.3823688Z   Downloading opentelemetry_instrumentation_requests-0.58b0-py3-none-any.whl.metadata (2.6 kB)
D4 Spec Coverage Check (unified)	Install harness dependencies	2026-06-21T17:03:27.3888899Z Collecting opentelemetry-instrumentation==0.58b0 (from opentelemetry-instrumentation-requests~=0.58b0->semgrep==1.165.0->-r harness/requirements.txt (line 27))
D4 Spec Coverage Check (unified)	Install harness dependencies	2026-06-21T17:03:27.3926948Z   Downloading opentelemetry_instrumentation-0.58b0-py3-none-any.whl.metadata (7.1 kB)
D4 Spec Coverage Check (unified)	Install harness dependencies	2026-06-21T17:03:27.3968834Z Collecting opentelemetry-semantic-conventions==0.58b0 (from opentelemetry-instrumentation-requests~=0.58b0->semgrep==1.165.0->-r harness/requirements.txt (line 27))
D4 Spec Coverage Check (unified)	Install harness dependencies	2026-06-21T17:03:27.4005536Z   Downloading opentelemetry_semantic_conventions-0.58b0-py3-none-any.whl.metadata (2.4 kB)
D4 Spec Coverage Check (unified)	Install harness dependencies	2026-06-21T17:03:27.4043702Z Collecting opentelemetry-util-http==0.58b0 (from opentelemetry-instrumentation-requests~=0.58b0->semgrep==1.165.0->-r harness/requirements.txt (line 27))
D4 Spec Coverage Check (unified)	Install harness dependencies	2026-06-21T17:03:27.4078620Z   Downloading opentelemetry_util_http-0.58b0-py3-none-any.whl.metadata (2.6 kB)
D4 Spec Coverage Check (unified)	Install harness dependencies	2026-06-21T17:03:27.4158950Z Collecting wrapt<2.0.0,>=1.0.0 (from opentelemetry-instrumentation==0.58b0->opentelemetry-instrumentation-requests~=0.58b0->semgrep==1.165.0->-r harness/requirements.txt (line 27))
D4 Spec Coverage Check (unified)	Install harness dependencies	2026-06-21T17:03:27.4196366Z   Downloading wrapt-1.17.3-cp311-cp311-manylinux1_x86_64.manylinux_2_28_x86_64.manylinux_2_5_x86_64.whl.metadata (6.4 kB)
D4 Spec Coverage Check (unified)	Install harness dependencies	2026-06-21T17:03:27.4251305Z INFO: pip is looking at multiple versions of opentelemetry-instrumentation-threading to determine which version is compatible with other requirements. This could take a while.
D4 Spec Coverage Check (unified)	Install harness dependencies	2026-06-21T17:03:27.4254628Z Collecting opentelemetry-instrumentation-threading~=0.58b0 (from semgrep==1.165.0->-r harness/requirements.txt (line 27))
D4 Spec Coverage Check (unified)	Install harness dependencies	2026-06-21T17:03:27.4291204Z   Downloading opentelemetry_instrumentation_threading-0.63b0-py3-none-any.whl.metadata (2.1 kB)
D4 Spec Coverage Check (unified)	Install harness dependencies	2026-06-21T17:03:27.4366457Z   Downloading opentelemetry_instrumentation_threading-0.62b1-py3-none-any.whl.metadata (2.2 kB)
D4 Spec Coverage Check (unified)	Install harness dependencies	2026-06-21T17:03:27.4440006Z   Downloading opentelemetry_instrumentation_threading-0.62b0-py3-none-any.whl.metadata (2.2 kB)
D4 Spec Coverage Check (unified)	Install harness dependencies	2026-06-21T17:03:27.4513048Z   Downloading opentelemetry_instrumentation_threading-0.61b0-py3-none-any.whl.metadata (2.2 kB)
D4 Spec Coverage Check (unified)	Install harness dependencies	2026-06-21T17:03:27.4588662Z   Downloading opentelemetry_instrumentation_threading-0.60b1-py3-none-any.whl.metadata (2.1 kB)
D4 Spec Coverage Check (unified)	Install harness dependencies	2026-06-21T17:03:27.4661111Z   Downloading opentelemetry_instrumentation_threading-0.60b0-py3-none-any.whl.metadata (2.1 kB)
D4 Spec Coverage Check (unified)	Install harness dependencies	2026-06-21T17:03:27.4735815Z   Downloading opentelemetry_instrumentation_threading-0.59b0-py3-none-any.whl.metadata (2.1 kB)
D4 Spec Coverage Check (unified)	Install harness dependencies	2026-06-21T17:03:27.4773251Z INFO: pip is still looking at multiple versions of opentelemetry-instrumentation-threading to determine which version is compatible with other requirements. This could take a while.
D4 Spec Coverage Check (unified)	Install harness dependencies	2026-06-21T17:03:27.4811264Z   Downloading opentelemetry_instrumentation_threading-0.58b0-py3-none-any.whl.metadata (2.1 kB)
D4 Spec Coverage Check (unified)	Install harness dependencies	2026-06-21T17:03:27.4969516Z Collecting annotated-types>=0.6.0 (from pydantic<3.0.0,>=2.11.0->mcp==1.23.3->semgrep==1.165.0->-r harness/requirements.txt (line 27))
D4 Spec Coverage Check (unified)	Install harness dependencies	2026-06-21T17:03:27.5008404Z   Downloading annotated_types-0.7.0-py3-none-any.whl.metadata (15 kB)
D4 Spec Coverage Check (unified)	Install harness dependencies	2026-06-21T17:03:28.1323233Z Collecting pydantic-core==2.46.4 (from pydantic<3.0.0,>=2.11.0->mcp==1.23.3->semgrep==1.165.0->-r harness/requirements.txt (line 27))
D4 Spec Coverage Check (unified)	Install harness dependencies	2026-06-21T17:03:28.1367102Z   Downloading pydantic_core-2.46.4-cp311-cp311-manylinux_2_17_x86_64.manylinux2014_x86_64.whl.metadata (6.6 kB)
D4 Spec Coverage Check (unified)	Install harness dependencies	2026-06-21T17:03:28.3561625Z Collecting cryptography>=3.4.0 (from pyjwt[crypto]~=2.12.0->semgrep==1.165.0->-r harness/requirements.txt (line 27))
D4 Spec Coverage Check (unified)	Install harness dependencies	2026-06-21T17:03:28.3604313Z   Downloading cryptography-49.0.0-cp311-abi3-manylinux_2_34_x86_64.whl.metadata (4.3 kB)
D4 Spec Coverage Check (unified)	Install harness dependencies	2026-06-21T17:03:28.4471091Z Collecting charset_normalizer<4,>=2 (from requests~=2.22->semgrep==1.165.0->-r harness/requirements.txt (line 27))
D4 Spec Coverage Check (unified)	Install harness dependencies	2026-06-21T17:03:28.4511320Z   Downloading charset_normalizer-3.4.7-cp311-cp311-manylinux2014_x86_64.manylinux_2_17_x86_64.manylinux_2_28_x86_64.whl.metadata (40 kB)
D4 Spec Coverage Check (unified)	Install harness dependencies	2026-06-21T17:03:28.4667321Z Collecting idna<4,>=2.5 (from requests~=2.22->semgrep==1.165.0->-r harness/requirements.txt (line 27))
D4 Spec Coverage Check (unified)	Install harness dependencies	2026-06-21T17:03:28.4702880Z   Downloading idna-3.18-py3-none-any.whl.metadata (6.1 kB)
D4 Spec Coverage Check (unified)	Install harness dependencies	2026-06-21T17:03:28.4883864Z Collecting certifi>=2023.5.7 (from requests~=2.22->semgrep==1.165.0->-r harness/requirements.txt (line 27))
D4 Spec Coverage Check (unified)	Install harness dependencies	2026-06-21T17:03:28.4919005Z   Downloading certifi-2026.6.17-py3-none-any.whl.metadata (2.5 kB)
D4 Spec Coverage Check (unified)	Install harness dependencies	2026-06-21T17:03:28.5097853Z Collecting bracex>=2.1.1 (from wcmatch~=8.3->semgrep==1.165.0->-r harness/requirements.txt (line 27))
D4 Spec Coverage Check (unified)	Install harness dependencies	2026-06-21T17:03:28.5133417Z   Downloading bracex-2.6-py3-none-any.whl.metadata (3.6 kB)
D4 Spec Coverage Check (unified)	Install harness dependencies	2026-06-21T17:03:28.6098591Z Collecting cffi>=2.0.0 (from cryptography>=3.4.0->pyjwt[crypto]~=2.12.0->semgrep==1.165.0->-r harness/requirements.txt (line 27))
D4 Spec Coverage Check (unified)	Install harness dependencies	2026-06-21T17:03:28.6138175Z   Downloading cffi-2.0.0-cp311-cp311-manylinux2014_x86_64.manylinux_2_17_x86_64.whl.metadata (2.6 kB)
D4 Spec Coverage Check (unified)	Install harness dependencies	2026-06-21T17:03:28.6259079Z Collecting pycparser (from cffi>=2.0.0->cryptography>=3.4.0->pyjwt[crypto]~=2.12.0->semgrep==1.165.0->-r harness/requirements.txt (line 27))
D4 Spec Coverage Check (unified)	Install harness dependencies	2026-06-21T17:03:28.6294294Z   Downloading pycparser-3.0-py3-none-any.whl.metadata (8.2 kB)
D4 Spec Coverage Check (unified)	Install harness dependencies	2026-06-21T17:03:28.6424398Z Collecting face>=20.1.1 (from glom>=23.3->semgrep==1.165.0->-r harness/requirements.txt (line 27))
D4 Spec Coverage Check (unified)	Install harness dependencies	2026-06-21T17:03:28.6461782Z   Downloading face-26.0.1-py3-none-any.whl.metadata (1.8 kB)
D4 Spec Coverage Check (unified)	Install harness dependencies	2026-06-21T17:03:28.6626026Z Collecting httpcore==1.* (from httpx>=0.27.1->mcp==1.23.3->semgrep==1.165.0->-r harness/requirements.txt (line 27))
D4 Spec Coverage Check (unified)	Install harness dependencies	2026-06-21T17:03:28.6663444Z   Downloading httpcore-1.0.9-py3-none-any.whl.metadata (21 kB)
D4 Spec Coverage Check (unified)	Install harness dependencies	2026-06-21T17:03:28.6795393Z Collecting h11>=0.16 (from httpcore==1.*->httpx>=0.27.1->mcp==1.23.3->semgrep==1.165.0->-r harness/requirements.txt (line 27))
D4 Spec Coverage Check (unified)	Install harness dependencies	2026-06-21T17:03:28.6830502Z   Downloading h11-0.16.0-py3-none-any.whl.metadata (8.3 kB)
D4 Spec Coverage Check (unified)	Install harness dependencies	2026-06-21T17:03:28.7079110Z Collecting python-dotenv>=0.21.0 (from pydantic-settings>=2.5.2->mcp==1.23.3->semgrep==1.165.0->-r harness/requirements.txt (line 27))
D4 Spec Coverage Check (unified)	Install harness dependencies	2026-06-21T17:03:28.7114265Z   Downloading python_dotenv-1.2.2-py3-none-any.whl.metadata (27 kB)
D4 Spec Coverage Check (unified)	Install harness dependencies	2026-06-21T17:03:28.7350847Z Collecting markdown-it-py>=2.2.0 (from rich->bandit==1.8.6->-r harness/requirements.txt (line 20))
D4 Spec Coverage Check (unified)	Install harness dependencies	2026-06-21T17:03:28.7387842Z   Downloading markdown_it_py-4.2.0-py3-none-any.whl.metadata (7.4 kB)
D4 Spec Coverage Check (unified)	Install harness dependencies	2026-06-21T17:03:28.7532235Z Collecting mdurl~=0.1 (from markdown-it-py>=2.2.0->rich->bandit==1.8.6->-r harness/requirements.txt (line 20))
D4 Spec Coverage Check (unified)	Install harness dependencies	2026-06-21T17:03:28.7568253Z   Downloading mdurl-0.1.2-py3-none-any.whl.metadata (1.6 kB)
D4 Spec Coverage Check (unified)	Install harness dependencies	2026-06-21T17:03:28.7844656Z Downloading ruff-0.15.13-py3-none-manylinux_2_17_x86_64.manylinux2014_x86_64.whl (11.4 MB)
D4 Spec Coverage Check (unified)	Install harness dependencies	2026-06-21T17:03:28.8292124Z    ━━━━━━━━━━━━━━━━━━━━━━━━━━━━━━━━━━━━━━━━ 11.4/11.4 MB 266.8 MB/s  0:00:00
D4 Spec Coverage Check (unified)	Install harness dependencies	2026-06-21T17:03:28.8332631Z Downloading mypy-1.19.1-cp311-cp311-manylinux2014_x86_64.manylinux_2_17_x86_64.manylinux_2_28_x86_64.whl (13.4 MB)
D4 Spec Coverage Check (unified)	Install harness dependencies	2026-06-21T17:03:28.8747941Z    ━━━━━━━━━━━━━━━━━━━━━━━━━━━━━━━━━━━━━━━━ 13.4/13.4 MB 336.9 MB/s  0:00:00
D4 Spec Coverage Check (unified)	Install harness dependencies	2026-06-21T17:03:28.8791785Z Downloading pyright-1.1.409-py3-none-any.whl (6.4 MB)
D4 Spec Coverage Check (unified)	Install harness dependencies	2026-06-21T17:03:28.9004233Z    ━━━━━━━━━━━━━━━━━━━━━━━━━━━━━━━━━━━━━━━━ 6.4/6.4 MB 332.2 MB/s  0:00:00
D4 Spec Coverage Check (unified)	Install harness dependencies	2026-06-21T17:03:28.9045220Z Downloading pytest-8.4.2-py3-none-any.whl (365 kB)
D4 Spec Coverage Check (unified)	Install harness dependencies	2026-06-21T17:03:28.9112550Z Downloading pytest_cov-7.1.0-py3-none-any.whl (22 kB)
D4 Spec Coverage Check (unified)	Install harness dependencies	2026-06-21T17:03:28.9170813Z Downloading pytest_benchmark-5.2.3-py3-none-any.whl (45 kB)
D4 Spec Coverage Check (unified)	Install harness dependencies	2026-06-21T17:03:28.9237960Z Downloading bandit-1.8.6-py3-none-any.whl (133 kB)
D4 Spec Coverage Check (unified)	Install harness dependencies	2026-06-21T17:03:28.9298135Z Downloading radon-6.0.1-py2.py3-none-any.whl (52 kB)
D4 Spec Coverage Check (unified)	Install harness dependencies	2026-06-21T17:03:28.9366974Z Downloading semgrep-1.165.0-cp310.cp311.cp312.cp313.cp314.py310.py311.py312.py313.py314-none-manylinux_2_34_x86_64.whl (68.9 MB)
D4 Spec Coverage Check (unified)	Install harness dependencies	2026-06-21T17:03:29.1786373Z    ━━━━━━━━━━━━━━━━━━━━━━━━━━━━━━━━━━━━━━━━ 68.9/68.9 MB 287.1 MB/s  0:00:00
D4 Spec Coverage Check (unified)	Install harness dependencies	2026-06-21T17:03:29.1830388Z Downloading tree_sitter-0.25.2-cp311-cp311-manylinux2014_x86_64.manylinux_2_17_x86_64.manylinux_2_28_x86_64.whl (632 kB)
D4 Spec Coverage Check (unified)	Install harness dependencies	2026-06-21T17:03:29.1888715Z    ━━━━━━━━━━━━━━━━━━━━━━━━━━━━━━━━━━━━━━━━ 632.2/632.2 kB 106.7 MB/s  0:00:00
D4 Spec Coverage Check (unified)	Install harness dependencies	2026-06-21T17:03:29.1927895Z Downloading tree_sitter_javascript-0.25.0-cp310-abi3-manylinux1_x86_64.manylinux_2_28_x86_64.manylinux_2_5_x86_64.whl (99 kB)
D4 Spec Coverage Check (unified)	Install harness dependencies	2026-06-21T17:03:29.1989341Z Downloading tree_sitter_typescript-0.23.2-cp39-abi3-manylinux_2_5_x86_64.manylinux1_x86_64.manylinux_2_17_x86_64.manylinux2014_x86_64.whl (344 kB)
D4 Spec Coverage Check (unified)	Install harness dependencies	2026-06-21T17:03:29.2055573Z Downloading pyyaml-6.0.3-cp311-cp311-manylinux2014_x86_64.manylinux_2_17_x86_64.manylinux_2_28_x86_64.whl (806 kB)
D4 Spec Coverage Check (unified)	Install harness dependencies	2026-06-21T17:03:29.2110615Z    ━━━━━━━━━━━━━━━━━━━━━━━━━━━━━━━━━━━━━━━━ 806.6/806.6 kB 174.5 MB/s  0:00:00
D4 Spec Coverage Check (unified)	Install harness dependencies	2026-06-21T17:03:29.2149034Z Downloading mcp-1.23.3-py3-none-any.whl (231 kB)
D4 Spec Coverage Check (unified)	Install harness dependencies	2026-06-21T17:03:29.2212227Z Downloading ruamel_yaml_clib-0.2.15-cp311-cp311-manylinux2014_x86_64.manylinux_2_17_x86_64.manylinux_2_28_x86_64.whl (777 kB)
D4 Spec Coverage Check (unified)	Install harness dependencies	2026-06-21T17:03:29.2265856Z    ━━━━━━━━━━━━━━━━━━━━━━━━━━━━━━━━━━━━━━━━ 777.6/777.6 kB 162.4 MB/s  0:00:00
D4 Spec Coverage Check (unified)	Install harness dependencies	2026-06-21T17:03:29.2304519Z Downloading opentelemetry_exporter_otlp_proto_http-1.37.0-py3-none-any.whl (19 kB)
D4 Spec Coverage Check (unified)	Install harness dependencies	2026-06-21T17:03:29.2356984Z Downloading opentelemetry_exporter_otlp_proto_common-1.37.0-py3-none-any.whl (18 kB)
D4 Spec Coverage Check (unified)	Install harness dependencies	2026-06-21T17:03:29.2412519Z Downloading opentelemetry_proto-1.37.0-py3-none-any.whl (72 kB)
D4 Spec Coverage Check (unified)	Install harness dependencies	2026-06-21T17:03:29.2469351Z Downloading boltons-21.0.0-py2.py3-none-any.whl (193 kB)
D4 Spec Coverage Check (unified)	Install harness dependencies	2026-06-21T17:03:29.2527511Z Downloading click-8.1.8-py3-none-any.whl (98 kB)
D4 Spec Coverage Check (unified)	Install harness dependencies	2026-06-21T17:03:29.2584685Z Downloading click_option_group-0.5.9-py3-none-any.whl (11 kB)
D4 Spec Coverage Check (unified)	Install harness dependencies	2026-06-21T17:03:29.2638852Z Downloading colorama-0.4.6-py2.py3-none-any.whl (25 kB)
D4 Spec Coverage Check (unified)	Install harness dependencies	2026-06-21T17:03:29.2712048Z Downloading exceptiongroup-1.2.2-py3-none-any.whl (16 kB)
D4 Spec Coverage Check (unified)	Install harness dependencies	2026-06-21T17:03:29.2766355Z Downloading googleapis_common_protos-1.75.0-py3-none-any.whl (300 kB)
D4 Spec Coverage Check (unified)	Install harness dependencies	2026-06-21T17:03:29.2825967Z Downloading jsonschema-4.25.1-py3-none-any.whl (90 kB)
D4 Spec Coverage Check (unified)	Install harness dependencies	2026-06-21T17:03:29.2880009Z Downloading junit_xml-1.9-py2.py3-none-any.whl (7.1 kB)
D4 Spec Coverage Check (unified)	Install harness dependencies	2026-06-21T17:03:29.2933678Z Downloading mando-0.7.1-py2.py3-none-any.whl (28 kB)
D4 Spec Coverage Check (unified)	Install harness dependencies	2026-06-21T17:03:29.2986983Z Downloading opentelemetry_api-1.37.0-py3-none-any.whl (65 kB)
D4 Spec Coverage Check (unified)	Install harness dependencies	2026-06-21T17:03:29.3042281Z Downloading importlib_metadata-8.7.1-py3-none-any.whl (27 kB)
D4 Spec Coverage Check (unified)	Install harness dependencies	2026-06-21T17:03:29.3095460Z Downloading opentelemetry_instrumentation_requests-0.58b0-py3-none-any.whl (12 kB)
D4 Spec Coverage Check (unified)	Install harness dependencies	2026-06-21T17:03:29.3147932Z Downloading opentelemetry_semantic_conventions-0.58b0-py3-none-any.whl (207 kB)
D4 Spec Coverage Check (unified)	Install harness dependencies	2026-06-21T17:03:29.3215384Z Downloading opentelemetry_instrumentation-0.58b0-py3-none-any.whl (33 kB)
D4 Spec Coverage Check (unified)	Install harness dependencies	2026-06-21T17:03:29.3268773Z Downloading opentelemetry_util_http-0.58b0-py3-none-any.whl (7.7 kB)
D4 Spec Coverage Check (unified)	Install harness dependencies	2026-06-21T17:03:29.3325685Z Downloading opentelemetry_instrumentation_threading-0.58b0-py3-none-any.whl (9.3 kB)
D4 Spec Coverage Check (unified)	Install harness dependencies	2026-06-21T17:03:29.3378999Z Downloading opentelemetry_sdk-1.37.0-py3-none-any.whl (131 kB)
D4 Spec Coverage Check (unified)	Install harness dependencies	2026-06-21T17:03:29.3436259Z Downloading peewee-3.19.0-py3-none-any.whl (411 kB)
D4 Spec Coverage Check (unified)	Install harness dependencies	2026-06-21T17:03:29.3496871Z Downloading pluggy-1.6.0-py3-none-any.whl (20 kB)
D4 Spec Coverage Check (unified)	Install harness dependencies	2026-06-21T17:03:29.3551810Z Downloading protobuf-6.33.6-cp39-abi3-manylinux2014_x86_64.whl (323 kB)
D4 Spec Coverage Check (unified)	Install harness dependencies	2026-06-21T17:03:29.3610675Z Downloading pydantic-2.13.4-py3-none-any.whl (472 kB)
D4 Spec Coverage Check (unified)	Install harness dependencies	2026-06-21T17:03:29.3678313Z Downloading pydantic_core-2.46.4-cp311-cp311-manylinux_2_17_x86_64.manylinux2014_x86_64.whl (2.1 MB)
D4 Spec Coverage Check (unified)	Install harness dependencies	2026-06-21T17:03:29.3764096Z    ━━━━━━━━━━━━━━━━━━━━━━━━━━━━━━━━━━━━━━━━ 2.1/2.1 MB 298.9 MB/s  0:00:00
D4 Spec Coverage Check (unified)	Install harness dependencies	2026-06-21T17:03:29.3802977Z Downloading pyjwt-2.12.1-py3-none-any.whl (29 kB)
D4 Spec Coverage Check (unified)	Install harness dependencies	2026-06-21T17:03:29.3858820Z Downloading requests-2.34.2-py3-none-any.whl (73 kB)
D4 Spec Coverage Check (unified)	Install harness dependencies	2026-06-21T17:03:29.3917171Z Downloading charset_normalizer-3.4.7-cp311-cp311-manylinux2014_x86_64.manylinux_2_17_x86_64.manylinux_2_28_x86_64.whl (214 kB)
D4 Spec Coverage Check (unified)	Install harness dependencies	2026-06-21T17:03:29.3975317Z Downloading idna-3.18-py3-none-any.whl (65 kB)
D4 Spec Coverage Check (unified)	Install harness dependencies	2026-06-21T17:03:29.4033926Z Downloading semantic_version-2.10.0-py2.py3-none-any.whl (15 kB)
D4 Spec Coverage Check (unified)	Install harness dependencies	2026-06-21T17:03:29.4088418Z Downloading tomli-2.4.1-cp311-cp311-manylinux2014_x86_64.manylinux_2_17_x86_64.manylinux_2_28_x86_64.whl (243 kB)
D4 Spec Coverage Check (unified)	Install harness dependencies	2026-06-21T17:03:29.4147795Z Downloading typing_extensions-4.15.0-py3-none-any.whl (44 kB)
D4 Spec Coverage Check (unified)	Install harness dependencies	2026-06-21T17:03:29.4203276Z Downloading urllib3-2.7.0-py3-none-any.whl (131 kB)
D4 Spec Coverage Check (unified)	Install harness dependencies	2026-06-21T17:03:29.4260329Z Downloading wcmatch-8.5.2-py3-none-any.whl (39 kB)
D4 Spec Coverage Check (unified)	Install harness dependencies	2026-06-21T17:03:29.4319045Z Downloading wrapt-1.17.3-cp311-cp311-manylinux1_x86_64.manylinux_2_28_x86_64.manylinux_2_5_x86_64.whl (82 kB)
D4 Spec Coverage Check (unified)	Install harness dependencies	2026-06-21T17:03:29.4375992Z Downloading annotated_types-0.7.0-py3-none-any.whl (13 kB)
D4 Spec Coverage Check (unified)	Install harness dependencies	2026-06-21T17:03:29.4434951Z Downloading anyio-4.14.0-py3-none-any.whl (123 kB)
D4 Spec Coverage Check (unified)	Install harness dependencies	2026-06-21T17:03:29.4493104Z Downloading attrs-26.1.0-py3-none-any.whl (67 kB)
D4 Spec Coverage Check (unified)	Install harness dependencies	2026-06-21T17:03:29.4547529Z Downloading bracex-2.6-py3-none-any.whl (11 kB)
D4 Spec Coverage Check (unified)	Install harness dependencies	2026-06-21T17:03:29.4600981Z Downloading certifi-2026.6.17-py3-none-any.whl (133 kB)
D4 Spec Coverage Check (unified)	Install harness dependencies	2026-06-21T17:03:29.4659774Z Downloading coverage-7.14.2-cp311-cp311-manylinux1_x86_64.manylinux_2_28_x86_64.manylinux_2_5_x86_64.whl (253 kB)
D4 Spec Coverage Check (unified)	Install harness dependencies	2026-06-21T17:03:29.4719937Z Downloading cryptography-49.0.0-cp311-abi3-manylinux_2_34_x86_64.whl (4.7 MB)
D4 Spec Coverage Check (unified)	Install harness dependencies	2026-06-21T17:03:29.4874358Z    ━━━━━━━━━━━━━━━━━━━━━━━━━━━━━━━━━━━━━━━━ 4.7/4.7 MB 346.1 MB/s  0:00:00
D4 Spec Coverage Check (unified)	Install harness dependencies	2026-06-21T17:03:29.4913643Z Downloading cffi-2.0.0-cp311-cp311-manylinux2014_x86_64.manylinux_2_17_x86_64.whl (215 kB)
D4 Spec Coverage Check (unified)	Install harness dependencies	2026-06-21T17:03:29.4977394Z Downloading glom-25.12.0-py3-none-any.whl (103 kB)
D4 Spec Coverage Check (unified)	Install harness dependencies	2026-06-21T17:03:29.5034964Z Downloading face-26.0.1-py3-none-any.whl (57 kB)
D4 Spec Coverage Check (unified)	Install harness dependencies	2026-06-21T17:03:29.5092052Z Downloading httpx-0.28.1-py3-none-any.whl (73 kB)
D4 Spec Coverage Check (unified)	Install harness dependencies	2026-06-21T17:03:29.5145302Z Downloading httpcore-1.0.9-py3-none-any.whl (78 kB)
D4 Spec Coverage Check (unified)	Install harness dependencies	2026-06-21T17:03:29.5202131Z Downloading h11-0.16.0-py3-none-any.whl (37 kB)
D4 Spec Coverage Check (unified)	Install harness dependencies	2026-06-21T17:03:29.5255516Z Downloading httpx_sse-0.4.3-py3-none-any.whl (9.0 kB)
D4 Spec Coverage Check (unified)	Install harness dependencies	2026-06-21T17:03:29.5309024Z Downloading iniconfig-2.3.0-py3-none-any.whl (7.5 kB)
D4 Spec Coverage Check (unified)	Install harness dependencies	2026-06-21T17:03:29.5361389Z Downloading jsonschema_specifications-2025.9.1-py3-none-any.whl (18 kB)
D4 Spec Coverage Check (unified)	Install harness dependencies	2026-06-21T17:03:29.5417129Z Downloading librt-0.11.0-cp311-cp311-manylinux2014_x86_64.manylinux_2_17_x86_64.manylinux_2_28_x86_64.whl (497 kB)
D4 Spec Coverage Check (unified)	Install harness dependencies	2026-06-21T17:03:29.5482459Z Downloading mypy_extensions-1.1.0-py3-none-any.whl (5.0 kB)
D4 Spec Coverage Check (unified)	Install harness dependencies	2026-06-21T17:03:29.5534635Z Downloading nodeenv-1.10.0-py2.py3-none-any.whl (23 kB)
D4 Spec Coverage Check (unified)	Install harness dependencies	2026-06-21T17:03:29.5587231Z Downloading packaging-26.2-py3-none-any.whl (100 kB)
D4 Spec Coverage Check (unified)	Install harness dependencies	2026-06-21T17:03:29.5644417Z Downloading pathspec-1.1.1-py3-none-any.whl (57 kB)
D4 Spec Coverage Check (unified)	Install harness dependencies	2026-06-21T17:03:29.5699156Z Downloading pydantic_settings-2.14.2-py3-none-any.whl (61 kB)
D4 Spec Coverage Check (unified)	Install harness dependencies	2026-06-21T17:03:29.5757278Z Downloading pygments-2.20.0-py3-none-any.whl (1.2 MB)
D4 Spec Coverage Check (unified)	Install harness dependencies	2026-06-21T17:03:29.5830002Z    ━━━━━━━━━━━━━━━━━━━━━━━━━━━━━━━━━━━━━━━━ 1.2/1.2 MB 186.9 MB/s  0:00:00
D4 Spec Coverage Check (unified)	Install harness dependencies	2026-06-21T17:03:29.5866385Z Downloading python_dotenv-1.2.2-py3-none-any.whl (22 kB)
D4 Spec Coverage Check (unified)	Install harness dependencies	2026-06-21T17:03:29.5921492Z Downloading python_multipart-0.0.32-py3-none-any.whl (30 kB)
D4 Spec Coverage Check (unified)	Install harness dependencies	2026-06-21T17:03:29.5974422Z Downloading referencing-0.37.0-py3-none-any.whl (26 kB)
D4 Spec Coverage Check (unified)	Install harness dependencies	2026-06-21T17:03:29.6060008Z Downloading rich-15.0.0-py3-none-any.whl (310 kB)
D4 Spec Coverage Check (unified)	Install harness dependencies	2026-06-21T17:03:29.6123232Z Downloading markdown_it_py-4.2.0-py3-none-any.whl (91 kB)
D4 Spec Coverage Check (unified)	Install harness dependencies	2026-06-21T17:03:29.6193627Z Downloading mdurl-0.1.2-py3-none-any.whl (10.0 kB)
D4 Spec Coverage Check (unified)	Install harness dependencies	2026-06-21T17:03:29.6259785Z Downloading rpds_py-2026.5.1-cp311-cp311-manylinux_2_17_x86_64.manylinux2014_x86_64.whl (378 kB)
D4 Spec Coverage Check (unified)	Install harness dependencies	2026-06-21T17:03:29.6337150Z Downloading ruamel_yaml-0.19.1-py3-none-any.whl (118 kB)
D4 Spec Coverage Check (unified)	Install harness dependencies	2026-06-21T17:03:29.6394946Z Downloading sse_starlette-3.4.5-py3-none-any.whl (16 kB)
D4 Spec Coverage Check (unified)	Install harness dependencies	2026-06-21T17:03:29.6447504Z Downloading starlette-1.3.1-py3-none-any.whl (73 kB)
D4 Spec Coverage Check (unified)	Install harness dependencies	2026-06-21T17:03:29.6504009Z Downloading stevedore-5.8.0-py3-none-any.whl (54 kB)
D4 Spec Coverage Check (unified)	Install harness dependencies	2026-06-21T17:03:29.6573428Z Downloading typing_inspection-0.4.2-py3-none-any.whl (14 kB)
D4 Spec Coverage Check (unified)	Install harness dependencies	2026-06-21T17:03:29.6624994Z Downloading uvicorn-0.49.0-py3-none-any.whl (71 kB)
D4 Spec Coverage Check (unified)	Install harness dependencies	2026-06-21T17:03:29.6680333Z Downloading zipp-4.1.0-py3-none-any.whl (10 kB)
D4 Spec Coverage Check (unified)	Install harness dependencies	2026-06-21T17:03:29.6731960Z Downloading parso-0.8.7-py2.py3-none-any.whl (107 kB)
D4 Spec Coverage Check (unified)	Install harness dependencies	2026-06-21T17:03:29.6845519Z Downloading pony-0.7.19-py3-none-any.whl (317 kB)
D4 Spec Coverage Check (unified)	Install harness dependencies	2026-06-21T17:03:29.6909172Z Downloading py_cpuinfo-9.0.0-py3-none-any.whl (22 kB)
D4 Spec Coverage Check (unified)	Install harness dependencies	2026-06-21T17:03:29.6965286Z Downloading pycparser-3.0-py3-none-any.whl (48 kB)
D4 Spec Coverage Check (unified)	Install harness dependencies	2026-06-21T17:03:29.7019524Z Downloading six-1.17.0-py2.py3-none-any.whl (11 kB)
D4 Spec Coverage Check (unified)	Install harness dependencies	2026-06-21T17:03:29.7072657Z Downloading toml-0.10.2-py2.py3-none-any.whl (16 kB)
D4 Spec Coverage Check (unified)	Install harness dependencies	2026-06-21T17:03:29.9335769Z Building wheels for collected packages: mutmut, glob2
D4 Spec Coverage Check (unified)	Install harness dependencies	2026-06-21T17:03:29.9343975Z   Building wheel for mutmut (pyproject.toml): started
D4 Spec Coverage Check (unified)	Install harness dependencies	2026-06-21T17:03:30.1479308Z   Building wheel for mutmut (pyproject.toml): finished with status 'done'
D4 Spec Coverage Check (unified)	Install harness dependencies	2026-06-21T17:03:30.1485662Z   Created wheel for mutmut: filename=mutmut-2.5.1-py2.py3-none-any.whl size=31439 sha256=5abb777caa8263ca5a3b7f8ca2b0b789721fac5bd05a50c4f2f3880749a01ce0
D4 Spec Coverage Check (unified)	Install harness dependencies	2026-06-21T17:03:30.1487515Z   Stored in directory: /home/runner/.cache/pip/wheels/de/da/26/9335ec3b5a0d10f61a64e2719152627ecfb2914c8edcbef538
D4 Spec Coverage Check (unified)	Install harness dependencies	2026-06-21T17:03:30.1516541Z   Building wheel for glob2 (pyproject.toml): started
D4 Spec Coverage Check (unified)	Install harness dependencies	2026-06-21T17:03:30.3479176Z   Building wheel for glob2 (pyproject.toml): finished with status 'done'
D4 Spec Coverage Check (unified)	Install harness dependencies	2026-06-21T17:03:30.3485877Z   Created wheel for glob2: filename=glob2-0.7-py2.py3-none-any.whl size=9364 sha256=c55c5bba83803d1f411523796c03ec34b76cb02cf3b56c702516e7a273fdb5e2
D4 Spec Coverage Check (unified)	Install harness dependencies	2026-06-21T17:03:30.3487633Z   Stored in directory: /home/runner/.cache/pip/wheels/96/41/06/9f8fddc6eb1d75bde63db7f491311a4ae26905212617e06eb2
D4 Spec Coverage Check (unified)	Install harness dependencies	2026-06-21T17:03:30.3501980Z Successfully built mutmut glob2
D4 Spec Coverage Check (unified)	Install harness dependencies	2026-06-21T17:03:30.4964204Z Installing collected packages: py-cpuinfo, pony, peewee, glob2, boltons, zipp, wrapt, urllib3, typing_extensions, tree-sitter-typescript, tree-sitter-javascript, tree-sitter, tomli, toml, stevedore, six, semantic-version, ruff, ruamel.yaml.clib, ruamel.yaml, rpds-py, pyyaml, python-multipart, python-dotenv, pyjwt, pygments, pycparser, protobuf, pluggy, pathspec, parso, packaging, opentelemetry-util-http, nodeenv, mypy_extensions, mdurl, librt, iniconfig, idna, httpx-sse, h11, face, exceptiongroup, coverage, colorama, click, charset_normalizer, certifi, bracex, attrs, annotated-types, wcmatch, uvicorn, typing-inspection, requests, referencing, pytest, pyright, pydantic-core, opentelemetry-proto, mypy, markdown-it-py, mando, junit-xml, importlib-metadata, httpcore, googleapis-common-protos, glom, click-option-group, cffi, anyio, starlette, rich, radon, pytest-cov, pytest-benchmark, pydantic, opentelemetry-exporter-otlp-proto-common, opentelemetry-api, mutmut, jsonschema-specifications, httpx, cryptography, sse-starlette, pydantic-settings, opentelemetry-semantic-conventions, jsonschema, bandit, opentelemetry-sdk, opentelemetry-instrumentation, mcp, opentelemetry-instrumentation-threading, opentelemetry-instrumentation-requests, opentelemetry-exporter-otlp-proto-http, semgrep
D4 Spec Coverage Check (unified)	Install harness dependencies	2026-06-21T17:03:38.6949837Z 
D4 Spec Coverage Check (unified)	Install harness dependencies	2026-06-21T17:03:38.6993133Z Successfully installed annotated-types-0.7.0 anyio-4.14.0 attrs-26.1.0 bandit-1.8.6 boltons-21.0.0 bracex-2.6 certifi-2026.6.17 cffi-2.0.0 charset_normalizer-3.4.7 click-8.1.8 click-option-group-0.5.9 colorama-0.4.6 coverage-7.14.2 cryptography-49.0.0 exceptiongroup-1.2.2 face-26.0.1 glob2-0.7 glom-25.12.0 googleapis-common-protos-1.75.0 h11-0.16.0 httpcore-1.0.9 httpx-0.28.1 httpx-sse-0.4.3 idna-3.18 importlib-metadata-8.7.1 iniconfig-2.3.0 jsonschema-4.25.1 jsonschema-specifications-2025.9.1 junit-xml-1.9 librt-0.11.0 mando-0.7.1 markdown-it-py-4.2.0 mcp-1.23.3 mdurl-0.1.2 mutmut-2.5.1 mypy-1.19.1 mypy_extensions-1.1.0 nodeenv-1.10.0 opentelemetry-api-1.37.0 opentelemetry-exporter-otlp-proto-common-1.37.0 opentelemetry-exporter-otlp-proto-http-1.37.0 opentelemetry-instrumentation-0.58b0 opentelemetry-instrumentation-requests-0.58b0 opentelemetry-instrumentation-threading-0.58b0 opentelemetry-proto-1.37.0 opentelemetry-sdk-1.37.0 opentelemetry-semantic-conventions-0.58b0 opentelemetry-util-http-0.58b0 packaging-26.2 parso-0.8.7 pathspec-1.1.1 peewee-3.19.0 pluggy-1.6.0 pony-0.7.19 protobuf-6.33.6 py-cpuinfo-9.0.0 pycparser-3.0 pydantic-2.13.4 pydantic-core-2.46.4 pydantic-settings-2.14.2 pygments-2.20.0 pyjwt-2.12.1 pyright-1.1.409 pytest-8.4.2 pytest-benchmark-5.2.3 pytest-cov-7.1.0 python-dotenv-1.2.2 python-multipart-0.0.32 pyyaml-6.0.3 radon-6.0.1 referencing-0.37.0 requests-2.34.2 rich-15.0.0 rpds-py-2026.5.1 ruamel.yaml-0.19.1 ruamel.yaml.clib-0.2.15 ruff-0.15.13 semantic-version-2.10.0 semgrep-1.165.0 six-1.17.0 sse-starlette-3.4.5 starlette-1.3.1 stevedore-5.8.0 toml-0.10.2 tomli-2.4.1 tree-sitter-0.25.2 tree-sitter-javascript-0.25.0 tree-sitter-typescript-0.23.2 typing-inspection-0.4.2 typing_extensions-4.15.0 urllib3-2.7.0 uvicorn-0.49.0 wcmatch-8.5.2 wrapt-1.17.3 zipp-4.1.0
D4 Spec Coverage Check (unified)	Detect phase	﻿2026-06-21T17:03:39.0255792Z ##[group]Run PHASE=$(python3 -c "
D4 Spec Coverage Check (unified)	Detect phase	2026-06-21T17:03:39.0256133Z ^[[36;1mPHASE=$(python3 -c "^[[0m
D4 Spec Coverage Check (unified)	Detect phase	2026-06-21T17:03:39.0256374Z ^[[36;1mimport json^[[0m
D4 Spec Coverage Check (unified)	Detect phase	2026-06-21T17:03:39.0256577Z ^[[36;1mtry:^[[0m
D4 Spec Coverage Check (unified)	Detect phase	2026-06-21T17:03:39.0256834Z ^[[36;1m    d = json.load(open('.methodology/state.json'))^[[0m
D4 Spec Coverage Check (unified)	Detect phase	2026-06-21T17:03:39.0257201Z ^[[36;1m    print(int(d.get('current_phase', 0)))^[[0m
D4 Spec Coverage Check (unified)	Detect phase	2026-06-21T17:03:39.0257496Z ^[[36;1mexcept Exception:^[[0m
D4 Spec Coverage Check (unified)	Detect phase	2026-06-21T17:03:39.0257724Z ^[[36;1m    print(0)^[[0m
D4 Spec Coverage Check (unified)	Detect phase	2026-06-21T17:03:39.0257941Z ^[[36;1m" 2>/dev/null || echo "0")^[[0m
D4 Spec Coverage Check (unified)	Detect phase	2026-06-21T17:03:39.0258223Z ^[[36;1mecho "PHASE=$PHASE" >> $GITHUB_OUTPUT^[[0m
D4 Spec Coverage Check (unified)	Detect phase	2026-06-21T17:03:39.0291953Z shell: /usr/bin/bash -e {0}
D4 Spec Coverage Check (unified)	Detect phase	2026-06-21T17:03:39.0292201Z env:
D4 Spec Coverage Check (unified)	Detect phase	2026-06-21T17:03:39.0292464Z   pythonLocation: /opt/hostedtoolcache/Python/3.11.15/x64
D4 Spec Coverage Check (unified)	Detect phase	2026-06-21T17:03:39.0292916Z   PKG_CONFIG_PATH: /opt/hostedtoolcache/Python/3.11.15/x64/lib/pkgconfig
D4 Spec Coverage Check (unified)	Detect phase	2026-06-21T17:03:39.0293354Z   Python_ROOT_DIR: /opt/hostedtoolcache/Python/3.11.15/x64
D4 Spec Coverage Check (unified)	Detect phase	2026-06-21T17:03:39.0293731Z   Python2_ROOT_DIR: /opt/hostedtoolcache/Python/3.11.15/x64
D4 Spec Coverage Check (unified)	Detect phase	2026-06-21T17:03:39.0294153Z   Python3_ROOT_DIR: /opt/hostedtoolcache/Python/3.11.15/x64
D4 Spec Coverage Check (unified)	Detect phase	2026-06-21T17:03:39.0294531Z   LD_LIBRARY_PATH: /opt/hostedtoolcache/Python/3.11.15/x64/lib
D4 Spec Coverage Check (unified)	Detect phase	2026-06-21T17:03:39.0294852Z ##[endgroup]
D4 Spec Coverage Check (unified)	D4 spec-coverage-check (unified v2.6)	﻿2026-06-21T17:03:39.0619191Z ##[group]Run # Threshold per phase: P3=60%, P4-P5=80%, P6+=90% (unified v2.6)
D4 Spec Coverage Check (unified)	D4 spec-coverage-check (unified v2.6)	2026-06-21T17:03:39.0619777Z ^[[36;1m# Threshold per phase: P3=60%, P4-P5=80%, P6+=90% (unified v2.6)^[[0m
D4 Spec Coverage Check (unified)	D4 spec-coverage-check (unified v2.6)	2026-06-21T17:03:39.0620462Z ^[[36;1mpython3 - <<'EOF'^[[0m
D4 Spec Coverage Check (unified)	D4 spec-coverage-check (unified v2.6)	2026-06-21T17:03:39.0620760Z ^[[36;1mimport os, sys, subprocess^[[0m
D4 Spec Coverage Check (unified)	D4 spec-coverage-check (unified v2.6)	2026-06-21T17:03:39.0621083Z ^[[36;1mphase = int(os.environ.get("PHASE", "0"))^[[0m
D4 Spec Coverage Check (unified)	D4 spec-coverage-check (unified v2.6)	2026-06-21T17:03:39.0621476Z ^[[36;1mthresholds = {3: 60.0, 4: 80.0, 5: 80.0, 6: 90.0, 7: 90.0, 8: 90.0}^[[0m
D4 Spec Coverage Check (unified)	D4 spec-coverage-check (unified v2.6)	2026-06-21T17:03:39.0621884Z ^[[36;1mthreshold = thresholds.get(phase, 60.0)^[[0m
D4 Spec Coverage Check (unified)	D4 spec-coverage-check (unified v2.6)	2026-06-21T17:03:39.0622186Z ^[[36;1mif phase < 3:^[[0m
D4 Spec Coverage Check (unified)	D4 spec-coverage-check (unified v2.6)	2026-06-21T17:03:39.0622565Z ^[[36;1m    print(f"INFO: Phase {phase} < 3 — spec-coverage-check not required.")^[[0m
D4 Spec Coverage Check (unified)	D4 spec-coverage-check (unified v2.6)	2026-06-21T17:03:39.0622957Z ^[[36;1m    sys.exit(0)^[[0m
D4 Spec Coverage Check (unified)	D4 spec-coverage-check (unified v2.6)	2026-06-21T17:03:39.0623207Z ^[[36;1mresult = subprocess.run(^[[0m
D4 Spec Coverage Check (unified)	D4 spec-coverage-check (unified v2.6)	2026-06-21T17:03:39.0623549Z ^[[36;1m    ["python", "harness/harness_cli.py", "spec-coverage-check",^[[0m
D4 Spec Coverage Check (unified)	D4 spec-coverage-check (unified v2.6)	2026-06-21T17:03:39.0623967Z ^[[36;1m     "--project", ".", "--threshold", str(threshold)],^[[0m
D4 Spec Coverage Check (unified)	D4 spec-coverage-check (unified v2.6)	2026-06-21T17:03:39.0624354Z ^[[36;1m    capture_output=True, text=True^[[0m
D4 Spec Coverage Check (unified)	D4 spec-coverage-check (unified v2.6)	2026-06-21T17:03:39.0624622Z ^[[36;1m)^[[0m
D4 Spec Coverage Check (unified)	D4 spec-coverage-check (unified v2.6)	2026-06-21T17:03:39.0624817Z ^[[36;1mprint(result.stdout)^[[0m
D4 Spec Coverage Check (unified)	D4 spec-coverage-check (unified v2.6)	2026-06-21T17:03:39.0625067Z ^[[36;1mif result.returncode != 0:^[[0m
D4 Spec Coverage Check (unified)	D4 spec-coverage-check (unified v2.6)	2026-06-21T17:03:39.0625437Z ^[[36;1m    print(f"FAIL: D4 spec-coverage < {threshold:.0f}% for phase {phase}.")^[[0m
D4 Spec Coverage Check (unified)	D4 spec-coverage-check (unified v2.6)	2026-06-21T17:03:39.0625824Z ^[[36;1m    sys.exit(1)^[[0m
D4 Spec Coverage Check (unified)	D4 spec-coverage-check (unified v2.6)	2026-06-21T17:03:39.0626293Z ^[[36;1mprint(f"OK: D4 spec-coverage >= {threshold:.0f}%")^[[0m
D4 Spec Coverage Check (unified)	D4 spec-coverage-check (unified v2.6)	2026-06-21T17:03:39.0626604Z ^[[36;1mEOF^[[0m
D4 Spec Coverage Check (unified)	D4 spec-coverage-check (unified v2.6)	2026-06-21T17:03:39.0659893Z shell: /usr/bin/bash -e {0}
D4 Spec Coverage Check (unified)	D4 spec-coverage-check (unified v2.6)	2026-06-21T17:03:39.0660401Z env:
D4 Spec Coverage Check (unified)	D4 spec-coverage-check (unified v2.6)	2026-06-21T17:03:39.0677717Z   pythonLocation: /opt/hostedtoolcache/Python/3.11.15/x64
D4 Spec Coverage Check (unified)	D4 spec-coverage-check (unified v2.6)	2026-06-21T17:03:39.0678228Z   PKG_CONFIG_PATH: /opt/hostedtoolcache/Python/3.11.15/x64/lib/pkgconfig
D4 Spec Coverage Check (unified)	D4 spec-coverage-check (unified v2.6)	2026-06-21T17:03:39.0678669Z   Python_ROOT_DIR: /opt/hostedtoolcache/Python/3.11.15/x64
D4 Spec Coverage Check (unified)	D4 spec-coverage-check (unified v2.6)	2026-06-21T17:03:39.0679057Z   Python2_ROOT_DIR: /opt/hostedtoolcache/Python/3.11.15/x64
D4 Spec Coverage Check (unified)	D4 spec-coverage-check (unified v2.6)	2026-06-21T17:03:39.0679455Z   Python3_ROOT_DIR: /opt/hostedtoolcache/Python/3.11.15/x64
D4 Spec Coverage Check (unified)	D4 spec-coverage-check (unified v2.6)	2026-06-21T17:03:39.0679847Z   LD_LIBRARY_PATH: /opt/hostedtoolcache/Python/3.11.15/x64/lib
D4 Spec Coverage Check (unified)	D4 spec-coverage-check (unified v2.6)	2026-06-21T17:03:39.0680490Z   PHASE: 3
D4 Spec Coverage Check (unified)	D4 spec-coverage-check (unified v2.6)	2026-06-21T17:03:39.0680703Z ##[endgroup]
D4 Spec Coverage Check (unified)	D4 spec-coverage-check (unified v2.6)	2026-06-21T17:03:39.3614530Z [spec-coverage] 430/442 (97.3%)
D4 Spec Coverage Check (unified)	D4 spec-coverage-check (unified v2.6)	2026-06-21T17:03:39.3614894Z   Missing (12):
D4 Spec Coverage Check (unified)	D4 spec-coverage-check (unified v2.6)	2026-06-21T17:03:39.3615474Z     - test_fr91_180d_messages_archived  (type=retention_days="180"; target="conversations"; expected_format="Parquet/S3", deriv=happy_path)
D4 Spec Coverage Check (unified)	D4 spec-coverage-check (unified v2.6)	2026-06-21T17:03:39.3616350Z     - test_fr91_2yr_archive_deleted  (type=archive_age_years="2"; expected_action="delete", deriv=happy_path)
D4 Spec Coverage Check (unified)	D4 spec-coverage-check (unified v2.6)	2026-06-21T17:03:39.3617168Z     - test_fr91_pii_audit_90d_anonymized  (type=retention_days="90"; table="pii_audit_log"; expected_action="anonymize", deriv=happy_path)
D4 Spec Coverage Check (unified)	D4 spec-coverage-check (unified v2.6)	2026-06-21T17:03:39.3618014Z     - test_fr91_emotion_90d_deleted  (type=retention_days="90"; table="emotion_history"; expected_action="delete", deriv=happy_path)
D4 Spec Coverage Check (unified)	D4 spec-coverage-check (unified v2.6)	2026-06-21T17:03:39.3618764Z     - test_fr107_unit_coverage_70pct  (type=target="unit"; expected_coverage="70%", deriv=validation)
D4 Spec Coverage Check (unified)	D4 spec-coverage-check (unified v2.6)	2026-06-21T17:03:39.3619456Z     - test_fr107_integration_coverage_20pct  (type=target="integration"; expected_coverage="20%", deriv=validation)
D4 Spec Coverage Check (unified)	D4 spec-coverage-check (unified v2.6)	2026-06-21T17:03:39.3620464Z     - test_fr107_e2e_faq_exact_match  (type=query="FAQ question"; expected_source="rule", deriv=integration)
D4 Spec Coverage Check (unified)	D4 spec-coverage-check (unified v2.6)	2026-06-21T17:03:39.3621261Z     - test_fr107_e2e_semantic_search  (type=query="similar concept"; expected_source="rag", deriv=integration)
D4 Spec Coverage Check (unified)	D4 spec-coverage-check (unified v2.6)	2026-06-21T17:03:39.3621972Z     - test_fr107_e2e_multi_turn_dst  (type=turns="3"; intent="return_request"; slots="order_id,reason", deriv=integration)
D4 Spec Coverage Check (unified)	D4 spec-coverage-check (unified v2.6)	2026-06-21T17:03:39.3622729Z     - test_fr107_e2e_emotion_escalation  (type=consecutive_negative="3"; expected_action="escalate", deriv=integration)
D4 Spec Coverage Check (unified)	D4 spec-coverage-check (unified v2.6)	2026-06-21T17:03:39.3623536Z     - test_fr107_e2e_prompt_injection_blocked  (type=text="ignore previous instructions"; expected_blocked="true", deriv=integration)
D4 Spec Coverage Check (unified)	D4 spec-coverage-check (unified v2.6)	2026-06-21T17:03:39.3624804Z     - test_fr107_e2e_fallback_escalation  (type=tier1="miss"; tier2="miss"; tier3="miss"; expected_action="escalate", deriv=integration)
D4 Spec Coverage Check (unified)	D4 spec-coverage-check (unified v2.6)	2026-06-21T17:03:39.3625270Z 
D4 Spec Coverage Check (unified)	D4 spec-coverage-check (unified v2.6)	2026-06-21T17:03:39.3625376Z OK: D4 spec-coverage >= 60%
D4 Spec Coverage Check (unified)	Post Run actions/setup-python@v5	﻿2026-06-21T17:03:39.3759746Z Node 20 is being deprecated. This workflow is running with Node 24 by default. If you need to temporarily use Node 20, you can set the ACTIONS_ALLOW_USE_UNSECURE_NODE_VERSION=true environment variable. For more information see: https://github.blog/changelog/2025-09-19-deprecation-of-node-20-on-github-actions-runners/
D4 Spec Coverage Check (unified)	Post Run actions/setup-python@v5	2026-06-21T17:03:39.3761379Z Post job cleanup.
D4 Spec Coverage Check (unified)	Post Run actions/setup-python@v5	2026-06-21T17:03:39.4997870Z (node:2624) [DEP0040] DeprecationWarning: The `punycode` module is deprecated. Please use a userland alternative instead.
D4 Spec Coverage Check (unified)	Post Run actions/setup-python@v5	2026-06-21T17:03:39.4999223Z (Use `node --trace-deprecation ...` to show where the warning was created)
D4 Spec Coverage Check (unified)	Post Run actions/checkout@v4	﻿2026-06-21T17:03:39.5181286Z Node 20 is being deprecated. This workflow is running with Node 24 by default. If you need to temporarily use Node 20, you can set the ACTIONS_ALLOW_USE_UNSECURE_NODE_VERSION=true environment variable. For more information see: https://github.blog/changelog/2025-09-19-deprecation-of-node-20-on-github-actions-runners/
D4 Spec Coverage Check (unified)	Post Run actions/checkout@v4	2026-06-21T17:03:39.5182560Z Post job cleanup.
D4 Spec Coverage Check (unified)	Post Run actions/checkout@v4	2026-06-21T17:03:39.6012873Z [command]/usr/bin/git version
D4 Spec Coverage Check (unified)	Post Run actions/checkout@v4	2026-06-21T17:03:39.6050549Z git version 2.54.0
D4 Spec Coverage Check (unified)	Post Run actions/checkout@v4	2026-06-21T17:03:39.6088599Z Temporarily overriding HOME='/home/runner/work/_temp/4dc1cdfb-ec48-41db-a846-e6a1bb1148fc' before making global git config changes
D4 Spec Coverage Check (unified)	Post Run actions/checkout@v4	2026-06-21T17:03:39.6090411Z Adding repository directory to the temporary git global config as a safe directory
D4 Spec Coverage Check (unified)	Post Run actions/checkout@v4	2026-06-21T17:03:39.6094859Z [command]/usr/bin/git config --global --add safe.directory /home/runner/work/omnibot/omnibot
D4 Spec Coverage Check (unified)	Post Run actions/checkout@v4	2026-06-21T17:03:39.6132801Z [command]/usr/bin/git config --local --name-only --get-regexp core\.sshCommand
D4 Spec Coverage Check (unified)	Post Run actions/checkout@v4	2026-06-21T17:03:39.6166104Z [command]/usr/bin/git submodule foreach --recursive sh -c "git config --local --name-only --get-regexp 'core\.sshCommand' && git config --local --unset-all 'core.sshCommand' || :"
D4 Spec Coverage Check (unified)	Post Run actions/checkout@v4	2026-06-21T17:03:39.6379737Z Entering 'harness'
D4 Spec Coverage Check (unified)	Post Run actions/checkout@v4	2026-06-21T17:03:39.6440086Z [command]/usr/bin/git config --local --name-only --get-regexp http\.https\:\/\/github\.com\/\.extraheader
D4 Spec Coverage Check (unified)	Post Run actions/checkout@v4	2026-06-21T17:03:39.6465751Z http.https://github.com/.extraheader
D4 Spec Coverage Check (unified)	Post Run actions/checkout@v4	2026-06-21T17:03:39.6476335Z [command]/usr/bin/git config --local --unset-all http.https://github.com/.extraheader
D4 Spec Coverage Check (unified)	Post Run actions/checkout@v4	2026-06-21T17:03:39.6508929Z [command]/usr/bin/git submodule foreach --recursive sh -c "git config --local --name-only --get-regexp 'http\.https\:\/\/github\.com\/\.extraheader' && git config --local --unset-all 'http.https://github.com/.extraheader' || :"
D4 Spec Coverage Check (unified)	Post Run actions/checkout@v4	2026-06-21T17:03:39.6751386Z Entering 'harness'
D4 Spec Coverage Check (unified)	Post Run actions/checkout@v4	2026-06-21T17:03:39.6775060Z http.https://github.com/.extraheader
D4 Spec Coverage Check (unified)	Post Run actions/checkout@v4	2026-06-21T17:03:39.6825023Z [command]/usr/bin/git config --local --name-only --get-regexp ^includeIf\.gitdir:
D4 Spec Coverage Check (unified)	Post Run actions/checkout@v4	2026-06-21T17:03:39.6856667Z [command]/usr/bin/git submodule foreach --recursive git config --local --show-origin --name-only --get-regexp remote.origin.url
D4 Spec Coverage Check (unified)	Post Run actions/checkout@v4	2026-06-21T17:03:39.7066695Z Entering 'harness'
D4 Spec Coverage Check (unified)	Post Run actions/checkout@v4	2026-06-21T17:03:39.7084345Z file:/home/runner/work/omnibot/omnibot/.git/modules/harness/config	remote.origin.url
D4 Spec Coverage Check (unified)	Post Run actions/checkout@v4	2026-06-21T17:03:39.7120742Z [command]/usr/bin/git config --file /home/runner/work/omnibot/omnibot/.git/modules/harness/config --name-only --get-regexp ^includeIf\.gitdir:
D4 Spec Coverage Check (unified)	Complete job	﻿2026-06-21T17:03:39.7323874Z Cleaning up orphan processes
D4 Spec Coverage Check (unified)	Complete job	2026-06-21T17:03:39.7623216Z ##[warning]Node.js 20 is deprecated. The following actions target Node.js 20 but are being forced to run on Node.js 24: actions/checkout@v4, actions/setup-python@v5. For more information see: https://github.blog/changelog/2025-09-19-deprecation-of-node-20-on-github-actions-runners/
Phase End Audit — No CRITICAL Gaps	Set up job	﻿2026-06-21T17:03:15.6014030Z Current runner version: '2.335.1'
Phase End Audit — No CRITICAL Gaps	Set up job	2026-06-21T17:03:15.6040902Z ##[group]Runner Image Provisioner
Phase End Audit — No CRITICAL Gaps	Set up job	2026-06-21T17:03:15.6041754Z Hosted Compute Agent
Phase End Audit — No CRITICAL Gaps	Set up job	2026-06-21T17:03:15.6042422Z Version: 20260611.554
Phase End Audit — No CRITICAL Gaps	Set up job	2026-06-21T17:03:15.6043092Z Commit: 5e0782fdc9014723d3be820dd114dd31555c2bd1
Phase End Audit — No CRITICAL Gaps	Set up job	2026-06-21T17:03:15.6043850Z Build Date: 2026-06-11T21:40:46Z
Phase End Audit — No CRITICAL Gaps	Set up job	2026-06-21T17:03:15.6044625Z Worker ID: {05de1e2e-dd31-4c97-8dc6-0d5c11db17c9}
Phase End Audit — No CRITICAL Gaps	Set up job	2026-06-21T17:03:15.6045330Z Azure Region: eastus
Phase End Audit — No CRITICAL Gaps	Set up job	2026-06-21T17:03:15.6045933Z ##[endgroup]
Phase End Audit — No CRITICAL Gaps	Set up job	2026-06-21T17:03:15.6047408Z ##[group]Operating System
Phase End Audit — No CRITICAL Gaps	Set up job	2026-06-21T17:03:15.6048083Z Ubuntu
Phase End Audit — No CRITICAL Gaps	Set up job	2026-06-21T17:03:15.6048702Z 24.04.4
Phase End Audit — No CRITICAL Gaps	Set up job	2026-06-21T17:03:15.6049427Z LTS
Phase End Audit — No CRITICAL Gaps	Set up job	2026-06-21T17:03:15.6050005Z ##[endgroup]
Phase End Audit — No CRITICAL Gaps	Set up job	2026-06-21T17:03:15.6050585Z ##[group]Runner Image
Phase End Audit — No CRITICAL Gaps	Set up job	2026-06-21T17:03:15.6051213Z Image: ubuntu-24.04
Phase End Audit — No CRITICAL Gaps	Set up job	2026-06-21T17:03:15.6051821Z Version: 20260615.205.1
Phase End Audit — No CRITICAL Gaps	Set up job	2026-06-21T17:03:15.6052894Z Included Software: https://github.com/actions/runner-images/blob/ubuntu24/20260615.205/images/ubuntu/Ubuntu2404-Readme.md
Phase End Audit — No CRITICAL Gaps	Set up job	2026-06-21T17:03:15.6054666Z Image Release: https://github.com/actions/runner-images/releases/tag/ubuntu24%2F20260615.205
Phase End Audit — No CRITICAL Gaps	Set up job	2026-06-21T17:03:15.6055655Z ##[endgroup]
Phase End Audit — No CRITICAL Gaps	Set up job	2026-06-21T17:03:15.6057298Z ##[group]GITHUB_TOKEN Permissions
Phase End Audit — No CRITICAL Gaps	Set up job	2026-06-21T17:03:15.6059626Z Contents: read
Phase End Audit — No CRITICAL Gaps	Set up job	2026-06-21T17:03:15.6060368Z Metadata: read
Phase End Audit — No CRITICAL Gaps	Set up job	2026-06-21T17:03:15.6060984Z Packages: read
Phase End Audit — No CRITICAL Gaps	Set up job	2026-06-21T17:03:15.6061582Z ##[endgroup]
Phase End Audit — No CRITICAL Gaps	Set up job	2026-06-21T17:03:15.6063744Z Secret source: Actions
Phase End Audit — No CRITICAL Gaps	Set up job	2026-06-21T17:03:15.6064795Z Prepare workflow directory
Phase End Audit — No CRITICAL Gaps	Set up job	2026-06-21T17:03:15.6670587Z Prepare all required actions
Phase End Audit — No CRITICAL Gaps	Set up job	2026-06-21T17:03:15.6726269Z Getting action download info
Phase End Audit — No CRITICAL Gaps	Set up job	2026-06-21T17:03:15.8452002Z Download action repository 'actions/checkout@v4' (SHA:34e114876b0b11c390a56381ad16ebd13914f8d5)
Phase End Audit — No CRITICAL Gaps	Set up job	2026-06-21T17:03:16.0157402Z Complete job name: Phase End Audit — No CRITICAL Gaps
Phase End Audit — No CRITICAL Gaps	Run actions/checkout@v4	﻿2026-06-21T17:03:16.1023411Z Node 20 is being deprecated. This workflow is running with Node 24 by default. If you need to temporarily use Node 20, you can set the ACTIONS_ALLOW_USE_UNSECURE_NODE_VERSION=true environment variable. For more information see: https://github.blog/changelog/2025-09-19-deprecation-of-node-20-on-github-actions-runners/
Phase End Audit — No CRITICAL Gaps	Run actions/checkout@v4	2026-06-21T17:03:16.1032709Z ##[group]Run actions/checkout@v4
Phase End Audit — No CRITICAL Gaps	Run actions/checkout@v4	2026-06-21T17:03:16.1033485Z with:
Phase End Audit — No CRITICAL Gaps	Run actions/checkout@v4	2026-06-21T17:03:16.1033966Z   repository: johnnylugm-tech/omnibot
Phase End Audit — No CRITICAL Gaps	Run actions/checkout@v4	2026-06-21T17:03:16.1038433Z   token: ***
Phase End Audit — No CRITICAL Gaps	Run actions/checkout@v4	2026-06-21T17:03:16.1038872Z   ssh-strict: true
Phase End Audit — No CRITICAL Gaps	Run actions/checkout@v4	2026-06-21T17:03:16.1039574Z   ssh-user: git
Phase End Audit — No CRITICAL Gaps	Run actions/checkout@v4	2026-06-21T17:03:16.1040041Z   persist-credentials: true
Phase End Audit — No CRITICAL Gaps	Run actions/checkout@v4	2026-06-21T17:03:16.1040539Z   clean: true
Phase End Audit — No CRITICAL Gaps	Run actions/checkout@v4	2026-06-21T17:03:16.1040991Z   sparse-checkout-cone-mode: true
Phase End Audit — No CRITICAL Gaps	Run actions/checkout@v4	2026-06-21T17:03:16.1041523Z   fetch-depth: 1
Phase End Audit — No CRITICAL Gaps	Run actions/checkout@v4	2026-06-21T17:03:16.1041965Z   fetch-tags: false
Phase End Audit — No CRITICAL Gaps	Run actions/checkout@v4	2026-06-21T17:03:16.1042413Z   show-progress: true
Phase End Audit — No CRITICAL Gaps	Run actions/checkout@v4	2026-06-21T17:03:16.1042878Z   lfs: false
Phase End Audit — No CRITICAL Gaps	Run actions/checkout@v4	2026-06-21T17:03:16.1043299Z   submodules: false
Phase End Audit — No CRITICAL Gaps	Run actions/checkout@v4	2026-06-21T17:03:16.1043840Z   set-safe-directory: true
Phase End Audit — No CRITICAL Gaps	Run actions/checkout@v4	2026-06-21T17:03:16.1044598Z ##[endgroup]
Phase End Audit — No CRITICAL Gaps	Run actions/checkout@v4	2026-06-21T17:03:16.2032189Z Syncing repository: johnnylugm-tech/omnibot
Phase End Audit — No CRITICAL Gaps	Run actions/checkout@v4	2026-06-21T17:03:16.2034198Z ##[group]Getting Git version info
Phase End Audit — No CRITICAL Gaps	Run actions/checkout@v4	2026-06-21T17:03:16.2034947Z Working directory is '/home/runner/work/omnibot/omnibot'
Phase End Audit — No CRITICAL Gaps	Run actions/checkout@v4	2026-06-21T17:03:16.2036029Z [command]/usr/bin/git version
Phase End Audit — No CRITICAL Gaps	Run actions/checkout@v4	2026-06-21T17:03:16.2093294Z git version 2.54.0
Phase End Audit — No CRITICAL Gaps	Run actions/checkout@v4	2026-06-21T17:03:16.2115946Z ##[endgroup]
Phase End Audit — No CRITICAL Gaps	Run actions/checkout@v4	2026-06-21T17:03:16.2133375Z Temporarily overriding HOME='/home/runner/work/_temp/694c9e18-a392-49a4-a619-3c891d1a1b8d' before making global git config changes
Phase End Audit — No CRITICAL Gaps	Run actions/checkout@v4	2026-06-21T17:03:16.2135819Z Adding repository directory to the temporary git global config as a safe directory
Phase End Audit — No CRITICAL Gaps	Run actions/checkout@v4	2026-06-21T17:03:16.2140591Z [command]/usr/bin/git config --global --add safe.directory /home/runner/work/omnibot/omnibot
Phase End Audit — No CRITICAL Gaps	Run actions/checkout@v4	2026-06-21T17:03:16.2189798Z Deleting the contents of '/home/runner/work/omnibot/omnibot'
Phase End Audit — No CRITICAL Gaps	Run actions/checkout@v4	2026-06-21T17:03:16.2194283Z ##[group]Initializing the repository
Phase End Audit — No CRITICAL Gaps	Run actions/checkout@v4	2026-06-21T17:03:16.2199083Z [command]/usr/bin/git init /home/runner/work/omnibot/omnibot
Phase End Audit — No CRITICAL Gaps	Run actions/checkout@v4	2026-06-21T17:03:16.2429376Z hint: Using 'master' as the name for the initial branch. This default branch name
Phase End Audit — No CRITICAL Gaps	Run actions/checkout@v4	2026-06-21T17:03:16.2431343Z hint: will change to "main" in Git 3.0. To configure the initial branch name
Phase End Audit — No CRITICAL Gaps	Run actions/checkout@v4	2026-06-21T17:03:16.2432855Z hint: to use in all of your new repositories, which will suppress this warning,
Phase End Audit — No CRITICAL Gaps	Run actions/checkout@v4	2026-06-21T17:03:16.2434134Z hint: call:
Phase End Audit — No CRITICAL Gaps	Run actions/checkout@v4	2026-06-21T17:03:16.2435250Z hint:
Phase End Audit — No CRITICAL Gaps	Run actions/checkout@v4	2026-06-21T17:03:16.2436335Z hint: 	git config --global init.defaultBranch <name>
Phase End Audit — No CRITICAL Gaps	Run actions/checkout@v4	2026-06-21T17:03:16.2437814Z hint:
Phase End Audit — No CRITICAL Gaps	Run actions/checkout@v4	2026-06-21T17:03:16.2439219Z hint: Names commonly chosen instead of 'master' are 'main', 'trunk' and
Phase End Audit — No CRITICAL Gaps	Run actions/checkout@v4	2026-06-21T17:03:16.2440730Z hint: 'development'. The just-created branch can be renamed via this command:
Phase End Audit — No CRITICAL Gaps	Run actions/checkout@v4	2026-06-21T17:03:16.2441806Z hint:
Phase End Audit — No CRITICAL Gaps	Run actions/checkout@v4	2026-06-21T17:03:16.2442676Z hint: 	git branch -m <name>
Phase End Audit — No CRITICAL Gaps	Run actions/checkout@v4	2026-06-21T17:03:16.2443584Z hint:
Phase End Audit — No CRITICAL Gaps	Run actions/checkout@v4	2026-06-21T17:03:16.2444419Z hint: Disable this message with "git config set advice.defaultBranchName false"
Phase End Audit — No CRITICAL Gaps	Run actions/checkout@v4	2026-06-21T17:03:16.2445850Z Initialized empty Git repository in /home/runner/work/omnibot/omnibot/.git/
Phase End Audit — No CRITICAL Gaps	Run actions/checkout@v4	2026-06-21T17:03:16.2447682Z [command]/usr/bin/git remote add origin https://github.com/johnnylugm-tech/omnibot
Phase End Audit — No CRITICAL Gaps	Run actions/checkout@v4	2026-06-21T17:03:16.2488889Z ##[endgroup]
Phase End Audit — No CRITICAL Gaps	Run actions/checkout@v4	2026-06-21T17:03:16.2490379Z ##[group]Disabling automatic garbage collection
Phase End Audit — No CRITICAL Gaps	Run actions/checkout@v4	2026-06-21T17:03:16.2492335Z [command]/usr/bin/git config --local gc.auto 0
Phase End Audit — No CRITICAL Gaps	Run actions/checkout@v4	2026-06-21T17:03:16.2521120Z ##[endgroup]
Phase End Audit — No CRITICAL Gaps	Run actions/checkout@v4	2026-06-21T17:03:16.2522298Z ##[group]Setting up auth
Phase End Audit — No CRITICAL Gaps	Run actions/checkout@v4	2026-06-21T17:03:16.2527481Z [command]/usr/bin/git config --local --name-only --get-regexp core\.sshCommand
Phase End Audit — No CRITICAL Gaps	Run actions/checkout@v4	2026-06-21T17:03:16.2560274Z [command]/usr/bin/git submodule foreach --recursive sh -c "git config --local --name-only --get-regexp 'core\.sshCommand' && git config --local --unset-all 'core.sshCommand' || :"
Phase End Audit — No CRITICAL Gaps	Run actions/checkout@v4	2026-06-21T17:03:16.2921983Z [command]/usr/bin/git config --local --name-only --get-regexp http\.https\:\/\/github\.com\/\.extraheader
Phase End Audit — No CRITICAL Gaps	Run actions/checkout@v4	2026-06-21T17:03:16.2954608Z [command]/usr/bin/git submodule foreach --recursive sh -c "git config --local --name-only --get-regexp 'http\.https\:\/\/github\.com\/\.extraheader' && git config --local --unset-all 'http.https://github.com/.extraheader' || :"
Phase End Audit — No CRITICAL Gaps	Run actions/checkout@v4	2026-06-21T17:03:16.3178447Z [command]/usr/bin/git config --local --name-only --get-regexp ^includeIf\.gitdir:
Phase End Audit — No CRITICAL Gaps	Run actions/checkout@v4	2026-06-21T17:03:16.3211138Z [command]/usr/bin/git submodule foreach --recursive git config --local --show-origin --name-only --get-regexp remote.origin.url
Phase End Audit — No CRITICAL Gaps	Run actions/checkout@v4	2026-06-21T17:03:16.3424900Z [command]/usr/bin/git config --local http.https://github.com/.extraheader AUTHORIZATION: basic ***
Phase End Audit — No CRITICAL Gaps	Run actions/checkout@v4	2026-06-21T17:03:16.3458799Z ##[endgroup]
Phase End Audit — No CRITICAL Gaps	Run actions/checkout@v4	2026-06-21T17:03:16.3459990Z ##[group]Fetching the repository
Phase End Audit — No CRITICAL Gaps	Run actions/checkout@v4	2026-06-21T17:03:16.3467647Z [command]/usr/bin/git -c protocol.version=2 fetch --no-tags --prune --no-recurse-submodules --depth=1 origin +b4a42eeb727aaa535039bd86a9731a15588be212:refs/remotes/origin/main
Phase End Audit — No CRITICAL Gaps	Run actions/checkout@v4	2026-06-21T17:03:17.0044198Z From https://github.com/johnnylugm-tech/omnibot
Phase End Audit — No CRITICAL Gaps	Run actions/checkout@v4	2026-06-21T17:03:17.0047335Z  * [new ref]         b4a42eeb727aaa535039bd86a9731a15588be212 -> origin/main
Phase End Audit — No CRITICAL Gaps	Run actions/checkout@v4	2026-06-21T17:03:17.0088366Z ##[endgroup]
Phase End Audit — No CRITICAL Gaps	Run actions/checkout@v4	2026-06-21T17:03:17.0090654Z ##[group]Determining the checkout info
Phase End Audit — No CRITICAL Gaps	Run actions/checkout@v4	2026-06-21T17:03:17.0092410Z ##[endgroup]
Phase End Audit — No CRITICAL Gaps	Run actions/checkout@v4	2026-06-21T17:03:17.0094417Z [command]/usr/bin/git sparse-checkout disable
Phase End Audit — No CRITICAL Gaps	Run actions/checkout@v4	2026-06-21T17:03:17.0145342Z [command]/usr/bin/git config --local --unset-all extensions.worktreeConfig
Phase End Audit — No CRITICAL Gaps	Run actions/checkout@v4	2026-06-21T17:03:17.0176102Z ##[group]Checking out the ref
Phase End Audit — No CRITICAL Gaps	Run actions/checkout@v4	2026-06-21T17:03:17.0178361Z [command]/usr/bin/git checkout --progress --force -B main refs/remotes/origin/main
Phase End Audit — No CRITICAL Gaps	Run actions/checkout@v4	2026-06-21T17:03:17.3750382Z Switched to a new branch 'main'
Phase End Audit — No CRITICAL Gaps	Run actions/checkout@v4	2026-06-21T17:03:17.3751709Z branch 'main' set up to track 'origin/main'.
Phase End Audit — No CRITICAL Gaps	Run actions/checkout@v4	2026-06-21T17:03:17.3765089Z ##[endgroup]
Phase End Audit — No CRITICAL Gaps	Run actions/checkout@v4	2026-06-21T17:03:17.3816699Z [command]/usr/bin/git log -1 --format=%H
Phase End Audit — No CRITICAL Gaps	Run actions/checkout@v4	2026-06-21T17:03:17.3839742Z b4a42eeb727aaa535039bd86a9731a15588be212
Phase End Audit — No CRITICAL Gaps	Detect phase	﻿2026-06-21T17:03:17.4054264Z ##[group]Run PHASE=$(python3 -c "
Phase End Audit — No CRITICAL Gaps	Detect phase	2026-06-21T17:03:17.4054801Z ^[[36;1mPHASE=$(python3 -c "^[[0m
Phase End Audit — No CRITICAL Gaps	Detect phase	2026-06-21T17:03:17.4055133Z ^[[36;1mimport json^[[0m
Phase End Audit — No CRITICAL Gaps	Detect phase	2026-06-21T17:03:17.4055394Z ^[[36;1mtry:^[[0m
Phase End Audit — No CRITICAL Gaps	Detect phase	2026-06-21T17:03:17.4055731Z ^[[36;1m    d = json.load(open('.methodology/state.json'))^[[0m
Phase End Audit — No CRITICAL Gaps	Detect phase	2026-06-21T17:03:17.4056369Z ^[[36;1m    print(int(d.get('current_phase', 0)))^[[0m
Phase End Audit — No CRITICAL Gaps	Detect phase	2026-06-21T17:03:17.4056736Z ^[[36;1mexcept Exception:^[[0m
Phase End Audit — No CRITICAL Gaps	Detect phase	2026-06-21T17:03:17.4057020Z ^[[36;1m    print(0)^[[0m
Phase End Audit — No CRITICAL Gaps	Detect phase	2026-06-21T17:03:17.4057297Z ^[[36;1m" 2>/dev/null || echo "0")^[[0m
Phase End Audit — No CRITICAL Gaps	Detect phase	2026-06-21T17:03:17.4057636Z ^[[36;1mecho "PHASE=$PHASE" >> $GITHUB_OUTPUT^[[0m
Phase End Audit — No CRITICAL Gaps	Detect phase	2026-06-21T17:03:17.4247281Z shell: /usr/bin/bash -e {0}
Phase End Audit — No CRITICAL Gaps	Detect phase	2026-06-21T17:03:17.4247754Z ##[endgroup]
Phase End Audit — No CRITICAL Gaps	Post Run actions/checkout@v4	﻿2026-06-21T17:03:17.4741117Z Node 20 is being deprecated. This workflow is running with Node 24 by default. If you need to temporarily use Node 20, you can set the ACTIONS_ALLOW_USE_UNSECURE_NODE_VERSION=true environment variable. For more information see: https://github.blog/changelog/2025-09-19-deprecation-of-node-20-on-github-actions-runners/
Phase End Audit — No CRITICAL Gaps	Post Run actions/checkout@v4	2026-06-21T17:03:17.4742873Z Post job cleanup.
Phase End Audit — No CRITICAL Gaps	Post Run actions/checkout@v4	2026-06-21T17:03:17.5568722Z [command]/usr/bin/git version
Phase End Audit — No CRITICAL Gaps	Post Run actions/checkout@v4	2026-06-21T17:03:17.5605417Z git version 2.54.0
Phase End Audit — No CRITICAL Gaps	Post Run actions/checkout@v4	2026-06-21T17:03:17.5644133Z Temporarily overriding HOME='/home/runner/work/_temp/1d9969d9-b85c-4e80-8fc8-c9f16006177c' before making global git config changes
Phase End Audit — No CRITICAL Gaps	Post Run actions/checkout@v4	2026-06-21T17:03:17.5659381Z Adding repository directory to the temporary git global config as a safe directory
Phase End Audit — No CRITICAL Gaps	Post Run actions/checkout@v4	2026-06-21T17:03:17.5660274Z [command]/usr/bin/git config --global --add safe.directory /home/runner/work/omnibot/omnibot
Phase End Audit — No CRITICAL Gaps	Post Run actions/checkout@v4	2026-06-21T17:03:17.5690604Z [command]/usr/bin/git config --local --name-only --get-regexp core\.sshCommand
Phase End Audit — No CRITICAL Gaps	Post Run actions/checkout@v4	2026-06-21T17:03:17.5723592Z [command]/usr/bin/git submodule foreach --recursive sh -c "git config --local --name-only --get-regexp 'core\.sshCommand' && git config --local --unset-all 'core.sshCommand' || :"
Phase End Audit — No CRITICAL Gaps	Post Run actions/checkout@v4	2026-06-21T17:03:17.5948077Z [command]/usr/bin/git config --local --name-only --get-regexp http\.https\:\/\/github\.com\/\.extraheader
Phase End Audit — No CRITICAL Gaps	Post Run actions/checkout@v4	2026-06-21T17:03:17.5975098Z http.https://github.com/.extraheader
Phase End Audit — No CRITICAL Gaps	Post Run actions/checkout@v4	2026-06-21T17:03:17.5985878Z [command]/usr/bin/git config --local --unset-all http.https://github.com/.extraheader
Phase End Audit — No CRITICAL Gaps	Post Run actions/checkout@v4	2026-06-21T17:03:17.6017272Z [command]/usr/bin/git submodule foreach --recursive sh -c "git config --local --name-only --get-regexp 'http\.https\:\/\/github\.com\/\.extraheader' && git config --local --unset-all 'http.https://github.com/.extraheader' || :"
Phase End Audit — No CRITICAL Gaps	Post Run actions/checkout@v4	2026-06-21T17:03:17.6238216Z [command]/usr/bin/git config --local --name-only --get-regexp ^includeIf\.gitdir:
Phase End Audit — No CRITICAL Gaps	Post Run actions/checkout@v4	2026-06-21T17:03:17.6270064Z [command]/usr/bin/git submodule foreach --recursive git config --local --show-origin --name-only --get-regexp remote.origin.url
Phase End Audit — No CRITICAL Gaps	Complete job	﻿2026-06-21T17:03:17.6653800Z Cleaning up orphan processes
Phase End Audit — No CRITICAL Gaps	Complete job	2026-06-21T17:03:17.7225644Z ##[warning]Node.js 20 is deprecated. The following actions target Node.js 20 but are being forced to run on Node.js 24: actions/checkout@v4. For more information see: https://github.blog/changelog/2025-09-19-deprecation-of-node-20-on-github-actions-runners/
SAB.json Schema Validation	Set up job	﻿2026-06-21T17:03:16.3844930Z Current runner version: '2.335.1'
SAB.json Schema Validation	Set up job	2026-06-21T17:03:16.3870626Z ##[group]Runner Image Provisioner
SAB.json Schema Validation	Set up job	2026-06-21T17:03:16.3871694Z Hosted Compute Agent
SAB.json Schema Validation	Set up job	2026-06-21T17:03:16.3872272Z Version: 20260611.554
SAB.json Schema Validation	Set up job	2026-06-21T17:03:16.3872869Z Commit: 5e0782fdc9014723d3be820dd114dd31555c2bd1
SAB.json Schema Validation	Set up job	2026-06-21T17:03:16.3873548Z Build Date: 2026-06-11T21:40:46Z
SAB.json Schema Validation	Set up job	2026-06-21T17:03:16.3874175Z Worker ID: {f500269a-68b7-47d8-b23e-f78bb14d57d5}
SAB.json Schema Validation	Set up job	2026-06-21T17:03:16.3874826Z Azure Region: westus3
SAB.json Schema Validation	Set up job	2026-06-21T17:03:16.3875361Z ##[endgroup]
SAB.json Schema Validation	Set up job	2026-06-21T17:03:16.3876752Z ##[group]Operating System
SAB.json Schema Validation	Set up job	2026-06-21T17:03:16.3877391Z Ubuntu
SAB.json Schema Validation	Set up job	2026-06-21T17:03:16.3877881Z 24.04.4
SAB.json Schema Validation	Set up job	2026-06-21T17:03:16.3878361Z LTS
SAB.json Schema Validation	Set up job	2026-06-21T17:03:16.3879001Z ##[endgroup]
SAB.json Schema Validation	Set up job	2026-06-21T17:03:16.3879526Z ##[group]Runner Image
SAB.json Schema Validation	Set up job	2026-06-21T17:03:16.3880103Z Image: ubuntu-24.04
SAB.json Schema Validation	Set up job	2026-06-21T17:03:16.3880624Z Version: 20260615.205.1
SAB.json Schema Validation	Set up job	2026-06-21T17:03:16.3881588Z Included Software: https://github.com/actions/runner-images/blob/ubuntu24/20260615.205/images/ubuntu/Ubuntu2404-Readme.md
SAB.json Schema Validation	Set up job	2026-06-21T17:03:16.3883124Z Image Release: https://github.com/actions/runner-images/releases/tag/ubuntu24%2F20260615.205
SAB.json Schema Validation	Set up job	2026-06-21T17:03:16.3884022Z ##[endgroup]
SAB.json Schema Validation	Set up job	2026-06-21T17:03:16.3885060Z ##[group]GITHUB_TOKEN Permissions
SAB.json Schema Validation	Set up job	2026-06-21T17:03:16.3887279Z Contents: read
SAB.json Schema Validation	Set up job	2026-06-21T17:03:16.3887831Z Metadata: read
SAB.json Schema Validation	Set up job	2026-06-21T17:03:16.3888432Z Packages: read
SAB.json Schema Validation	Set up job	2026-06-21T17:03:16.3889192Z ##[endgroup]
SAB.json Schema Validation	Set up job	2026-06-21T17:03:16.3891373Z Secret source: Actions
SAB.json Schema Validation	Set up job	2026-06-21T17:03:16.3892152Z Prepare workflow directory
SAB.json Schema Validation	Set up job	2026-06-21T17:03:16.4218738Z Prepare all required actions
SAB.json Schema Validation	Set up job	2026-06-21T17:03:16.4275433Z Getting action download info
SAB.json Schema Validation	Set up job	2026-06-21T17:03:16.7615202Z Download action repository 'actions/checkout@v4' (SHA:34e114876b0b11c390a56381ad16ebd13914f8d5)
SAB.json Schema Validation	Set up job	2026-06-21T17:03:16.9082355Z Complete job name: SAB.json Schema Validation
SAB.json Schema Validation	Run actions/checkout@v4	﻿2026-06-21T17:03:16.9732012Z Node 20 is being deprecated. This workflow is running with Node 24 by default. If you need to temporarily use Node 20, you can set the ACTIONS_ALLOW_USE_UNSECURE_NODE_VERSION=true environment variable. For more information see: https://github.blog/changelog/2025-09-19-deprecation-of-node-20-on-github-actions-runners/
SAB.json Schema Validation	Run actions/checkout@v4	2026-06-21T17:03:16.9740827Z ##[group]Run actions/checkout@v4
SAB.json Schema Validation	Run actions/checkout@v4	2026-06-21T17:03:16.9741666Z with:
SAB.json Schema Validation	Run actions/checkout@v4	2026-06-21T17:03:16.9742215Z   repository: johnnylugm-tech/omnibot
SAB.json Schema Validation	Run actions/checkout@v4	2026-06-21T17:03:16.9746430Z   token: ***
SAB.json Schema Validation	Run actions/checkout@v4	2026-06-21T17:03:16.9746937Z   ssh-strict: true
SAB.json Schema Validation	Run actions/checkout@v4	2026-06-21T17:03:16.9747418Z   ssh-user: git
SAB.json Schema Validation	Run actions/checkout@v4	2026-06-21T17:03:16.9747914Z   persist-credentials: true
SAB.json Schema Validation	Run actions/checkout@v4	2026-06-21T17:03:16.9748493Z   clean: true
SAB.json Schema Validation	Run actions/checkout@v4	2026-06-21T17:03:16.9749121Z   sparse-checkout-cone-mode: true
SAB.json Schema Validation	Run actions/checkout@v4	2026-06-21T17:03:16.9749702Z   fetch-depth: 1
SAB.json Schema Validation	Run actions/checkout@v4	2026-06-21T17:03:16.9750174Z   fetch-tags: false
SAB.json Schema Validation	Run actions/checkout@v4	2026-06-21T17:03:16.9750801Z   show-progress: true
SAB.json Schema Validation	Run actions/checkout@v4	2026-06-21T17:03:16.9751359Z   lfs: false
SAB.json Schema Validation	Run actions/checkout@v4	2026-06-21T17:03:16.9751816Z   submodules: false
SAB.json Schema Validation	Run actions/checkout@v4	2026-06-21T17:03:16.9752432Z   set-safe-directory: true
SAB.json Schema Validation	Run actions/checkout@v4	2026-06-21T17:03:16.9753239Z ##[endgroup]
SAB.json Schema Validation	Run actions/checkout@v4	2026-06-21T17:03:17.0696157Z Syncing repository: johnnylugm-tech/omnibot
SAB.json Schema Validation	Run actions/checkout@v4	2026-06-21T17:03:17.0699599Z ##[group]Getting Git version info
SAB.json Schema Validation	Run actions/checkout@v4	2026-06-21T17:03:17.0700828Z Working directory is '/home/runner/work/omnibot/omnibot'
SAB.json Schema Validation	Run actions/checkout@v4	2026-06-21T17:03:17.0702706Z [command]/usr/bin/git version
SAB.json Schema Validation	Run actions/checkout@v4	2026-06-21T17:03:17.0743150Z git version 2.54.0
SAB.json Schema Validation	Run actions/checkout@v4	2026-06-21T17:03:17.0762538Z ##[endgroup]
SAB.json Schema Validation	Run actions/checkout@v4	2026-06-21T17:03:17.0777462Z Temporarily overriding HOME='/home/runner/work/_temp/562f6c5b-3ce3-4319-9bba-f35bd9b7d0ec' before making global git config changes
SAB.json Schema Validation	Run actions/checkout@v4	2026-06-21T17:03:17.0780143Z Adding repository directory to the temporary git global config as a safe directory
SAB.json Schema Validation	Run actions/checkout@v4	2026-06-21T17:03:17.0784104Z [command]/usr/bin/git config --global --add safe.directory /home/runner/work/omnibot/omnibot
SAB.json Schema Validation	Run actions/checkout@v4	2026-06-21T17:03:17.0825705Z Deleting the contents of '/home/runner/work/omnibot/omnibot'
SAB.json Schema Validation	Run actions/checkout@v4	2026-06-21T17:03:17.0829751Z ##[group]Initializing the repository
SAB.json Schema Validation	Run actions/checkout@v4	2026-06-21T17:03:17.0834348Z [command]/usr/bin/git init /home/runner/work/omnibot/omnibot
SAB.json Schema Validation	Run actions/checkout@v4	2026-06-21T17:03:17.0906994Z hint: Using 'master' as the name for the initial branch. This default branch name
SAB.json Schema Validation	Run actions/checkout@v4	2026-06-21T17:03:17.0908932Z hint: will change to "main" in Git 3.0. To configure the initial branch name
SAB.json Schema Validation	Run actions/checkout@v4	2026-06-21T17:03:17.0910796Z hint: to use in all of your new repositories, which will suppress this warning,
SAB.json Schema Validation	Run actions/checkout@v4	2026-06-21T17:03:17.0912459Z hint: call:
SAB.json Schema Validation	Run actions/checkout@v4	2026-06-21T17:03:17.0913698Z hint:
SAB.json Schema Validation	Run actions/checkout@v4	2026-06-21T17:03:17.0914813Z hint: 	git config --global init.defaultBranch <name>
SAB.json Schema Validation	Run actions/checkout@v4	2026-06-21T17:03:17.0916116Z hint:
SAB.json Schema Validation	Run actions/checkout@v4	2026-06-21T17:03:17.0916930Z hint: Names commonly chosen instead of 'master' are 'main', 'trunk' and
SAB.json Schema Validation	Run actions/checkout@v4	2026-06-21T17:03:17.0918015Z hint: 'development'. The just-created branch can be renamed via this command:
SAB.json Schema Validation	Run actions/checkout@v4	2026-06-21T17:03:17.0919112Z hint:
SAB.json Schema Validation	Run actions/checkout@v4	2026-06-21T17:03:17.0919801Z hint: 	git branch -m <name>
SAB.json Schema Validation	Run actions/checkout@v4	2026-06-21T17:03:17.0920616Z hint:
SAB.json Schema Validation	Run actions/checkout@v4	2026-06-21T17:03:17.0922531Z hint: Disable this message with "git config set advice.defaultBranchName false"
SAB.json Schema Validation	Run actions/checkout@v4	2026-06-21T17:03:17.0924087Z Initialized empty Git repository in /home/runner/work/omnibot/omnibot/.git/
SAB.json Schema Validation	Run actions/checkout@v4	2026-06-21T17:03:17.0927245Z [command]/usr/bin/git remote add origin https://github.com/johnnylugm-tech/omnibot
SAB.json Schema Validation	Run actions/checkout@v4	2026-06-21T17:03:17.0954150Z ##[endgroup]
SAB.json Schema Validation	Run actions/checkout@v4	2026-06-21T17:03:17.0955583Z ##[group]Disabling automatic garbage collection
SAB.json Schema Validation	Run actions/checkout@v4	2026-06-21T17:03:17.0957584Z [command]/usr/bin/git config --local gc.auto 0
SAB.json Schema Validation	Run actions/checkout@v4	2026-06-21T17:03:17.0981448Z ##[endgroup]
SAB.json Schema Validation	Run actions/checkout@v4	2026-06-21T17:03:17.0982777Z ##[group]Setting up auth
SAB.json Schema Validation	Run actions/checkout@v4	2026-06-21T17:03:17.0987941Z [command]/usr/bin/git config --local --name-only --get-regexp core\.sshCommand
SAB.json Schema Validation	Run actions/checkout@v4	2026-06-21T17:03:17.1015894Z [command]/usr/bin/git submodule foreach --recursive sh -c "git config --local --name-only --get-regexp 'core\.sshCommand' && git config --local --unset-all 'core.sshCommand' || :"
SAB.json Schema Validation	Run actions/checkout@v4	2026-06-21T17:03:17.1287477Z [command]/usr/bin/git config --local --name-only --get-regexp http\.https\:\/\/github\.com\/\.extraheader
SAB.json Schema Validation	Run actions/checkout@v4	2026-06-21T17:03:17.1313166Z [command]/usr/bin/git submodule foreach --recursive sh -c "git config --local --name-only --get-regexp 'http\.https\:\/\/github\.com\/\.extraheader' && git config --local --unset-all 'http.https://github.com/.extraheader' || :"
SAB.json Schema Validation	Run actions/checkout@v4	2026-06-21T17:03:17.1475712Z [command]/usr/bin/git config --local --name-only --get-regexp ^includeIf\.gitdir:
SAB.json Schema Validation	Run actions/checkout@v4	2026-06-21T17:03:17.1500630Z [command]/usr/bin/git submodule foreach --recursive git config --local --show-origin --name-only --get-regexp remote.origin.url
SAB.json Schema Validation	Run actions/checkout@v4	2026-06-21T17:03:17.1665131Z [command]/usr/bin/git config --local http.https://github.com/.extraheader AUTHORIZATION: basic ***
SAB.json Schema Validation	Run actions/checkout@v4	2026-06-21T17:03:17.1691950Z ##[endgroup]
SAB.json Schema Validation	Run actions/checkout@v4	2026-06-21T17:03:17.1699778Z ##[group]Fetching the repository
SAB.json Schema Validation	Run actions/checkout@v4	2026-06-21T17:03:17.1701061Z [command]/usr/bin/git -c protocol.version=2 fetch --no-tags --prune --no-recurse-submodules --depth=1 origin +b4a42eeb727aaa535039bd86a9731a15588be212:refs/remotes/origin/main
SAB.json Schema Validation	Run actions/checkout@v4	2026-06-21T17:03:18.6184490Z From https://github.com/johnnylugm-tech/omnibot
SAB.json Schema Validation	Run actions/checkout@v4	2026-06-21T17:03:18.6185433Z  * [new ref]         b4a42eeb727aaa535039bd86a9731a15588be212 -> origin/main
SAB.json Schema Validation	Run actions/checkout@v4	2026-06-21T17:03:18.6212401Z ##[endgroup]
SAB.json Schema Validation	Run actions/checkout@v4	2026-06-21T17:03:18.6213122Z ##[group]Determining the checkout info
SAB.json Schema Validation	Run actions/checkout@v4	2026-06-21T17:03:18.6214146Z ##[endgroup]
SAB.json Schema Validation	Run actions/checkout@v4	2026-06-21T17:03:18.6218711Z [command]/usr/bin/git sparse-checkout disable
SAB.json Schema Validation	Run actions/checkout@v4	2026-06-21T17:03:18.6253509Z [command]/usr/bin/git config --local --unset-all extensions.worktreeConfig
SAB.json Schema Validation	Run actions/checkout@v4	2026-06-21T17:03:18.6274160Z ##[group]Checking out the ref
SAB.json Schema Validation	Run actions/checkout@v4	2026-06-21T17:03:18.6277413Z [command]/usr/bin/git checkout --progress --force -B main refs/remotes/origin/main
SAB.json Schema Validation	Run actions/checkout@v4	2026-06-21T17:03:18.9738400Z Switched to a new branch 'main'
SAB.json Schema Validation	Run actions/checkout@v4	2026-06-21T17:03:18.9744641Z branch 'main' set up to track 'origin/main'.
SAB.json Schema Validation	Run actions/checkout@v4	2026-06-21T17:03:18.9749894Z ##[endgroup]
SAB.json Schema Validation	Run actions/checkout@v4	2026-06-21T17:03:18.9793292Z [command]/usr/bin/git log -1 --format=%H
SAB.json Schema Validation	Run actions/checkout@v4	2026-06-21T17:03:18.9812959Z b4a42eeb727aaa535039bd86a9731a15588be212
SAB.json Schema Validation	Detect phase	﻿2026-06-21T17:03:18.9994899Z ##[group]Run PHASE=$(python3 -c "
SAB.json Schema Validation	Detect phase	2026-06-21T17:03:18.9995476Z ^[[36;1mPHASE=$(python3 -c "^[[0m
SAB.json Schema Validation	Detect phase	2026-06-21T17:03:18.9995817Z ^[[36;1mimport json^[[0m
SAB.json Schema Validation	Detect phase	2026-06-21T17:03:18.9996094Z ^[[36;1mtry:^[[0m
SAB.json Schema Validation	Detect phase	2026-06-21T17:03:18.9996443Z ^[[36;1m    d = json.load(open('.methodology/state.json'))^[[0m
SAB.json Schema Validation	Detect phase	2026-06-21T17:03:18.9997075Z ^[[36;1m    print(int(d.get('current_phase', 0)))^[[0m
SAB.json Schema Validation	Detect phase	2026-06-21T17:03:18.9997472Z ^[[36;1mexcept Exception:^[[0m
SAB.json Schema Validation	Detect phase	2026-06-21T17:03:18.9997771Z ^[[36;1m    print(0)^[[0m
SAB.json Schema Validation	Detect phase	2026-06-21T17:03:18.9998052Z ^[[36;1m" 2>/dev/null || echo "0")^[[0m
SAB.json Schema Validation	Detect phase	2026-06-21T17:03:18.9998390Z ^[[36;1mecho "PHASE=$PHASE" >> $GITHUB_OUTPUT^[[0m
SAB.json Schema Validation	Detect phase	2026-06-21T17:03:19.0146147Z shell: /usr/bin/bash -e {0}
SAB.json Schema Validation	Detect phase	2026-06-21T17:03:19.0146578Z ##[endgroup]
SAB.json Schema Validation	Validate SAB.json (P3+)	﻿2026-06-21T17:03:19.0508270Z ##[group]Run python3 - <<'EOF'
SAB.json Schema Validation	Validate SAB.json (P3+)	2026-06-21T17:03:19.0508698Z ^[[36;1mpython3 - <<'EOF'^[[0m
SAB.json Schema Validation	Validate SAB.json (P3+)	2026-06-21T17:03:19.0509160Z ^[[36;1mimport json, sys^[[0m
SAB.json Schema Validation	Validate SAB.json (P3+)	2026-06-21T17:03:19.0509500Z ^[[36;1msab_path = ".methodology/SAB.json"^[[0m
SAB.json Schema Validation	Validate SAB.json (P3+)	2026-06-21T17:03:19.0509906Z ^[[36;1mtry:^[[0m
SAB.json Schema Validation	Validate SAB.json (P3+)	2026-06-21T17:03:19.0510173Z ^[[36;1m    d = json.load(open(sab_path))^[[0m
SAB.json Schema Validation	Validate SAB.json (P3+)	2026-06-21T17:03:19.0510508Z ^[[36;1mexcept FileNotFoundError:^[[0m
SAB.json Schema Validation	Validate SAB.json (P3+)	2026-06-21T17:03:19.0510851Z ^[[36;1m    print(f"ERROR: {sab_path} not found.")^[[0m
SAB.json Schema Validation	Validate SAB.json (P3+)	2026-06-21T17:03:19.0511300Z ^[[36;1m    print("Run: python harness/scripts/generate_sab.py --project .")^[[0m
SAB.json Schema Validation	Validate SAB.json (P3+)	2026-06-21T17:03:19.0511734Z ^[[36;1m    sys.exit(1)^[[0m
SAB.json Schema Validation	Validate SAB.json (P3+)	2026-06-21T17:03:19.0512011Z ^[[36;1mexcept Exception as e:^[[0m
SAB.json Schema Validation	Validate SAB.json (P3+)	2026-06-21T17:03:19.0512356Z ^[[36;1m    print(f"ERROR: {sab_path} is not valid JSON: {e}")^[[0m
SAB.json Schema Validation	Validate SAB.json (P3+)	2026-06-21T17:03:19.0512711Z ^[[36;1m    sys.exit(1)^[[0m
SAB.json Schema Validation	Validate SAB.json (P3+)	2026-06-21T17:03:19.0512996Z ^[[36;1mmodules = d.get("modules", [])^[[0m
SAB.json Schema Validation	Validate SAB.json (P3+)	2026-06-21T17:03:19.0513307Z ^[[36;1mlayers = d.get("layers", [])^[[0m
SAB.json Schema Validation	Validate SAB.json (P3+)	2026-06-21T17:03:19.0513640Z ^[[36;1mif not modules and layers:^[[0m
SAB.json Schema Validation	Validate SAB.json (P3+)	2026-06-21T17:03:19.0513944Z ^[[36;1m    for layer in layers:^[[0m
SAB.json Schema Validation	Validate SAB.json (P3+)	2026-06-21T17:03:19.0514280Z ^[[36;1m        modules.extend(layer.get("modules", []))^[[0m
SAB.json Schema Validation	Validate SAB.json (P3+)	2026-06-21T17:03:19.0514624Z ^[[36;1mif not modules:^[[0m
SAB.json Schema Validation	Validate SAB.json (P3+)	2026-06-21T17:03:19.0514992Z ^[[36;1m    print(f"ERROR: SAB.json has no modules. Re-run generate_sab.py.")^[[0m
SAB.json Schema Validation	Validate SAB.json (P3+)	2026-06-21T17:03:19.0515389Z ^[[36;1m    sys.exit(1)^[[0m
SAB.json Schema Validation	Validate SAB.json (P3+)	2026-06-21T17:03:19.0515819Z ^[[36;1mprint(f"OK: SAB.json valid — {len(modules)} module(s), {len(layers)} layer(s).")^[[0m
SAB.json Schema Validation	Validate SAB.json (P3+)	2026-06-21T17:03:19.0516262Z ^[[36;1mEOF^[[0m
SAB.json Schema Validation	Validate SAB.json (P3+)	2026-06-21T17:03:19.0537199Z shell: /usr/bin/bash -e {0}
SAB.json Schema Validation	Validate SAB.json (P3+)	2026-06-21T17:03:19.0537542Z ##[endgroup]
SAB.json Schema Validation	Validate SAB.json (P3+)	2026-06-21T17:03:19.0753658Z OK: SAB.json valid — 34 module(s), 5 layer(s).
SAB.json Schema Validation	Post Run actions/checkout@v4	﻿2026-06-21T17:03:19.0901846Z Node 20 is being deprecated. This workflow is running with Node 24 by default. If you need to temporarily use Node 20, you can set the ACTIONS_ALLOW_USE_UNSECURE_NODE_VERSION=true environment variable. For more information see: https://github.blog/changelog/2025-09-19-deprecation-of-node-20-on-github-actions-runners/
SAB.json Schema Validation	Post Run actions/checkout@v4	2026-06-21T17:03:19.0903379Z Post job cleanup.
SAB.json Schema Validation	Post Run actions/checkout@v4	2026-06-21T17:03:19.1698110Z [command]/usr/bin/git version
SAB.json Schema Validation	Post Run actions/checkout@v4	2026-06-21T17:03:19.1730250Z git version 2.54.0
SAB.json Schema Validation	Post Run actions/checkout@v4	2026-06-21T17:03:19.1762731Z Temporarily overriding HOME='/home/runner/work/_temp/9f3c9b0a-056f-4421-8c8e-ed758b313908' before making global git config changes
SAB.json Schema Validation	Post Run actions/checkout@v4	2026-06-21T17:03:19.1763756Z Adding repository directory to the temporary git global config as a safe directory
SAB.json Schema Validation	Post Run actions/checkout@v4	2026-06-21T17:03:19.1767282Z [command]/usr/bin/git config --global --add safe.directory /home/runner/work/omnibot/omnibot
SAB.json Schema Validation	Post Run actions/checkout@v4	2026-06-21T17:03:19.1796720Z [command]/usr/bin/git config --local --name-only --get-regexp core\.sshCommand
SAB.json Schema Validation	Post Run actions/checkout@v4	2026-06-21T17:03:19.1825161Z [command]/usr/bin/git submodule foreach --recursive sh -c "git config --local --name-only --get-regexp 'core\.sshCommand' && git config --local --unset-all 'core.sshCommand' || :"
SAB.json Schema Validation	Post Run actions/checkout@v4	2026-06-21T17:03:19.1994134Z [command]/usr/bin/git config --local --name-only --get-regexp http\.https\:\/\/github\.com\/\.extraheader
SAB.json Schema Validation	Post Run actions/checkout@v4	2026-06-21T17:03:19.2015899Z http.https://github.com/.extraheader
SAB.json Schema Validation	Post Run actions/checkout@v4	2026-06-21T17:03:19.2024707Z [command]/usr/bin/git config --local --unset-all http.https://github.com/.extraheader
SAB.json Schema Validation	Post Run actions/checkout@v4	2026-06-21T17:03:19.2048638Z [command]/usr/bin/git submodule foreach --recursive sh -c "git config --local --name-only --get-regexp 'http\.https\:\/\/github\.com\/\.extraheader' && git config --local --unset-all 'http.https://github.com/.extraheader' || :"
SAB.json Schema Validation	Post Run actions/checkout@v4	2026-06-21T17:03:19.2217668Z [command]/usr/bin/git config --local --name-only --get-regexp ^includeIf\.gitdir:
SAB.json Schema Validation	Post Run actions/checkout@v4	2026-06-21T17:03:19.2243234Z [command]/usr/bin/git submodule foreach --recursive git config --local --show-origin --name-only --get-regexp remote.origin.url
SAB.json Schema Validation	Complete job	﻿2026-06-21T17:03:19.2521238Z Cleaning up orphan processes
SAB.json Schema Validation	Complete job	2026-06-21T17:03:19.2763534Z ##[warning]Node.js 20 is deprecated. The following actions target Node.js 20 but are being forced to run on Node.js 24: actions/checkout@v4. For more information see: https://github.blog/changelog/2025-09-19-deprecation-of-node-20-on-github-actions-runners/
P8 Archive & HANDOVER Validation	Set up job	﻿2026-06-21T17:03:15.8958577Z Current runner version: '2.335.1'
P8 Archive & HANDOVER Validation	Set up job	2026-06-21T17:03:15.8988433Z ##[group]Runner Image Provisioner
P8 Archive & HANDOVER Validation	Set up job	2026-06-21T17:03:15.8989317Z Hosted Compute Agent
P8 Archive & HANDOVER Validation	Set up job	2026-06-21T17:03:15.8990010Z Version: 20260611.554
P8 Archive & HANDOVER Validation	Set up job	2026-06-21T17:03:15.8990662Z Commit: 5e0782fdc9014723d3be820dd114dd31555c2bd1
P8 Archive & HANDOVER Validation	Set up job	2026-06-21T17:03:15.8991385Z Build Date: 2026-06-11T21:40:46Z
P8 Archive & HANDOVER Validation	Set up job	2026-06-21T17:03:15.8992117Z Worker ID: {f3c26a62-9ba1-4e06-8ea1-341c96132208}
P8 Archive & HANDOVER Validation	Set up job	2026-06-21T17:03:15.8992842Z Azure Region: northcentralus
P8 Archive & HANDOVER Validation	Set up job	2026-06-21T17:03:15.8993476Z ##[endgroup]
P8 Archive & HANDOVER Validation	Set up job	2026-06-21T17:03:15.8995092Z ##[group]Operating System
P8 Archive & HANDOVER Validation	Set up job	2026-06-21T17:03:15.8995757Z Ubuntu
P8 Archive & HANDOVER Validation	Set up job	2026-06-21T17:03:15.8996386Z 24.04.4
P8 Archive & HANDOVER Validation	Set up job	2026-06-21T17:03:15.8996900Z LTS
P8 Archive & HANDOVER Validation	Set up job	2026-06-21T17:03:15.8997672Z ##[endgroup]
P8 Archive & HANDOVER Validation	Set up job	2026-06-21T17:03:15.8998330Z ##[group]Runner Image
P8 Archive & HANDOVER Validation	Set up job	2026-06-21T17:03:15.8998998Z Image: ubuntu-24.04
P8 Archive & HANDOVER Validation	Set up job	2026-06-21T17:03:15.8999610Z Version: 20260615.205.1
P8 Archive & HANDOVER Validation	Set up job	2026-06-21T17:03:15.9000684Z Included Software: https://github.com/actions/runner-images/blob/ubuntu24/20260615.205/images/ubuntu/Ubuntu2404-Readme.md
P8 Archive & HANDOVER Validation	Set up job	2026-06-21T17:03:15.9002485Z Image Release: https://github.com/actions/runner-images/releases/tag/ubuntu24%2F20260615.205
P8 Archive & HANDOVER Validation	Set up job	2026-06-21T17:03:15.9003493Z ##[endgroup]
P8 Archive & HANDOVER Validation	Set up job	2026-06-21T17:03:15.9004706Z ##[group]GITHUB_TOKEN Permissions
P8 Archive & HANDOVER Validation	Set up job	2026-06-21T17:03:15.9006946Z Contents: read
P8 Archive & HANDOVER Validation	Set up job	2026-06-21T17:03:15.9007859Z Metadata: read
P8 Archive & HANDOVER Validation	Set up job	2026-06-21T17:03:15.9008461Z Packages: read
P8 Archive & HANDOVER Validation	Set up job	2026-06-21T17:03:15.9009024Z ##[endgroup]
P8 Archive & HANDOVER Validation	Set up job	2026-06-21T17:03:15.9011554Z Secret source: Actions
P8 Archive & HANDOVER Validation	Set up job	2026-06-21T17:03:15.9012688Z Prepare workflow directory
P8 Archive & HANDOVER Validation	Set up job	2026-06-21T17:03:15.9374095Z Prepare all required actions
P8 Archive & HANDOVER Validation	Set up job	2026-06-21T17:03:15.9413651Z Getting action download info
P8 Archive & HANDOVER Validation	Set up job	2026-06-21T17:03:16.2065080Z Download action repository 'actions/checkout@v4' (SHA:34e114876b0b11c390a56381ad16ebd13914f8d5)
P8 Archive & HANDOVER Validation	Set up job	2026-06-21T17:03:16.3802267Z Complete job name: P8 Archive & HANDOVER Validation
P8 Archive & HANDOVER Validation	Run actions/checkout@v4	﻿2026-06-21T17:03:16.4737247Z Node 20 is being deprecated. This workflow is running with Node 24 by default. If you need to temporarily use Node 20, you can set the ACTIONS_ALLOW_USE_UNSECURE_NODE_VERSION=true environment variable. For more information see: https://github.blog/changelog/2025-09-19-deprecation-of-node-20-on-github-actions-runners/
P8 Archive & HANDOVER Validation	Run actions/checkout@v4	2026-06-21T17:03:16.4746828Z ##[group]Run actions/checkout@v4
P8 Archive & HANDOVER Validation	Run actions/checkout@v4	2026-06-21T17:03:16.4747895Z with:
P8 Archive & HANDOVER Validation	Run actions/checkout@v4	2026-06-21T17:03:16.4748401Z   repository: johnnylugm-tech/omnibot
P8 Archive & HANDOVER Validation	Run actions/checkout@v4	2026-06-21T17:03:16.4752689Z   token: ***
P8 Archive & HANDOVER Validation	Run actions/checkout@v4	2026-06-21T17:03:16.4753133Z   ssh-strict: true
P8 Archive & HANDOVER Validation	Run actions/checkout@v4	2026-06-21T17:03:16.4753587Z   ssh-user: git
P8 Archive & HANDOVER Validation	Run actions/checkout@v4	2026-06-21T17:03:16.4754043Z   persist-credentials: true
P8 Archive & HANDOVER Validation	Run actions/checkout@v4	2026-06-21T17:03:16.4754537Z   clean: true
P8 Archive & HANDOVER Validation	Run actions/checkout@v4	2026-06-21T17:03:16.4754989Z   sparse-checkout-cone-mode: true
P8 Archive & HANDOVER Validation	Run actions/checkout@v4	2026-06-21T17:03:16.4755521Z   fetch-depth: 1
P8 Archive & HANDOVER Validation	Run actions/checkout@v4	2026-06-21T17:03:16.4755960Z   fetch-tags: false
P8 Archive & HANDOVER Validation	Run actions/checkout@v4	2026-06-21T17:03:16.4756417Z   show-progress: true
P8 Archive & HANDOVER Validation	Run actions/checkout@v4	2026-06-21T17:03:16.4756885Z   lfs: false
P8 Archive & HANDOVER Validation	Run actions/checkout@v4	2026-06-21T17:03:16.4757311Z   submodules: false
P8 Archive & HANDOVER Validation	Run actions/checkout@v4	2026-06-21T17:03:16.4758203Z   set-safe-directory: true
P8 Archive & HANDOVER Validation	Run actions/checkout@v4	2026-06-21T17:03:16.4759014Z ##[endgroup]
P8 Archive & HANDOVER Validation	Run actions/checkout@v4	2026-06-21T17:03:16.5832182Z Syncing repository: johnnylugm-tech/omnibot
P8 Archive & HANDOVER Validation	Run actions/checkout@v4	2026-06-21T17:03:16.5834479Z ##[group]Getting Git version info
P8 Archive & HANDOVER Validation	Run actions/checkout@v4	2026-06-21T17:03:16.5835234Z Working directory is '/home/runner/work/omnibot/omnibot'
P8 Archive & HANDOVER Validation	Run actions/checkout@v4	2026-06-21T17:03:16.5836283Z [command]/usr/bin/git version
P8 Archive & HANDOVER Validation	Run actions/checkout@v4	2026-06-21T17:03:16.5916719Z git version 2.54.0
P8 Archive & HANDOVER Validation	Run actions/checkout@v4	2026-06-21T17:03:16.5939189Z ##[endgroup]
P8 Archive & HANDOVER Validation	Run actions/checkout@v4	2026-06-21T17:03:16.5955991Z Temporarily overriding HOME='/home/runner/work/_temp/4747e4db-aa96-4297-800d-b2bd672f5301' before making global git config changes
P8 Archive & HANDOVER Validation	Run actions/checkout@v4	2026-06-21T17:03:16.5958676Z Adding repository directory to the temporary git global config as a safe directory
P8 Archive & HANDOVER Validation	Run actions/checkout@v4	2026-06-21T17:03:16.5963050Z [command]/usr/bin/git config --global --add safe.directory /home/runner/work/omnibot/omnibot
P8 Archive & HANDOVER Validation	Run actions/checkout@v4	2026-06-21T17:03:16.6017231Z Deleting the contents of '/home/runner/work/omnibot/omnibot'
P8 Archive & HANDOVER Validation	Run actions/checkout@v4	2026-06-21T17:03:16.6021817Z ##[group]Initializing the repository
P8 Archive & HANDOVER Validation	Run actions/checkout@v4	2026-06-21T17:03:16.6026599Z [command]/usr/bin/git init /home/runner/work/omnibot/omnibot
P8 Archive & HANDOVER Validation	Run actions/checkout@v4	2026-06-21T17:03:16.6148031Z hint: Using 'master' as the name for the initial branch. This default branch name
P8 Archive & HANDOVER Validation	Run actions/checkout@v4	2026-06-21T17:03:16.6149641Z hint: will change to "main" in Git 3.0. To configure the initial branch name
P8 Archive & HANDOVER Validation	Run actions/checkout@v4	2026-06-21T17:03:16.6150606Z hint: to use in all of your new repositories, which will suppress this warning,
P8 Archive & HANDOVER Validation	Run actions/checkout@v4	2026-06-21T17:03:16.6151358Z hint: call:
P8 Archive & HANDOVER Validation	Run actions/checkout@v4	2026-06-21T17:03:16.6152468Z hint:
P8 Archive & HANDOVER Validation	Run actions/checkout@v4	2026-06-21T17:03:16.6153401Z hint: 	git config --global init.defaultBranch <name>
P8 Archive & HANDOVER Validation	Run actions/checkout@v4	2026-06-21T17:03:16.6154457Z hint:
P8 Archive & HANDOVER Validation	Run actions/checkout@v4	2026-06-21T17:03:16.6155408Z hint: Names commonly chosen instead of 'master' are 'main', 'trunk' and
P8 Archive & HANDOVER Validation	Run actions/checkout@v4	2026-06-21T17:03:16.6156853Z hint: 'development'. The just-created branch can be renamed via this command:
P8 Archive & HANDOVER Validation	Run actions/checkout@v4	2026-06-21T17:03:16.6158465Z hint:
P8 Archive & HANDOVER Validation	Run actions/checkout@v4	2026-06-21T17:03:16.6158964Z hint: 	git branch -m <name>
P8 Archive & HANDOVER Validation	Run actions/checkout@v4	2026-06-21T17:03:16.6159459Z hint:
P8 Archive & HANDOVER Validation	Run actions/checkout@v4	2026-06-21T17:03:16.6160100Z hint: Disable this message with "git config set advice.defaultBranchName false"
P8 Archive & HANDOVER Validation	Run actions/checkout@v4	2026-06-21T17:03:16.6161143Z Initialized empty Git repository in /home/runner/work/omnibot/omnibot/.git/
P8 Archive & HANDOVER Validation	Run actions/checkout@v4	2026-06-21T17:03:16.6168902Z [command]/usr/bin/git remote add origin https://github.com/johnnylugm-tech/omnibot
P8 Archive & HANDOVER Validation	Run actions/checkout@v4	2026-06-21T17:03:16.6221679Z ##[endgroup]
P8 Archive & HANDOVER Validation	Run actions/checkout@v4	2026-06-21T17:03:16.6222574Z ##[group]Disabling automatic garbage collection
P8 Archive & HANDOVER Validation	Run actions/checkout@v4	2026-06-21T17:03:16.6225775Z [command]/usr/bin/git config --local gc.auto 0
P8 Archive & HANDOVER Validation	Run actions/checkout@v4	2026-06-21T17:03:16.6257228Z ##[endgroup]
P8 Archive & HANDOVER Validation	Run actions/checkout@v4	2026-06-21T17:03:16.6258683Z ##[group]Setting up auth
P8 Archive & HANDOVER Validation	Run actions/checkout@v4	2026-06-21T17:03:16.6264548Z [command]/usr/bin/git config --local --name-only --get-regexp core\.sshCommand
P8 Archive & HANDOVER Validation	Run actions/checkout@v4	2026-06-21T17:03:16.6300770Z [command]/usr/bin/git submodule foreach --recursive sh -c "git config --local --name-only --get-regexp 'core\.sshCommand' && git config --local --unset-all 'core.sshCommand' || :"
P8 Archive & HANDOVER Validation	Run actions/checkout@v4	2026-06-21T17:03:16.6742259Z [command]/usr/bin/git config --local --name-only --get-regexp http\.https\:\/\/github\.com\/\.extraheader
P8 Archive & HANDOVER Validation	Run actions/checkout@v4	2026-06-21T17:03:16.6774059Z [command]/usr/bin/git submodule foreach --recursive sh -c "git config --local --name-only --get-regexp 'http\.https\:\/\/github\.com\/\.extraheader' && git config --local --unset-all 'http.https://github.com/.extraheader' || :"
P8 Archive & HANDOVER Validation	Run actions/checkout@v4	2026-06-21T17:03:16.6998064Z [command]/usr/bin/git config --local --name-only --get-regexp ^includeIf\.gitdir:
P8 Archive & HANDOVER Validation	Run actions/checkout@v4	2026-06-21T17:03:16.7029729Z [command]/usr/bin/git submodule foreach --recursive git config --local --show-origin --name-only --get-regexp remote.origin.url
P8 Archive & HANDOVER Validation	Run actions/checkout@v4	2026-06-21T17:03:16.7256227Z [command]/usr/bin/git config --local http.https://github.com/.extraheader AUTHORIZATION: basic ***
P8 Archive & HANDOVER Validation	Run actions/checkout@v4	2026-06-21T17:03:16.7292662Z ##[endgroup]
P8 Archive & HANDOVER Validation	Run actions/checkout@v4	2026-06-21T17:03:16.7293550Z ##[group]Fetching the repository
P8 Archive & HANDOVER Validation	Run actions/checkout@v4	2026-06-21T17:03:16.7301804Z [command]/usr/bin/git -c protocol.version=2 fetch --no-tags --prune --no-recurse-submodules --depth=1 origin +b4a42eeb727aaa535039bd86a9731a15588be212:refs/remotes/origin/main
P8 Archive & HANDOVER Validation	Run actions/checkout@v4	2026-06-21T17:03:17.5844395Z From https://github.com/johnnylugm-tech/omnibot
P8 Archive & HANDOVER Validation	Run actions/checkout@v4	2026-06-21T17:03:17.5846884Z  * [new ref]         b4a42eeb727aaa535039bd86a9731a15588be212 -> origin/main
P8 Archive & HANDOVER Validation	Run actions/checkout@v4	2026-06-21T17:03:17.5884856Z ##[endgroup]
P8 Archive & HANDOVER Validation	Run actions/checkout@v4	2026-06-21T17:03:17.5887090Z ##[group]Determining the checkout info
P8 Archive & HANDOVER Validation	Run actions/checkout@v4	2026-06-21T17:03:17.5889846Z ##[endgroup]
P8 Archive & HANDOVER Validation	Run actions/checkout@v4	2026-06-21T17:03:17.5894369Z [command]/usr/bin/git sparse-checkout disable
P8 Archive & HANDOVER Validation	Run actions/checkout@v4	2026-06-21T17:03:17.5944051Z [command]/usr/bin/git config --local --unset-all extensions.worktreeConfig
P8 Archive & HANDOVER Validation	Run actions/checkout@v4	2026-06-21T17:03:17.5973484Z ##[group]Checking out the ref
P8 Archive & HANDOVER Validation	Run actions/checkout@v4	2026-06-21T17:03:17.5979523Z [command]/usr/bin/git checkout --progress --force -B main refs/remotes/origin/main
P8 Archive & HANDOVER Validation	Run actions/checkout@v4	2026-06-21T17:03:17.9438020Z Switched to a new branch 'main'
P8 Archive & HANDOVER Validation	Run actions/checkout@v4	2026-06-21T17:03:17.9440639Z branch 'main' set up to track 'origin/main'.
P8 Archive & HANDOVER Validation	Run actions/checkout@v4	2026-06-21T17:03:17.9454643Z ##[endgroup]
P8 Archive & HANDOVER Validation	Run actions/checkout@v4	2026-06-21T17:03:17.9501755Z [command]/usr/bin/git log -1 --format=%H
P8 Archive & HANDOVER Validation	Run actions/checkout@v4	2026-06-21T17:03:17.9526509Z b4a42eeb727aaa535039bd86a9731a15588be212
P8 Archive & HANDOVER Validation	Detect if P8 milestone was pushed	﻿2026-06-21T17:03:17.9744727Z ##[group]Run STATE_FILE=".methodology/state.json"
P8 Archive & HANDOVER Validation	Detect if P8 milestone was pushed	2026-06-21T17:03:17.9745345Z ^[[36;1mSTATE_FILE=".methodology/state.json"^[[0m
P8 Archive & HANDOVER Validation	Detect if P8 milestone was pushed	2026-06-21T17:03:17.9745707Z ^[[36;1mIS_P8="false"^[[0m
P8 Archive & HANDOVER Validation	Detect if P8 milestone was pushed	2026-06-21T17:03:17.9746016Z ^[[36;1mif [ -f "$STATE_FILE" ]; then^[[0m
P8 Archive & HANDOVER Validation	Detect if P8 milestone was pushed	2026-06-21T17:03:17.9746729Z ^[[36;1m  # CV-5: safe parse — corrupt state.json defaults to empty string.^[[0m
P8 Archive & HANDOVER Validation	Detect if P8 milestone was pushed	2026-06-21T17:03:17.9747191Z ^[[36;1m  CMD=$(python3 -c "^[[0m
P8 Archive & HANDOVER Validation	Detect if P8 milestone was pushed	2026-06-21T17:03:17.9747886Z ^[[36;1mimport json, sys^[[0m
P8 Archive & HANDOVER Validation	Detect if P8 milestone was pushed	2026-06-21T17:03:17.9748169Z ^[[36;1mtry:^[[0m
P8 Archive & HANDOVER Validation	Detect if P8 milestone was pushed	2026-06-21T17:03:17.9748446Z ^[[36;1m    d = json.load(open('$STATE_FILE'))^[[0m
P8 Archive & HANDOVER Validation	Detect if P8 milestone was pushed	2026-06-21T17:03:17.9748838Z ^[[36;1m    print(d.get('last_milestone_command', ''))^[[0m
P8 Archive & HANDOVER Validation	Detect if P8 milestone was pushed	2026-06-21T17:03:17.9749199Z ^[[36;1mexcept Exception as e:^[[0m
P8 Archive & HANDOVER Validation	Detect if P8 milestone was pushed	2026-06-21T17:03:17.9749583Z ^[[36;1m    print(f'[WARN] state.json unreadable: {e}', file=sys.stderr)^[[0m
P8 Archive & HANDOVER Validation	Detect if P8 milestone was pushed	2026-06-21T17:03:17.9749990Z ^[[36;1m    print('')^[[0m
P8 Archive & HANDOVER Validation	Detect if P8 milestone was pushed	2026-06-21T17:03:17.9750246Z ^[[36;1m")^[[0m
P8 Archive & HANDOVER Validation	Detect if P8 milestone was pushed	2026-06-21T17:03:17.9750511Z ^[[36;1m  if echo "$CMD" | grep -q "p8"; then^[[0m
P8 Archive & HANDOVER Validation	Detect if P8 milestone was pushed	2026-06-21T17:03:17.9750936Z ^[[36;1m    IS_P8="true"^[[0m
P8 Archive & HANDOVER Validation	Detect if P8 milestone was pushed	2026-06-21T17:03:17.9751229Z ^[[36;1m  fi^[[0m
P8 Archive & HANDOVER Validation	Detect if P8 milestone was pushed	2026-06-21T17:03:17.9751458Z ^[[36;1mfi^[[0m
P8 Archive & HANDOVER Validation	Detect if P8 milestone was pushed	2026-06-21T17:03:17.9751733Z ^[[36;1mecho "IS_P8=$IS_P8" >> $GITHUB_OUTPUT^[[0m
P8 Archive & HANDOVER Validation	Detect if P8 milestone was pushed	2026-06-21T17:03:17.9952618Z shell: /usr/bin/bash -e {0}
P8 Archive & HANDOVER Validation	Detect if P8 milestone was pushed	2026-06-21T17:03:17.9953137Z ##[endgroup]
P8 Archive & HANDOVER Validation	Post Run actions/checkout@v4	﻿2026-06-21T17:03:18.0498419Z Node 20 is being deprecated. This workflow is running with Node 24 by default. If you need to temporarily use Node 20, you can set the ACTIONS_ALLOW_USE_UNSECURE_NODE_VERSION=true environment variable. For more information see: https://github.blog/changelog/2025-09-19-deprecation-of-node-20-on-github-actions-runners/
P8 Archive & HANDOVER Validation	Post Run actions/checkout@v4	2026-06-21T17:03:18.0500310Z Post job cleanup.
P8 Archive & HANDOVER Validation	Post Run actions/checkout@v4	2026-06-21T17:03:18.1345586Z [command]/usr/bin/git version
P8 Archive & HANDOVER Validation	Post Run actions/checkout@v4	2026-06-21T17:03:18.1383272Z git version 2.54.0
P8 Archive & HANDOVER Validation	Post Run actions/checkout@v4	2026-06-21T17:03:18.1425145Z Temporarily overriding HOME='/home/runner/work/_temp/ca83b6e5-e223-4f14-8093-f412e5ce3dc2' before making global git config changes
P8 Archive & HANDOVER Validation	Post Run actions/checkout@v4	2026-06-21T17:03:18.1427213Z Adding repository directory to the temporary git global config as a safe directory
P8 Archive & HANDOVER Validation	Post Run actions/checkout@v4	2026-06-21T17:03:18.1505604Z [command]/usr/bin/git config --global --add safe.directory /home/runner/work/omnibot/omnibot
P8 Archive & HANDOVER Validation	Post Run actions/checkout@v4	2026-06-21T17:03:18.1509944Z [command]/usr/bin/git config --local --name-only --get-regexp core\.sshCommand
P8 Archive & HANDOVER Validation	Post Run actions/checkout@v4	2026-06-21T17:03:18.1513009Z [command]/usr/bin/git submodule foreach --recursive sh -c "git config --local --name-only --get-regexp 'core\.sshCommand' && git config --local --unset-all 'core.sshCommand' || :"
P8 Archive & HANDOVER Validation	Post Run actions/checkout@v4	2026-06-21T17:03:18.1748596Z [command]/usr/bin/git config --local --name-only --get-regexp http\.https\:\/\/github\.com\/\.extraheader
P8 Archive & HANDOVER Validation	Post Run actions/checkout@v4	2026-06-21T17:03:18.1777371Z http.https://github.com/.extraheader
P8 Archive & HANDOVER Validation	Post Run actions/checkout@v4	2026-06-21T17:03:18.1789067Z [command]/usr/bin/git config --local --unset-all http.https://github.com/.extraheader
P8 Archive & HANDOVER Validation	Post Run actions/checkout@v4	2026-06-21T17:03:18.1820255Z [command]/usr/bin/git submodule foreach --recursive sh -c "git config --local --name-only --get-regexp 'http\.https\:\/\/github\.com\/\.extraheader' && git config --local --unset-all 'http.https://github.com/.extraheader' || :"
P8 Archive & HANDOVER Validation	Post Run actions/checkout@v4	2026-06-21T17:03:18.2049372Z [command]/usr/bin/git config --local --name-only --get-regexp ^includeIf\.gitdir:
P8 Archive & HANDOVER Validation	Post Run actions/checkout@v4	2026-06-21T17:03:18.2080947Z [command]/usr/bin/git submodule foreach --recursive git config --local --show-origin --name-only --get-regexp remote.origin.url
P8 Archive & HANDOVER Validation	Complete job	﻿2026-06-21T17:03:18.2444899Z Cleaning up orphan processes
P8 Archive & HANDOVER Validation	Complete job	2026-06-21T17:03:18.2752162Z ##[warning]Node.js 20 is deprecated. The following actions target Node.js 20 but are being forced to run on Node.js 24: actions/checkout@v4. For more information see: https://github.blog/changelog/2025-09-19-deprecation-of-node-20-on-github-actions-runners/
Quality Gate PASS Record Verification	Set up job	﻿2026-06-21T17:03:17.4259324Z Current runner version: '2.335.1'
Quality Gate PASS Record Verification	Set up job	2026-06-21T17:03:17.4285111Z ##[group]Runner Image Provisioner
Quality Gate PASS Record Verification	Set up job	2026-06-21T17:03:17.4286259Z Hosted Compute Agent
Quality Gate PASS Record Verification	Set up job	2026-06-21T17:03:17.4286841Z Version: 20260611.554
Quality Gate PASS Record Verification	Set up job	2026-06-21T17:03:17.4287807Z Commit: 5e0782fdc9014723d3be820dd114dd31555c2bd1
Quality Gate PASS Record Verification	Set up job	2026-06-21T17:03:17.4288580Z Build Date: 2026-06-11T21:40:46Z
Quality Gate PASS Record Verification	Set up job	2026-06-21T17:03:17.4289308Z Worker ID: {a3321c90-ab77-40fc-be8b-0566e5b744d2}
Quality Gate PASS Record Verification	Set up job	2026-06-21T17:03:17.4290066Z Azure Region: westus
Quality Gate PASS Record Verification	Set up job	2026-06-21T17:03:17.4290655Z ##[endgroup]
Quality Gate PASS Record Verification	Set up job	2026-06-21T17:03:17.4292187Z ##[group]Operating System
Quality Gate PASS Record Verification	Set up job	2026-06-21T17:03:17.4292890Z Ubuntu
Quality Gate PASS Record Verification	Set up job	2026-06-21T17:03:17.4293399Z 24.04.4
Quality Gate PASS Record Verification	Set up job	2026-06-21T17:03:17.4294005Z LTS
Quality Gate PASS Record Verification	Set up job	2026-06-21T17:03:17.4294548Z ##[endgroup]
Quality Gate PASS Record Verification	Set up job	2026-06-21T17:03:17.4295133Z ##[group]Runner Image
Quality Gate PASS Record Verification	Set up job	2026-06-21T17:03:17.4295773Z Image: ubuntu-24.04
Quality Gate PASS Record Verification	Set up job	2026-06-21T17:03:17.4296325Z Version: 20260615.205.1
Quality Gate PASS Record Verification	Set up job	2026-06-21T17:03:17.4297695Z Included Software: https://github.com/actions/runner-images/blob/ubuntu24/20260615.205/images/ubuntu/Ubuntu2404-Readme.md
Quality Gate PASS Record Verification	Set up job	2026-06-21T17:03:17.4299531Z Image Release: https://github.com/actions/runner-images/releases/tag/ubuntu24%2F20260615.205
Quality Gate PASS Record Verification	Set up job	2026-06-21T17:03:17.4300538Z ##[endgroup]
Quality Gate PASS Record Verification	Set up job	2026-06-21T17:03:17.4301711Z ##[group]GITHUB_TOKEN Permissions
Quality Gate PASS Record Verification	Set up job	2026-06-21T17:03:17.4303867Z Contents: read
Quality Gate PASS Record Verification	Set up job	2026-06-21T17:03:17.4304883Z Metadata: read
Quality Gate PASS Record Verification	Set up job	2026-06-21T17:03:17.4305552Z Packages: read
Quality Gate PASS Record Verification	Set up job	2026-06-21T17:03:17.4306149Z ##[endgroup]
Quality Gate PASS Record Verification	Set up job	2026-06-21T17:03:17.4308598Z Secret source: Actions
Quality Gate PASS Record Verification	Set up job	2026-06-21T17:03:17.4309614Z Prepare workflow directory
Quality Gate PASS Record Verification	Set up job	2026-06-21T17:03:17.4658567Z Prepare all required actions
Quality Gate PASS Record Verification	Set up job	2026-06-21T17:03:17.4697756Z Getting action download info
Quality Gate PASS Record Verification	Set up job	2026-06-21T17:03:17.8388051Z Download action repository 'actions/checkout@v4' (SHA:34e114876b0b11c390a56381ad16ebd13914f8d5)
Quality Gate PASS Record Verification	Set up job	2026-06-21T17:03:18.0095470Z Complete job name: Quality Gate PASS Record Verification
Quality Gate PASS Record Verification	Run actions/checkout@v4	﻿2026-06-21T17:03:18.0948640Z Node 20 is being deprecated. This workflow is running with Node 24 by default. If you need to temporarily use Node 20, you can set the ACTIONS_ALLOW_USE_UNSECURE_NODE_VERSION=true environment variable. For more information see: https://github.blog/changelog/2025-09-19-deprecation-of-node-20-on-github-actions-runners/
Quality Gate PASS Record Verification	Run actions/checkout@v4	2026-06-21T17:03:18.0957498Z ##[group]Run actions/checkout@v4
Quality Gate PASS Record Verification	Run actions/checkout@v4	2026-06-21T17:03:18.0958349Z with:
Quality Gate PASS Record Verification	Run actions/checkout@v4	2026-06-21T17:03:18.0958819Z   repository: johnnylugm-tech/omnibot
Quality Gate PASS Record Verification	Run actions/checkout@v4	2026-06-21T17:03:18.0963163Z   token: ***
Quality Gate PASS Record Verification	Run actions/checkout@v4	2026-06-21T17:03:18.0963601Z   ssh-strict: true
Quality Gate PASS Record Verification	Run actions/checkout@v4	2026-06-21T17:03:18.0964049Z   ssh-user: git
Quality Gate PASS Record Verification	Run actions/checkout@v4	2026-06-21T17:03:18.0964503Z   persist-credentials: true
Quality Gate PASS Record Verification	Run actions/checkout@v4	2026-06-21T17:03:18.0965035Z   clean: true
Quality Gate PASS Record Verification	Run actions/checkout@v4	2026-06-21T17:03:18.0965488Z   sparse-checkout-cone-mode: true
Quality Gate PASS Record Verification	Run actions/checkout@v4	2026-06-21T17:03:18.0966020Z   fetch-depth: 1
Quality Gate PASS Record Verification	Run actions/checkout@v4	2026-06-21T17:03:18.0966456Z   fetch-tags: false
Quality Gate PASS Record Verification	Run actions/checkout@v4	2026-06-21T17:03:18.0967088Z   show-progress: true
Quality Gate PASS Record Verification	Run actions/checkout@v4	2026-06-21T17:03:18.0967909Z   lfs: false
Quality Gate PASS Record Verification	Run actions/checkout@v4	2026-06-21T17:03:18.0968351Z   submodules: false
Quality Gate PASS Record Verification	Run actions/checkout@v4	2026-06-21T17:03:18.0968859Z   set-safe-directory: true
Quality Gate PASS Record Verification	Run actions/checkout@v4	2026-06-21T17:03:18.0969676Z ##[endgroup]
Quality Gate PASS Record Verification	Run actions/checkout@v4	2026-06-21T17:03:18.1962178Z Syncing repository: johnnylugm-tech/omnibot
Quality Gate PASS Record Verification	Run actions/checkout@v4	2026-06-21T17:03:18.1964309Z ##[group]Getting Git version info
Quality Gate PASS Record Verification	Run actions/checkout@v4	2026-06-21T17:03:18.1965062Z Working directory is '/home/runner/work/omnibot/omnibot'
Quality Gate PASS Record Verification	Run actions/checkout@v4	2026-06-21T17:03:18.1966434Z [command]/usr/bin/git version
Quality Gate PASS Record Verification	Run actions/checkout@v4	2026-06-21T17:03:18.2045046Z git version 2.54.0
Quality Gate PASS Record Verification	Run actions/checkout@v4	2026-06-21T17:03:18.2099443Z ##[endgroup]
Quality Gate PASS Record Verification	Run actions/checkout@v4	2026-06-21T17:03:18.2114203Z Temporarily overriding HOME='/home/runner/work/_temp/748351bb-7eeb-4cdc-8f5c-b5a3d643b4e4' before making global git config changes
Quality Gate PASS Record Verification	Run actions/checkout@v4	2026-06-21T17:03:18.2116607Z Adding repository directory to the temporary git global config as a safe directory
Quality Gate PASS Record Verification	Run actions/checkout@v4	2026-06-21T17:03:18.2120066Z [command]/usr/bin/git config --global --add safe.directory /home/runner/work/omnibot/omnibot
Quality Gate PASS Record Verification	Run actions/checkout@v4	2026-06-21T17:03:18.2169236Z Deleting the contents of '/home/runner/work/omnibot/omnibot'
Quality Gate PASS Record Verification	Run actions/checkout@v4	2026-06-21T17:03:18.2174225Z ##[group]Initializing the repository
Quality Gate PASS Record Verification	Run actions/checkout@v4	2026-06-21T17:03:18.2179074Z [command]/usr/bin/git init /home/runner/work/omnibot/omnibot
Quality Gate PASS Record Verification	Run actions/checkout@v4	2026-06-21T17:03:18.2289595Z hint: Using 'master' as the name for the initial branch. This default branch name
Quality Gate PASS Record Verification	Run actions/checkout@v4	2026-06-21T17:03:18.2291678Z hint: will change to "main" in Git 3.0. To configure the initial branch name
Quality Gate PASS Record Verification	Run actions/checkout@v4	2026-06-21T17:03:18.2292708Z hint: to use in all of your new repositories, which will suppress this warning,
Quality Gate PASS Record Verification	Run actions/checkout@v4	2026-06-21T17:03:18.2293492Z hint: call:
Quality Gate PASS Record Verification	Run actions/checkout@v4	2026-06-21T17:03:18.2294289Z hint:
Quality Gate PASS Record Verification	Run actions/checkout@v4	2026-06-21T17:03:18.2294846Z hint: 	git config --global init.defaultBranch <name>
Quality Gate PASS Record Verification	Run actions/checkout@v4	2026-06-21T17:03:18.2295485Z hint:
Quality Gate PASS Record Verification	Run actions/checkout@v4	2026-06-21T17:03:18.2296129Z hint: Names commonly chosen instead of 'master' are 'main', 'trunk' and
Quality Gate PASS Record Verification	Run actions/checkout@v4	2026-06-21T17:03:18.2297975Z hint: 'development'. The just-created branch can be renamed via this command:
Quality Gate PASS Record Verification	Run actions/checkout@v4	2026-06-21T17:03:18.2299318Z hint:
Quality Gate PASS Record Verification	Run actions/checkout@v4	2026-06-21T17:03:18.2300010Z hint: 	git branch -m <name>
Quality Gate PASS Record Verification	Run actions/checkout@v4	2026-06-21T17:03:18.2300688Z hint:
Quality Gate PASS Record Verification	Run actions/checkout@v4	2026-06-21T17:03:18.2301350Z hint: Disable this message with "git config set advice.defaultBranchName false"
Quality Gate PASS Record Verification	Run actions/checkout@v4	2026-06-21T17:03:18.2302408Z Initialized empty Git repository in /home/runner/work/omnibot/omnibot/.git/
Quality Gate PASS Record Verification	Run actions/checkout@v4	2026-06-21T17:03:18.2309170Z [command]/usr/bin/git remote add origin https://github.com/johnnylugm-tech/omnibot
Quality Gate PASS Record Verification	Run actions/checkout@v4	2026-06-21T17:03:18.2353880Z ##[endgroup]
Quality Gate PASS Record Verification	Run actions/checkout@v4	2026-06-21T17:03:18.2354686Z ##[group]Disabling automatic garbage collection
Quality Gate PASS Record Verification	Run actions/checkout@v4	2026-06-21T17:03:18.2359425Z [command]/usr/bin/git config --local gc.auto 0
Quality Gate PASS Record Verification	Run actions/checkout@v4	2026-06-21T17:03:18.2391543Z ##[endgroup]
Quality Gate PASS Record Verification	Run actions/checkout@v4	2026-06-21T17:03:18.2392788Z ##[group]Setting up auth
Quality Gate PASS Record Verification	Run actions/checkout@v4	2026-06-21T17:03:18.2398124Z [command]/usr/bin/git config --local --name-only --get-regexp core\.sshCommand
Quality Gate PASS Record Verification	Run actions/checkout@v4	2026-06-21T17:03:18.2432176Z [command]/usr/bin/git submodule foreach --recursive sh -c "git config --local --name-only --get-regexp 'core\.sshCommand' && git config --local --unset-all 'core.sshCommand' || :"
Quality Gate PASS Record Verification	Run actions/checkout@v4	2026-06-21T17:03:18.2786305Z [command]/usr/bin/git config --local --name-only --get-regexp http\.https\:\/\/github\.com\/\.extraheader
Quality Gate PASS Record Verification	Run actions/checkout@v4	2026-06-21T17:03:18.2817548Z [command]/usr/bin/git submodule foreach --recursive sh -c "git config --local --name-only --get-regexp 'http\.https\:\/\/github\.com\/\.extraheader' && git config --local --unset-all 'http.https://github.com/.extraheader' || :"
Quality Gate PASS Record Verification	Run actions/checkout@v4	2026-06-21T17:03:18.3037073Z [command]/usr/bin/git config --local --name-only --get-regexp ^includeIf\.gitdir:
Quality Gate PASS Record Verification	Run actions/checkout@v4	2026-06-21T17:03:18.3068791Z [command]/usr/bin/git submodule foreach --recursive git config --local --show-origin --name-only --get-regexp remote.origin.url
Quality Gate PASS Record Verification	Run actions/checkout@v4	2026-06-21T17:03:18.3289430Z [command]/usr/bin/git config --local http.https://github.com/.extraheader AUTHORIZATION: basic ***
Quality Gate PASS Record Verification	Run actions/checkout@v4	2026-06-21T17:03:18.3323558Z ##[endgroup]
Quality Gate PASS Record Verification	Run actions/checkout@v4	2026-06-21T17:03:18.3324386Z ##[group]Fetching the repository
Quality Gate PASS Record Verification	Run actions/checkout@v4	2026-06-21T17:03:18.3332790Z [command]/usr/bin/git -c protocol.version=2 fetch --no-tags --prune --no-recurse-submodules --depth=1 origin +b4a42eeb727aaa535039bd86a9731a15588be212:refs/remotes/origin/main
Quality Gate PASS Record Verification	Run actions/checkout@v4	2026-06-21T17:03:19.2884371Z From https://github.com/johnnylugm-tech/omnibot
Quality Gate PASS Record Verification	Run actions/checkout@v4	2026-06-21T17:03:19.2886513Z  * [new ref]         b4a42eeb727aaa535039bd86a9731a15588be212 -> origin/main
Quality Gate PASS Record Verification	Run actions/checkout@v4	2026-06-21T17:03:19.2925285Z ##[endgroup]
Quality Gate PASS Record Verification	Run actions/checkout@v4	2026-06-21T17:03:19.2927594Z ##[group]Determining the checkout info
Quality Gate PASS Record Verification	Run actions/checkout@v4	2026-06-21T17:03:19.2929587Z ##[endgroup]
Quality Gate PASS Record Verification	Run actions/checkout@v4	2026-06-21T17:03:19.2935944Z [command]/usr/bin/git sparse-checkout disable
Quality Gate PASS Record Verification	Run actions/checkout@v4	2026-06-21T17:03:19.2986117Z [command]/usr/bin/git config --local --unset-all extensions.worktreeConfig
Quality Gate PASS Record Verification	Run actions/checkout@v4	2026-06-21T17:03:19.3018975Z ##[group]Checking out the ref
Quality Gate PASS Record Verification	Run actions/checkout@v4	2026-06-21T17:03:19.3022216Z [command]/usr/bin/git checkout --progress --force -B main refs/remotes/origin/main
Quality Gate PASS Record Verification	Run actions/checkout@v4	2026-06-21T17:03:19.6367919Z Switched to a new branch 'main'
Quality Gate PASS Record Verification	Run actions/checkout@v4	2026-06-21T17:03:19.6369418Z branch 'main' set up to track 'origin/main'.
Quality Gate PASS Record Verification	Run actions/checkout@v4	2026-06-21T17:03:19.6384408Z ##[endgroup]
Quality Gate PASS Record Verification	Run actions/checkout@v4	2026-06-21T17:03:19.6430837Z [command]/usr/bin/git log -1 --format=%H
Quality Gate PASS Record Verification	Run actions/checkout@v4	2026-06-21T17:03:19.6455762Z b4a42eeb727aaa535039bd86a9731a15588be212
Quality Gate PASS Record Verification	Detect phase	﻿2026-06-21T17:03:19.6701219Z ##[group]Run PHASE=$(python3 -c "
Quality Gate PASS Record Verification	Detect phase	2026-06-21T17:03:19.6702804Z ^[[36;1mPHASE=$(python3 -c "^[[0m
Quality Gate PASS Record Verification	Detect phase	2026-06-21T17:03:19.6704133Z ^[[36;1mimport json^[[0m
Quality Gate PASS Record Verification	Detect phase	2026-06-21T17:03:19.6705280Z ^[[36;1mtry:^[[0m
Quality Gate PASS Record Verification	Detect phase	2026-06-21T17:03:19.6706545Z ^[[36;1m    d = json.load(open('.methodology/state.json'))^[[0m
Quality Gate PASS Record Verification	Detect phase	2026-06-21T17:03:19.6708869Z ^[[36;1m    print(int(d.get('current_phase', 0)))^[[0m
Quality Gate PASS Record Verification	Detect phase	2026-06-21T17:03:19.6710447Z ^[[36;1mexcept Exception:^[[0m
Quality Gate PASS Record Verification	Detect phase	2026-06-21T17:03:19.6711624Z ^[[36;1m    print(0)^[[0m
Quality Gate PASS Record Verification	Detect phase	2026-06-21T17:03:19.6712751Z ^[[36;1m" 2>/dev/null || echo "0")^[[0m
Quality Gate PASS Record Verification	Detect phase	2026-06-21T17:03:19.6714106Z ^[[36;1mecho "PHASE=$PHASE" >> $GITHUB_OUTPUT^[[0m
Quality Gate PASS Record Verification	Detect phase	2026-06-21T17:03:19.6911920Z shell: /usr/bin/bash -e {0}
Quality Gate PASS Record Verification	Detect phase	2026-06-21T17:03:19.6913214Z ##[endgroup]
Quality Gate PASS Record Verification	Verify required gate PASS in quality_manifest.json	﻿2026-06-21T17:03:19.7336668Z ##[group]Run python3 - <<'EOF'
Quality Gate PASS Record Verification	Verify required gate PASS in quality_manifest.json	2026-06-21T17:03:19.7338238Z ^[[36;1mpython3 - <<'EOF'^[[0m
Quality Gate PASS Record Verification	Verify required gate PASS in quality_manifest.json	2026-06-21T17:03:19.7339351Z ^[[36;1mimport json, os, sys^[[0m
Quality Gate PASS Record Verification	Verify required gate PASS in quality_manifest.json	2026-06-21T17:03:19.7340593Z ^[[36;1mphase = int(os.environ.get("PHASE", "0"))^[[0m
Quality Gate PASS Record Verification	Verify required gate PASS in quality_manifest.json	2026-06-21T17:03:19.7342423Z ^[[36;1m# Gate N is required to be in phase p (from _ENTRY_GATE_MAP in harness_cli.py)^[[0m
Quality Gate PASS Record Verification	Verify required gate PASS in quality_manifest.json	2026-06-21T17:03:19.7344259Z ^[[36;1mentry_gate = {4: 2, 5: 3, 6: 3, 7: 4, 8: 4}^[[0m
Quality Gate PASS Record Verification	Verify required gate PASS in quality_manifest.json	2026-06-21T17:03:19.7345629Z ^[[36;1mgate_num = entry_gate.get(phase)^[[0m
Quality Gate PASS Record Verification	Verify required gate PASS in quality_manifest.json	2026-06-21T17:03:19.7346853Z ^[[36;1mif gate_num is None:^[[0m
Quality Gate PASS Record Verification	Verify required gate PASS in quality_manifest.json	2026-06-21T17:03:19.7348878Z ^[[36;1m    print(f"INFO: Phase {phase} has no required gate record — skipping.")^[[0m
Quality Gate PASS Record Verification	Verify required gate PASS in quality_manifest.json	2026-06-21T17:03:19.7350562Z ^[[36;1m    sys.exit(0)^[[0m
Quality Gate PASS Record Verification	Verify required gate PASS in quality_manifest.json	2026-06-21T17:03:19.7351858Z ^[[36;1mmanifest_path = ".methodology/quality_manifest.json"^[[0m
Quality Gate PASS Record Verification	Verify required gate PASS in quality_manifest.json	2026-06-21T17:03:19.7353274Z ^[[36;1mtry:^[[0m
Quality Gate PASS Record Verification	Verify required gate PASS in quality_manifest.json	2026-06-21T17:03:19.7354521Z ^[[36;1m    manifest = json.load(open(manifest_path, encoding='utf-8'))^[[0m
Quality Gate PASS Record Verification	Verify required gate PASS in quality_manifest.json	2026-06-21T17:03:19.7356111Z ^[[36;1mexcept FileNotFoundError:^[[0m
Quality Gate PASS Record Verification	Verify required gate PASS in quality_manifest.json	2026-06-21T17:03:19.7357760Z ^[[36;1m    print(f"ERROR: {manifest_path} not found.")^[[0m
Quality Gate PASS Record Verification	Verify required gate PASS in quality_manifest.json	2026-06-21T17:03:19.7359717Z ^[[36;1m    print(f"  Gate {gate_num} PASS is required to be in Phase {phase}.")^[[0m
Quality Gate PASS Record Verification	Verify required gate PASS in quality_manifest.json	2026-06-21T17:03:19.7362082Z ^[[36;1m    print(f"  Run finalize-gate --gate {gate_num} and advance-phase to generate it.")^[[0m
Quality Gate PASS Record Verification	Verify required gate PASS in quality_manifest.json	2026-06-21T17:03:19.7363977Z ^[[36;1m    sys.exit(1)^[[0m
Quality Gate PASS Record Verification	Verify required gate PASS in quality_manifest.json	2026-06-21T17:03:19.7365348Z ^[[36;1mexcept Exception as e:^[[0m
Quality Gate PASS Record Verification	Verify required gate PASS in quality_manifest.json	2026-06-21T17:03:19.7366775Z ^[[36;1m    print(f"ERROR: {manifest_path} is not valid JSON: {e}")^[[0m
Quality Gate PASS Record Verification	Verify required gate PASS in quality_manifest.json	2026-06-21T17:03:19.7368513Z ^[[36;1m    sys.exit(1)^[[0m
Quality Gate PASS Record Verification	Verify required gate PASS in quality_manifest.json	2026-06-21T17:03:19.7370012Z ^[[36;1mgate_result = manifest.get("gate_results", {}).get(f"gate{gate_num}", {})^[[0m
Quality Gate PASS Record Verification	Verify required gate PASS in quality_manifest.json	2026-06-21T17:03:19.7371817Z ^[[36;1mif gate_result.get("quality_complete"):^[[0m
Quality Gate PASS Record Verification	Verify required gate PASS in quality_manifest.json	2026-06-21T17:03:19.7373764Z ^[[36;1m    print(f"OK: Gate {gate_num} PASS confirmed in quality_manifest.json (Phase {phase}).")^[[0m
Quality Gate PASS Record Verification	Verify required gate PASS in quality_manifest.json	2026-06-21T17:03:19.7375614Z ^[[36;1m    sys.exit(0)^[[0m
Quality Gate PASS Record Verification	Verify required gate PASS in quality_manifest.json	2026-06-21T17:03:19.7377614Z ^[[36;1mprint(f"FAIL: Gate {gate_num} PASS not recorded in quality_manifest.json for Phase {phase}.")^[[0m
Quality Gate PASS Record Verification	Verify required gate PASS in quality_manifest.json	2026-06-21T17:03:19.7380056Z ^[[36;1mprint(f"  Expected: gate_results.gate{gate_num}.quality_complete = true")^[[0m
Quality Gate PASS Record Verification	Verify required gate PASS in quality_manifest.json	2026-06-21T17:03:19.7381922Z ^[[36;1mprint(f"  Got: {gate_result!r}")^[[0m
Quality Gate PASS Record Verification	Verify required gate PASS in quality_manifest.json	2026-06-21T17:03:19.7384095Z ^[[36;1mprint(f"  Run: python harness/harness_cli.py finalize-gate --gate {gate_num} --phase <prev_phase> --project .")^[[0m
Quality Gate PASS Record Verification	Verify required gate PASS in quality_manifest.json	2026-06-21T17:03:19.7386197Z ^[[36;1msys.exit(1)^[[0m
Quality Gate PASS Record Verification	Verify required gate PASS in quality_manifest.json	2026-06-21T17:03:19.7387156Z ^[[36;1mEOF^[[0m
Quality Gate PASS Record Verification	Verify required gate PASS in quality_manifest.json	2026-06-21T17:03:19.7420540Z shell: /usr/bin/bash -e {0}
Quality Gate PASS Record Verification	Verify required gate PASS in quality_manifest.json	2026-06-21T17:03:19.7421602Z env:
Quality Gate PASS Record Verification	Verify required gate PASS in quality_manifest.json	2026-06-21T17:03:19.7422454Z   PHASE: 3
Quality Gate PASS Record Verification	Verify required gate PASS in quality_manifest.json	2026-06-21T17:03:19.7423339Z ##[endgroup]
Quality Gate PASS Record Verification	Verify required gate PASS in quality_manifest.json	2026-06-21T17:03:19.7682579Z INFO: Phase 3 has no required gate record — skipping.
Quality Gate PASS Record Verification	Post Run actions/checkout@v4	﻿2026-06-21T17:03:19.7962550Z Node 20 is being deprecated. This workflow is running with Node 24 by default. If you need to temporarily use Node 20, you can set the ACTIONS_ALLOW_USE_UNSECURE_NODE_VERSION=true environment variable. For more information see: https://github.blog/changelog/2025-09-19-deprecation-of-node-20-on-github-actions-runners/
Quality Gate PASS Record Verification	Post Run actions/checkout@v4	2026-06-21T17:03:19.7967442Z Post job cleanup.
Quality Gate PASS Record Verification	Post Run actions/checkout@v4	2026-06-21T17:03:19.8920977Z [command]/usr/bin/git version
Quality Gate PASS Record Verification	Post Run actions/checkout@v4	2026-06-21T17:03:19.8958130Z git version 2.54.0
Quality Gate PASS Record Verification	Post Run actions/checkout@v4	2026-06-21T17:03:19.8998438Z Temporarily overriding HOME='/home/runner/work/_temp/37211a6e-2cfe-4302-a5bf-805f1f221bfd' before making global git config changes
Quality Gate PASS Record Verification	Post Run actions/checkout@v4	2026-06-21T17:03:19.9001960Z Adding repository directory to the temporary git global config as a safe directory
Quality Gate PASS Record Verification	Post Run actions/checkout@v4	2026-06-21T17:03:19.9005702Z [command]/usr/bin/git config --global --add safe.directory /home/runner/work/omnibot/omnibot
Quality Gate PASS Record Verification	Post Run actions/checkout@v4	2026-06-21T17:03:19.9041664Z [command]/usr/bin/git config --local --name-only --get-regexp core\.sshCommand
Quality Gate PASS Record Verification	Post Run actions/checkout@v4	2026-06-21T17:03:19.9075948Z [command]/usr/bin/git submodule foreach --recursive sh -c "git config --local --name-only --get-regexp 'core\.sshCommand' && git config --local --unset-all 'core.sshCommand' || :"
Quality Gate PASS Record Verification	Post Run actions/checkout@v4	2026-06-21T17:03:19.9304093Z [command]/usr/bin/git config --local --name-only --get-regexp http\.https\:\/\/github\.com\/\.extraheader
Quality Gate PASS Record Verification	Post Run actions/checkout@v4	2026-06-21T17:03:19.9331012Z http.https://github.com/.extraheader
Quality Gate PASS Record Verification	Post Run actions/checkout@v4	2026-06-21T17:03:19.9343912Z [command]/usr/bin/git config --local --unset-all http.https://github.com/.extraheader
Quality Gate PASS Record Verification	Post Run actions/checkout@v4	2026-06-21T17:03:19.9379180Z [command]/usr/bin/git submodule foreach --recursive sh -c "git config --local --name-only --get-regexp 'http\.https\:\/\/github\.com\/\.extraheader' && git config --local --unset-all 'http.https://github.com/.extraheader' || :"
Quality Gate PASS Record Verification	Post Run actions/checkout@v4	2026-06-21T17:03:19.9601156Z [command]/usr/bin/git config --local --name-only --get-regexp ^includeIf\.gitdir:
Quality Gate PASS Record Verification	Post Run actions/checkout@v4	2026-06-21T17:03:19.9634643Z [command]/usr/bin/git submodule foreach --recursive git config --local --show-origin --name-only --get-regexp remote.origin.url
Quality Gate PASS Record Verification	Complete job	﻿2026-06-21T17:03:20.0011544Z Cleaning up orphan processes
Quality Gate PASS Record Verification	Complete job	2026-06-21T17:03:20.0420528Z ##[warning]Node.js 20 is deprecated. The following actions target Node.js 20 but are being forced to run on Node.js 24: actions/checkout@v4. For more information see: https://github.blog/changelog/2025-09-19-deprecation-of-node-20-on-github-actions-runners/
CRG Architecture Gate (P3+)	Set up job	﻿2026-06-21T17:03:15.5953595Z Current runner version: '2.335.1'
CRG Architecture Gate (P3+)	Set up job	2026-06-21T17:03:15.5988922Z ##[group]Runner Image Provisioner
CRG Architecture Gate (P3+)	Set up job	2026-06-21T17:03:15.5990091Z Hosted Compute Agent
CRG Architecture Gate (P3+)	Set up job	2026-06-21T17:03:15.5991108Z Version: 20260611.554
CRG Architecture Gate (P3+)	Set up job	2026-06-21T17:03:15.5992333Z Commit: 5e0782fdc9014723d3be820dd114dd31555c2bd1
CRG Architecture Gate (P3+)	Set up job	2026-06-21T17:03:15.5993520Z Build Date: 2026-06-11T21:40:46Z
CRG Architecture Gate (P3+)	Set up job	2026-06-21T17:03:15.5994682Z Worker ID: {27991ff5-1bb2-403c-a522-8f5f2bd0c71a}
CRG Architecture Gate (P3+)	Set up job	2026-06-21T17:03:15.5995744Z Azure Region: eastus
CRG Architecture Gate (P3+)	Set up job	2026-06-21T17:03:15.5996689Z ##[endgroup]
CRG Architecture Gate (P3+)	Set up job	2026-06-21T17:03:15.5998795Z ##[group]Operating System
CRG Architecture Gate (P3+)	Set up job	2026-06-21T17:03:15.5999875Z Ubuntu
CRG Architecture Gate (P3+)	Set up job	2026-06-21T17:03:15.6000701Z 24.04.4
CRG Architecture Gate (P3+)	Set up job	2026-06-21T17:03:15.6001530Z LTS
CRG Architecture Gate (P3+)	Set up job	2026-06-21T17:03:15.6002535Z ##[endgroup]
CRG Architecture Gate (P3+)	Set up job	2026-06-21T17:03:15.6003369Z ##[group]Runner Image
CRG Architecture Gate (P3+)	Set up job	2026-06-21T17:03:15.6004331Z Image: ubuntu-24.04
CRG Architecture Gate (P3+)	Set up job	2026-06-21T17:03:15.6005237Z Version: 20260615.205.1
CRG Architecture Gate (P3+)	Set up job	2026-06-21T17:03:15.6006914Z Included Software: https://github.com/actions/runner-images/blob/ubuntu24/20260615.205/images/ubuntu/Ubuntu2404-Readme.md
CRG Architecture Gate (P3+)	Set up job	2026-06-21T17:03:15.6009803Z Image Release: https://github.com/actions/runner-images/releases/tag/ubuntu24%2F20260615.205
CRG Architecture Gate (P3+)	Set up job	2026-06-21T17:03:15.6012201Z ##[endgroup]
CRG Architecture Gate (P3+)	Set up job	2026-06-21T17:03:15.6014129Z ##[group]GITHUB_TOKEN Permissions
CRG Architecture Gate (P3+)	Set up job	2026-06-21T17:03:15.6016708Z Contents: read
CRG Architecture Gate (P3+)	Set up job	2026-06-21T17:03:15.6017592Z Metadata: read
CRG Architecture Gate (P3+)	Set up job	2026-06-21T17:03:15.6018521Z Packages: read
CRG Architecture Gate (P3+)	Set up job	2026-06-21T17:03:15.6019384Z ##[endgroup]
CRG Architecture Gate (P3+)	Set up job	2026-06-21T17:03:15.6022463Z Secret source: Actions
CRG Architecture Gate (P3+)	Set up job	2026-06-21T17:03:15.6023689Z Prepare workflow directory
CRG Architecture Gate (P3+)	Set up job	2026-06-21T17:03:15.6472256Z Prepare all required actions
CRG Architecture Gate (P3+)	Set up job	2026-06-21T17:03:15.6526002Z Getting action download info
CRG Architecture Gate (P3+)	Set up job	2026-06-21T17:03:15.8348513Z Download action repository 'actions/checkout@v4' (SHA:34e114876b0b11c390a56381ad16ebd13914f8d5)
CRG Architecture Gate (P3+)	Set up job	2026-06-21T17:03:15.9081076Z Download action repository 'actions/setup-python@v5' (SHA:a26af69be951a213d495a4c3e4e4022e16d87065)
CRG Architecture Gate (P3+)	Set up job	2026-06-21T17:03:16.0876474Z Complete job name: CRG Architecture Gate (P3+)
CRG Architecture Gate (P3+)	Run actions/checkout@v4	﻿2026-06-21T17:03:16.1612007Z Node 20 is being deprecated. This workflow is running with Node 24 by default. If you need to temporarily use Node 20, you can set the ACTIONS_ALLOW_USE_UNSECURE_NODE_VERSION=true environment variable. For more information see: https://github.blog/changelog/2025-09-19-deprecation-of-node-20-on-github-actions-runners/
CRG Architecture Gate (P3+)	Run actions/checkout@v4	2026-06-21T17:03:16.1620494Z ##[group]Run actions/checkout@v4
CRG Architecture Gate (P3+)	Run actions/checkout@v4	2026-06-21T17:03:16.1621208Z with:
CRG Architecture Gate (P3+)	Run actions/checkout@v4	2026-06-21T17:03:16.1621834Z   submodules: true
CRG Architecture Gate (P3+)	Run actions/checkout@v4	2026-06-21T17:03:16.1622284Z   fetch-depth: 0
CRG Architecture Gate (P3+)	Run actions/checkout@v4	2026-06-21T17:03:16.1622747Z   repository: johnnylugm-tech/omnibot
CRG Architecture Gate (P3+)	Run actions/checkout@v4	2026-06-21T17:03:16.1627610Z   token: ***
CRG Architecture Gate (P3+)	Run actions/checkout@v4	2026-06-21T17:03:16.1628041Z   ssh-strict: true
CRG Architecture Gate (P3+)	Run actions/checkout@v4	2026-06-21T17:03:16.1628473Z   ssh-user: git
CRG Architecture Gate (P3+)	Run actions/checkout@v4	2026-06-21T17:03:16.1628907Z   persist-credentials: true
CRG Architecture Gate (P3+)	Run actions/checkout@v4	2026-06-21T17:03:16.1629389Z   clean: true
CRG Architecture Gate (P3+)	Run actions/checkout@v4	2026-06-21T17:03:16.1629829Z   sparse-checkout-cone-mode: true
CRG Architecture Gate (P3+)	Run actions/checkout@v4	2026-06-21T17:03:16.1630350Z   fetch-tags: false
CRG Architecture Gate (P3+)	Run actions/checkout@v4	2026-06-21T17:03:16.1630783Z   show-progress: true
CRG Architecture Gate (P3+)	Run actions/checkout@v4	2026-06-21T17:03:16.1631221Z   lfs: false
CRG Architecture Gate (P3+)	Run actions/checkout@v4	2026-06-21T17:03:16.1631804Z   set-safe-directory: true
CRG Architecture Gate (P3+)	Run actions/checkout@v4	2026-06-21T17:03:16.1632848Z ##[endgroup]
CRG Architecture Gate (P3+)	Run actions/checkout@v4	2026-06-21T17:03:16.2622949Z Syncing repository: johnnylugm-tech/omnibot
CRG Architecture Gate (P3+)	Run actions/checkout@v4	2026-06-21T17:03:16.2624957Z ##[group]Getting Git version info
CRG Architecture Gate (P3+)	Run actions/checkout@v4	2026-06-21T17:03:16.2625697Z Working directory is '/home/runner/work/omnibot/omnibot'
CRG Architecture Gate (P3+)	Run actions/checkout@v4	2026-06-21T17:03:16.2626715Z [command]/usr/bin/git version
CRG Architecture Gate (P3+)	Run actions/checkout@v4	2026-06-21T17:03:16.2684048Z git version 2.54.0
CRG Architecture Gate (P3+)	Run actions/checkout@v4	2026-06-21T17:03:16.2710320Z ##[endgroup]
CRG Architecture Gate (P3+)	Run actions/checkout@v4	2026-06-21T17:03:16.2716970Z Temporarily overriding HOME='/home/runner/work/_temp/6a92a59a-3b70-4feb-803e-efeffbdda5b9' before making global git config changes
CRG Architecture Gate (P3+)	Run actions/checkout@v4	2026-06-21T17:03:16.2720968Z Adding repository directory to the temporary git global config as a safe directory
CRG Architecture Gate (P3+)	Run actions/checkout@v4	2026-06-21T17:03:16.2722406Z [command]/usr/bin/git config --global --add safe.directory /home/runner/work/omnibot/omnibot
CRG Architecture Gate (P3+)	Run actions/checkout@v4	2026-06-21T17:03:16.2770188Z Deleting the contents of '/home/runner/work/omnibot/omnibot'
CRG Architecture Gate (P3+)	Run actions/checkout@v4	2026-06-21T17:03:16.2774518Z ##[group]Initializing the repository
CRG Architecture Gate (P3+)	Run actions/checkout@v4	2026-06-21T17:03:16.2778931Z [command]/usr/bin/git init /home/runner/work/omnibot/omnibot
CRG Architecture Gate (P3+)	Run actions/checkout@v4	2026-06-21T17:03:16.2873039Z hint: Using 'master' as the name for the initial branch. This default branch name
CRG Architecture Gate (P3+)	Run actions/checkout@v4	2026-06-21T17:03:16.2874724Z hint: will change to "main" in Git 3.0. To configure the initial branch name
CRG Architecture Gate (P3+)	Run actions/checkout@v4	2026-06-21T17:03:16.2876030Z hint: to use in all of your new repositories, which will suppress this warning,
CRG Architecture Gate (P3+)	Run actions/checkout@v4	2026-06-21T17:03:16.2877168Z hint: call:
CRG Architecture Gate (P3+)	Run actions/checkout@v4	2026-06-21T17:03:16.2877836Z hint:
CRG Architecture Gate (P3+)	Run actions/checkout@v4	2026-06-21T17:03:16.2878644Z hint: 	git config --global init.defaultBranch <name>
CRG Architecture Gate (P3+)	Run actions/checkout@v4	2026-06-21T17:03:16.2879503Z hint:
CRG Architecture Gate (P3+)	Run actions/checkout@v4	2026-06-21T17:03:16.2880416Z hint: Names commonly chosen instead of 'master' are 'main', 'trunk' and
CRG Architecture Gate (P3+)	Run actions/checkout@v4	2026-06-21T17:03:16.2881801Z hint: 'development'. The just-created branch can be renamed via this command:
CRG Architecture Gate (P3+)	Run actions/checkout@v4	2026-06-21T17:03:16.2882956Z hint:
CRG Architecture Gate (P3+)	Run actions/checkout@v4	2026-06-21T17:03:16.2883697Z hint: 	git branch -m <name>
CRG Architecture Gate (P3+)	Run actions/checkout@v4	2026-06-21T17:03:16.2884259Z hint:
CRG Architecture Gate (P3+)	Run actions/checkout@v4	2026-06-21T17:03:16.2884930Z hint: Disable this message with "git config set advice.defaultBranchName false"
CRG Architecture Gate (P3+)	Run actions/checkout@v4	2026-06-21T17:03:16.2885962Z Initialized empty Git repository in /home/runner/work/omnibot/omnibot/.git/
CRG Architecture Gate (P3+)	Run actions/checkout@v4	2026-06-21T17:03:16.2889603Z [command]/usr/bin/git remote add origin https://github.com/johnnylugm-tech/omnibot
CRG Architecture Gate (P3+)	Run actions/checkout@v4	2026-06-21T17:03:16.2932148Z ##[endgroup]
CRG Architecture Gate (P3+)	Run actions/checkout@v4	2026-06-21T17:03:16.2933315Z ##[group]Disabling automatic garbage collection
CRG Architecture Gate (P3+)	Run actions/checkout@v4	2026-06-21T17:03:16.2935588Z [command]/usr/bin/git config --local gc.auto 0
CRG Architecture Gate (P3+)	Run actions/checkout@v4	2026-06-21T17:03:16.2964521Z ##[endgroup]
CRG Architecture Gate (P3+)	Run actions/checkout@v4	2026-06-21T17:03:16.2965595Z ##[group]Setting up auth
CRG Architecture Gate (P3+)	Run actions/checkout@v4	2026-06-21T17:03:16.2970788Z [command]/usr/bin/git config --local --name-only --get-regexp core\.sshCommand
CRG Architecture Gate (P3+)	Run actions/checkout@v4	2026-06-21T17:03:16.3004682Z [command]/usr/bin/git submodule foreach --recursive sh -c "git config --local --name-only --get-regexp 'core\.sshCommand' && git config --local --unset-all 'core.sshCommand' || :"
CRG Architecture Gate (P3+)	Run actions/checkout@v4	2026-06-21T17:03:16.3348914Z [command]/usr/bin/git config --local --name-only --get-regexp http\.https\:\/\/github\.com\/\.extraheader
CRG Architecture Gate (P3+)	Run actions/checkout@v4	2026-06-21T17:03:16.3382554Z [command]/usr/bin/git submodule foreach --recursive sh -c "git config --local --name-only --get-regexp 'http\.https\:\/\/github\.com\/\.extraheader' && git config --local --unset-all 'http.https://github.com/.extraheader' || :"
CRG Architecture Gate (P3+)	Run actions/checkout@v4	2026-06-21T17:03:16.3610319Z [command]/usr/bin/git config --local --name-only --get-regexp ^includeIf\.gitdir:
CRG Architecture Gate (P3+)	Run actions/checkout@v4	2026-06-21T17:03:16.3641047Z [command]/usr/bin/git submodule foreach --recursive git config --local --show-origin --name-only --get-regexp remote.origin.url
CRG Architecture Gate (P3+)	Run actions/checkout@v4	2026-06-21T17:03:16.3870599Z [command]/usr/bin/git config --local http.https://github.com/.extraheader AUTHORIZATION: basic ***
CRG Architecture Gate (P3+)	Run actions/checkout@v4	2026-06-21T17:03:16.3905206Z ##[endgroup]
CRG Architecture Gate (P3+)	Run actions/checkout@v4	2026-06-21T17:03:16.3906362Z ##[group]Fetching the repository
CRG Architecture Gate (P3+)	Run actions/checkout@v4	2026-06-21T17:03:16.3914536Z [command]/usr/bin/git -c protocol.version=2 fetch --prune --no-recurse-submodules origin +refs/heads/*:refs/remotes/origin/* +refs/tags/*:refs/tags/*
CRG Architecture Gate (P3+)	Run actions/checkout@v4	2026-06-21T17:03:17.2199361Z From https://github.com/johnnylugm-tech/omnibot
CRG Architecture Gate (P3+)	Run actions/checkout@v4	2026-06-21T17:03:17.2202495Z  * [new branch]      main       -> origin/main
CRG Architecture Gate (P3+)	Run actions/checkout@v4	2026-06-21T17:03:17.2244462Z [command]/usr/bin/git branch --list --remote origin/main
CRG Architecture Gate (P3+)	Run actions/checkout@v4	2026-06-21T17:03:17.2273953Z   origin/main
CRG Architecture Gate (P3+)	Run actions/checkout@v4	2026-06-21T17:03:17.2283863Z [command]/usr/bin/git rev-parse refs/remotes/origin/main
CRG Architecture Gate (P3+)	Run actions/checkout@v4	2026-06-21T17:03:17.2309810Z b4a42eeb727aaa535039bd86a9731a15588be212
CRG Architecture Gate (P3+)	Run actions/checkout@v4	2026-06-21T17:03:17.2316463Z ##[endgroup]
CRG Architecture Gate (P3+)	Run actions/checkout@v4	2026-06-21T17:03:17.2318255Z ##[group]Determining the checkout info
CRG Architecture Gate (P3+)	Run actions/checkout@v4	2026-06-21T17:03:17.2320486Z ##[endgroup]
CRG Architecture Gate (P3+)	Run actions/checkout@v4	2026-06-21T17:03:17.2322620Z [command]/usr/bin/git sparse-checkout disable
CRG Architecture Gate (P3+)	Run actions/checkout@v4	2026-06-21T17:03:17.2368746Z [command]/usr/bin/git config --local --unset-all extensions.worktreeConfig
CRG Architecture Gate (P3+)	Run actions/checkout@v4	2026-06-21T17:03:17.2399935Z ##[group]Checking out the ref
CRG Architecture Gate (P3+)	Run actions/checkout@v4	2026-06-21T17:03:17.2403148Z [command]/usr/bin/git checkout --progress --force -B main refs/remotes/origin/main
CRG Architecture Gate (P3+)	Run actions/checkout@v4	2026-06-21T17:03:17.6107579Z Switched to a new branch 'main'
CRG Architecture Gate (P3+)	Run actions/checkout@v4	2026-06-21T17:03:17.6108823Z branch 'main' set up to track 'origin/main'.
CRG Architecture Gate (P3+)	Run actions/checkout@v4	2026-06-21T17:03:17.6122047Z ##[endgroup]
CRG Architecture Gate (P3+)	Run actions/checkout@v4	2026-06-21T17:03:17.6122793Z ##[group]Setting up auth for fetching submodules
CRG Architecture Gate (P3+)	Run actions/checkout@v4	2026-06-21T17:03:17.6128563Z [command]/usr/bin/git config --global http.https://github.com/.extraheader AUTHORIZATION: basic ***
CRG Architecture Gate (P3+)	Run actions/checkout@v4	2026-06-21T17:03:17.6170574Z [command]/usr/bin/git config --global --unset-all url.https://github.com/.insteadOf
CRG Architecture Gate (P3+)	Run actions/checkout@v4	2026-06-21T17:03:17.6202570Z [command]/usr/bin/git config --global --add url.https://github.com/.insteadOf git@github.com:
CRG Architecture Gate (P3+)	Run actions/checkout@v4	2026-06-21T17:03:17.6234341Z [command]/usr/bin/git config --global --add url.https://github.com/.insteadOf org-264831202@github.com:
CRG Architecture Gate (P3+)	Run actions/checkout@v4	2026-06-21T17:03:17.6260954Z ##[endgroup]
CRG Architecture Gate (P3+)	Run actions/checkout@v4	2026-06-21T17:03:17.6261502Z ##[group]Fetching submodules
CRG Architecture Gate (P3+)	Run actions/checkout@v4	2026-06-21T17:03:17.6266007Z [command]/usr/bin/git submodule sync
CRG Architecture Gate (P3+)	Run actions/checkout@v4	2026-06-21T17:03:17.6498247Z [command]/usr/bin/git -c protocol.version=2 submodule update --init --force
CRG Architecture Gate (P3+)	Run actions/checkout@v4	2026-06-21T17:03:17.6723973Z Submodule 'harness' (https://github.com/johnnylugm-tech/harness-methodology.git) registered for path 'harness'
CRG Architecture Gate (P3+)	Run actions/checkout@v4	2026-06-21T17:03:17.6753987Z Cloning into '/home/runner/work/omnibot/omnibot/harness'...
CRG Architecture Gate (P3+)	Run actions/checkout@v4	2026-06-21T17:03:18.7664587Z Submodule path 'harness': checked out '094bc1981e951903f3a243e6c4d6e4e573bfceda'
CRG Architecture Gate (P3+)	Run actions/checkout@v4	2026-06-21T17:03:18.7679375Z [command]/usr/bin/git submodule foreach git config --local gc.auto 0
CRG Architecture Gate (P3+)	Run actions/checkout@v4	2026-06-21T17:03:18.7918115Z Entering 'harness'
CRG Architecture Gate (P3+)	Run actions/checkout@v4	2026-06-21T17:03:18.7957624Z ##[endgroup]
CRG Architecture Gate (P3+)	Run actions/checkout@v4	2026-06-21T17:03:18.7958378Z ##[group]Persisting credentials for submodules
CRG Architecture Gate (P3+)	Run actions/checkout@v4	2026-06-21T17:03:18.7964717Z [command]/usr/bin/git submodule foreach --recursive sh -c "git config --local --name-only --get-regexp 'url\.https\:\/\/github\.com\/\.insteadOf' && git config --local --unset-all 'url.https://github.com/.insteadOf' || :"
CRG Architecture Gate (P3+)	Run actions/checkout@v4	2026-06-21T17:03:18.8192354Z Entering 'harness'
CRG Architecture Gate (P3+)	Run actions/checkout@v4	2026-06-21T17:03:18.8254049Z [command]/usr/bin/git submodule foreach sh -c "git config --local 'http.https://github.com/.extraheader' 'AUTHORIZATION: basic ***' && git config --local --show-origin --name-only --get-regexp remote.origin.url"
CRG Architecture Gate (P3+)	Run actions/checkout@v4	2026-06-21T17:03:18.8475330Z Entering 'harness'
CRG Architecture Gate (P3+)	Run actions/checkout@v4	2026-06-21T17:03:18.8517835Z file:/home/runner/work/omnibot/omnibot/.git/modules/harness/config	remote.origin.url
CRG Architecture Gate (P3+)	Run actions/checkout@v4	2026-06-21T17:03:18.8539028Z [command]/usr/bin/git submodule foreach git config --local --add 'url.https://github.com/.insteadOf' 'git@github.com:'
CRG Architecture Gate (P3+)	Run actions/checkout@v4	2026-06-21T17:03:18.8758322Z Entering 'harness'
CRG Architecture Gate (P3+)	Run actions/checkout@v4	2026-06-21T17:03:18.8793927Z [command]/usr/bin/git submodule foreach git config --local --add 'url.https://github.com/.insteadOf' 'org-264831202@github.com:'
CRG Architecture Gate (P3+)	Run actions/checkout@v4	2026-06-21T17:03:18.9012924Z Entering 'harness'
CRG Architecture Gate (P3+)	Run actions/checkout@v4	2026-06-21T17:03:18.9044832Z ##[endgroup]
CRG Architecture Gate (P3+)	Run actions/checkout@v4	2026-06-21T17:03:18.9089313Z [command]/usr/bin/git log -1 --format=%H
CRG Architecture Gate (P3+)	Run actions/checkout@v4	2026-06-21T17:03:18.9115989Z b4a42eeb727aaa535039bd86a9731a15588be212
CRG Architecture Gate (P3+)	Run actions/setup-python@v5	﻿2026-06-21T17:03:18.9361963Z Node 20 is being deprecated. This workflow is running with Node 24 by default. If you need to temporarily use Node 20, you can set the ACTIONS_ALLOW_USE_UNSECURE_NODE_VERSION=true environment variable. For more information see: https://github.blog/changelog/2025-09-19-deprecation-of-node-20-on-github-actions-runners/
CRG Architecture Gate (P3+)	Run actions/setup-python@v5	2026-06-21T17:03:18.9363947Z ##[group]Run actions/setup-python@v5
CRG Architecture Gate (P3+)	Run actions/setup-python@v5	2026-06-21T17:03:18.9364258Z with:
CRG Architecture Gate (P3+)	Run actions/setup-python@v5	2026-06-21T17:03:18.9364481Z   python-version: 3.11
CRG Architecture Gate (P3+)	Run actions/setup-python@v5	2026-06-21T17:03:18.9364793Z   check-latest: false
CRG Architecture Gate (P3+)	Run actions/setup-python@v5	2026-06-21T17:03:18.9367849Z   token: ***
CRG Architecture Gate (P3+)	Run actions/setup-python@v5	2026-06-21T17:03:18.9368079Z   update-environment: true
CRG Architecture Gate (P3+)	Run actions/setup-python@v5	2026-06-21T17:03:18.9368340Z   allow-prereleases: false
CRG Architecture Gate (P3+)	Run actions/setup-python@v5	2026-06-21T17:03:18.9368580Z   freethreaded: false
CRG Architecture Gate (P3+)	Run actions/setup-python@v5	2026-06-21T17:03:18.9368802Z ##[endgroup]
CRG Architecture Gate (P3+)	Run actions/setup-python@v5	2026-06-21T17:03:19.0798734Z ##[group]Installed versions
CRG Architecture Gate (P3+)	Run actions/setup-python@v5	2026-06-21T17:03:19.0905960Z (node:2498) [DEP0040] DeprecationWarning: The `punycode` module is deprecated. Please use a userland alternative instead.
CRG Architecture Gate (P3+)	Run actions/setup-python@v5	2026-06-21T17:03:19.0906847Z (Use `node --trace-deprecation ...` to show where the warning was created)
CRG Architecture Gate (P3+)	Run actions/setup-python@v5	2026-06-21T17:03:19.0907586Z Successfully set up CPython (3.11.15)
CRG Architecture Gate (P3+)	Run actions/setup-python@v5	2026-06-21T17:03:19.0908274Z ##[endgroup]
CRG Architecture Gate (P3+)	Install harness dependencies	﻿2026-06-21T17:03:19.1142622Z ##[group]Run pip install -r harness/requirements.txt || true
CRG Architecture Gate (P3+)	Install harness dependencies	2026-06-21T17:03:19.1143228Z ^[[36;1mpip install -r harness/requirements.txt || true^[[0m
CRG Architecture Gate (P3+)	Install harness dependencies	2026-06-21T17:03:19.1318868Z shell: /usr/bin/bash -e {0}
CRG Architecture Gate (P3+)	Install harness dependencies	2026-06-21T17:03:19.1319449Z env:
CRG Architecture Gate (P3+)	Install harness dependencies	2026-06-21T17:03:19.1319743Z   pythonLocation: /opt/hostedtoolcache/Python/3.11.15/x64
CRG Architecture Gate (P3+)	Install harness dependencies	2026-06-21T17:03:19.1320207Z   PKG_CONFIG_PATH: /opt/hostedtoolcache/Python/3.11.15/x64/lib/pkgconfig
CRG Architecture Gate (P3+)	Install harness dependencies	2026-06-21T17:03:19.1320634Z   Python_ROOT_DIR: /opt/hostedtoolcache/Python/3.11.15/x64
CRG Architecture Gate (P3+)	Install harness dependencies	2026-06-21T17:03:19.1321013Z   Python2_ROOT_DIR: /opt/hostedtoolcache/Python/3.11.15/x64
CRG Architecture Gate (P3+)	Install harness dependencies	2026-06-21T17:03:19.1321384Z   Python3_ROOT_DIR: /opt/hostedtoolcache/Python/3.11.15/x64
CRG Architecture Gate (P3+)	Install harness dependencies	2026-06-21T17:03:19.1322132Z   LD_LIBRARY_PATH: /opt/hostedtoolcache/Python/3.11.15/x64/lib
CRG Architecture Gate (P3+)	Install harness dependencies	2026-06-21T17:03:19.1322456Z ##[endgroup]
CRG Architecture Gate (P3+)	Install harness dependencies	2026-06-21T17:03:20.1865928Z Collecting ruff==0.15.13 (from -r harness/requirements.txt (line 8))
CRG Architecture Gate (P3+)	Install harness dependencies	2026-06-21T17:03:20.2566224Z   Downloading ruff-0.15.13-py3-none-manylinux_2_17_x86_64.manylinux2014_x86_64.whl.metadata (26 kB)
CRG Architecture Gate (P3+)	Install harness dependencies	2026-06-21T17:03:20.3402180Z Collecting mypy==1.19.1 (from -r harness/requirements.txt (line 11))
CRG Architecture Gate (P3+)	Install harness dependencies	2026-06-21T17:03:20.3450973Z   Downloading mypy-1.19.1-cp311-cp311-manylinux2014_x86_64.manylinux_2_17_x86_64.manylinux_2_28_x86_64.whl.metadata (2.2 kB)
CRG Architecture Gate (P3+)	Install harness dependencies	2026-06-21T17:03:20.3687852Z Collecting pyright==1.1.409 (from -r harness/requirements.txt (line 12))
CRG Architecture Gate (P3+)	Install harness dependencies	2026-06-21T17:03:20.3734365Z   Downloading pyright-1.1.409-py3-none-any.whl.metadata (6.9 kB)
CRG Architecture Gate (P3+)	Install harness dependencies	2026-06-21T17:03:20.4086593Z Collecting pytest==8.4.2 (from -r harness/requirements.txt (line 15))
CRG Architecture Gate (P3+)	Install harness dependencies	2026-06-21T17:03:20.4123529Z   Downloading pytest-8.4.2-py3-none-any.whl.metadata (7.7 kB)
CRG Architecture Gate (P3+)	Install harness dependencies	2026-06-21T17:03:20.4254672Z Collecting pytest-cov==7.1.0 (from -r harness/requirements.txt (line 16))
CRG Architecture Gate (P3+)	Install harness dependencies	2026-06-21T17:03:20.4288867Z   Downloading pytest_cov-7.1.0-py3-none-any.whl.metadata (32 kB)
CRG Architecture Gate (P3+)	Install harness dependencies	2026-06-21T17:03:20.4444010Z Collecting pytest-benchmark==5.2.3 (from -r harness/requirements.txt (line 17))
CRG Architecture Gate (P3+)	Install harness dependencies	2026-06-21T17:03:20.4493883Z   Downloading pytest_benchmark-5.2.3-py3-none-any.whl.metadata (29 kB)
CRG Architecture Gate (P3+)	Install harness dependencies	2026-06-21T17:03:20.4668957Z Collecting bandit==1.8.6 (from -r harness/requirements.txt (line 20))
CRG Architecture Gate (P3+)	Install harness dependencies	2026-06-21T17:03:20.4709894Z   Downloading bandit-1.8.6-py3-none-any.whl.metadata (6.9 kB)
CRG Architecture Gate (P3+)	Install harness dependencies	2026-06-21T17:03:20.4847341Z Collecting radon==6.0.1 (from -r harness/requirements.txt (line 23))
CRG Architecture Gate (P3+)	Install harness dependencies	2026-06-21T17:03:20.4904296Z   Downloading radon-6.0.1-py2.py3-none-any.whl.metadata (8.2 kB)
CRG Architecture Gate (P3+)	Install harness dependencies	2026-06-21T17:03:20.5617337Z Collecting semgrep==1.165.0 (from -r harness/requirements.txt (line 27))
CRG Architecture Gate (P3+)	Install harness dependencies	2026-06-21T17:03:20.5689614Z   Downloading semgrep-1.165.0-cp310.cp311.cp312.cp313.cp314.py310.py311.py312.py313.py314-none-manylinux_2_34_x86_64.whl.metadata (22 kB)
CRG Architecture Gate (P3+)	Install harness dependencies	2026-06-21T17:03:20.6022986Z Collecting tree-sitter==0.25.2 (from -r harness/requirements.txt (line 32))
CRG Architecture Gate (P3+)	Install harness dependencies	2026-06-21T17:03:20.6065436Z   Downloading tree_sitter-0.25.2-cp311-cp311-manylinux2014_x86_64.manylinux_2_17_x86_64.manylinux_2_28_x86_64.whl.metadata (10.0 kB)
CRG Architecture Gate (P3+)	Install harness dependencies	2026-06-21T17:03:20.6191965Z Collecting tree-sitter-javascript==0.25.0 (from -r harness/requirements.txt (line 33))
CRG Architecture Gate (P3+)	Install harness dependencies	2026-06-21T17:03:20.6267849Z   Downloading tree_sitter_javascript-0.25.0-cp310-abi3-manylinux1_x86_64.manylinux_2_28_x86_64.manylinux_2_5_x86_64.whl.metadata (2.2 kB)
CRG Architecture Gate (P3+)	Install harness dependencies	2026-06-21T17:03:20.6382717Z Collecting tree-sitter-typescript==0.23.2 (from -r harness/requirements.txt (line 34))
CRG Architecture Gate (P3+)	Install harness dependencies	2026-06-21T17:03:20.6425758Z   Downloading tree_sitter_typescript-0.23.2-cp39-abi3-manylinux_2_5_x86_64.manylinux1_x86_64.manylinux_2_17_x86_64.manylinux2014_x86_64.whl.metadata (2.3 kB)
CRG Architecture Gate (P3+)	Install harness dependencies	2026-06-21T17:03:20.6728578Z Collecting pyyaml==6.0.3 (from -r harness/requirements.txt (line 37))
CRG Architecture Gate (P3+)	Install harness dependencies	2026-06-21T17:03:20.6782517Z   Downloading pyyaml-6.0.3-cp311-cp311-manylinux2014_x86_64.manylinux_2_17_x86_64.manylinux_2_28_x86_64.whl.metadata (2.4 kB)
CRG Architecture Gate (P3+)	Install harness dependencies	2026-06-21T17:03:20.6914118Z Collecting mutmut==2.5.1 (from -r harness/requirements.txt (line 41))
CRG Architecture Gate (P3+)	Install harness dependencies	2026-06-21T17:03:20.7002717Z   Downloading mutmut-2.5.1.tar.gz (50 kB)
CRG Architecture Gate (P3+)	Install harness dependencies	2026-06-21T17:03:20.7112308Z   Installing build dependencies: started
CRG Architecture Gate (P3+)	Install harness dependencies	2026-06-21T17:03:21.3863418Z   Installing build dependencies: finished with status 'done'
CRG Architecture Gate (P3+)	Install harness dependencies	2026-06-21T17:03:21.3868692Z   Getting requirements to build wheel: started
CRG Architecture Gate (P3+)	Install harness dependencies	2026-06-21T17:03:21.7462674Z   Getting requirements to build wheel: finished with status 'done'
CRG Architecture Gate (P3+)	Install harness dependencies	2026-06-21T17:03:21.7471386Z   Preparing metadata (pyproject.toml): started
CRG Architecture Gate (P3+)	Install harness dependencies	2026-06-21T17:03:21.9277922Z   Preparing metadata (pyproject.toml): finished with status 'done'
CRG Architecture Gate (P3+)	Install harness dependencies	2026-06-21T17:03:21.9430901Z Collecting opentelemetry-exporter-otlp-proto-http~=1.37.0 (from -r harness/requirements.txt (line 52))
CRG Architecture Gate (P3+)	Install harness dependencies	2026-06-21T17:03:21.9464660Z   Downloading opentelemetry_exporter_otlp_proto_http-1.37.0-py3-none-any.whl.metadata (2.3 kB)
CRG Architecture Gate (P3+)	Install harness dependencies	2026-06-21T17:03:21.9610110Z Collecting typing_extensions>=4.6.0 (from mypy==1.19.1->-r harness/requirements.txt (line 11))
CRG Architecture Gate (P3+)	Install harness dependencies	2026-06-21T17:03:21.9647730Z   Downloading typing_extensions-4.15.0-py3-none-any.whl.metadata (3.3 kB)
CRG Architecture Gate (P3+)	Install harness dependencies	2026-06-21T17:03:21.9750220Z Collecting mypy_extensions>=1.0.0 (from mypy==1.19.1->-r harness/requirements.txt (line 11))
CRG Architecture Gate (P3+)	Install harness dependencies	2026-06-21T17:03:21.9787765Z   Downloading mypy_extensions-1.1.0-py3-none-any.whl.metadata (1.1 kB)
CRG Architecture Gate (P3+)	Install harness dependencies	2026-06-21T17:03:21.9893565Z Collecting pathspec>=0.9.0 (from mypy==1.19.1->-r harness/requirements.txt (line 11))
CRG Architecture Gate (P3+)	Install harness dependencies	2026-06-21T17:03:21.9926615Z   Downloading pathspec-1.1.1-py3-none-any.whl.metadata (14 kB)
CRG Architecture Gate (P3+)	Install harness dependencies	2026-06-21T17:03:22.0819605Z Collecting librt>=0.6.2 (from mypy==1.19.1->-r harness/requirements.txt (line 11))
CRG Architecture Gate (P3+)	Install harness dependencies	2026-06-21T17:03:22.0858162Z   Downloading librt-0.11.0-cp311-cp311-manylinux2014_x86_64.manylinux_2_17_x86_64.manylinux_2_28_x86_64.whl.metadata (1.3 kB)
CRG Architecture Gate (P3+)	Install harness dependencies	2026-06-21T17:03:22.0976240Z Collecting nodeenv>=1.6.0 (from pyright==1.1.409->-r harness/requirements.txt (line 12))
CRG Architecture Gate (P3+)	Install harness dependencies	2026-06-21T17:03:22.1015245Z   Downloading nodeenv-1.10.0-py2.py3-none-any.whl.metadata (24 kB)
CRG Architecture Gate (P3+)	Install harness dependencies	2026-06-21T17:03:22.1134197Z Collecting iniconfig>=1 (from pytest==8.4.2->-r harness/requirements.txt (line 15))
CRG Architecture Gate (P3+)	Install harness dependencies	2026-06-21T17:03:22.1167513Z   Downloading iniconfig-2.3.0-py3-none-any.whl.metadata (2.5 kB)
CRG Architecture Gate (P3+)	Install harness dependencies	2026-06-21T17:03:22.1299295Z Collecting packaging>=20 (from pytest==8.4.2->-r harness/requirements.txt (line 15))
CRG Architecture Gate (P3+)	Install harness dependencies	2026-06-21T17:03:22.1342161Z   Downloading packaging-26.2-py3-none-any.whl.metadata (3.5 kB)
CRG Architecture Gate (P3+)	Install harness dependencies	2026-06-21T17:03:22.1450314Z Collecting pluggy<2,>=1.5 (from pytest==8.4.2->-r harness/requirements.txt (line 15))
CRG Architecture Gate (P3+)	Install harness dependencies	2026-06-21T17:03:22.1483338Z   Downloading pluggy-1.6.0-py3-none-any.whl.metadata (4.8 kB)
CRG Architecture Gate (P3+)	Install harness dependencies	2026-06-21T17:03:22.1638147Z Collecting pygments>=2.7.2 (from pytest==8.4.2->-r harness/requirements.txt (line 15))
CRG Architecture Gate (P3+)	Install harness dependencies	2026-06-21T17:03:22.1670097Z   Downloading pygments-2.20.0-py3-none-any.whl.metadata (2.5 kB)
CRG Architecture Gate (P3+)	Install harness dependencies	2026-06-21T17:03:22.4871184Z Collecting coverage>=7.10.6 (from coverage[toml]>=7.10.6->pytest-cov==7.1.0->-r harness/requirements.txt (line 16))
CRG Architecture Gate (P3+)	Install harness dependencies	2026-06-21T17:03:22.4910008Z   Downloading coverage-7.14.2-cp311-cp311-manylinux1_x86_64.manylinux_2_28_x86_64.manylinux_2_5_x86_64.whl.metadata (8.6 kB)
CRG Architecture Gate (P3+)	Install harness dependencies	2026-06-21T17:03:22.5055800Z Collecting py-cpuinfo (from pytest-benchmark==5.2.3->-r harness/requirements.txt (line 17))
CRG Architecture Gate (P3+)	Install harness dependencies	2026-06-21T17:03:22.5093180Z   Downloading py_cpuinfo-9.0.0-py3-none-any.whl.metadata (794 bytes)
CRG Architecture Gate (P3+)	Install harness dependencies	2026-06-21T17:03:22.5279668Z Collecting stevedore>=1.20.0 (from bandit==1.8.6->-r harness/requirements.txt (line 20))
CRG Architecture Gate (P3+)	Install harness dependencies	2026-06-21T17:03:22.5328700Z   Downloading stevedore-5.8.0-py3-none-any.whl.metadata (2.3 kB)
CRG Architecture Gate (P3+)	Install harness dependencies	2026-06-21T17:03:22.5603927Z Collecting rich (from bandit==1.8.6->-r harness/requirements.txt (line 20))
CRG Architecture Gate (P3+)	Install harness dependencies	2026-06-21T17:03:22.5637318Z   Downloading rich-15.0.0-py3-none-any.whl.metadata (18 kB)
CRG Architecture Gate (P3+)	Install harness dependencies	2026-06-21T17:03:22.5750754Z Collecting mando<0.8,>=0.6 (from radon==6.0.1->-r harness/requirements.txt (line 23))
CRG Architecture Gate (P3+)	Install harness dependencies	2026-06-21T17:03:22.5792852Z   Downloading mando-0.7.1-py2.py3-none-any.whl.metadata (7.4 kB)
CRG Architecture Gate (P3+)	Install harness dependencies	2026-06-21T17:03:22.5918566Z Collecting colorama>=0.4.1 (from radon==6.0.1->-r harness/requirements.txt (line 23))
CRG Architecture Gate (P3+)	Install harness dependencies	2026-06-21T17:03:22.5952989Z   Downloading colorama-0.4.6-py2.py3-none-any.whl.metadata (17 kB)
CRG Architecture Gate (P3+)	Install harness dependencies	2026-06-21T17:03:22.6169848Z Collecting attrs>=21.3 (from semgrep==1.165.0->-r harness/requirements.txt (line 27))
CRG Architecture Gate (P3+)	Install harness dependencies	2026-06-21T17:03:22.6204419Z   Downloading attrs-26.1.0-py3-none-any.whl.metadata (8.8 kB)
CRG Architecture Gate (P3+)	Install harness dependencies	2026-06-21T17:03:22.6351453Z Collecting boltons~=21.0 (from semgrep==1.165.0->-r harness/requirements.txt (line 27))
CRG Architecture Gate (P3+)	Install harness dependencies	2026-06-21T17:03:22.6383653Z   Downloading boltons-21.0.0-py2.py3-none-any.whl.metadata (1.5 kB)
CRG Architecture Gate (P3+)	Install harness dependencies	2026-06-21T17:03:22.6484551Z Collecting click-option-group~=0.5 (from semgrep==1.165.0->-r harness/requirements.txt (line 27))
CRG Architecture Gate (P3+)	Install harness dependencies	2026-06-21T17:03:22.6517296Z   Downloading click_option_group-0.5.9-py3-none-any.whl.metadata (5.8 kB)
CRG Architecture Gate (P3+)	Install harness dependencies	2026-06-21T17:03:22.6660200Z Collecting click~=8.1.8 (from semgrep==1.165.0->-r harness/requirements.txt (line 27))
CRG Architecture Gate (P3+)	Install harness dependencies	2026-06-21T17:03:22.6694568Z   Downloading click-8.1.8-py3-none-any.whl.metadata (2.3 kB)
CRG Architecture Gate (P3+)	Install harness dependencies	2026-06-21T17:03:22.6807407Z Collecting exceptiongroup~=1.2.0 (from semgrep==1.165.0->-r harness/requirements.txt (line 27))
CRG Architecture Gate (P3+)	Install harness dependencies	2026-06-21T17:03:22.6846330Z   Downloading exceptiongroup-1.2.2-py3-none-any.whl.metadata (6.6 kB)
CRG Architecture Gate (P3+)	Install harness dependencies	2026-06-21T17:03:22.6948916Z Collecting glom>=23.3 (from semgrep==1.165.0->-r harness/requirements.txt (line 27))
CRG Architecture Gate (P3+)	Install harness dependencies	2026-06-21T17:03:22.6981835Z   Downloading glom-25.12.0-py3-none-any.whl.metadata (5.2 kB)
CRG Architecture Gate (P3+)	Install harness dependencies	2026-06-21T17:03:22.7155711Z Collecting jsonschema~=4.25.1 (from semgrep==1.165.0->-r harness/requirements.txt (line 27))
CRG Architecture Gate (P3+)	Install harness dependencies	2026-06-21T17:03:22.7193989Z   Downloading jsonschema-4.25.1-py3-none-any.whl.metadata (7.6 kB)
CRG Architecture Gate (P3+)	Install harness dependencies	2026-06-21T17:03:22.7416841Z Collecting mcp==1.23.3 (from semgrep==1.165.0->-r harness/requirements.txt (line 27))
CRG Architecture Gate (P3+)	Install harness dependencies	2026-06-21T17:03:22.7452310Z   Downloading mcp-1.23.3-py3-none-any.whl.metadata (89 kB)
CRG Architecture Gate (P3+)	Install harness dependencies	2026-06-21T17:03:22.7658925Z Collecting opentelemetry-api~=1.37.0 (from semgrep==1.165.0->-r harness/requirements.txt (line 27))
CRG Architecture Gate (P3+)	Install harness dependencies	2026-06-21T17:03:22.7693060Z   Downloading opentelemetry_api-1.37.0-py3-none-any.whl.metadata (1.5 kB)
CRG Architecture Gate (P3+)	Install harness dependencies	2026-06-21T17:03:22.7839804Z Collecting opentelemetry-sdk~=1.37.0 (from semgrep==1.165.0->-r harness/requirements.txt (line 27))
CRG Architecture Gate (P3+)	Install harness dependencies	2026-06-21T17:03:22.7873213Z   Downloading opentelemetry_sdk-1.37.0-py3-none-any.whl.metadata (1.5 kB)
CRG Architecture Gate (P3+)	Install harness dependencies	2026-06-21T17:03:22.8020438Z Collecting opentelemetry-instrumentation-requests~=0.58b0 (from semgrep==1.165.0->-r harness/requirements.txt (line 27))
CRG Architecture Gate (P3+)	Install harness dependencies	2026-06-21T17:03:22.8055421Z   Downloading opentelemetry_instrumentation_requests-0.63b1-py3-none-any.whl.metadata (2.6 kB)
CRG Architecture Gate (P3+)	Install harness dependencies	2026-06-21T17:03:22.8167771Z Collecting opentelemetry-instrumentation-threading~=0.58b0 (from semgrep==1.165.0->-r harness/requirements.txt (line 27))
CRG Architecture Gate (P3+)	Install harness dependencies	2026-06-21T17:03:22.8202004Z   Downloading opentelemetry_instrumentation_threading-0.63b1-py3-none-any.whl.metadata (2.1 kB)
CRG Architecture Gate (P3+)	Install harness dependencies	2026-06-21T17:03:22.8370035Z Collecting peewee~=3.14 (from semgrep==1.165.0->-r harness/requirements.txt (line 27))
CRG Architecture Gate (P3+)	Install harness dependencies	2026-06-21T17:03:22.8409937Z   Downloading peewee-3.19.0-py3-none-any.whl.metadata (7.0 kB)
CRG Architecture Gate (P3+)	Install harness dependencies	2026-06-21T17:03:22.8550171Z Collecting pyjwt~=2.12.0 (from pyjwt[crypto]~=2.12.0->semgrep==1.165.0->-r harness/requirements.txt (line 27))
CRG Architecture Gate (P3+)	Install harness dependencies	2026-06-21T17:03:22.8583919Z   Downloading pyjwt-2.12.1-py3-none-any.whl.metadata (4.1 kB)
CRG Architecture Gate (P3+)	Install harness dependencies	2026-06-21T17:03:22.8775970Z Collecting requests~=2.22 (from semgrep==1.165.0->-r harness/requirements.txt (line 27))
CRG Architecture Gate (P3+)	Install harness dependencies	2026-06-21T17:03:22.8813493Z   Downloading requests-2.34.2-py3-none-any.whl.metadata (4.8 kB)
CRG Architecture Gate (P3+)	Install harness dependencies	2026-06-21T17:03:23.0034162Z Collecting ruamel.yaml>=0.18.15 (from semgrep==1.165.0->-r harness/requirements.txt (line 27))
CRG Architecture Gate (P3+)	Install harness dependencies	2026-06-21T17:03:23.0072051Z   Downloading ruamel_yaml-0.19.1-py3-none-any.whl.metadata (16 kB)
CRG Architecture Gate (P3+)	Install harness dependencies	2026-06-21T17:03:23.0372531Z Collecting ruamel.yaml.clib==0.2.15 (from semgrep==1.165.0->-r harness/requirements.txt (line 27))
CRG Architecture Gate (P3+)	Install harness dependencies	2026-06-21T17:03:23.0410206Z   Downloading ruamel_yaml_clib-0.2.15-cp311-cp311-manylinux2014_x86_64.manylinux_2_17_x86_64.manylinux_2_28_x86_64.whl.metadata (3.5 kB)
CRG Architecture Gate (P3+)	Install harness dependencies	2026-06-21T17:03:23.0512612Z Collecting semantic-version~=2.10.0 (from semgrep==1.165.0->-r harness/requirements.txt (line 27))
CRG Architecture Gate (P3+)	Install harness dependencies	2026-06-21T17:03:23.0547165Z   Downloading semantic_version-2.10.0-py2.py3-none-any.whl.metadata (9.7 kB)
CRG Architecture Gate (P3+)	Install harness dependencies	2026-06-21T17:03:23.0759490Z Collecting tomli~=2.4.0 (from semgrep==1.165.0->-r harness/requirements.txt (line 27))
CRG Architecture Gate (P3+)	Install harness dependencies	2026-06-21T17:03:23.0798087Z   Downloading tomli-2.4.1-cp311-cp311-manylinux2014_x86_64.manylinux_2_17_x86_64.manylinux_2_28_x86_64.whl.metadata (10 kB)
CRG Architecture Gate (P3+)	Install harness dependencies	2026-06-21T17:03:23.0986963Z Collecting urllib3~=2.0 (from semgrep==1.165.0->-r harness/requirements.txt (line 27))
CRG Architecture Gate (P3+)	Install harness dependencies	2026-06-21T17:03:23.1020994Z   Downloading urllib3-2.7.0-py3-none-any.whl.metadata (6.9 kB)
CRG Architecture Gate (P3+)	Install harness dependencies	2026-06-21T17:03:23.1167012Z Collecting wcmatch~=8.3 (from semgrep==1.165.0->-r harness/requirements.txt (line 27))
CRG Architecture Gate (P3+)	Install harness dependencies	2026-06-21T17:03:23.1202307Z   Downloading wcmatch-8.5.2-py3-none-any.whl.metadata (4.8 kB)
CRG Architecture Gate (P3+)	Install harness dependencies	2026-06-21T17:03:23.1315554Z Collecting glob2 (from mutmut==2.5.1->-r harness/requirements.txt (line 41))
CRG Architecture Gate (P3+)	Install harness dependencies	2026-06-21T17:03:23.1348443Z   Downloading glob2-0.7.tar.gz (10 kB)
CRG Architecture Gate (P3+)	Install harness dependencies	2026-06-21T17:03:23.1410925Z   Installing build dependencies: started
CRG Architecture Gate (P3+)	Install harness dependencies	2026-06-21T17:03:23.6918065Z   Installing build dependencies: finished with status 'done'
CRG Architecture Gate (P3+)	Install harness dependencies	2026-06-21T17:03:23.6923985Z   Getting requirements to build wheel: started
CRG Architecture Gate (P3+)	Install harness dependencies	2026-06-21T17:03:24.0100497Z   Getting requirements to build wheel: finished with status 'done'
CRG Architecture Gate (P3+)	Install harness dependencies	2026-06-21T17:03:24.0108567Z   Preparing metadata (pyproject.toml): started
CRG Architecture Gate (P3+)	Install harness dependencies	2026-06-21T17:03:24.1726718Z   Preparing metadata (pyproject.toml): finished with status 'done'
CRG Architecture Gate (P3+)	Install harness dependencies	2026-06-21T17:03:24.1837896Z Collecting parso (from mutmut==2.5.1->-r harness/requirements.txt (line 41))
CRG Architecture Gate (P3+)	Install harness dependencies	2026-06-21T17:03:24.1872001Z   Downloading parso-0.8.7-py2.py3-none-any.whl.metadata (8.2 kB)
CRG Architecture Gate (P3+)	Install harness dependencies	2026-06-21T17:03:24.1989742Z Collecting pony (from mutmut==2.5.1->-r harness/requirements.txt (line 41))
CRG Architecture Gate (P3+)	Install harness dependencies	2026-06-21T17:03:24.2031513Z   Downloading pony-0.7.19-py3-none-any.whl.metadata (2.8 kB)
CRG Architecture Gate (P3+)	Install harness dependencies	2026-06-21T17:03:24.2120395Z Collecting junit-xml<2,>=1.8 (from mutmut==2.5.1->-r harness/requirements.txt (line 41))
CRG Architecture Gate (P3+)	Install harness dependencies	2026-06-21T17:03:24.2155698Z   Downloading junit_xml-1.9-py2.py3-none-any.whl.metadata (3.2 kB)
CRG Architecture Gate (P3+)	Install harness dependencies	2026-06-21T17:03:24.2288445Z Collecting toml (from mutmut==2.5.1->-r harness/requirements.txt (line 41))
CRG Architecture Gate (P3+)	Install harness dependencies	2026-06-21T17:03:24.2321341Z   Downloading toml-0.10.2-py2.py3-none-any.whl.metadata (7.1 kB)
CRG Architecture Gate (P3+)	Install harness dependencies	2026-06-21T17:03:24.2472128Z Collecting anyio>=4.5 (from mcp==1.23.3->semgrep==1.165.0->-r harness/requirements.txt (line 27))
CRG Architecture Gate (P3+)	Install harness dependencies	2026-06-21T17:03:24.2504811Z   Downloading anyio-4.14.0-py3-none-any.whl.metadata (4.6 kB)
CRG Architecture Gate (P3+)	Install harness dependencies	2026-06-21T17:03:24.2599077Z Collecting httpx-sse>=0.4 (from mcp==1.23.3->semgrep==1.165.0->-r harness/requirements.txt (line 27))
CRG Architecture Gate (P3+)	Install harness dependencies	2026-06-21T17:03:24.2636893Z   Downloading httpx_sse-0.4.3-py3-none-any.whl.metadata (9.7 kB)
CRG Architecture Gate (P3+)	Install harness dependencies	2026-06-21T17:03:24.2778077Z Collecting httpx>=0.27.1 (from mcp==1.23.3->semgrep==1.165.0->-r harness/requirements.txt (line 27))
CRG Architecture Gate (P3+)	Install harness dependencies	2026-06-21T17:03:24.2811992Z   Downloading httpx-0.28.1-py3-none-any.whl.metadata (7.1 kB)
CRG Architecture Gate (P3+)	Install harness dependencies	2026-06-21T17:03:24.2952331Z Collecting pydantic-settings>=2.5.2 (from mcp==1.23.3->semgrep==1.165.0->-r harness/requirements.txt (line 27))
CRG Architecture Gate (P3+)	Install harness dependencies	2026-06-21T17:03:24.2985549Z   Downloading pydantic_settings-2.14.2-py3-none-any.whl.metadata (3.4 kB)
CRG Architecture Gate (P3+)	Install harness dependencies	2026-06-21T17:03:24.3888027Z Collecting pydantic<3.0.0,>=2.11.0 (from mcp==1.23.3->semgrep==1.165.0->-r harness/requirements.txt (line 27))
CRG Architecture Gate (P3+)	Install harness dependencies	2026-06-21T17:03:24.3927088Z   Downloading pydantic-2.13.4-py3-none-any.whl.metadata (109 kB)
CRG Architecture Gate (P3+)	Install harness dependencies	2026-06-21T17:03:24.4097461Z Collecting python-multipart>=0.0.9 (from mcp==1.23.3->semgrep==1.165.0->-r harness/requirements.txt (line 27))
CRG Architecture Gate (P3+)	Install harness dependencies	2026-06-21T17:03:24.4132076Z   Downloading python_multipart-0.0.32-py3-none-any.whl.metadata (2.1 kB)
CRG Architecture Gate (P3+)	Install harness dependencies	2026-06-21T17:03:24.4290338Z Collecting sse-starlette>=1.6.1 (from mcp==1.23.3->semgrep==1.165.0->-r harness/requirements.txt (line 27))
CRG Architecture Gate (P3+)	Install harness dependencies	2026-06-21T17:03:24.4323524Z   Downloading sse_starlette-3.4.5-py3-none-any.whl.metadata (15 kB)
CRG Architecture Gate (P3+)	Install harness dependencies	2026-06-21T17:03:24.4534021Z Collecting starlette>=0.27 (from mcp==1.23.3->semgrep==1.165.0->-r harness/requirements.txt (line 27))
CRG Architecture Gate (P3+)	Install harness dependencies	2026-06-21T17:03:24.4581233Z   Downloading starlette-1.3.1-py3-none-any.whl.metadata (6.4 kB)
CRG Architecture Gate (P3+)	Install harness dependencies	2026-06-21T17:03:24.4696652Z Collecting typing-inspection>=0.4.1 (from mcp==1.23.3->semgrep==1.165.0->-r harness/requirements.txt (line 27))
CRG Architecture Gate (P3+)	Install harness dependencies	2026-06-21T17:03:24.4729506Z   Downloading typing_inspection-0.4.2-py3-none-any.whl.metadata (2.6 kB)
CRG Architecture Gate (P3+)	Install harness dependencies	2026-06-21T17:03:24.4917482Z Collecting uvicorn>=0.31.1 (from mcp==1.23.3->semgrep==1.165.0->-r harness/requirements.txt (line 27))
CRG Architecture Gate (P3+)	Install harness dependencies	2026-06-21T17:03:24.4958865Z   Downloading uvicorn-0.49.0-py3-none-any.whl.metadata (6.7 kB)
CRG Architecture Gate (P3+)	Install harness dependencies	2026-06-21T17:03:24.5134278Z Collecting googleapis-common-protos~=1.52 (from opentelemetry-exporter-otlp-proto-http~=1.37.0->-r harness/requirements.txt (line 52))
CRG Architecture Gate (P3+)	Install harness dependencies	2026-06-21T17:03:24.5203650Z   Downloading googleapis_common_protos-1.75.0-py3-none-any.whl.metadata (8.6 kB)
CRG Architecture Gate (P3+)	Install harness dependencies	2026-06-21T17:03:24.5338329Z Collecting opentelemetry-exporter-otlp-proto-common==1.37.0 (from opentelemetry-exporter-otlp-proto-http~=1.37.0->-r harness/requirements.txt (line 52))
CRG Architecture Gate (P3+)	Install harness dependencies	2026-06-21T17:03:24.5383098Z   Downloading opentelemetry_exporter_otlp_proto_common-1.37.0-py3-none-any.whl.metadata (1.8 kB)
CRG Architecture Gate (P3+)	Install harness dependencies	2026-06-21T17:03:24.5529811Z Collecting opentelemetry-proto==1.37.0 (from opentelemetry-exporter-otlp-proto-http~=1.37.0->-r harness/requirements.txt (line 52))
CRG Architecture Gate (P3+)	Install harness dependencies	2026-06-21T17:03:24.5570189Z   Downloading opentelemetry_proto-1.37.0-py3-none-any.whl.metadata (2.3 kB)
CRG Architecture Gate (P3+)	Install harness dependencies	2026-06-21T17:03:24.7197139Z Collecting protobuf<7.0,>=5.0 (from opentelemetry-proto==1.37.0->opentelemetry-exporter-otlp-proto-http~=1.37.0->-r harness/requirements.txt (line 52))
CRG Architecture Gate (P3+)	Install harness dependencies	2026-06-21T17:03:24.7247039Z   Downloading protobuf-6.33.6-cp39-abi3-manylinux2014_x86_64.whl.metadata (593 bytes)
CRG Architecture Gate (P3+)	Install harness dependencies	2026-06-21T17:03:24.7464461Z Collecting jsonschema-specifications>=2023.03.6 (from jsonschema~=4.25.1->semgrep==1.165.0->-r harness/requirements.txt (line 27))
CRG Architecture Gate (P3+)	Install harness dependencies	2026-06-21T17:03:24.7499211Z   Downloading jsonschema_specifications-2025.9.1-py3-none-any.whl.metadata (2.9 kB)
CRG Architecture Gate (P3+)	Install harness dependencies	2026-06-21T17:03:24.7662898Z Collecting referencing>=0.28.4 (from jsonschema~=4.25.1->semgrep==1.165.0->-r harness/requirements.txt (line 27))
CRG Architecture Gate (P3+)	Install harness dependencies	2026-06-21T17:03:24.7695184Z   Downloading referencing-0.37.0-py3-none-any.whl.metadata (2.8 kB)
CRG Architecture Gate (P3+)	Install harness dependencies	2026-06-21T17:03:24.9769931Z Collecting rpds-py>=0.7.1 (from jsonschema~=4.25.1->semgrep==1.165.0->-r harness/requirements.txt (line 27))
CRG Architecture Gate (P3+)	Install harness dependencies	2026-06-21T17:03:24.9811214Z   Downloading rpds_py-2026.5.1-cp311-cp311-manylinux_2_17_x86_64.manylinux2014_x86_64.whl.metadata (4.1 kB)
CRG Architecture Gate (P3+)	Install harness dependencies	2026-06-21T17:03:24.9932895Z Collecting six (from junit-xml<2,>=1.8->mutmut==2.5.1->-r harness/requirements.txt (line 41))
CRG Architecture Gate (P3+)	Install harness dependencies	2026-06-21T17:03:24.9972473Z   Downloading six-1.17.0-py2.py3-none-any.whl.metadata (1.7 kB)
CRG Architecture Gate (P3+)	Install harness dependencies	2026-06-21T17:03:25.0173844Z Collecting importlib-metadata<8.8.0,>=6.0 (from opentelemetry-api~=1.37.0->semgrep==1.165.0->-r harness/requirements.txt (line 27))
CRG Architecture Gate (P3+)	Install harness dependencies	2026-06-21T17:03:25.0208145Z   Downloading importlib_metadata-8.7.1-py3-none-any.whl.metadata (4.7 kB)
CRG Architecture Gate (P3+)	Install harness dependencies	2026-06-21T17:03:25.0359616Z Collecting zipp>=3.20 (from importlib-metadata<8.8.0,>=6.0->opentelemetry-api~=1.37.0->semgrep==1.165.0->-r harness/requirements.txt (line 27))
CRG Architecture Gate (P3+)	Install harness dependencies	2026-06-21T17:03:25.0403294Z   Downloading zipp-4.1.0-py3-none-any.whl.metadata (3.6 kB)
CRG Architecture Gate (P3+)	Install harness dependencies	2026-06-21T17:03:25.0582643Z Collecting opentelemetry-instrumentation==0.63b1 (from opentelemetry-instrumentation-requests~=0.58b0->semgrep==1.165.0->-r harness/requirements.txt (line 27))
CRG Architecture Gate (P3+)	Install harness dependencies	2026-06-21T17:03:25.0619624Z   Downloading opentelemetry_instrumentation-0.63b1-py3-none-any.whl.metadata (7.2 kB)
CRG Architecture Gate (P3+)	Install harness dependencies	2026-06-21T17:03:25.0769216Z Collecting opentelemetry-semantic-conventions==0.63b1 (from opentelemetry-instrumentation-requests~=0.58b0->semgrep==1.165.0->-r harness/requirements.txt (line 27))
CRG Architecture Gate (P3+)	Install harness dependencies	2026-06-21T17:03:25.0809317Z   Downloading opentelemetry_semantic_conventions-0.63b1-py3-none-any.whl.metadata (2.4 kB)
CRG Architecture Gate (P3+)	Install harness dependencies	2026-06-21T17:03:25.0941765Z Collecting opentelemetry-util-http==0.63b1 (from opentelemetry-instrumentation-requests~=0.58b0->semgrep==1.165.0->-r harness/requirements.txt (line 27))
CRG Architecture Gate (P3+)	Install harness dependencies	2026-06-21T17:03:25.0973218Z   Downloading opentelemetry_util_http-0.63b1-py3-none-any.whl.metadata (2.6 kB)
CRG Architecture Gate (P3+)	Install harness dependencies	2026-06-21T17:03:25.3443572Z Collecting wrapt<3.0.0,>=1.0.0 (from opentelemetry-instrumentation==0.63b1->opentelemetry-instrumentation-requests~=0.58b0->semgrep==1.165.0->-r harness/requirements.txt (line 27))
CRG Architecture Gate (P3+)	Install harness dependencies	2026-06-21T17:03:25.3485088Z   Downloading wrapt-2.2.2-cp311-cp311-manylinux1_x86_64.manylinux_2_28_x86_64.manylinux_2_5_x86_64.whl.metadata (7.4 kB)
CRG Architecture Gate (P3+)	Install harness dependencies	2026-06-21T17:03:25.3538419Z INFO: pip is looking at multiple versions of opentelemetry-semantic-conventions to determine which version is compatible with other requirements. This could take a while.
CRG Architecture Gate (P3+)	Install harness dependencies	2026-06-21T17:03:25.3546293Z Collecting opentelemetry-instrumentation-requests~=0.58b0 (from semgrep==1.165.0->-r harness/requirements.txt (line 27))
CRG Architecture Gate (P3+)	Install harness dependencies	2026-06-21T17:03:25.3580721Z   Downloading opentelemetry_instrumentation_requests-0.63b0-py3-none-any.whl.metadata (2.6 kB)
CRG Architecture Gate (P3+)	Install harness dependencies	2026-06-21T17:03:25.3621819Z Collecting opentelemetry-instrumentation==0.63b0 (from opentelemetry-instrumentation-requests~=0.58b0->semgrep==1.165.0->-r harness/requirements.txt (line 27))
CRG Architecture Gate (P3+)	Install harness dependencies	2026-06-21T17:03:25.3658250Z   Downloading opentelemetry_instrumentation-0.63b0-py3-none-any.whl.metadata (7.2 kB)
CRG Architecture Gate (P3+)	Install harness dependencies	2026-06-21T17:03:25.3695818Z Collecting opentelemetry-semantic-conventions==0.63b0 (from opentelemetry-instrumentation-requests~=0.58b0->semgrep==1.165.0->-r harness/requirements.txt (line 27))
CRG Architecture Gate (P3+)	Install harness dependencies	2026-06-21T17:03:25.3730338Z   Downloading opentelemetry_semantic_conventions-0.63b0-py3-none-any.whl.metadata (2.4 kB)
CRG Architecture Gate (P3+)	Install harness dependencies	2026-06-21T17:03:25.3764370Z Collecting opentelemetry-util-http==0.63b0 (from opentelemetry-instrumentation-requests~=0.58b0->semgrep==1.165.0->-r harness/requirements.txt (line 27))
CRG Architecture Gate (P3+)	Install harness dependencies	2026-06-21T17:03:25.3796190Z   Downloading opentelemetry_util_http-0.63b0-py3-none-any.whl.metadata (2.6 kB)
CRG Architecture Gate (P3+)	Install harness dependencies	2026-06-21T17:03:25.3846856Z Collecting opentelemetry-instrumentation-requests~=0.58b0 (from semgrep==1.165.0->-r harness/requirements.txt (line 27))
CRG Architecture Gate (P3+)	Install harness dependencies	2026-06-21T17:03:25.3885238Z   Downloading opentelemetry_instrumentation_requests-0.62b1-py3-none-any.whl.metadata (2.7 kB)
CRG Architecture Gate (P3+)	Install harness dependencies	2026-06-21T17:03:25.3925091Z Collecting opentelemetry-instrumentation==0.62b1 (from opentelemetry-instrumentation-requests~=0.58b0->semgrep==1.165.0->-r harness/requirements.txt (line 27))
CRG Architecture Gate (P3+)	Install harness dependencies	2026-06-21T17:03:25.3958465Z   Downloading opentelemetry_instrumentation-0.62b1-py3-none-any.whl.metadata (7.2 kB)
CRG Architecture Gate (P3+)	Install harness dependencies	2026-06-21T17:03:25.3996261Z Collecting opentelemetry-semantic-conventions==0.62b1 (from opentelemetry-instrumentation-requests~=0.58b0->semgrep==1.165.0->-r harness/requirements.txt (line 27))
CRG Architecture Gate (P3+)	Install harness dependencies	2026-06-21T17:03:25.4030248Z   Downloading opentelemetry_semantic_conventions-0.62b1-py3-none-any.whl.metadata (2.5 kB)
CRG Architecture Gate (P3+)	Install harness dependencies	2026-06-21T17:03:25.4064626Z Collecting opentelemetry-util-http==0.62b1 (from opentelemetry-instrumentation-requests~=0.58b0->semgrep==1.165.0->-r harness/requirements.txt (line 27))
CRG Architecture Gate (P3+)	Install harness dependencies	2026-06-21T17:03:25.4099441Z   Downloading opentelemetry_util_http-0.62b1-py3-none-any.whl.metadata (2.6 kB)
CRG Architecture Gate (P3+)	Install harness dependencies	2026-06-21T17:03:25.4143420Z Collecting opentelemetry-instrumentation-requests~=0.58b0 (from semgrep==1.165.0->-r harness/requirements.txt (line 27))
CRG Architecture Gate (P3+)	Install harness dependencies	2026-06-21T17:03:25.4178254Z   Downloading opentelemetry_instrumentation_requests-0.62b0-py3-none-any.whl.metadata (2.7 kB)
CRG Architecture Gate (P3+)	Install harness dependencies	2026-06-21T17:03:25.4216729Z Collecting opentelemetry-instrumentation==0.62b0 (from opentelemetry-instrumentation-requests~=0.58b0->semgrep==1.165.0->-r harness/requirements.txt (line 27))
CRG Architecture Gate (P3+)	Install harness dependencies	2026-06-21T17:03:25.4249858Z   Downloading opentelemetry_instrumentation-0.62b0-py3-none-any.whl.metadata (7.2 kB)
CRG Architecture Gate (P3+)	Install harness dependencies	2026-06-21T17:03:25.4286194Z Collecting opentelemetry-semantic-conventions==0.62b0 (from opentelemetry-instrumentation-requests~=0.58b0->semgrep==1.165.0->-r harness/requirements.txt (line 27))
CRG Architecture Gate (P3+)	Install harness dependencies	2026-06-21T17:03:25.4324253Z   Downloading opentelemetry_semantic_conventions-0.62b0-py3-none-any.whl.metadata (2.5 kB)
CRG Architecture Gate (P3+)	Install harness dependencies	2026-06-21T17:03:25.4359623Z Collecting opentelemetry-util-http==0.62b0 (from opentelemetry-instrumentation-requests~=0.58b0->semgrep==1.165.0->-r harness/requirements.txt (line 27))
CRG Architecture Gate (P3+)	Install harness dependencies	2026-06-21T17:03:25.4405869Z   Downloading opentelemetry_util_http-0.62b0-py3-none-any.whl.metadata (2.6 kB)
CRG Architecture Gate (P3+)	Install harness dependencies	2026-06-21T17:03:25.4448279Z Collecting opentelemetry-instrumentation-requests~=0.58b0 (from semgrep==1.165.0->-r harness/requirements.txt (line 27))
CRG Architecture Gate (P3+)	Install harness dependencies	2026-06-21T17:03:25.4482245Z   Downloading opentelemetry_instrumentation_requests-0.61b0-py3-none-any.whl.metadata (2.7 kB)
CRG Architecture Gate (P3+)	Install harness dependencies	2026-06-21T17:03:25.4522644Z Collecting opentelemetry-instrumentation==0.61b0 (from opentelemetry-instrumentation-requests~=0.58b0->semgrep==1.165.0->-r harness/requirements.txt (line 27))
CRG Architecture Gate (P3+)	Install harness dependencies	2026-06-21T17:03:25.4555536Z   Downloading opentelemetry_instrumentation-0.61b0-py3-none-any.whl.metadata (7.2 kB)
CRG Architecture Gate (P3+)	Install harness dependencies	2026-06-21T17:03:25.4592376Z Collecting opentelemetry-semantic-conventions==0.61b0 (from opentelemetry-instrumentation-requests~=0.58b0->semgrep==1.165.0->-r harness/requirements.txt (line 27))
CRG Architecture Gate (P3+)	Install harness dependencies	2026-06-21T17:03:25.4636009Z   Downloading opentelemetry_semantic_conventions-0.61b0-py3-none-any.whl.metadata (2.5 kB)
CRG Architecture Gate (P3+)	Install harness dependencies	2026-06-21T17:03:25.4669631Z Collecting opentelemetry-util-http==0.61b0 (from opentelemetry-instrumentation-requests~=0.58b0->semgrep==1.165.0->-r harness/requirements.txt (line 27))
CRG Architecture Gate (P3+)	Install harness dependencies	2026-06-21T17:03:25.4704490Z   Downloading opentelemetry_util_http-0.61b0-py3-none-any.whl.metadata (2.6 kB)
CRG Architecture Gate (P3+)	Install harness dependencies	2026-06-21T17:03:25.4747750Z Collecting opentelemetry-instrumentation-requests~=0.58b0 (from semgrep==1.165.0->-r harness/requirements.txt (line 27))
CRG Architecture Gate (P3+)	Install harness dependencies	2026-06-21T17:03:25.4806904Z   Downloading opentelemetry_instrumentation_requests-0.60b1-py3-none-any.whl.metadata (2.6 kB)
CRG Architecture Gate (P3+)	Install harness dependencies	2026-06-21T17:03:25.4846116Z Collecting opentelemetry-instrumentation==0.60b1 (from opentelemetry-instrumentation-requests~=0.58b0->semgrep==1.165.0->-r harness/requirements.txt (line 27))
CRG Architecture Gate (P3+)	Install harness dependencies	2026-06-21T17:03:25.4880263Z   Downloading opentelemetry_instrumentation-0.60b1-py3-none-any.whl.metadata (7.2 kB)
CRG Architecture Gate (P3+)	Install harness dependencies	2026-06-21T17:03:25.4917297Z Collecting opentelemetry-semantic-conventions==0.60b1 (from opentelemetry-instrumentation-requests~=0.58b0->semgrep==1.165.0->-r harness/requirements.txt (line 27))
CRG Architecture Gate (P3+)	Install harness dependencies	2026-06-21T17:03:25.4985870Z   Downloading opentelemetry_semantic_conventions-0.60b1-py3-none-any.whl.metadata (2.4 kB)
CRG Architecture Gate (P3+)	Install harness dependencies	2026-06-21T17:03:25.5021483Z Collecting opentelemetry-util-http==0.60b1 (from opentelemetry-instrumentation-requests~=0.58b0->semgrep==1.165.0->-r harness/requirements.txt (line 27))
CRG Architecture Gate (P3+)	Install harness dependencies	2026-06-21T17:03:25.5052081Z   Downloading opentelemetry_util_http-0.60b1-py3-none-any.whl.metadata (2.6 kB)
CRG Architecture Gate (P3+)	Install harness dependencies	2026-06-21T17:03:25.5095587Z Collecting opentelemetry-instrumentation-requests~=0.58b0 (from semgrep==1.165.0->-r harness/requirements.txt (line 27))
CRG Architecture Gate (P3+)	Install harness dependencies	2026-06-21T17:03:25.5127751Z   Downloading opentelemetry_instrumentation_requests-0.60b0-py3-none-any.whl.metadata (2.6 kB)
CRG Architecture Gate (P3+)	Install harness dependencies	2026-06-21T17:03:25.5168539Z Collecting opentelemetry-instrumentation==0.60b0 (from opentelemetry-instrumentation-requests~=0.58b0->semgrep==1.165.0->-r harness/requirements.txt (line 27))
CRG Architecture Gate (P3+)	Install harness dependencies	2026-06-21T17:03:25.5217707Z   Downloading opentelemetry_instrumentation-0.60b0-py3-none-any.whl.metadata (7.2 kB)
CRG Architecture Gate (P3+)	Install harness dependencies	2026-06-21T17:03:25.5253879Z Collecting opentelemetry-semantic-conventions==0.60b0 (from opentelemetry-instrumentation-requests~=0.58b0->semgrep==1.165.0->-r harness/requirements.txt (line 27))
CRG Architecture Gate (P3+)	Install harness dependencies	2026-06-21T17:03:25.5317463Z   Downloading opentelemetry_semantic_conventions-0.60b0-py3-none-any.whl.metadata (2.4 kB)
CRG Architecture Gate (P3+)	Install harness dependencies	2026-06-21T17:03:25.5352874Z Collecting opentelemetry-util-http==0.60b0 (from opentelemetry-instrumentation-requests~=0.58b0->semgrep==1.165.0->-r harness/requirements.txt (line 27))
CRG Architecture Gate (P3+)	Install harness dependencies	2026-06-21T17:03:25.5388487Z   Downloading opentelemetry_util_http-0.60b0-py3-none-any.whl.metadata (2.6 kB)
CRG Architecture Gate (P3+)	Install harness dependencies	2026-06-21T17:03:25.5431560Z Collecting opentelemetry-instrumentation-requests~=0.58b0 (from semgrep==1.165.0->-r harness/requirements.txt (line 27))
CRG Architecture Gate (P3+)	Install harness dependencies	2026-06-21T17:03:25.5466836Z   Downloading opentelemetry_instrumentation_requests-0.59b0-py3-none-any.whl.metadata (2.6 kB)
CRG Architecture Gate (P3+)	Install harness dependencies	2026-06-21T17:03:25.5505397Z Collecting opentelemetry-instrumentation==0.59b0 (from opentelemetry-instrumentation-requests~=0.58b0->semgrep==1.165.0->-r harness/requirements.txt (line 27))
CRG Architecture Gate (P3+)	Install harness dependencies	2026-06-21T17:03:25.5537259Z   Downloading opentelemetry_instrumentation-0.59b0-py3-none-any.whl.metadata (7.1 kB)
CRG Architecture Gate (P3+)	Install harness dependencies	2026-06-21T17:03:25.5574780Z Collecting opentelemetry-semantic-conventions==0.59b0 (from opentelemetry-instrumentation-requests~=0.58b0->semgrep==1.165.0->-r harness/requirements.txt (line 27))
CRG Architecture Gate (P3+)	Install harness dependencies	2026-06-21T17:03:25.5610517Z   Downloading opentelemetry_semantic_conventions-0.59b0-py3-none-any.whl.metadata (2.4 kB)
CRG Architecture Gate (P3+)	Install harness dependencies	2026-06-21T17:03:25.5645958Z Collecting opentelemetry-util-http==0.59b0 (from opentelemetry-instrumentation-requests~=0.58b0->semgrep==1.165.0->-r harness/requirements.txt (line 27))
CRG Architecture Gate (P3+)	Install harness dependencies	2026-06-21T17:03:25.5684902Z   Downloading opentelemetry_util_http-0.59b0-py3-none-any.whl.metadata (2.6 kB)
CRG Architecture Gate (P3+)	Install harness dependencies	2026-06-21T17:03:25.5723964Z INFO: pip is still looking at multiple versions of opentelemetry-semantic-conventions to determine which version is compatible with other requirements. This could take a while.
CRG Architecture Gate (P3+)	Install harness dependencies	2026-06-21T17:03:25.5730210Z Collecting opentelemetry-instrumentation-requests~=0.58b0 (from semgrep==1.165.0->-r harness/requirements.txt (line 27))
CRG Architecture Gate (P3+)	Install harness dependencies	2026-06-21T17:03:25.5767383Z   Downloading opentelemetry_instrumentation_requests-0.58b0-py3-none-any.whl.metadata (2.6 kB)
CRG Architecture Gate (P3+)	Install harness dependencies	2026-06-21T17:03:25.5808947Z Collecting opentelemetry-instrumentation==0.58b0 (from opentelemetry-instrumentation-requests~=0.58b0->semgrep==1.165.0->-r harness/requirements.txt (line 27))
CRG Architecture Gate (P3+)	Install harness dependencies	2026-06-21T17:03:25.5844236Z   Downloading opentelemetry_instrumentation-0.58b0-py3-none-any.whl.metadata (7.1 kB)
CRG Architecture Gate (P3+)	Install harness dependencies	2026-06-21T17:03:25.5883097Z Collecting opentelemetry-semantic-conventions==0.58b0 (from opentelemetry-instrumentation-requests~=0.58b0->semgrep==1.165.0->-r harness/requirements.txt (line 27))
CRG Architecture Gate (P3+)	Install harness dependencies	2026-06-21T17:03:25.5928087Z   Downloading opentelemetry_semantic_conventions-0.58b0-py3-none-any.whl.metadata (2.4 kB)
CRG Architecture Gate (P3+)	Install harness dependencies	2026-06-21T17:03:25.5964009Z Collecting opentelemetry-util-http==0.58b0 (from opentelemetry-instrumentation-requests~=0.58b0->semgrep==1.165.0->-r harness/requirements.txt (line 27))
CRG Architecture Gate (P3+)	Install harness dependencies	2026-06-21T17:03:25.6070882Z   Downloading opentelemetry_util_http-0.58b0-py3-none-any.whl.metadata (2.6 kB)
CRG Architecture Gate (P3+)	Install harness dependencies	2026-06-21T17:03:25.6147490Z Collecting wrapt<2.0.0,>=1.0.0 (from opentelemetry-instrumentation==0.58b0->opentelemetry-instrumentation-requests~=0.58b0->semgrep==1.165.0->-r harness/requirements.txt (line 27))
CRG Architecture Gate (P3+)	Install harness dependencies	2026-06-21T17:03:25.6185077Z   Downloading wrapt-1.17.3-cp311-cp311-manylinux1_x86_64.manylinux_2_28_x86_64.manylinux_2_5_x86_64.whl.metadata (6.4 kB)
CRG Architecture Gate (P3+)	Install harness dependencies	2026-06-21T17:03:25.6238021Z INFO: pip is looking at multiple versions of opentelemetry-instrumentation-threading to determine which version is compatible with other requirements. This could take a while.
CRG Architecture Gate (P3+)	Install harness dependencies	2026-06-21T17:03:25.6241788Z Collecting opentelemetry-instrumentation-threading~=0.58b0 (from semgrep==1.165.0->-r harness/requirements.txt (line 27))
CRG Architecture Gate (P3+)	Install harness dependencies	2026-06-21T17:03:25.6277127Z   Downloading opentelemetry_instrumentation_threading-0.63b0-py3-none-any.whl.metadata (2.1 kB)
CRG Architecture Gate (P3+)	Install harness dependencies	2026-06-21T17:03:25.6359336Z   Downloading opentelemetry_instrumentation_threading-0.62b1-py3-none-any.whl.metadata (2.2 kB)
CRG Architecture Gate (P3+)	Install harness dependencies	2026-06-21T17:03:25.6447666Z   Downloading opentelemetry_instrumentation_threading-0.62b0-py3-none-any.whl.metadata (2.2 kB)
CRG Architecture Gate (P3+)	Install harness dependencies	2026-06-21T17:03:25.6533884Z   Downloading opentelemetry_instrumentation_threading-0.61b0-py3-none-any.whl.metadata (2.2 kB)
CRG Architecture Gate (P3+)	Install harness dependencies	2026-06-21T17:03:25.6610471Z   Downloading opentelemetry_instrumentation_threading-0.60b1-py3-none-any.whl.metadata (2.1 kB)
CRG Architecture Gate (P3+)	Install harness dependencies	2026-06-21T17:03:25.6688649Z   Downloading opentelemetry_instrumentation_threading-0.60b0-py3-none-any.whl.metadata (2.1 kB)
CRG Architecture Gate (P3+)	Install harness dependencies	2026-06-21T17:03:25.6769828Z   Downloading opentelemetry_instrumentation_threading-0.59b0-py3-none-any.whl.metadata (2.1 kB)
CRG Architecture Gate (P3+)	Install harness dependencies	2026-06-21T17:03:25.6808035Z INFO: pip is still looking at multiple versions of opentelemetry-instrumentation-threading to determine which version is compatible with other requirements. This could take a while.
CRG Architecture Gate (P3+)	Install harness dependencies	2026-06-21T17:03:25.6879858Z   Downloading opentelemetry_instrumentation_threading-0.58b0-py3-none-any.whl.metadata (2.1 kB)
CRG Architecture Gate (P3+)	Install harness dependencies	2026-06-21T17:03:25.7016293Z Collecting annotated-types>=0.6.0 (from pydantic<3.0.0,>=2.11.0->mcp==1.23.3->semgrep==1.165.0->-r harness/requirements.txt (line 27))
CRG Architecture Gate (P3+)	Install harness dependencies	2026-06-21T17:03:25.7062049Z   Downloading annotated_types-0.7.0-py3-none-any.whl.metadata (15 kB)
CRG Architecture Gate (P3+)	Install harness dependencies	2026-06-21T17:03:26.2708149Z Collecting pydantic-core==2.46.4 (from pydantic<3.0.0,>=2.11.0->mcp==1.23.3->semgrep==1.165.0->-r harness/requirements.txt (line 27))
CRG Architecture Gate (P3+)	Install harness dependencies	2026-06-21T17:03:26.2752234Z   Downloading pydantic_core-2.46.4-cp311-cp311-manylinux_2_17_x86_64.manylinux2014_x86_64.whl.metadata (6.6 kB)
CRG Architecture Gate (P3+)	Install harness dependencies	2026-06-21T17:03:26.4756366Z Collecting cryptography>=3.4.0 (from pyjwt[crypto]~=2.12.0->semgrep==1.165.0->-r harness/requirements.txt (line 27))
CRG Architecture Gate (P3+)	Install harness dependencies	2026-06-21T17:03:26.4817167Z   Downloading cryptography-49.0.0-cp311-abi3-manylinux_2_34_x86_64.whl.metadata (4.3 kB)
CRG Architecture Gate (P3+)	Install harness dependencies	2026-06-21T17:03:26.5565706Z Collecting charset_normalizer<4,>=2 (from requests~=2.22->semgrep==1.165.0->-r harness/requirements.txt (line 27))
CRG Architecture Gate (P3+)	Install harness dependencies	2026-06-21T17:03:26.5610827Z   Downloading charset_normalizer-3.4.7-cp311-cp311-manylinux2014_x86_64.manylinux_2_17_x86_64.manylinux_2_28_x86_64.whl.metadata (40 kB)
CRG Architecture Gate (P3+)	Install harness dependencies	2026-06-21T17:03:26.5758670Z Collecting idna<4,>=2.5 (from requests~=2.22->semgrep==1.165.0->-r harness/requirements.txt (line 27))
CRG Architecture Gate (P3+)	Install harness dependencies	2026-06-21T17:03:26.5795122Z   Downloading idna-3.18-py3-none-any.whl.metadata (6.1 kB)
CRG Architecture Gate (P3+)	Install harness dependencies	2026-06-21T17:03:26.6046425Z Collecting certifi>=2023.5.7 (from requests~=2.22->semgrep==1.165.0->-r harness/requirements.txt (line 27))
CRG Architecture Gate (P3+)	Install harness dependencies	2026-06-21T17:03:26.6080558Z   Downloading certifi-2026.6.17-py3-none-any.whl.metadata (2.5 kB)
CRG Architecture Gate (P3+)	Install harness dependencies	2026-06-21T17:03:26.6233601Z Collecting bracex>=2.1.1 (from wcmatch~=8.3->semgrep==1.165.0->-r harness/requirements.txt (line 27))
CRG Architecture Gate (P3+)	Install harness dependencies	2026-06-21T17:03:26.6267299Z   Downloading bracex-2.6-py3-none-any.whl.metadata (3.6 kB)
CRG Architecture Gate (P3+)	Install harness dependencies	2026-06-21T17:03:26.7106613Z Collecting cffi>=2.0.0 (from cryptography>=3.4.0->pyjwt[crypto]~=2.12.0->semgrep==1.165.0->-r harness/requirements.txt (line 27))
CRG Architecture Gate (P3+)	Install harness dependencies	2026-06-21T17:03:26.7143630Z   Downloading cffi-2.0.0-cp311-cp311-manylinux2014_x86_64.manylinux_2_17_x86_64.whl.metadata (2.6 kB)
CRG Architecture Gate (P3+)	Install harness dependencies	2026-06-21T17:03:26.7254007Z Collecting pycparser (from cffi>=2.0.0->cryptography>=3.4.0->pyjwt[crypto]~=2.12.0->semgrep==1.165.0->-r harness/requirements.txt (line 27))
CRG Architecture Gate (P3+)	Install harness dependencies	2026-06-21T17:03:26.7288320Z   Downloading pycparser-3.0-py3-none-any.whl.metadata (8.2 kB)
CRG Architecture Gate (P3+)	Install harness dependencies	2026-06-21T17:03:26.7399629Z Collecting face>=20.1.1 (from glom>=23.3->semgrep==1.165.0->-r harness/requirements.txt (line 27))
CRG Architecture Gate (P3+)	Install harness dependencies	2026-06-21T17:03:26.7433289Z   Downloading face-26.0.1-py3-none-any.whl.metadata (1.8 kB)
CRG Architecture Gate (P3+)	Install harness dependencies	2026-06-21T17:03:26.7583189Z Collecting httpcore==1.* (from httpx>=0.27.1->mcp==1.23.3->semgrep==1.165.0->-r harness/requirements.txt (line 27))
CRG Architecture Gate (P3+)	Install harness dependencies	2026-06-21T17:03:26.7633635Z   Downloading httpcore-1.0.9-py3-none-any.whl.metadata (21 kB)
CRG Architecture Gate (P3+)	Install harness dependencies	2026-06-21T17:03:26.7753511Z Collecting h11>=0.16 (from httpcore==1.*->httpx>=0.27.1->mcp==1.23.3->semgrep==1.165.0->-r harness/requirements.txt (line 27))
CRG Architecture Gate (P3+)	Install harness dependencies	2026-06-21T17:03:26.7793660Z   Downloading h11-0.16.0-py3-none-any.whl.metadata (8.3 kB)
CRG Architecture Gate (P3+)	Install harness dependencies	2026-06-21T17:03:26.8018843Z Collecting python-dotenv>=0.21.0 (from pydantic-settings>=2.5.2->mcp==1.23.3->semgrep==1.165.0->-r harness/requirements.txt (line 27))
CRG Architecture Gate (P3+)	Install harness dependencies	2026-06-21T17:03:26.8054115Z   Downloading python_dotenv-1.2.2-py3-none-any.whl.metadata (27 kB)
CRG Architecture Gate (P3+)	Install harness dependencies	2026-06-21T17:03:26.8260068Z Collecting markdown-it-py>=2.2.0 (from rich->bandit==1.8.6->-r harness/requirements.txt (line 20))
CRG Architecture Gate (P3+)	Install harness dependencies	2026-06-21T17:03:26.8294724Z   Downloading markdown_it_py-4.2.0-py3-none-any.whl.metadata (7.4 kB)
CRG Architecture Gate (P3+)	Install harness dependencies	2026-06-21T17:03:26.8426818Z Collecting mdurl~=0.1 (from markdown-it-py>=2.2.0->rich->bandit==1.8.6->-r harness/requirements.txt (line 20))
CRG Architecture Gate (P3+)	Install harness dependencies	2026-06-21T17:03:26.8462900Z   Downloading mdurl-0.1.2-py3-none-any.whl.metadata (1.6 kB)
CRG Architecture Gate (P3+)	Install harness dependencies	2026-06-21T17:03:26.8860674Z Downloading ruff-0.15.13-py3-none-manylinux_2_17_x86_64.manylinux2014_x86_64.whl (11.4 MB)
CRG Architecture Gate (P3+)	Install harness dependencies	2026-06-21T17:03:26.9765253Z    ━━━━━━━━━━━━━━━━━━━━━━━━━━━━━━━━━━━━━━━━ 11.4/11.4 MB 129.7 MB/s  0:00:00
CRG Architecture Gate (P3+)	Install harness dependencies	2026-06-21T17:03:26.9807183Z Downloading mypy-1.19.1-cp311-cp311-manylinux2014_x86_64.manylinux_2_17_x86_64.manylinux_2_28_x86_64.whl (13.4 MB)
CRG Architecture Gate (P3+)	Install harness dependencies	2026-06-21T17:03:27.0650239Z    ━━━━━━━━━━━━━━━━━━━━━━━━━━━━━━━━━━━━━━━━ 13.4/13.4 MB 165.5 MB/s  0:00:00
CRG Architecture Gate (P3+)	Install harness dependencies	2026-06-21T17:03:27.0689570Z Downloading pyright-1.1.409-py3-none-any.whl (6.4 MB)
CRG Architecture Gate (P3+)	Install harness dependencies	2026-06-21T17:03:27.1052640Z    ━━━━━━━━━━━━━━━━━━━━━━━━━━━━━━━━━━━━━━━━ 6.4/6.4 MB 195.4 MB/s  0:00:00
CRG Architecture Gate (P3+)	Install harness dependencies	2026-06-21T17:03:27.1087275Z Downloading pytest-8.4.2-py3-none-any.whl (365 kB)
CRG Architecture Gate (P3+)	Install harness dependencies	2026-06-21T17:03:27.1144159Z Downloading pytest_cov-7.1.0-py3-none-any.whl (22 kB)
CRG Architecture Gate (P3+)	Install harness dependencies	2026-06-21T17:03:27.1194249Z Downloading pytest_benchmark-5.2.3-py3-none-any.whl (45 kB)
CRG Architecture Gate (P3+)	Install harness dependencies	2026-06-21T17:03:27.1251198Z Downloading bandit-1.8.6-py3-none-any.whl (133 kB)
CRG Architecture Gate (P3+)	Install harness dependencies	2026-06-21T17:03:27.1317299Z Downloading radon-6.0.1-py2.py3-none-any.whl (52 kB)
CRG Architecture Gate (P3+)	Install harness dependencies	2026-06-21T17:03:27.1387571Z Downloading semgrep-1.165.0-cp310.cp311.cp312.cp313.cp314.py310.py311.py312.py313.py314-none-manylinux_2_34_x86_64.whl (68.9 MB)
CRG Architecture Gate (P3+)	Install harness dependencies	2026-06-21T17:03:27.4499415Z    ━━━━━━━━━━━━━━━━━━━━━━━━━━━━━━━━━━━━━━━━ 68.9/68.9 MB 222.6 MB/s  0:00:00
CRG Architecture Gate (P3+)	Install harness dependencies	2026-06-21T17:03:27.4537527Z Downloading tree_sitter-0.25.2-cp311-cp311-manylinux2014_x86_64.manylinux_2_17_x86_64.manylinux_2_28_x86_64.whl (632 kB)
CRG Architecture Gate (P3+)	Install harness dependencies	2026-06-21T17:03:27.4618701Z    ━━━━━━━━━━━━━━━━━━━━━━━━━━━━━━━━━━━━━━━━ 632.2/632.2 kB 80.6 MB/s  0:00:00
CRG Architecture Gate (P3+)	Install harness dependencies	2026-06-21T17:03:27.4653618Z Downloading tree_sitter_javascript-0.25.0-cp310-abi3-manylinux1_x86_64.manylinux_2_28_x86_64.manylinux_2_5_x86_64.whl (99 kB)
CRG Architecture Gate (P3+)	Install harness dependencies	2026-06-21T17:03:27.4710194Z Downloading tree_sitter_typescript-0.23.2-cp39-abi3-manylinux_2_5_x86_64.manylinux1_x86_64.manylinux_2_17_x86_64.manylinux2014_x86_64.whl (344 kB)
CRG Architecture Gate (P3+)	Install harness dependencies	2026-06-21T17:03:27.4783903Z Downloading pyyaml-6.0.3-cp311-cp311-manylinux2014_x86_64.manylinux_2_17_x86_64.manylinux_2_28_x86_64.whl (806 kB)
CRG Architecture Gate (P3+)	Install harness dependencies	2026-06-21T17:03:27.4836136Z    ━━━━━━━━━━━━━━━━━━━━━━━━━━━━━━━━━━━━━━━━ 806.6/806.6 kB 184.9 MB/s  0:00:00
CRG Architecture Gate (P3+)	Install harness dependencies	2026-06-21T17:03:27.4868830Z Downloading mcp-1.23.3-py3-none-any.whl (231 kB)
CRG Architecture Gate (P3+)	Install harness dependencies	2026-06-21T17:03:27.4937686Z Downloading ruamel_yaml_clib-0.2.15-cp311-cp311-manylinux2014_x86_64.manylinux_2_17_x86_64.manylinux_2_28_x86_64.whl (777 kB)
CRG Architecture Gate (P3+)	Install harness dependencies	2026-06-21T17:03:27.4995104Z    ━━━━━━━━━━━━━━━━━━━━━━━━━━━━━━━━━━━━━━━━ 777.6/777.6 kB 141.4 MB/s  0:00:00
CRG Architecture Gate (P3+)	Install harness dependencies	2026-06-21T17:03:27.5033975Z Downloading opentelemetry_exporter_otlp_proto_http-1.37.0-py3-none-any.whl (19 kB)
CRG Architecture Gate (P3+)	Install harness dependencies	2026-06-21T17:03:27.5105310Z Downloading opentelemetry_exporter_otlp_proto_common-1.37.0-py3-none-any.whl (18 kB)
CRG Architecture Gate (P3+)	Install harness dependencies	2026-06-21T17:03:27.5156307Z Downloading opentelemetry_proto-1.37.0-py3-none-any.whl (72 kB)
CRG Architecture Gate (P3+)	Install harness dependencies	2026-06-21T17:03:27.5212081Z Downloading boltons-21.0.0-py2.py3-none-any.whl (193 kB)
CRG Architecture Gate (P3+)	Install harness dependencies	2026-06-21T17:03:27.5276326Z Downloading click-8.1.8-py3-none-any.whl (98 kB)
CRG Architecture Gate (P3+)	Install harness dependencies	2026-06-21T17:03:27.5326872Z Downloading click_option_group-0.5.9-py3-none-any.whl (11 kB)
CRG Architecture Gate (P3+)	Install harness dependencies	2026-06-21T17:03:27.5374379Z Downloading colorama-0.4.6-py2.py3-none-any.whl (25 kB)
CRG Architecture Gate (P3+)	Install harness dependencies	2026-06-21T17:03:27.5426962Z Downloading exceptiongroup-1.2.2-py3-none-any.whl (16 kB)
CRG Architecture Gate (P3+)	Install harness dependencies	2026-06-21T17:03:27.5487821Z Downloading googleapis_common_protos-1.75.0-py3-none-any.whl (300 kB)
CRG Architecture Gate (P3+)	Install harness dependencies	2026-06-21T17:03:27.5549555Z Downloading jsonschema-4.25.1-py3-none-any.whl (90 kB)
CRG Architecture Gate (P3+)	Install harness dependencies	2026-06-21T17:03:27.5603320Z Downloading junit_xml-1.9-py2.py3-none-any.whl (7.1 kB)
CRG Architecture Gate (P3+)	Install harness dependencies	2026-06-21T17:03:27.5659945Z Downloading mando-0.7.1-py2.py3-none-any.whl (28 kB)
CRG Architecture Gate (P3+)	Install harness dependencies	2026-06-21T17:03:27.5708894Z Downloading opentelemetry_api-1.37.0-py3-none-any.whl (65 kB)
CRG Architecture Gate (P3+)	Install harness dependencies	2026-06-21T17:03:27.5763306Z Downloading importlib_metadata-8.7.1-py3-none-any.whl (27 kB)
CRG Architecture Gate (P3+)	Install harness dependencies	2026-06-21T17:03:27.5825674Z Downloading opentelemetry_instrumentation_requests-0.58b0-py3-none-any.whl (12 kB)
CRG Architecture Gate (P3+)	Install harness dependencies	2026-06-21T17:03:27.5878621Z Downloading opentelemetry_semantic_conventions-0.58b0-py3-none-any.whl (207 kB)
CRG Architecture Gate (P3+)	Install harness dependencies	2026-06-21T17:03:27.5953183Z Downloading opentelemetry_instrumentation-0.58b0-py3-none-any.whl (33 kB)
CRG Architecture Gate (P3+)	Install harness dependencies	2026-06-21T17:03:27.6003221Z Downloading opentelemetry_util_http-0.58b0-py3-none-any.whl (7.7 kB)
CRG Architecture Gate (P3+)	Install harness dependencies	2026-06-21T17:03:27.6049375Z Downloading opentelemetry_instrumentation_threading-0.58b0-py3-none-any.whl (9.3 kB)
CRG Architecture Gate (P3+)	Install harness dependencies	2026-06-21T17:03:27.6099698Z Downloading opentelemetry_sdk-1.37.0-py3-none-any.whl (131 kB)
CRG Architecture Gate (P3+)	Install harness dependencies	2026-06-21T17:03:27.6159426Z Downloading peewee-3.19.0-py3-none-any.whl (411 kB)
CRG Architecture Gate (P3+)	Install harness dependencies	2026-06-21T17:03:27.6249583Z Downloading pluggy-1.6.0-py3-none-any.whl (20 kB)
CRG Architecture Gate (P3+)	Install harness dependencies	2026-06-21T17:03:27.6300602Z Downloading protobuf-6.33.6-cp39-abi3-manylinux2014_x86_64.whl (323 kB)
CRG Architecture Gate (P3+)	Install harness dependencies	2026-06-21T17:03:27.6359065Z Downloading pydantic-2.13.4-py3-none-any.whl (472 kB)
CRG Architecture Gate (P3+)	Install harness dependencies	2026-06-21T17:03:27.6420826Z Downloading pydantic_core-2.46.4-cp311-cp311-manylinux_2_17_x86_64.manylinux2014_x86_64.whl (2.1 MB)
CRG Architecture Gate (P3+)	Install harness dependencies	2026-06-21T17:03:27.6507244Z    ━━━━━━━━━━━━━━━━━━━━━━━━━━━━━━━━━━━━━━━━ 2.1/2.1 MB 283.0 MB/s  0:00:00
CRG Architecture Gate (P3+)	Install harness dependencies	2026-06-21T17:03:27.6540406Z Downloading pyjwt-2.12.1-py3-none-any.whl (29 kB)
CRG Architecture Gate (P3+)	Install harness dependencies	2026-06-21T17:03:27.6588346Z Downloading requests-2.34.2-py3-none-any.whl (73 kB)
CRG Architecture Gate (P3+)	Install harness dependencies	2026-06-21T17:03:27.6638258Z Downloading charset_normalizer-3.4.7-cp311-cp311-manylinux2014_x86_64.manylinux_2_17_x86_64.manylinux_2_28_x86_64.whl (214 kB)
CRG Architecture Gate (P3+)	Install harness dependencies	2026-06-21T17:03:27.6691986Z Downloading idna-3.18-py3-none-any.whl (65 kB)
CRG Architecture Gate (P3+)	Install harness dependencies	2026-06-21T17:03:27.6741471Z Downloading semantic_version-2.10.0-py2.py3-none-any.whl (15 kB)
CRG Architecture Gate (P3+)	Install harness dependencies	2026-06-21T17:03:27.6801393Z Downloading tomli-2.4.1-cp311-cp311-manylinux2014_x86_64.manylinux_2_17_x86_64.manylinux_2_28_x86_64.whl (243 kB)
CRG Architecture Gate (P3+)	Install harness dependencies	2026-06-21T17:03:27.6864346Z Downloading typing_extensions-4.15.0-py3-none-any.whl (44 kB)
CRG Architecture Gate (P3+)	Install harness dependencies	2026-06-21T17:03:27.6916950Z Downloading urllib3-2.7.0-py3-none-any.whl (131 kB)
CRG Architecture Gate (P3+)	Install harness dependencies	2026-06-21T17:03:27.6968421Z Downloading wcmatch-8.5.2-py3-none-any.whl (39 kB)
CRG Architecture Gate (P3+)	Install harness dependencies	2026-06-21T17:03:27.7018771Z Downloading wrapt-1.17.3-cp311-cp311-manylinux1_x86_64.manylinux_2_28_x86_64.manylinux_2_5_x86_64.whl (82 kB)
CRG Architecture Gate (P3+)	Install harness dependencies	2026-06-21T17:03:27.7068777Z Downloading annotated_types-0.7.0-py3-none-any.whl (13 kB)
CRG Architecture Gate (P3+)	Install harness dependencies	2026-06-21T17:03:27.7117288Z Downloading anyio-4.14.0-py3-none-any.whl (123 kB)
CRG Architecture Gate (P3+)	Install harness dependencies	2026-06-21T17:03:27.7169075Z Downloading attrs-26.1.0-py3-none-any.whl (67 kB)
CRG Architecture Gate (P3+)	Install harness dependencies	2026-06-21T17:03:27.7218369Z Downloading bracex-2.6-py3-none-any.whl (11 kB)
CRG Architecture Gate (P3+)	Install harness dependencies	2026-06-21T17:03:27.7266219Z Downloading certifi-2026.6.17-py3-none-any.whl (133 kB)
CRG Architecture Gate (P3+)	Install harness dependencies	2026-06-21T17:03:27.7317119Z Downloading coverage-7.14.2-cp311-cp311-manylinux1_x86_64.manylinux_2_28_x86_64.manylinux_2_5_x86_64.whl (253 kB)
CRG Architecture Gate (P3+)	Install harness dependencies	2026-06-21T17:03:27.7382615Z Downloading cryptography-49.0.0-cp311-abi3-manylinux_2_34_x86_64.whl (4.7 MB)
CRG Architecture Gate (P3+)	Install harness dependencies	2026-06-21T17:03:27.7561811Z    ━━━━━━━━━━━━━━━━━━━━━━━━━━━━━━━━━━━━━━━━ 4.7/4.7 MB 283.7 MB/s  0:00:00
CRG Architecture Gate (P3+)	Install harness dependencies	2026-06-21T17:03:27.7595159Z Downloading cffi-2.0.0-cp311-cp311-manylinux2014_x86_64.manylinux_2_17_x86_64.whl (215 kB)
CRG Architecture Gate (P3+)	Install harness dependencies	2026-06-21T17:03:27.7650497Z Downloading glom-25.12.0-py3-none-any.whl (103 kB)
CRG Architecture Gate (P3+)	Install harness dependencies	2026-06-21T17:03:27.7700879Z Downloading face-26.0.1-py3-none-any.whl (57 kB)
CRG Architecture Gate (P3+)	Install harness dependencies	2026-06-21T17:03:27.7759019Z Downloading httpx-0.28.1-py3-none-any.whl (73 kB)
CRG Architecture Gate (P3+)	Install harness dependencies	2026-06-21T17:03:27.7816252Z Downloading httpcore-1.0.9-py3-none-any.whl (78 kB)
CRG Architecture Gate (P3+)	Install harness dependencies	2026-06-21T17:03:27.7879387Z Downloading h11-0.16.0-py3-none-any.whl (37 kB)
CRG Architecture Gate (P3+)	Install harness dependencies	2026-06-21T17:03:27.7971286Z Downloading httpx_sse-0.4.3-py3-none-any.whl (9.0 kB)
CRG Architecture Gate (P3+)	Install harness dependencies	2026-06-21T17:03:27.8018915Z Downloading iniconfig-2.3.0-py3-none-any.whl (7.5 kB)
CRG Architecture Gate (P3+)	Install harness dependencies	2026-06-21T17:03:27.8066181Z Downloading jsonschema_specifications-2025.9.1-py3-none-any.whl (18 kB)
CRG Architecture Gate (P3+)	Install harness dependencies	2026-06-21T17:03:27.8113591Z Downloading librt-0.11.0-cp311-cp311-manylinux2014_x86_64.manylinux_2_17_x86_64.manylinux_2_28_x86_64.whl (497 kB)
CRG Architecture Gate (P3+)	Install harness dependencies	2026-06-21T17:03:27.8173910Z Downloading mypy_extensions-1.1.0-py3-none-any.whl (5.0 kB)
CRG Architecture Gate (P3+)	Install harness dependencies	2026-06-21T17:03:27.8227762Z Downloading nodeenv-1.10.0-py2.py3-none-any.whl (23 kB)
CRG Architecture Gate (P3+)	Install harness dependencies	2026-06-21T17:03:27.8280558Z Downloading packaging-26.2-py3-none-any.whl (100 kB)
CRG Architecture Gate (P3+)	Install harness dependencies	2026-06-21T17:03:27.8345244Z Downloading pathspec-1.1.1-py3-none-any.whl (57 kB)
CRG Architecture Gate (P3+)	Install harness dependencies	2026-06-21T17:03:27.8396128Z Downloading pydantic_settings-2.14.2-py3-none-any.whl (61 kB)
CRG Architecture Gate (P3+)	Install harness dependencies	2026-06-21T17:03:27.8582198Z Downloading pygments-2.20.0-py3-none-any.whl (1.2 MB)
CRG Architecture Gate (P3+)	Install harness dependencies	2026-06-21T17:03:27.8650621Z    ━━━━━━━━━━━━━━━━━━━━━━━━━━━━━━━━━━━━━━━━ 1.2/1.2 MB 204.5 MB/s  0:00:00
CRG Architecture Gate (P3+)	Install harness dependencies	2026-06-21T17:03:27.8683888Z Downloading python_dotenv-1.2.2-py3-none-any.whl (22 kB)
CRG Architecture Gate (P3+)	Install harness dependencies	2026-06-21T17:03:27.8738639Z Downloading python_multipart-0.0.32-py3-none-any.whl (30 kB)
CRG Architecture Gate (P3+)	Install harness dependencies	2026-06-21T17:03:27.8863976Z Downloading referencing-0.37.0-py3-none-any.whl (26 kB)
CRG Architecture Gate (P3+)	Install harness dependencies	2026-06-21T17:03:27.8954110Z Downloading rich-15.0.0-py3-none-any.whl (310 kB)
CRG Architecture Gate (P3+)	Install harness dependencies	2026-06-21T17:03:27.9015196Z Downloading markdown_it_py-4.2.0-py3-none-any.whl (91 kB)
CRG Architecture Gate (P3+)	Install harness dependencies	2026-06-21T17:03:27.9069583Z Downloading mdurl-0.1.2-py3-none-any.whl (10.0 kB)
CRG Architecture Gate (P3+)	Install harness dependencies	2026-06-21T17:03:27.9127605Z Downloading rpds_py-2026.5.1-cp311-cp311-manylinux_2_17_x86_64.manylinux2014_x86_64.whl (378 kB)
CRG Architecture Gate (P3+)	Install harness dependencies	2026-06-21T17:03:27.9189826Z Downloading ruamel_yaml-0.19.1-py3-none-any.whl (118 kB)
CRG Architecture Gate (P3+)	Install harness dependencies	2026-06-21T17:03:27.9255542Z Downloading sse_starlette-3.4.5-py3-none-any.whl (16 kB)
CRG Architecture Gate (P3+)	Install harness dependencies	2026-06-21T17:03:27.9303511Z Downloading starlette-1.3.1-py3-none-any.whl (73 kB)
CRG Architecture Gate (P3+)	Install harness dependencies	2026-06-21T17:03:27.9351128Z Downloading stevedore-5.8.0-py3-none-any.whl (54 kB)
CRG Architecture Gate (P3+)	Install harness dependencies	2026-06-21T17:03:27.9400411Z Downloading typing_inspection-0.4.2-py3-none-any.whl (14 kB)
CRG Architecture Gate (P3+)	Install harness dependencies	2026-06-21T17:03:27.9451899Z Downloading uvicorn-0.49.0-py3-none-any.whl (71 kB)
CRG Architecture Gate (P3+)	Install harness dependencies	2026-06-21T17:03:27.9500295Z Downloading zipp-4.1.0-py3-none-any.whl (10 kB)
CRG Architecture Gate (P3+)	Install harness dependencies	2026-06-21T17:03:27.9548887Z Downloading parso-0.8.7-py2.py3-none-any.whl (107 kB)
CRG Architecture Gate (P3+)	Install harness dependencies	2026-06-21T17:03:27.9608691Z Downloading pony-0.7.19-py3-none-any.whl (317 kB)
CRG Architecture Gate (P3+)	Install harness dependencies	2026-06-21T17:03:27.9676648Z Downloading py_cpuinfo-9.0.0-py3-none-any.whl (22 kB)
CRG Architecture Gate (P3+)	Install harness dependencies	2026-06-21T17:03:27.9725972Z Downloading pycparser-3.0-py3-none-any.whl (48 kB)
CRG Architecture Gate (P3+)	Install harness dependencies	2026-06-21T17:03:27.9778480Z Downloading six-1.17.0-py2.py3-none-any.whl (11 kB)
CRG Architecture Gate (P3+)	Install harness dependencies	2026-06-21T17:03:27.9830636Z Downloading toml-0.10.2-py2.py3-none-any.whl (16 kB)
CRG Architecture Gate (P3+)	Install harness dependencies	2026-06-21T17:03:28.2311437Z Building wheels for collected packages: mutmut, glob2
CRG Architecture Gate (P3+)	Install harness dependencies	2026-06-21T17:03:28.2319846Z   Building wheel for mutmut (pyproject.toml): started
CRG Architecture Gate (P3+)	Install harness dependencies	2026-06-21T17:03:28.4469241Z   Building wheel for mutmut (pyproject.toml): finished with status 'done'
CRG Architecture Gate (P3+)	Install harness dependencies	2026-06-21T17:03:28.4474831Z   Created wheel for mutmut: filename=mutmut-2.5.1-py2.py3-none-any.whl size=31439 sha256=5046e8b522c6a9328e021f54613d217e95ab0c797e35d6267645f9da6016d4fd
CRG Architecture Gate (P3+)	Install harness dependencies	2026-06-21T17:03:28.4476190Z   Stored in directory: /home/runner/.cache/pip/wheels/de/da/26/9335ec3b5a0d10f61a64e2719152627ecfb2914c8edcbef538
CRG Architecture Gate (P3+)	Install harness dependencies	2026-06-21T17:03:28.4504211Z   Building wheel for glob2 (pyproject.toml): started
CRG Architecture Gate (P3+)	Install harness dependencies	2026-06-21T17:03:28.6488595Z   Building wheel for glob2 (pyproject.toml): finished with status 'done'
CRG Architecture Gate (P3+)	Install harness dependencies	2026-06-21T17:03:28.6493792Z   Created wheel for glob2: filename=glob2-0.7-py2.py3-none-any.whl size=9364 sha256=3b540ddb971941549610d6d6ea1317e89a243ed9d3593bfae6d6c3191e568947
CRG Architecture Gate (P3+)	Install harness dependencies	2026-06-21T17:03:28.6495066Z   Stored in directory: /home/runner/.cache/pip/wheels/96/41/06/9f8fddc6eb1d75bde63db7f491311a4ae26905212617e06eb2
CRG Architecture Gate (P3+)	Install harness dependencies	2026-06-21T17:03:28.6508837Z Successfully built mutmut glob2
CRG Architecture Gate (P3+)	Install harness dependencies	2026-06-21T17:03:28.7865434Z Installing collected packages: py-cpuinfo, pony, peewee, glob2, boltons, zipp, wrapt, urllib3, typing_extensions, tree-sitter-typescript, tree-sitter-javascript, tree-sitter, tomli, toml, stevedore, six, semantic-version, ruff, ruamel.yaml.clib, ruamel.yaml, rpds-py, pyyaml, python-multipart, python-dotenv, pyjwt, pygments, pycparser, protobuf, pluggy, pathspec, parso, packaging, opentelemetry-util-http, nodeenv, mypy_extensions, mdurl, librt, iniconfig, idna, httpx-sse, h11, face, exceptiongroup, coverage, colorama, click, charset_normalizer, certifi, bracex, attrs, annotated-types, wcmatch, uvicorn, typing-inspection, requests, referencing, pytest, pyright, pydantic-core, opentelemetry-proto, mypy, markdown-it-py, mando, junit-xml, importlib-metadata, httpcore, googleapis-common-protos, glom, click-option-group, cffi, anyio, starlette, rich, radon, pytest-cov, pytest-benchmark, pydantic, opentelemetry-exporter-otlp-proto-common, opentelemetry-api, mutmut, jsonschema-specifications, httpx, cryptography, sse-starlette, pydantic-settings, opentelemetry-semantic-conventions, jsonschema, bandit, opentelemetry-sdk, opentelemetry-instrumentation, mcp, opentelemetry-instrumentation-threading, opentelemetry-instrumentation-requests, opentelemetry-exporter-otlp-proto-http, semgrep
CRG Architecture Gate (P3+)	Install harness dependencies	2026-06-21T17:03:36.7190484Z 
CRG Architecture Gate (P3+)	Install harness dependencies	2026-06-21T17:03:36.7234817Z Successfully installed annotated-types-0.7.0 anyio-4.14.0 attrs-26.1.0 bandit-1.8.6 boltons-21.0.0 bracex-2.6 certifi-2026.6.17 cffi-2.0.0 charset_normalizer-3.4.7 click-8.1.8 click-option-group-0.5.9 colorama-0.4.6 coverage-7.14.2 cryptography-49.0.0 exceptiongroup-1.2.2 face-26.0.1 glob2-0.7 glom-25.12.0 googleapis-common-protos-1.75.0 h11-0.16.0 httpcore-1.0.9 httpx-0.28.1 httpx-sse-0.4.3 idna-3.18 importlib-metadata-8.7.1 iniconfig-2.3.0 jsonschema-4.25.1 jsonschema-specifications-2025.9.1 junit-xml-1.9 librt-0.11.0 mando-0.7.1 markdown-it-py-4.2.0 mcp-1.23.3 mdurl-0.1.2 mutmut-2.5.1 mypy-1.19.1 mypy_extensions-1.1.0 nodeenv-1.10.0 opentelemetry-api-1.37.0 opentelemetry-exporter-otlp-proto-common-1.37.0 opentelemetry-exporter-otlp-proto-http-1.37.0 opentelemetry-instrumentation-0.58b0 opentelemetry-instrumentation-requests-0.58b0 opentelemetry-instrumentation-threading-0.58b0 opentelemetry-proto-1.37.0 opentelemetry-sdk-1.37.0 opentelemetry-semantic-conventions-0.58b0 opentelemetry-util-http-0.58b0 packaging-26.2 parso-0.8.7 pathspec-1.1.1 peewee-3.19.0 pluggy-1.6.0 pony-0.7.19 protobuf-6.33.6 py-cpuinfo-9.0.0 pycparser-3.0 pydantic-2.13.4 pydantic-core-2.46.4 pydantic-settings-2.14.2 pygments-2.20.0 pyjwt-2.12.1 pyright-1.1.409 pytest-8.4.2 pytest-benchmark-5.2.3 pytest-cov-7.1.0 python-dotenv-1.2.2 python-multipart-0.0.32 pyyaml-6.0.3 radon-6.0.1 referencing-0.37.0 requests-2.34.2 rich-15.0.0 rpds-py-2026.5.1 ruamel.yaml-0.19.1 ruamel.yaml.clib-0.2.15 ruff-0.15.13 semantic-version-2.10.0 semgrep-1.165.0 six-1.17.0 sse-starlette-3.4.5 starlette-1.3.1 stevedore-5.8.0 toml-0.10.2 tomli-2.4.1 tree-sitter-0.25.2 tree-sitter-javascript-0.25.0 tree-sitter-typescript-0.23.2 typing-inspection-0.4.2 typing_extensions-4.15.0 urllib3-2.7.0 uvicorn-0.49.0 wcmatch-8.5.2 wrapt-1.17.3 zipp-4.1.0
CRG Architecture Gate (P3+)	Install code-review-graph	﻿2026-06-21T17:03:37.0275484Z ##[group]Run pip install code-review-graph
CRG Architecture Gate (P3+)	Install code-review-graph	2026-06-21T17:03:37.0275887Z ^[[36;1mpip install code-review-graph^[[0m
CRG Architecture Gate (P3+)	Install code-review-graph	2026-06-21T17:03:37.0312254Z shell: /usr/bin/bash -e {0}
CRG Architecture Gate (P3+)	Install code-review-graph	2026-06-21T17:03:37.0312520Z env:
CRG Architecture Gate (P3+)	Install code-review-graph	2026-06-21T17:03:37.0312797Z   pythonLocation: /opt/hostedtoolcache/Python/3.11.15/x64
CRG Architecture Gate (P3+)	Install code-review-graph	2026-06-21T17:03:37.0313250Z   PKG_CONFIG_PATH: /opt/hostedtoolcache/Python/3.11.15/x64/lib/pkgconfig
CRG Architecture Gate (P3+)	Install code-review-graph	2026-06-21T17:03:37.0313667Z   Python_ROOT_DIR: /opt/hostedtoolcache/Python/3.11.15/x64
CRG Architecture Gate (P3+)	Install code-review-graph	2026-06-21T17:03:37.0314034Z   Python2_ROOT_DIR: /opt/hostedtoolcache/Python/3.11.15/x64
CRG Architecture Gate (P3+)	Install code-review-graph	2026-06-21T17:03:37.0314400Z   Python3_ROOT_DIR: /opt/hostedtoolcache/Python/3.11.15/x64
CRG Architecture Gate (P3+)	Install code-review-graph	2026-06-21T17:03:37.0314765Z   LD_LIBRARY_PATH: /opt/hostedtoolcache/Python/3.11.15/x64/lib
CRG Architecture Gate (P3+)	Install code-review-graph	2026-06-21T17:03:37.0315110Z ##[endgroup]
CRG Architecture Gate (P3+)	Install code-review-graph	2026-06-21T17:03:37.4295382Z Collecting code-review-graph
CRG Architecture Gate (P3+)	Install code-review-graph	2026-06-21T17:03:37.4811559Z   Downloading code_review_graph-2.3.6-py3-none-any.whl.metadata (39 kB)
CRG Architecture Gate (P3+)	Install code-review-graph	2026-06-21T17:03:37.5194392Z Collecting fastmcp<4,>=3.2.4 (from code-review-graph)
CRG Architecture Gate (P3+)	Install code-review-graph	2026-06-21T17:03:37.5247475Z   Downloading fastmcp-3.4.2-py3-none-any.whl.metadata (8.5 kB)
CRG Architecture Gate (P3+)	Install code-review-graph	2026-06-21T17:03:37.5292003Z Requirement already satisfied: mcp<2,>=1.0.0 in /opt/hostedtoolcache/Python/3.11.15/x64/lib/python3.11/site-packages (from code-review-graph) (1.23.3)
CRG Architecture Gate (P3+)	Install code-review-graph	2026-06-21T17:03:37.5443759Z Collecting networkx<4,>=3.2 (from code-review-graph)
CRG Architecture Gate (P3+)	Install code-review-graph	2026-06-21T17:03:37.5477318Z   Downloading networkx-3.6.1-py3-none-any.whl.metadata (6.8 kB)
CRG Architecture Gate (P3+)	Install code-review-graph	2026-06-21T17:03:37.5677776Z Collecting tree-sitter-language-pack<1,>=0.3.0 (from code-review-graph)
CRG Architecture Gate (P3+)	Install code-review-graph	2026-06-21T17:03:37.5725318Z   Downloading tree_sitter_language_pack-0.13.0-cp310-abi3-manylinux2014_x86_64.whl.metadata (19 kB)
CRG Architecture Gate (P3+)	Install code-review-graph	2026-06-21T17:03:37.5768328Z Requirement already satisfied: tree-sitter<1,>=0.23.0 in /opt/hostedtoolcache/Python/3.11.15/x64/lib/python3.11/site-packages (from code-review-graph) (0.25.2)
CRG Architecture Gate (P3+)	Install code-review-graph	2026-06-21T17:03:37.6215400Z Collecting watchdog<6,>=4.0.0 (from code-review-graph)
CRG Architecture Gate (P3+)	Install code-review-graph	2026-06-21T17:03:37.6255180Z   Downloading watchdog-5.0.3-py3-none-manylinux2014_x86_64.whl.metadata (41 kB)
CRG Architecture Gate (P3+)	Install code-review-graph	2026-06-21T17:03:37.6396090Z Collecting fastmcp-slim==3.4.2 (from fastmcp-slim[client,server]==3.4.2->fastmcp<4,>=3.2.4->code-review-graph)
CRG Architecture Gate (P3+)	Install code-review-graph	2026-06-21T17:03:37.6444458Z   Downloading fastmcp_slim-3.4.2-py3-none-any.whl.metadata (10 kB)
CRG Architecture Gate (P3+)	Install code-review-graph	2026-06-21T17:03:37.6635165Z Collecting platformdirs>=4.0.0 (from fastmcp-slim==3.4.2->fastmcp-slim[client,server]==3.4.2->fastmcp<4,>=3.2.4->code-review-graph)
CRG Architecture Gate (P3+)	Install code-review-graph	2026-06-21T17:03:37.6670213Z   Downloading platformdirs-4.10.0-py3-none-any.whl.metadata (5.5 kB)
CRG Architecture Gate (P3+)	Install code-review-graph	2026-06-21T17:03:37.6703016Z Requirement already satisfied: pydantic-settings>=2.0.0 in /opt/hostedtoolcache/Python/3.11.15/x64/lib/python3.11/site-packages (from fastmcp-slim==3.4.2->fastmcp-slim[client,server]==3.4.2->fastmcp<4,>=3.2.4->code-review-graph) (2.14.2)
CRG Architecture Gate (P3+)	Install code-review-graph	2026-06-21T17:03:37.6708297Z Requirement already satisfied: pydantic>=2.11.7 in /opt/hostedtoolcache/Python/3.11.15/x64/lib/python3.11/site-packages (from pydantic[email]>=2.11.7->fastmcp-slim==3.4.2->fastmcp-slim[client,server]==3.4.2->fastmcp<4,>=3.2.4->code-review-graph) (2.13.4)
CRG Architecture Gate (P3+)	Install code-review-graph	2026-06-21T17:03:37.6713599Z Requirement already satisfied: python-dotenv>=1.1.0 in /opt/hostedtoolcache/Python/3.11.15/x64/lib/python3.11/site-packages (from fastmcp-slim==3.4.2->fastmcp-slim[client,server]==3.4.2->fastmcp<4,>=3.2.4->code-review-graph) (1.2.2)
CRG Architecture Gate (P3+)	Install code-review-graph	2026-06-21T17:03:37.6717690Z Requirement already satisfied: rich>=13.9.4 in /opt/hostedtoolcache/Python/3.11.15/x64/lib/python3.11/site-packages (from fastmcp-slim==3.4.2->fastmcp-slim[client,server]==3.4.2->fastmcp<4,>=3.2.4->code-review-graph) (15.0.0)
CRG Architecture Gate (P3+)	Install code-review-graph	2026-06-21T17:03:37.6722060Z Requirement already satisfied: typing-extensions>=4.0.0 in /opt/hostedtoolcache/Python/3.11.15/x64/lib/python3.11/site-packages (from fastmcp-slim==3.4.2->fastmcp-slim[client,server]==3.4.2->fastmcp<4,>=3.2.4->code-review-graph) (4.15.0)
CRG Architecture Gate (P3+)	Install code-review-graph	2026-06-21T17:03:37.6832142Z Collecting authlib>=1.6.11 (from fastmcp-slim[client,server]==3.4.2->fastmcp<4,>=3.2.4->code-review-graph)
CRG Architecture Gate (P3+)	Install code-review-graph	2026-06-21T17:03:37.6869533Z   Downloading authlib-1.7.2-py2.py3-none-any.whl.metadata (10 kB)
CRG Architecture Gate (P3+)	Install code-review-graph	2026-06-21T17:03:37.6907387Z Requirement already satisfied: exceptiongroup>=1.2.2 in /opt/hostedtoolcache/Python/3.11.15/x64/lib/python3.11/site-packages (from fastmcp-slim[client,server]==3.4.2->fastmcp<4,>=3.2.4->code-review-graph) (1.2.2)
CRG Architecture Gate (P3+)	Install code-review-graph	2026-06-21T17:03:37.6913777Z Requirement already satisfied: httpx<1.0,>=0.28.1 in /opt/hostedtoolcache/Python/3.11.15/x64/lib/python3.11/site-packages (from fastmcp-slim[client,server]==3.4.2->fastmcp<4,>=3.2.4->code-review-graph) (0.28.1)
CRG Architecture Gate (P3+)	Install code-review-graph	2026-06-21T17:03:37.7011256Z Collecting mcp<2,>=1.0.0 (from code-review-graph)
CRG Architecture Gate (P3+)	Install code-review-graph	2026-06-21T17:03:37.7044020Z   Downloading mcp-1.28.0-py3-none-any.whl.metadata (9.4 kB)
CRG Architecture Gate (P3+)	Install code-review-graph	2026-06-21T17:03:37.7090194Z Requirement already satisfied: opentelemetry-api>=1.20.0 in /opt/hostedtoolcache/Python/3.11.15/x64/lib/python3.11/site-packages (from fastmcp-slim[client,server]==3.4.2->fastmcp<4,>=3.2.4->code-review-graph) (1.37.0)
CRG Architecture Gate (P3+)	Install code-review-graph	2026-06-21T17:03:37.7165503Z Collecting py-key-value-aio<0.5.0,>=0.4.4 (from py-key-value-aio[filetree,keyring,memory]<0.5.0,>=0.4.4; extra == "client"->fastmcp-slim[client,server]==3.4.2->fastmcp<4,>=3.2.4->code-review-graph)
CRG Architecture Gate (P3+)	Install code-review-graph	2026-06-21T17:03:37.7198545Z   Downloading py_key_value_aio-0.4.5-py3-none-any.whl.metadata (16 kB)
CRG Architecture Gate (P3+)	Install code-review-graph	2026-06-21T17:03:37.7280633Z Requirement already satisfied: starlette>=1.0.1 in /opt/hostedtoolcache/Python/3.11.15/x64/lib/python3.11/site-packages (from fastmcp-slim[client,server]==3.4.2->fastmcp<4,>=3.2.4->code-review-graph) (1.3.1)
CRG Architecture Gate (P3+)	Install code-review-graph	2026-06-21T17:03:37.7450718Z Collecting cyclopts>=4.0.0 (from fastmcp-slim[client,server]==3.4.2->fastmcp<4,>=3.2.4->code-review-graph)
CRG Architecture Gate (P3+)	Install code-review-graph	2026-06-21T17:03:37.7485084Z   Downloading cyclopts-4.18.0-py3-none-any.whl.metadata (12 kB)
CRG Architecture Gate (P3+)	Install code-review-graph	2026-06-21T17:03:37.7595626Z Collecting griffelib>=2.0.0 (from fastmcp-slim[client,server]==3.4.2->fastmcp<4,>=3.2.4->code-review-graph)
CRG Architecture Gate (P3+)	Install code-review-graph	2026-06-21T17:03:37.7641324Z   Downloading griffelib-2.1.0-py3-none-any.whl.metadata (1.3 kB)
CRG Architecture Gate (P3+)	Install code-review-graph	2026-06-21T17:03:37.7764132Z Collecting joserfc>=1.1.0 (from fastmcp-slim[client,server]==3.4.2->fastmcp<4,>=3.2.4->code-review-graph)
CRG Architecture Gate (P3+)	Install code-review-graph	2026-06-21T17:03:37.7797862Z   Downloading joserfc-1.7.1-py3-none-any.whl.metadata (3.1 kB)
CRG Architecture Gate (P3+)	Install code-review-graph	2026-06-21T17:03:37.7889531Z Collecting jsonref>=1.1.0 (from fastmcp-slim[client,server]==3.4.2->fastmcp<4,>=3.2.4->code-review-graph)
CRG Architecture Gate (P3+)	Install code-review-graph	2026-06-21T17:03:37.7921172Z   Downloading jsonref-1.1.0-py3-none-any.whl.metadata (2.7 kB)
CRG Architecture Gate (P3+)	Install code-review-graph	2026-06-21T17:03:37.8034826Z Collecting jsonschema-path>=0.3.4 (from fastmcp-slim[client,server]==3.4.2->fastmcp<4,>=3.2.4->code-review-graph)
CRG Architecture Gate (P3+)	Install code-review-graph	2026-06-21T17:03:37.8079676Z   Downloading jsonschema_path-0.5.0-py3-none-any.whl.metadata (8.1 kB)
CRG Architecture Gate (P3+)	Install code-review-graph	2026-06-21T17:03:37.8187963Z Collecting openapi-pydantic>=0.5.1 (from fastmcp-slim[client,server]==3.4.2->fastmcp<4,>=3.2.4->code-review-graph)
CRG Architecture Gate (P3+)	Install code-review-graph	2026-06-21T17:03:37.8225914Z   Downloading openapi_pydantic-0.5.1-py3-none-any.whl.metadata (10 kB)
CRG Architecture Gate (P3+)	Install code-review-graph	2026-06-21T17:03:37.8263506Z Requirement already satisfied: packaging>=24.0 in /opt/hostedtoolcache/Python/3.11.15/x64/lib/python3.11/site-packages (from fastmcp-slim[client,server]==3.4.2->fastmcp<4,>=3.2.4->code-review-graph) (26.2)
CRG Architecture Gate (P3+)	Install code-review-graph	2026-06-21T17:03:37.8346375Z Collecting pyperclip>=1.9.0 (from fastmcp-slim[client,server]==3.4.2->fastmcp<4,>=3.2.4->code-review-graph)
CRG Architecture Gate (P3+)	Install code-review-graph	2026-06-21T17:03:37.8384218Z   Downloading pyperclip-1.11.0-py3-none-any.whl.metadata (2.4 kB)
CRG Architecture Gate (P3+)	Install code-review-graph	2026-06-21T17:03:37.8418737Z Requirement already satisfied: python-multipart>=0.0.26 in /opt/hostedtoolcache/Python/3.11.15/x64/lib/python3.11/site-packages (from fastmcp-slim[client,server]==3.4.2->fastmcp<4,>=3.2.4->code-review-graph) (0.0.32)
CRG Architecture Gate (P3+)	Install code-review-graph	2026-06-21T17:03:37.8424408Z Requirement already satisfied: pyyaml<7.0,>=6.0 in /opt/hostedtoolcache/Python/3.11.15/x64/lib/python3.11/site-packages (from fastmcp-slim[client,server]==3.4.2->fastmcp<4,>=3.2.4->code-review-graph) (6.0.3)
CRG Architecture Gate (P3+)	Install code-review-graph	2026-06-21T17:03:37.8597648Z Collecting uncalled-for>=0.2.0 (from fastmcp-slim[client,server]==3.4.2->fastmcp<4,>=3.2.4->code-review-graph)
CRG Architecture Gate (P3+)	Install code-review-graph	2026-06-21T17:03:37.8633237Z   Downloading uncalled_for-0.3.2-py3-none-any.whl.metadata (2.9 kB)
CRG Architecture Gate (P3+)	Install code-review-graph	2026-06-21T17:03:37.8674610Z Requirement already satisfied: uvicorn>=0.35 in /opt/hostedtoolcache/Python/3.11.15/x64/lib/python3.11/site-packages (from fastmcp-slim[client,server]==3.4.2->fastmcp<4,>=3.2.4->code-review-graph) (0.49.0)
CRG Architecture Gate (P3+)	Install code-review-graph	2026-06-21T17:03:37.9260565Z Collecting watchfiles>=1.0.0 (from fastmcp-slim[client,server]==3.4.2->fastmcp<4,>=3.2.4->code-review-graph)
CRG Architecture Gate (P3+)	Install code-review-graph	2026-06-21T17:03:37.9297706Z   Downloading watchfiles-1.2.0-cp311-cp311-manylinux_2_17_x86_64.manylinux2014_x86_64.whl.metadata (4.9 kB)
CRG Architecture Gate (P3+)	Install code-review-graph	2026-06-21T17:03:37.9939097Z Collecting websockets>=15.0.1 (from fastmcp-slim[client,server]==3.4.2->fastmcp<4,>=3.2.4->code-review-graph)
CRG Architecture Gate (P3+)	Install code-review-graph	2026-06-21T17:03:37.9976688Z   Downloading websockets-16.0-cp311-cp311-manylinux1_x86_64.manylinux_2_28_x86_64.manylinux_2_5_x86_64.whl.metadata (6.8 kB)
CRG Architecture Gate (P3+)	Install code-review-graph	2026-06-21T17:03:38.0099184Z Requirement already satisfied: anyio in /opt/hostedtoolcache/Python/3.11.15/x64/lib/python3.11/site-packages (from httpx<1.0,>=0.28.1->fastmcp-slim[client,server]==3.4.2->fastmcp<4,>=3.2.4->code-review-graph) (4.14.0)
CRG Architecture Gate (P3+)	Install code-review-graph	2026-06-21T17:03:38.0102556Z Requirement already satisfied: certifi in /opt/hostedtoolcache/Python/3.11.15/x64/lib/python3.11/site-packages (from httpx<1.0,>=0.28.1->fastmcp-slim[client,server]==3.4.2->fastmcp<4,>=3.2.4->code-review-graph) (2026.6.17)
CRG Architecture Gate (P3+)	Install code-review-graph	2026-06-21T17:03:38.0106347Z Requirement already satisfied: httpcore==1.* in /opt/hostedtoolcache/Python/3.11.15/x64/lib/python3.11/site-packages (from httpx<1.0,>=0.28.1->fastmcp-slim[client,server]==3.4.2->fastmcp<4,>=3.2.4->code-review-graph) (1.0.9)
CRG Architecture Gate (P3+)	Install code-review-graph	2026-06-21T17:03:38.0109341Z Requirement already satisfied: idna in /opt/hostedtoolcache/Python/3.11.15/x64/lib/python3.11/site-packages (from httpx<1.0,>=0.28.1->fastmcp-slim[client,server]==3.4.2->fastmcp<4,>=3.2.4->code-review-graph) (3.18)
CRG Architecture Gate (P3+)	Install code-review-graph	2026-06-21T17:03:38.0127380Z Requirement already satisfied: h11>=0.16 in /opt/hostedtoolcache/Python/3.11.15/x64/lib/python3.11/site-packages (from httpcore==1.*->httpx<1.0,>=0.28.1->fastmcp-slim[client,server]==3.4.2->fastmcp<4,>=3.2.4->code-review-graph) (0.16.0)
CRG Architecture Gate (P3+)	Install code-review-graph	2026-06-21T17:03:38.0138886Z Requirement already satisfied: httpx-sse>=0.4 in /opt/hostedtoolcache/Python/3.11.15/x64/lib/python3.11/site-packages (from mcp<2,>=1.0.0->code-review-graph) (0.4.3)
CRG Architecture Gate (P3+)	Install code-review-graph	2026-06-21T17:03:38.0143294Z Requirement already satisfied: jsonschema>=4.20.0 in /opt/hostedtoolcache/Python/3.11.15/x64/lib/python3.11/site-packages (from mcp<2,>=1.0.0->code-review-graph) (4.25.1)
CRG Architecture Gate (P3+)	Install code-review-graph	2026-06-21T17:03:38.0149972Z Requirement already satisfied: pyjwt>=2.10.1 in /opt/hostedtoolcache/Python/3.11.15/x64/lib/python3.11/site-packages (from pyjwt[crypto]>=2.10.1->mcp<2,>=1.0.0->code-review-graph) (2.12.1)
CRG Architecture Gate (P3+)	Install code-review-graph	2026-06-21T17:03:38.0154979Z Requirement already satisfied: sse-starlette>=1.6.1 in /opt/hostedtoolcache/Python/3.11.15/x64/lib/python3.11/site-packages (from mcp<2,>=1.0.0->code-review-graph) (3.4.5)
CRG Architecture Gate (P3+)	Install code-review-graph	2026-06-21T17:03:38.0160456Z Requirement already satisfied: typing-inspection>=0.4.1 in /opt/hostedtoolcache/Python/3.11.15/x64/lib/python3.11/site-packages (from mcp<2,>=1.0.0->code-review-graph) (0.4.2)
CRG Architecture Gate (P3+)	Install code-review-graph	2026-06-21T17:03:38.0284262Z Collecting beartype>=0.20.0 (from py-key-value-aio<0.5.0,>=0.4.4->py-key-value-aio[filetree,keyring,memory]<0.5.0,>=0.4.4; extra == "client"->fastmcp-slim[client,server]==3.4.2->fastmcp<4,>=3.2.4->code-review-graph)
CRG Architecture Gate (P3+)	Install code-review-graph	2026-06-21T17:03:38.0336616Z   Downloading beartype-0.22.9-py3-none-any.whl.metadata (37 kB)
CRG Architecture Gate (P3+)	Install code-review-graph	2026-06-21T17:03:38.0592438Z Collecting aiofile>=3.5.0 (from py-key-value-aio[filetree,keyring,memory]<0.5.0,>=0.4.4; extra == "client"->fastmcp-slim[client,server]==3.4.2->fastmcp<4,>=3.2.4->code-review-graph)
CRG Architecture Gate (P3+)	Install code-review-graph	2026-06-21T17:03:38.0634059Z   Downloading aiofile-3.11.1-py3-none-any.whl.metadata (14 kB)
CRG Architecture Gate (P3+)	Install code-review-graph	2026-06-21T17:03:38.0853979Z Collecting keyring>=25.6.0 (from py-key-value-aio[filetree,keyring,memory]<0.5.0,>=0.4.4; extra == "client"->fastmcp-slim[client,server]==3.4.2->fastmcp<4,>=3.2.4->code-review-graph)
CRG Architecture Gate (P3+)	Install code-review-graph	2026-06-21T17:03:38.0889921Z   Downloading keyring-25.7.0-py3-none-any.whl.metadata (21 kB)
CRG Architecture Gate (P3+)	Install code-review-graph	2026-06-21T17:03:38.1083952Z Collecting cachetools>=5.0.0 (from py-key-value-aio[filetree,keyring,memory]<0.5.0,>=0.4.4; extra == "client"->fastmcp-slim[client,server]==3.4.2->fastmcp<4,>=3.2.4->code-review-graph)
CRG Architecture Gate (P3+)	Install code-review-graph	2026-06-21T17:03:38.1118491Z   Downloading cachetools-7.1.4-py3-none-any.whl.metadata (5.5 kB)
CRG Architecture Gate (P3+)	Install code-review-graph	2026-06-21T17:03:38.1176733Z Requirement already satisfied: annotated-types>=0.6.0 in /opt/hostedtoolcache/Python/3.11.15/x64/lib/python3.11/site-packages (from pydantic>=2.11.7->pydantic[email]>=2.11.7->fastmcp-slim==3.4.2->fastmcp-slim[client,server]==3.4.2->fastmcp<4,>=3.2.4->code-review-graph) (0.7.0)
CRG Architecture Gate (P3+)	Install code-review-graph	2026-06-21T17:03:38.1180173Z Requirement already satisfied: pydantic-core==2.46.4 in /opt/hostedtoolcache/Python/3.11.15/x64/lib/python3.11/site-packages (from pydantic>=2.11.7->pydantic[email]>=2.11.7->fastmcp-slim==3.4.2->fastmcp-slim[client,server]==3.4.2->fastmcp<4,>=3.2.4->code-review-graph) (2.46.4)
CRG Architecture Gate (P3+)	Install code-review-graph	2026-06-21T17:03:38.1307047Z Collecting tree-sitter-c-sharp>=0.23.1 (from tree-sitter-language-pack<1,>=0.3.0->code-review-graph)
CRG Architecture Gate (P3+)	Install code-review-graph	2026-06-21T17:03:38.1359073Z   Downloading tree_sitter_c_sharp-0.23.5-cp310-abi3-manylinux1_x86_64.manylinux_2_28_x86_64.manylinux_2_5_x86_64.whl.metadata (2.7 kB)
CRG Architecture Gate (P3+)	Install code-review-graph	2026-06-21T17:03:38.1464811Z Collecting tree-sitter-embedded-template>=0.25.0 (from tree-sitter-language-pack<1,>=0.3.0->code-review-graph)
CRG Architecture Gate (P3+)	Install code-review-graph	2026-06-21T17:03:38.1511757Z   Downloading tree_sitter_embedded_template-0.25.0-cp310-abi3-manylinux1_x86_64.manylinux_2_28_x86_64.manylinux_2_5_x86_64.whl.metadata (2.3 kB)
CRG Architecture Gate (P3+)	Install code-review-graph	2026-06-21T17:03:38.1607393Z Collecting tree-sitter-yaml>=0.7.2 (from tree-sitter-language-pack<1,>=0.3.0->code-review-graph)
CRG Architecture Gate (P3+)	Install code-review-graph	2026-06-21T17:03:38.1649690Z   Downloading tree_sitter_yaml-0.7.2-cp310-abi3-manylinux1_x86_64.manylinux_2_28_x86_64.manylinux_2_5_x86_64.whl.metadata (1.8 kB)
CRG Architecture Gate (P3+)	Install code-review-graph	2026-06-21T17:03:38.1944221Z Collecting caio~=0.9.0 (from aiofile>=3.5.0->py-key-value-aio[filetree,keyring,memory]<0.5.0,>=0.4.4; extra == "client"->fastmcp-slim[client,server]==3.4.2->fastmcp<4,>=3.2.4->code-review-graph)
CRG Architecture Gate (P3+)	Install code-review-graph	2026-06-21T17:03:38.1988834Z   Downloading caio-0.9.25-cp311-cp311-manylinux_2_34_x86_64.whl.metadata (3.3 kB)
CRG Architecture Gate (P3+)	Install code-review-graph	2026-06-21T17:03:38.2058678Z Requirement already satisfied: cryptography in /opt/hostedtoolcache/Python/3.11.15/x64/lib/python3.11/site-packages (from authlib>=1.6.11->fastmcp-slim[client,server]==3.4.2->fastmcp<4,>=3.2.4->code-review-graph) (49.0.0)
CRG Architecture Gate (P3+)	Install code-review-graph	2026-06-21T17:03:38.2096957Z Requirement already satisfied: attrs>=23.1.0 in /opt/hostedtoolcache/Python/3.11.15/x64/lib/python3.11/site-packages (from cyclopts>=4.0.0->fastmcp-slim[client,server]==3.4.2->fastmcp<4,>=3.2.4->code-review-graph) (26.1.0)
CRG Architecture Gate (P3+)	Install code-review-graph	2026-06-21T17:03:38.2166353Z Collecting docstring-parser<4.0,>=0.15 (from cyclopts>=4.0.0->fastmcp-slim[client,server]==3.4.2->fastmcp<4,>=3.2.4->code-review-graph)
CRG Architecture Gate (P3+)	Install code-review-graph	2026-06-21T17:03:38.2200253Z   Downloading docstring_parser-0.18.0-py3-none-any.whl.metadata (3.5 kB)
CRG Architecture Gate (P3+)	Install code-review-graph	2026-06-21T17:03:38.2315019Z Collecting rich-rst<3.0.0,>=1.3.1 (from cyclopts>=4.0.0->fastmcp-slim[client,server]==3.4.2->fastmcp<4,>=3.2.4->code-review-graph)
CRG Architecture Gate (P3+)	Install code-review-graph	2026-06-21T17:03:38.2355592Z   Downloading rich_rst-2.0.1-py3-none-any.whl.metadata (4.6 kB)
CRG Architecture Gate (P3+)	Install code-review-graph	2026-06-21T17:03:38.2408070Z Requirement already satisfied: pygments>=2.0.0 in /opt/hostedtoolcache/Python/3.11.15/x64/lib/python3.11/site-packages (from rich-rst<3.0.0,>=1.3.1->cyclopts>=4.0.0->fastmcp-slim[client,server]==3.4.2->fastmcp<4,>=3.2.4->code-review-graph) (2.20.0)
CRG Architecture Gate (P3+)	Install code-review-graph	2026-06-21T17:03:38.2475923Z Requirement already satisfied: cffi>=2.0.0 in /opt/hostedtoolcache/Python/3.11.15/x64/lib/python3.11/site-packages (from cryptography->authlib>=1.6.11->fastmcp-slim[client,server]==3.4.2->fastmcp<4,>=3.2.4->code-review-graph) (2.0.0)
CRG Architecture Gate (P3+)	Install code-review-graph	2026-06-21T17:03:38.2489200Z Requirement already satisfied: pycparser in /opt/hostedtoolcache/Python/3.11.15/x64/lib/python3.11/site-packages (from cffi>=2.0.0->cryptography->authlib>=1.6.11->fastmcp-slim[client,server]==3.4.2->fastmcp<4,>=3.2.4->code-review-graph) (3.0)
CRG Architecture Gate (P3+)	Install code-review-graph	2026-06-21T17:03:38.2508978Z Requirement already satisfied: jsonschema-specifications>=2023.03.6 in /opt/hostedtoolcache/Python/3.11.15/x64/lib/python3.11/site-packages (from jsonschema>=4.20.0->mcp<2,>=1.0.0->code-review-graph) (2025.9.1)
CRG Architecture Gate (P3+)	Install code-review-graph	2026-06-21T17:03:38.2513669Z Requirement already satisfied: referencing>=0.28.4 in /opt/hostedtoolcache/Python/3.11.15/x64/lib/python3.11/site-packages (from jsonschema>=4.20.0->mcp<2,>=1.0.0->code-review-graph) (0.37.0)
CRG Architecture Gate (P3+)	Install code-review-graph	2026-06-21T17:03:38.2517111Z Requirement already satisfied: rpds-py>=0.7.1 in /opt/hostedtoolcache/Python/3.11.15/x64/lib/python3.11/site-packages (from jsonschema>=4.20.0->mcp<2,>=1.0.0->code-review-graph) (2026.5.1)
CRG Architecture Gate (P3+)	Install code-review-graph	2026-06-21T17:03:38.2628038Z Collecting pathable<0.7.0,>=0.6.0 (from jsonschema-path>=0.3.4->fastmcp-slim[client,server]==3.4.2->fastmcp<4,>=3.2.4->code-review-graph)
CRG Architecture Gate (P3+)	Install code-review-graph	2026-06-21T17:03:38.2675671Z   Downloading pathable-0.6.0-py3-none-any.whl.metadata (7.2 kB)
CRG Architecture Gate (P3+)	Install code-review-graph	2026-06-21T17:03:38.2820140Z Collecting SecretStorage>=3.2 (from keyring>=25.6.0->py-key-value-aio[filetree,keyring,memory]<0.5.0,>=0.4.4; extra == "client"->fastmcp-slim[client,server]==3.4.2->fastmcp<4,>=3.2.4->code-review-graph)
CRG Architecture Gate (P3+)	Install code-review-graph	2026-06-21T17:03:38.2859431Z   Downloading secretstorage-3.5.0-py3-none-any.whl.metadata (4.0 kB)
CRG Architecture Gate (P3+)	Install code-review-graph	2026-06-21T17:03:38.2959171Z Collecting jeepney>=0.4.2 (from keyring>=25.6.0->py-key-value-aio[filetree,keyring,memory]<0.5.0,>=0.4.4; extra == "client"->fastmcp-slim[client,server]==3.4.2->fastmcp<4,>=3.2.4->code-review-graph)
CRG Architecture Gate (P3+)	Install code-review-graph	2026-06-21T17:03:38.2991846Z   Downloading jeepney-0.9.0-py3-none-any.whl.metadata (1.2 kB)
CRG Architecture Gate (P3+)	Install code-review-graph	2026-06-21T17:03:38.3025680Z Requirement already satisfied: importlib_metadata>=4.11.4 in /opt/hostedtoolcache/Python/3.11.15/x64/lib/python3.11/site-packages (from keyring>=25.6.0->py-key-value-aio[filetree,keyring,memory]<0.5.0,>=0.4.4; extra == "client"->fastmcp-slim[client,server]==3.4.2->fastmcp<4,>=3.2.4->code-review-graph) (8.7.1)
CRG Architecture Gate (P3+)	Install code-review-graph	2026-06-21T17:03:38.3099369Z Collecting jaraco.classes (from keyring>=25.6.0->py-key-value-aio[filetree,keyring,memory]<0.5.0,>=0.4.4; extra == "client"->fastmcp-slim[client,server]==3.4.2->fastmcp<4,>=3.2.4->code-review-graph)
CRG Architecture Gate (P3+)	Install code-review-graph	2026-06-21T17:03:38.3131209Z   Downloading jaraco.classes-3.4.0-py3-none-any.whl.metadata (2.6 kB)
CRG Architecture Gate (P3+)	Install code-review-graph	2026-06-21T17:03:38.3266800Z Collecting jaraco.functools (from keyring>=25.6.0->py-key-value-aio[filetree,keyring,memory]<0.5.0,>=0.4.4; extra == "client"->fastmcp-slim[client,server]==3.4.2->fastmcp<4,>=3.2.4->code-review-graph)
CRG Architecture Gate (P3+)	Install code-review-graph	2026-06-21T17:03:38.3301261Z   Downloading jaraco_functools-4.5.0-py3-none-any.whl.metadata (2.9 kB)
CRG Architecture Gate (P3+)	Install code-review-graph	2026-06-21T17:03:38.3426848Z Collecting jaraco.context (from keyring>=25.6.0->py-key-value-aio[filetree,keyring,memory]<0.5.0,>=0.4.4; extra == "client"->fastmcp-slim[client,server]==3.4.2->fastmcp<4,>=3.2.4->code-review-graph)
CRG Architecture Gate (P3+)	Install code-review-graph	2026-06-21T17:03:38.3459919Z   Downloading jaraco_context-6.1.2-py3-none-any.whl.metadata (4.2 kB)
CRG Architecture Gate (P3+)	Install code-review-graph	2026-06-21T17:03:38.3508546Z Requirement already satisfied: zipp>=3.20 in /opt/hostedtoolcache/Python/3.11.15/x64/lib/python3.11/site-packages (from importlib_metadata>=4.11.4->keyring>=25.6.0->py-key-value-aio[filetree,keyring,memory]<0.5.0,>=0.4.4; extra == "client"->fastmcp-slim[client,server]==3.4.2->fastmcp<4,>=3.2.4->code-review-graph) (4.1.0)
CRG Architecture Gate (P3+)	Install code-review-graph	2026-06-21T17:03:38.3673795Z Collecting email-validator>=2.0.0 (from pydantic[email]>=2.11.7->fastmcp-slim==3.4.2->fastmcp-slim[client,server]==3.4.2->fastmcp<4,>=3.2.4->code-review-graph)
CRG Architecture Gate (P3+)	Install code-review-graph	2026-06-21T17:03:38.3706438Z   Downloading email_validator-2.3.0-py3-none-any.whl.metadata (26 kB)
CRG Architecture Gate (P3+)	Install code-review-graph	2026-06-21T17:03:38.3830629Z Collecting dnspython>=2.0.0 (from email-validator>=2.0.0->pydantic[email]>=2.11.7->fastmcp-slim==3.4.2->fastmcp-slim[client,server]==3.4.2->fastmcp<4,>=3.2.4->code-review-graph)
CRG Architecture Gate (P3+)	Install code-review-graph	2026-06-21T17:03:38.3867787Z   Downloading dnspython-2.8.0-py3-none-any.whl.metadata (5.7 kB)
CRG Architecture Gate (P3+)	Install code-review-graph	2026-06-21T17:03:38.4003298Z Requirement already satisfied: markdown-it-py>=2.2.0 in /opt/hostedtoolcache/Python/3.11.15/x64/lib/python3.11/site-packages (from rich>=13.9.4->fastmcp-slim==3.4.2->fastmcp-slim[client,server]==3.4.2->fastmcp<4,>=3.2.4->code-review-graph) (4.2.0)
CRG Architecture Gate (P3+)	Install code-review-graph	2026-06-21T17:03:38.4022173Z Requirement already satisfied: mdurl~=0.1 in /opt/hostedtoolcache/Python/3.11.15/x64/lib/python3.11/site-packages (from markdown-it-py>=2.2.0->rich>=13.9.4->fastmcp-slim==3.4.2->fastmcp-slim[client,server]==3.4.2->fastmcp<4,>=3.2.4->code-review-graph) (0.1.2)
CRG Architecture Gate (P3+)	Install code-review-graph	2026-06-21T17:03:38.4182936Z Requirement already satisfied: click>=7.0 in /opt/hostedtoolcache/Python/3.11.15/x64/lib/python3.11/site-packages (from uvicorn>=0.35->fastmcp-slim[client,server]==3.4.2->fastmcp<4,>=3.2.4->code-review-graph) (8.1.8)
CRG Architecture Gate (P3+)	Install code-review-graph	2026-06-21T17:03:38.4419611Z Collecting more-itertools (from jaraco.classes->keyring>=25.6.0->py-key-value-aio[filetree,keyring,memory]<0.5.0,>=0.4.4; extra == "client"->fastmcp-slim[client,server]==3.4.2->fastmcp<4,>=3.2.4->code-review-graph)
CRG Architecture Gate (P3+)	Install code-review-graph	2026-06-21T17:03:38.4456238Z   Downloading more_itertools-11.1.0-py3-none-any.whl.metadata (41 kB)
CRG Architecture Gate (P3+)	Install code-review-graph	2026-06-21T17:03:38.4567648Z Collecting backports.tarfile (from jaraco.context->keyring>=25.6.0->py-key-value-aio[filetree,keyring,memory]<0.5.0,>=0.4.4; extra == "client"->fastmcp-slim[client,server]==3.4.2->fastmcp<4,>=3.2.4->code-review-graph)
CRG Architecture Gate (P3+)	Install code-review-graph	2026-06-21T17:03:38.4602147Z   Downloading backports.tarfile-1.2.0-py3-none-any.whl.metadata (2.0 kB)
CRG Architecture Gate (P3+)	Install code-review-graph	2026-06-21T17:03:38.4748766Z Downloading code_review_graph-2.3.6-py3-none-any.whl (334 kB)
CRG Architecture Gate (P3+)	Install code-review-graph	2026-06-21T17:03:38.4851070Z Downloading fastmcp-3.4.2-py3-none-any.whl (8.0 kB)
CRG Architecture Gate (P3+)	Install code-review-graph	2026-06-21T17:03:38.4904813Z Downloading fastmcp_slim-3.4.2-py3-none-any.whl (749 kB)
CRG Architecture Gate (P3+)	Install code-review-graph	2026-06-21T17:03:38.4994672Z    ━━━━━━━━━━━━━━━━━━━━━━━━━━━━━━━━━━━━━━━━ 749.2/749.2 kB 98.3 MB/s  0:00:00
CRG Architecture Gate (P3+)	Install code-review-graph	2026-06-21T17:03:38.5036820Z Downloading mcp-1.28.0-py3-none-any.whl (221 kB)
CRG Architecture Gate (P3+)	Install code-review-graph	2026-06-21T17:03:38.5096528Z Downloading networkx-3.6.1-py3-none-any.whl (2.1 MB)
CRG Architecture Gate (P3+)	Install code-review-graph	2026-06-21T17:03:38.5198730Z    ━━━━━━━━━━━━━━━━━━━━━━━━━━━━━━━━━━━━━━━━ 2.1/2.1 MB 226.8 MB/s  0:00:00
CRG Architecture Gate (P3+)	Install code-review-graph	2026-06-21T17:03:38.5235797Z Downloading py_key_value_aio-0.4.5-py3-none-any.whl (170 kB)
CRG Architecture Gate (P3+)	Install code-review-graph	2026-06-21T17:03:38.5316315Z Downloading tree_sitter_language_pack-0.13.0-cp310-abi3-manylinux2014_x86_64.whl (20.0 MB)
CRG Architecture Gate (P3+)	Install code-review-graph	2026-06-21T17:03:38.6513095Z    ━━━━━━━━━━━━━━━━━━━━━━━━━━━━━━━━━━━━━━━━ 20.0/20.0 MB 168.5 MB/s  0:00:00
CRG Architecture Gate (P3+)	Install code-review-graph	2026-06-21T17:03:38.6561751Z Downloading watchdog-5.0.3-py3-none-manylinux2014_x86_64.whl (79 kB)
CRG Architecture Gate (P3+)	Install code-review-graph	2026-06-21T17:03:38.6615449Z Downloading aiofile-3.11.1-py3-none-any.whl (20 kB)
CRG Architecture Gate (P3+)	Install code-review-graph	2026-06-21T17:03:38.6666285Z Downloading caio-0.9.25-cp311-cp311-manylinux_2_34_x86_64.whl (78 kB)
CRG Architecture Gate (P3+)	Install code-review-graph	2026-06-21T17:03:38.6725449Z Downloading authlib-1.7.2-py2.py3-none-any.whl (259 kB)
CRG Architecture Gate (P3+)	Install code-review-graph	2026-06-21T17:03:38.6787969Z Downloading beartype-0.22.9-py3-none-any.whl (1.3 MB)
CRG Architecture Gate (P3+)	Install code-review-graph	2026-06-21T17:03:38.6914822Z    ━━━━━━━━━━━━━━━━━━━━━━━━━━━━━━━━━━━━━━━━ 1.3/1.3 MB 107.2 MB/s  0:00:00
CRG Architecture Gate (P3+)	Install code-review-graph	2026-06-21T17:03:38.6949436Z Downloading cachetools-7.1.4-py3-none-any.whl (16 kB)
CRG Architecture Gate (P3+)	Install code-review-graph	2026-06-21T17:03:38.6998396Z Downloading cyclopts-4.18.0-py3-none-any.whl (221 kB)
CRG Architecture Gate (P3+)	Install code-review-graph	2026-06-21T17:03:38.7054928Z Downloading docstring_parser-0.18.0-py3-none-any.whl (22 kB)
CRG Architecture Gate (P3+)	Install code-review-graph	2026-06-21T17:03:38.7108543Z Downloading rich_rst-2.0.1-py3-none-any.whl (272 kB)
CRG Architecture Gate (P3+)	Install code-review-graph	2026-06-21T17:03:38.7166892Z Downloading griffelib-2.1.0-py3-none-any.whl (142 kB)
CRG Architecture Gate (P3+)	Install code-review-graph	2026-06-21T17:03:38.7228068Z Downloading joserfc-1.7.1-py3-none-any.whl (70 kB)
CRG Architecture Gate (P3+)	Install code-review-graph	2026-06-21T17:03:38.7281191Z Downloading jsonref-1.1.0-py3-none-any.whl (9.4 kB)
CRG Architecture Gate (P3+)	Install code-review-graph	2026-06-21T17:03:38.7332129Z Downloading jsonschema_path-0.5.0-py3-none-any.whl (24 kB)
CRG Architecture Gate (P3+)	Install code-review-graph	2026-06-21T17:03:38.7389176Z Downloading pathable-0.6.0-py3-none-any.whl (18 kB)
CRG Architecture Gate (P3+)	Install code-review-graph	2026-06-21T17:03:38.7438215Z Downloading keyring-25.7.0-py3-none-any.whl (39 kB)
CRG Architecture Gate (P3+)	Install code-review-graph	2026-06-21T17:03:38.7491463Z Downloading jeepney-0.9.0-py3-none-any.whl (49 kB)
CRG Architecture Gate (P3+)	Install code-review-graph	2026-06-21T17:03:38.7544057Z Downloading openapi_pydantic-0.5.1-py3-none-any.whl (96 kB)
CRG Architecture Gate (P3+)	Install code-review-graph	2026-06-21T17:03:38.7596549Z Downloading platformdirs-4.10.0-py3-none-any.whl (22 kB)
CRG Architecture Gate (P3+)	Install code-review-graph	2026-06-21T17:03:38.7647623Z Downloading email_validator-2.3.0-py3-none-any.whl (35 kB)
CRG Architecture Gate (P3+)	Install code-review-graph	2026-06-21T17:03:38.7698169Z Downloading dnspython-2.8.0-py3-none-any.whl (331 kB)
CRG Architecture Gate (P3+)	Install code-review-graph	2026-06-21T17:03:38.7759890Z Downloading pyperclip-1.11.0-py3-none-any.whl (11 kB)
CRG Architecture Gate (P3+)	Install code-review-graph	2026-06-21T17:03:38.7808419Z Downloading secretstorage-3.5.0-py3-none-any.whl (15 kB)
CRG Architecture Gate (P3+)	Install code-review-graph	2026-06-21T17:03:38.7859740Z Downloading tree_sitter_c_sharp-0.23.5-cp310-abi3-manylinux1_x86_64.manylinux_2_28_x86_64.manylinux_2_5_x86_64.whl (358 kB)
CRG Architecture Gate (P3+)	Install code-review-graph	2026-06-21T17:03:38.7916312Z Downloading tree_sitter_embedded_template-0.25.0-cp310-abi3-manylinux1_x86_64.manylinux_2_28_x86_64.manylinux_2_5_x86_64.whl (18 kB)
CRG Architecture Gate (P3+)	Install code-review-graph	2026-06-21T17:03:38.7965251Z Downloading tree_sitter_yaml-0.7.2-cp310-abi3-manylinux1_x86_64.manylinux_2_28_x86_64.manylinux_2_5_x86_64.whl (91 kB)
CRG Architecture Gate (P3+)	Install code-review-graph	2026-06-21T17:03:38.8017957Z Downloading uncalled_for-0.3.2-py3-none-any.whl (11 kB)
CRG Architecture Gate (P3+)	Install code-review-graph	2026-06-21T17:03:38.8068998Z Downloading watchfiles-1.2.0-cp311-cp311-manylinux_2_17_x86_64.manylinux2014_x86_64.whl (456 kB)
CRG Architecture Gate (P3+)	Install code-review-graph	2026-06-21T17:03:38.8129365Z Downloading websockets-16.0-cp311-cp311-manylinux1_x86_64.manylinux_2_28_x86_64.manylinux_2_5_x86_64.whl (184 kB)
CRG Architecture Gate (P3+)	Install code-review-graph	2026-06-21T17:03:38.8185993Z Downloading jaraco.classes-3.4.0-py3-none-any.whl (6.8 kB)
CRG Architecture Gate (P3+)	Install code-review-graph	2026-06-21T17:03:38.8237664Z Downloading jaraco_context-6.1.2-py3-none-any.whl (7.9 kB)
CRG Architecture Gate (P3+)	Install code-review-graph	2026-06-21T17:03:38.8287413Z Downloading backports.tarfile-1.2.0-py3-none-any.whl (30 kB)
CRG Architecture Gate (P3+)	Install code-review-graph	2026-06-21T17:03:38.8339447Z Downloading jaraco_functools-4.5.0-py3-none-any.whl (10 kB)
CRG Architecture Gate (P3+)	Install code-review-graph	2026-06-21T17:03:38.8388337Z Downloading more_itertools-11.1.0-py3-none-any.whl (72 kB)
CRG Architecture Gate (P3+)	Install code-review-graph	2026-06-21T17:03:39.0116727Z Installing collected packages: pyperclip, websockets, watchdog, uncalled-for, tree-sitter-yaml, tree-sitter-embedded-template, tree-sitter-c-sharp, platformdirs, pathable, networkx, more-itertools, jsonref, jeepney, griffelib, docstring-parser, dnspython, caio, cachetools, beartype, backports.tarfile, watchfiles, tree-sitter-language-pack, py-key-value-aio, jsonschema-path, jaraco.functools, jaraco.context, jaraco.classes, email-validator, aiofile, SecretStorage, rich-rst, openapi-pydantic, joserfc, mcp, keyring, fastmcp-slim, cyclopts, authlib, fastmcp, code-review-graph
CRG Architecture Gate (P3+)	Install code-review-graph	2026-06-21T17:03:41.9812139Z   Attempting uninstall: mcp
CRG Architecture Gate (P3+)	Install code-review-graph	2026-06-21T17:03:41.9860651Z     Found existing installation: mcp 1.23.3
CRG Architecture Gate (P3+)	Install code-review-graph	2026-06-21T17:03:41.9973072Z     Uninstalling mcp-1.23.3:
CRG Architecture Gate (P3+)	Install code-review-graph	2026-06-21T17:03:41.9998997Z       Successfully uninstalled mcp-1.23.3
CRG Architecture Gate (P3+)	Install code-review-graph	2026-06-21T17:03:43.0716730Z 
CRG Architecture Gate (P3+)	Install code-review-graph	2026-06-21T17:03:43.0724467Z ERROR: pip's dependency resolver does not currently take into account all the packages that are installed. This behaviour is the source of the following dependency conflicts.
CRG Architecture Gate (P3+)	Install code-review-graph	2026-06-21T17:03:43.0725371Z semgrep 1.165.0 requires mcp==1.23.3, but you have mcp 1.28.0 which is incompatible.
CRG Architecture Gate (P3+)	Install code-review-graph	2026-06-21T17:03:43.0765868Z Successfully installed SecretStorage-3.5.0 aiofile-3.11.1 authlib-1.7.2 backports.tarfile-1.2.0 beartype-0.22.9 cachetools-7.1.4 caio-0.9.25 code-review-graph-2.3.6 cyclopts-4.18.0 dnspython-2.8.0 docstring-parser-0.18.0 email-validator-2.3.0 fastmcp-3.4.2 fastmcp-slim-3.4.2 griffelib-2.1.0 jaraco.classes-3.4.0 jaraco.context-6.1.2 jaraco.functools-4.5.0 jeepney-0.9.0 joserfc-1.7.1 jsonref-1.1.0 jsonschema-path-0.5.0 keyring-25.7.0 mcp-1.28.0 more-itertools-11.1.0 networkx-3.6.1 openapi-pydantic-0.5.1 pathable-0.6.0 platformdirs-4.10.0 py-key-value-aio-0.4.5 pyperclip-1.11.0 rich-rst-2.0.1 tree-sitter-c-sharp-0.23.5 tree-sitter-embedded-template-0.25.0 tree-sitter-language-pack-0.13.0 tree-sitter-yaml-0.7.2 uncalled-for-0.3.2 watchdog-5.0.3 watchfiles-1.2.0 websockets-16.0
CRG Architecture Gate (P3+)	Detect phase	﻿2026-06-21T17:03:43.1749291Z ##[group]Run PHASE=$(python3 -c "
CRG Architecture Gate (P3+)	Detect phase	2026-06-21T17:03:43.1749634Z ^[[36;1mPHASE=$(python3 -c "^[[0m
CRG Architecture Gate (P3+)	Detect phase	2026-06-21T17:03:43.1749879Z ^[[36;1mimport json^[[0m
CRG Architecture Gate (P3+)	Detect phase	2026-06-21T17:03:43.1750085Z ^[[36;1mtry:^[[0m
CRG Architecture Gate (P3+)	Detect phase	2026-06-21T17:03:43.1750459Z ^[[36;1m    print(int(json.load(open('.methodology/state.json')).get('current_phase', 0)))^[[0m
CRG Architecture Gate (P3+)	Detect phase	2026-06-21T17:03:43.1750914Z ^[[36;1mexcept Exception:^[[0m
CRG Architecture Gate (P3+)	Detect phase	2026-06-21T17:03:43.1751160Z ^[[36;1m    print(0)^[[0m
CRG Architecture Gate (P3+)	Detect phase	2026-06-21T17:03:43.1751406Z ^[[36;1m" 2>/dev/null || echo "0")^[[0m
CRG Architecture Gate (P3+)	Detect phase	2026-06-21T17:03:43.1751986Z ^[[36;1mecho "PHASE=$PHASE" >> $GITHUB_OUTPUT^[[0m
CRG Architecture Gate (P3+)	Detect phase	2026-06-21T17:03:43.1786713Z shell: /usr/bin/bash -e {0}
CRG Architecture Gate (P3+)	Detect phase	2026-06-21T17:03:43.1786976Z env:
CRG Architecture Gate (P3+)	Detect phase	2026-06-21T17:03:43.1787251Z   pythonLocation: /opt/hostedtoolcache/Python/3.11.15/x64
CRG Architecture Gate (P3+)	Detect phase	2026-06-21T17:03:43.1787686Z   PKG_CONFIG_PATH: /opt/hostedtoolcache/Python/3.11.15/x64/lib/pkgconfig
CRG Architecture Gate (P3+)	Detect phase	2026-06-21T17:03:43.1788112Z   Python_ROOT_DIR: /opt/hostedtoolcache/Python/3.11.15/x64
CRG Architecture Gate (P3+)	Detect phase	2026-06-21T17:03:43.1788489Z   Python2_ROOT_DIR: /opt/hostedtoolcache/Python/3.11.15/x64
CRG Architecture Gate (P3+)	Detect phase	2026-06-21T17:03:43.1788906Z   Python3_ROOT_DIR: /opt/hostedtoolcache/Python/3.11.15/x64
CRG Architecture Gate (P3+)	Detect phase	2026-06-21T17:03:43.1789277Z   LD_LIBRARY_PATH: /opt/hostedtoolcache/Python/3.11.15/x64/lib
CRG Architecture Gate (P3+)	Detect phase	2026-06-21T17:03:43.1789595Z ##[endgroup]
CRG Architecture Gate (P3+)	CRG architecture check (absolute score P3+, drift regression when P4 baseline exists)	﻿2026-06-21T17:03:43.2129136Z ##[group]Run BASELINE=""
CRG Architecture Gate (P3+)	CRG architecture check (absolute score P3+, drift regression when P4 baseline exists)	2026-06-21T17:03:43.2129426Z ^[[36;1mBASELINE=""^[[0m
CRG Architecture Gate (P3+)	CRG architecture check (absolute score P3+, drift regression when P4 baseline exists)	2026-06-21T17:03:43.2129720Z ^[[36;1mif [ -f ".methodology/crg_baseline_p4.json" ]; then^[[0m
CRG Architecture Gate (P3+)	CRG architecture check (absolute score P3+, drift regression when P4 baseline exists)	2026-06-21T17:03:43.2130141Z ^[[36;1m  BASELINE="--baseline .methodology/crg_baseline_p4.json"^[[0m
CRG Architecture Gate (P3+)	CRG architecture check (absolute score P3+, drift regression when P4 baseline exists)	2026-06-21T17:03:43.2130476Z ^[[36;1mfi^[[0m
CRG Architecture Gate (P3+)	CRG architecture check (absolute score P3+, drift regression when P4 baseline exists)	2026-06-21T17:03:43.2130892Z ^[[36;1mpython harness/harness_cli.py crg-arch-check --project . --threshold 80 $BASELINE || {^[[0m
CRG Architecture Gate (P3+)	CRG architecture check (absolute score P3+, drift regression when P4 baseline exists)	2026-06-21T17:03:43.2131439Z ^[[36;1m  echo "CRG Architecture Check Failed. Dumping debug info..."^[[0m
CRG Architecture Gate (P3+)	CRG architecture check (absolute score P3+, drift regression when P4 baseline exists)	2026-06-21T17:03:43.2132066Z ^[[36;1m  cat .sessi-work/crg_metrics.json || true^[[0m
CRG Architecture Gate (P3+)	CRG architecture check (absolute score P3+, drift regression when P4 baseline exists)	2026-06-21T17:03:43.2132401Z ^[[36;1m  git ls-files > git_ls_files_output.txt^[[0m
CRG Architecture Gate (P3+)	CRG architecture check (absolute score P3+, drift regression when P4 baseline exists)	2026-06-21T17:03:43.2132719Z ^[[36;1m  cat git_ls_files_output.txt || true^[[0m
CRG Architecture Gate (P3+)	CRG architecture check (absolute score P3+, drift regression when P4 baseline exists)	2026-06-21T17:03:43.2132994Z ^[[36;1m  exit 1^[[0m
CRG Architecture Gate (P3+)	CRG architecture check (absolute score P3+, drift regression when P4 baseline exists)	2026-06-21T17:03:43.2133192Z ^[[36;1m}^[[0m
CRG Architecture Gate (P3+)	CRG architecture check (absolute score P3+, drift regression when P4 baseline exists)	2026-06-21T17:03:43.2165702Z shell: /usr/bin/bash -e {0}
CRG Architecture Gate (P3+)	CRG architecture check (absolute score P3+, drift regression when P4 baseline exists)	2026-06-21T17:03:43.2165966Z env:
CRG Architecture Gate (P3+)	CRG architecture check (absolute score P3+, drift regression when P4 baseline exists)	2026-06-21T17:03:43.2166299Z   pythonLocation: /opt/hostedtoolcache/Python/3.11.15/x64
CRG Architecture Gate (P3+)	CRG architecture check (absolute score P3+, drift regression when P4 baseline exists)	2026-06-21T17:03:43.2166966Z   PKG_CONFIG_PATH: /opt/hostedtoolcache/Python/3.11.15/x64/lib/pkgconfig
CRG Architecture Gate (P3+)	CRG architecture check (absolute score P3+, drift regression when P4 baseline exists)	2026-06-21T17:03:43.2167437Z   Python_ROOT_DIR: /opt/hostedtoolcache/Python/3.11.15/x64
CRG Architecture Gate (P3+)	CRG architecture check (absolute score P3+, drift regression when P4 baseline exists)	2026-06-21T17:03:43.2167835Z   Python2_ROOT_DIR: /opt/hostedtoolcache/Python/3.11.15/x64
CRG Architecture Gate (P3+)	CRG architecture check (absolute score P3+, drift regression when P4 baseline exists)	2026-06-21T17:03:43.2168436Z   Python3_ROOT_DIR: /opt/hostedtoolcache/Python/3.11.15/x64
CRG Architecture Gate (P3+)	CRG architecture check (absolute score P3+, drift regression when P4 baseline exists)	2026-06-21T17:03:43.2168838Z   LD_LIBRARY_PATH: /opt/hostedtoolcache/Python/3.11.15/x64/lib
CRG Architecture Gate (P3+)	CRG architecture check (absolute score P3+, drift regression when P4 baseline exists)	2026-06-21T17:03:43.2169173Z ##[endgroup]
CRG Architecture Gate (P3+)	CRG architecture check (absolute score P3+, drift regression when P4 baseline exists)	2026-06-21T17:03:45.5661458Z [crg-arch-check] architecture_score=25.0 (threshold 80)
CRG Architecture Gate (P3+)	CRG architecture check (absolute score P3+, drift regression when P4 baseline exists)	2026-06-21T17:03:45.5662440Z [crg-arch-check] FAIL: architecture 25.0 < 80
CRG Architecture Gate (P3+)	CRG architecture check (absolute score P3+, drift regression when P4 baseline exists)	2026-06-21T17:03:45.5800270Z CRG Architecture Check Failed. Dumping debug info...
CRG Architecture Gate (P3+)	CRG architecture check (absolute score P3+, drift regression when P4 baseline exists)	2026-06-21T17:03:45.5812073Z {
CRG Architecture Gate (P3+)	CRG architecture check (absolute score P3+, drift regression when P4 baseline exists)	2026-06-21T17:03:45.5812406Z   "community_cohesion": {
CRG Architecture Gate (P3+)	CRG architecture check (absolute score P3+, drift regression when P4 baseline exists)	2026-06-21T17:03:45.5812741Z     "score": 25.0,
CRG Architecture Gate (P3+)	CRG architecture check (absolute score P3+, drift regression when P4 baseline exists)	2026-06-21T17:03:45.5813046Z     "healthy": 2,
CRG Architecture Gate (P3+)	CRG architecture check (absolute score P3+, drift regression when P4 baseline exists)	2026-06-21T17:03:45.5813338Z     "total": 8,
CRG Architecture Gate (P3+)	CRG architecture check (absolute score P3+, drift regression when P4 baseline exists)	2026-06-21T17:03:45.5813667Z     "total_all": 12,
CRG Architecture Gate (P3+)	CRG architecture check (absolute score P3+, drift regression when P4 baseline exists)	2026-06-21T17:03:45.5814002Z     "excluded_test_communities": 4,
CRG Architecture Gate (P3+)	CRG architecture check (absolute score P3+, drift regression when P4 baseline exists)	2026-06-21T17:03:45.5814373Z     "unhealthy": [
CRG Architecture Gate (P3+)	CRG architecture check (absolute score P3+, drift regression when P4 baseline exists)	2026-06-21T17:03:45.5814679Z       {
CRG Architecture Gate (P3+)	CRG architecture check (absolute score P3+, drift regression when P4 baseline exists)	2026-06-21T17:03:45.5814973Z         "name": "infra-result",
CRG Architecture Gate (P3+)	CRG architecture check (absolute score P3+, drift regression when P4 baseline exists)	2026-06-21T17:03:45.5815343Z         "cohesion": 0.3986,
CRG Architecture Gate (P3+)	CRG architecture check (absolute score P3+, drift regression when P4 baseline exists)	2026-06-21T17:03:45.5815690Z         "size": 177,
CRG Architecture Gate (P3+)	CRG architecture check (absolute score P3+, drift regression when P4 baseline exists)	2026-06-21T17:03:45.5816031Z         "issues": [
CRG Architecture Gate (P3+)	CRG architecture check (absolute score P3+, drift regression when P4 baseline exists)	2026-06-21T17:03:45.5816344Z           "oversized(177)"
CRG Architecture Gate (P3+)	CRG architecture check (absolute score P3+, drift regression when P4 baseline exists)	2026-06-21T17:03:45.5816698Z         ]
CRG Architecture Gate (P3+)	CRG architecture check (absolute score P3+, drift regression when P4 baseline exists)	2026-06-21T17:03:45.5816968Z       },
CRG Architecture Gate (P3+)	CRG architecture check (absolute score P3+, drift regression when P4 baseline exists)	2026-06-21T17:03:45.5817225Z       {
CRG Architecture Gate (P3+)	CRG architecture check (absolute score P3+, drift regression when P4 baseline exists)	2026-06-21T17:03:45.5817507Z         "name": "core-result",
CRG Architecture Gate (P3+)	CRG architecture check (absolute score P3+, drift regression when P4 baseline exists)	2026-06-21T17:03:45.5817859Z         "cohesion": 0.4391,
CRG Architecture Gate (P3+)	CRG architecture check (absolute score P3+, drift regression when P4 baseline exists)	2026-06-21T17:03:45.5818191Z         "size": 152,
CRG Architecture Gate (P3+)	CRG architecture check (absolute score P3+, drift regression when P4 baseline exists)	2026-06-21T17:03:45.5818413Z         "issues": [
CRG Architecture Gate (P3+)	CRG architecture check (absolute score P3+, drift regression when P4 baseline exists)	2026-06-21T17:03:45.5818620Z           "oversized(152)"
CRG Architecture Gate (P3+)	CRG architecture check (absolute score P3+, drift regression when P4 baseline exists)	2026-06-21T17:03:45.5818833Z         ]
CRG Architecture Gate (P3+)	CRG architecture check (absolute score P3+, drift regression when P4 baseline exists)	2026-06-21T17:03:45.5819011Z       },
CRG Architecture Gate (P3+)	CRG architecture check (absolute score P3+, drift regression when P4 baseline exists)	2026-06-21T17:03:45.5819188Z       {
CRG Architecture Gate (P3+)	CRG architecture check (absolute score P3+, drift regression when P4 baseline exists)	2026-06-21T17:03:45.5819393Z         "name": "services-execute",
CRG Architecture Gate (P3+)	CRG architecture check (absolute score P3+, drift regression when P4 baseline exists)	2026-06-21T17:03:45.5819670Z         "cohesion": 0.4696,
CRG Architecture Gate (P3+)	CRG architecture check (absolute score P3+, drift regression when P4 baseline exists)	2026-06-21T17:03:45.5819897Z         "size": 104,
CRG Architecture Gate (P3+)	CRG architecture check (absolute score P3+, drift regression when P4 baseline exists)	2026-06-21T17:03:45.5820099Z         "issues": [
CRG Architecture Gate (P3+)	CRG architecture check (absolute score P3+, drift regression when P4 baseline exists)	2026-06-21T17:03:45.5820313Z           "oversized(104)"
CRG Architecture Gate (P3+)	CRG architecture check (absolute score P3+, drift regression when P4 baseline exists)	2026-06-21T17:03:45.5820531Z         ]
CRG Architecture Gate (P3+)	CRG architecture check (absolute score P3+, drift regression when P4 baseline exists)	2026-06-21T17:03:45.5820709Z       },
CRG Architecture Gate (P3+)	CRG architecture check (absolute score P3+, drift regression when P4 baseline exists)	2026-06-21T17:03:45.5820890Z       {
CRG Architecture Gate (P3+)	CRG architecture check (absolute score P3+, drift regression when P4 baseline exists)	2026-06-21T17:03:45.5821089Z         "name": "api-webhook",
CRG Architecture Gate (P3+)	CRG architecture check (absolute score P3+, drift regression when P4 baseline exists)	2026-06-21T17:03:45.5821322Z         "cohesion": 0.2324,
CRG Architecture Gate (P3+)	CRG architecture check (absolute score P3+, drift regression when P4 baseline exists)	2026-06-21T17:03:45.5821540Z         "size": 97,
CRG Architecture Gate (P3+)	CRG architecture check (absolute score P3+, drift regression when P4 baseline exists)	2026-06-21T17:03:45.5821954Z         "issues": [
CRG Architecture Gate (P3+)	CRG architecture check (absolute score P3+, drift regression when P4 baseline exists)	2026-06-21T17:03:45.5822159Z           "low_cohesion(0.23)",
CRG Architecture Gate (P3+)	CRG architecture check (absolute score P3+, drift regression when P4 baseline exists)	2026-06-21T17:03:45.5822398Z           "oversized(97)"
CRG Architecture Gate (P3+)	CRG architecture check (absolute score P3+, drift regression when P4 baseline exists)	2026-06-21T17:03:45.5822614Z         ]
CRG Architecture Gate (P3+)	CRG architecture check (absolute score P3+, drift regression when P4 baseline exists)	2026-06-21T17:03:45.5822793Z       },
CRG Architecture Gate (P3+)	CRG architecture check (absolute score P3+, drift regression when P4 baseline exists)	2026-06-21T17:03:45.5822968Z       {
CRG Architecture Gate (P3+)	CRG architecture check (absolute score P3+, drift regression when P4 baseline exists)	2026-06-21T17:03:45.5823158Z         "name": "admin-entry",
CRG Architecture Gate (P3+)	CRG architecture check (absolute score P3+, drift regression when P4 baseline exists)	2026-06-21T17:03:45.5823403Z         "cohesion": 0.4322,
CRG Architecture Gate (P3+)	CRG architecture check (absolute score P3+, drift regression when P4 baseline exists)	2026-06-21T17:03:45.5823635Z         "size": 77,
CRG Architecture Gate (P3+)	CRG architecture check (absolute score P3+, drift regression when P4 baseline exists)	2026-06-21T17:03:45.5823844Z         "issues": [
CRG Architecture Gate (P3+)	CRG architecture check (absolute score P3+, drift regression when P4 baseline exists)	2026-06-21T17:03:45.5824046Z           "oversized(77)"
CRG Architecture Gate (P3+)	CRG architecture check (absolute score P3+, drift regression when P4 baseline exists)	2026-06-21T17:03:45.5824619Z         ]
CRG Architecture Gate (P3+)	CRG architecture check (absolute score P3+, drift regression when P4 baseline exists)	2026-06-21T17:03:45.5824807Z       },
CRG Architecture Gate (P3+)	CRG architecture check (absolute score P3+, drift regression when P4 baseline exists)	2026-06-21T17:03:45.5825005Z       {
CRG Architecture Gate (P3+)	CRG architecture check (absolute score P3+, drift regression when P4 baseline exists)	2026-06-21T17:03:45.5825206Z         "name": "scripts-find",
CRG Architecture Gate (P3+)	CRG architecture check (absolute score P3+, drift regression when P4 baseline exists)	2026-06-21T17:03:45.5825456Z         "cohesion": 0.0,
CRG Architecture Gate (P3+)	CRG architecture check (absolute score P3+, drift regression when P4 baseline exists)	2026-06-21T17:03:45.5825673Z         "size": 3,
CRG Architecture Gate (P3+)	CRG architecture check (absolute score P3+, drift regression when P4 baseline exists)	2026-06-21T17:03:45.5825876Z         "issues": [
CRG Architecture Gate (P3+)	CRG architecture check (absolute score P3+, drift regression when P4 baseline exists)	2026-06-21T17:03:45.5826089Z           "low_cohesion(0.00)"
CRG Architecture Gate (P3+)	CRG architecture check (absolute score P3+, drift regression when P4 baseline exists)	2026-06-21T17:03:45.5826313Z         ]
CRG Architecture Gate (P3+)	CRG architecture check (absolute score P3+, drift regression when P4 baseline exists)	2026-06-21T17:03:45.5826488Z       }
CRG Architecture Gate (P3+)	CRG architecture check (absolute score P3+, drift regression when P4 baseline exists)	2026-06-21T17:03:45.5826664Z     ],
CRG Architecture Gate (P3+)	CRG architecture check (absolute score P3+, drift regression when P4 baseline exists)	2026-06-21T17:03:45.5826860Z     "_cohesion_threshold": 0.3,
CRG Architecture Gate (P3+)	CRG architecture check (absolute score P3+, drift regression when P4 baseline exists)	2026-06-21T17:03:45.5827100Z     "_community_oversized": 50
CRG Architecture Gate (P3+)	CRG architecture check (absolute score P3+, drift regression when P4 baseline exists)	2026-06-21T17:03:45.5827326Z   },
CRG Architecture Gate (P3+)	CRG architecture check (absolute score P3+, drift regression when P4 baseline exists)	2026-06-21T17:03:45.5827522Z   "large_functions_critical": [],
CRG Architecture Gate (P3+)	CRG architecture check (absolute score P3+, drift regression when P4 baseline exists)	2026-06-21T17:03:45.5827806Z   "large_functions_penalty": 0,
CRG Architecture Gate (P3+)	CRG architecture check (absolute score P3+, drift regression when P4 baseline exists)	2026-06-21T17:03:45.5828142Z   "architecture_score": 25.0,
CRG Architecture Gate (P3+)	CRG architecture check (absolute score P3+, drift regression when P4 baseline exists)	2026-06-21T17:03:45.5828439Z   "_source": "framework-independent"
CRG Architecture Gate (P3+)	CRG architecture check (absolute score P3+, drift regression when P4 baseline exists)	2026-06-21T17:03:45.5844627Z }.check_imports.py
CRG Architecture Gate (P3+)	CRG architecture check (absolute score P3+, drift regression when P4 baseline exists)	2026-06-21T17:03:45.5844987Z .check_lint.py
CRG Architecture Gate (P3+)	CRG architecture check (absolute score P3+, drift regression when P4 baseline exists)	2026-06-21T17:03:45.5845332Z .check_tool.py
CRG Architecture Gate (P3+)	CRG architecture check (absolute score P3+, drift regression when P4 baseline exists)	2026-06-21T17:03:45.5845674Z .claude/workflows/test_hunt_bugs.py
CRG Architecture Gate (P3+)	CRG architecture check (absolute score P3+, drift regression when P4 baseline exists)	2026-06-21T17:03:45.5846077Z .commit_fr36.py
CRG Architecture Gate (P3+)	CRG architecture check (absolute score P3+, drift regression when P4 baseline exists)	2026-06-21T17:03:45.5846381Z .cov_runner.py
CRG Architecture Gate (P3+)	CRG architecture check (absolute score P3+, drift regression when P4 baseline exists)	2026-06-21T17:03:45.5846694Z .coverage_runner_fr22.py
CRG Architecture Gate (P3+)	CRG architecture check (absolute score P3+, drift regression when P4 baseline exists)	2026-06-21T17:03:45.5847050Z .coveragerc
CRG Architecture Gate (P3+)	CRG architecture check (absolute score P3+, drift regression when P4 baseline exists)	2026-06-21T17:03:45.5847328Z .crgignore
CRG Architecture Gate (P3+)	CRG architecture check (absolute score P3+, drift regression when P4 baseline exists)	2026-06-21T17:03:45.5847888Z .expect_runner.exp
CRG Architecture Gate (P3+)	CRG architecture check (absolute score P3+, drift regression when P4 baseline exists)	2026-06-21T17:03:45.5848210Z .fr96_ruff_capture.py
CRG Architecture Gate (P3+)	CRG architecture check (absolute score P3+, drift regression when P4 baseline exists)	2026-06-21T17:03:45.5848572Z .github/workflows/harness_quality_gate.yml
CRG Architecture Gate (P3+)	CRG architecture check (absolute score P3+, drift regression when P4 baseline exists)	2026-06-21T17:03:45.5849012Z .gitignore
CRG Architecture Gate (P3+)	CRG architecture check (absolute score P3+, drift regression when P4 baseline exists)	2026-06-21T17:03:45.5849294Z .gitmodules
CRG Architecture Gate (P3+)	CRG architecture check (absolute score P3+, drift regression when P4 baseline exists)	2026-06-21T17:03:45.5849611Z .harness/traces/agent_trajectory.jsonl
CRG Architecture Gate (P3+)	CRG architecture check (absolute score P3+, drift regression when P4 baseline exists)	2026-06-21T17:03:45.5850006Z .lint_check_bin
CRG Architecture Gate (P3+)	CRG architecture check (absolute score P3+, drift regression when P4 baseline exists)	2026-06-21T17:03:45.5850318Z .lint_check_fr11.py
CRG Architecture Gate (P3+)	CRG architecture check (absolute score P3+, drift regression when P4 baseline exists)	2026-06-21T17:03:45.5850639Z .lint_invoker.py
CRG Architecture Gate (P3+)	CRG architecture check (absolute score P3+, drift regression when P4 baseline exists)	2026-06-21T17:03:45.5850937Z .lint_runner.py
CRG Architecture Gate (P3+)	CRG architecture check (absolute score P3+, drift regression when P4 baseline exists)	2026-06-21T17:03:45.5851250Z .methodology/.state.lock
CRG Architecture Gate (P3+)	CRG architecture check (absolute score P3+, drift regression when P4 baseline exists)	2026-06-21T17:03:45.5851855Z .methodology/SAB.json
CRG Architecture Gate (P3+)	CRG architecture check (absolute score P3+, drift regression when P4 baseline exists)	2026-06-21T17:03:45.5852227Z .methodology/agent_b_approvals/ADR.md.json
CRG Architecture Gate (P3+)	CRG architecture check (absolute score P3+, drift regression when P4 baseline exists)	2026-06-21T17:03:45.5852674Z .methodology/agent_b_approvals/SAD.md.json
CRG Architecture Gate (P3+)	CRG architecture check (absolute score P3+, drift regression when P4 baseline exists)	2026-06-21T17:03:45.5853175Z .methodology/agent_b_approvals/SPEC_TRACKING.md.json
CRG Architecture Gate (P3+)	CRG architecture check (absolute score P3+, drift regression when P4 baseline exists)	2026-06-21T17:03:45.5853680Z .methodology/agent_b_approvals/SRS.md.json
CRG Architecture Gate (P3+)	CRG architecture check (absolute score P3+, drift regression when P4 baseline exists)	2026-06-21T17:03:45.5854202Z .methodology/agent_b_approvals/TEST_INVENTORY.yaml.json
CRG Architecture Gate (P3+)	CRG architecture check (absolute score P3+, drift regression when P4 baseline exists)	2026-06-21T17:03:45.5854880Z .methodology/agent_b_approvals/TEST_SPEC.md.json
CRG Architecture Gate (P3+)	CRG architecture check (absolute score P3+, drift regression when P4 baseline exists)	2026-06-21T17:03:45.5855469Z .methodology/agent_b_approvals/TRACEABILITY_MATRIX.md.json
CRG Architecture Gate (P3+)	CRG architecture check (absolute score P3+, drift regression when P4 baseline exists)	2026-06-21T17:03:45.5856012Z .methodology/bug_hunt_report.json
CRG Architecture Gate (P3+)	CRG architecture check (absolute score P3+, drift regression when P4 baseline exists)	2026-06-21T17:03:45.5856439Z .methodology/bug_hunt_targets.json
CRG Architecture Gate (P3+)	CRG architecture check (absolute score P3+, drift regression when P4 baseline exists)	2026-06-21T17:03:45.5856860Z .methodology/crg_baseline_p3.json
CRG Architecture Gate (P3+)	CRG architecture check (absolute score P3+, drift regression when P4 baseline exists)	2026-06-21T17:03:45.5857311Z .methodology/decision_logs/2026-06-18/GATE_3_001.yaml
CRG Architecture Gate (P3+)	CRG architecture check (absolute score P3+, drift regression when P4 baseline exists)	2026-06-21T17:03:45.5857836Z .methodology/decision_logs/2026-06-18/GATE_3_002.yaml
CRG Architecture Gate (P3+)	CRG architecture check (absolute score P3+, drift regression when P4 baseline exists)	2026-06-21T17:03:45.5858359Z .methodology/decision_logs/2026-06-20/GATE_3_001.yaml
CRG Architecture Gate (P3+)	CRG architecture check (absolute score P3+, drift regression when P4 baseline exists)	2026-06-21T17:03:45.5858890Z .methodology/decision_logs/2026-06-20/GATE_3_002.yaml
CRG Architecture Gate (P3+)	CRG architecture check (absolute score P3+, drift regression when P4 baseline exists)	2026-06-21T17:03:45.5859421Z .methodology/decision_logs/2026-06-20/GATE_3_003.yaml
CRG Architecture Gate (P3+)	CRG architecture check (absolute score P3+, drift regression when P4 baseline exists)	2026-06-21T17:03:45.5859954Z .methodology/decision_logs/2026-06-20/GATE_3_004.yaml
CRG Architecture Gate (P3+)	CRG architecture check (absolute score P3+, drift regression when P4 baseline exists)	2026-06-21T17:03:45.5860461Z .methodology/decision_logs/2026-06-20/GATE_3_005.yaml
CRG Architecture Gate (P3+)	CRG architecture check (absolute score P3+, drift regression when P4 baseline exists)	2026-06-21T17:03:45.5860964Z .methodology/decision_logs/2026-06-20/GATE_3_006.yaml
CRG Architecture Gate (P3+)	CRG architecture check (absolute score P3+, drift regression when P4 baseline exists)	2026-06-21T17:03:45.5861474Z .methodology/decision_logs/2026-06-20/GATE_3_007.yaml
CRG Architecture Gate (P3+)	CRG architecture check (absolute score P3+, drift regression when P4 baseline exists)	2026-06-21T17:03:45.5862523Z .methodology/decision_logs/2026-06-20/GATE_3_008.yaml
CRG Architecture Gate (P3+)	CRG architecture check (absolute score P3+, drift regression when P4 baseline exists)	2026-06-21T17:03:45.5863062Z .methodology/decision_logs/2026-06-20/GATE_3_009.yaml
CRG Architecture Gate (P3+)	CRG architecture check (absolute score P3+, drift regression when P4 baseline exists)	2026-06-21T17:03:45.5863554Z .methodology/decision_logs/2026-06-20/GATE_3_010.yaml
CRG Architecture Gate (P3+)	CRG architecture check (absolute score P3+, drift regression when P4 baseline exists)	2026-06-21T17:03:45.5864034Z .methodology/decision_logs/2026-06-20/GATE_3_011.yaml
CRG Architecture Gate (P3+)	CRG architecture check (absolute score P3+, drift regression when P4 baseline exists)	2026-06-21T17:03:45.5864544Z .methodology/decision_logs/2026-06-20/GATE_3_012.yaml
CRG Architecture Gate (P3+)	CRG architecture check (absolute score P3+, drift regression when P4 baseline exists)	2026-06-21T17:03:45.5865000Z .methodology/decision_logs/2026-06-20/GATE_3_013.yaml
CRG Architecture Gate (P3+)	CRG architecture check (absolute score P3+, drift regression when P4 baseline exists)	2026-06-21T17:03:45.5865484Z .methodology/decision_logs/2026-06-20/GATE_3_014.yaml
CRG Architecture Gate (P3+)	CRG architecture check (absolute score P3+, drift regression when P4 baseline exists)	2026-06-21T17:03:45.5865992Z .methodology/decision_logs/2026-06-20/GATE_3_015.yaml
CRG Architecture Gate (P3+)	CRG architecture check (absolute score P3+, drift regression when P4 baseline exists)	2026-06-21T17:03:45.5866807Z .methodology/decision_logs/2026-06-20/GATE_3_016.yaml
CRG Architecture Gate (P3+)	CRG architecture check (absolute score P3+, drift regression when P4 baseline exists)	2026-06-21T17:03:45.5867314Z .methodology/decision_logs/2026-06-20/GATE_3_017.yaml
CRG Architecture Gate (P3+)	CRG architecture check (absolute score P3+, drift regression when P4 baseline exists)	2026-06-21T17:03:45.5867835Z .methodology/decision_logs/2026-06-20/GATE_3_018.yaml
CRG Architecture Gate (P3+)	CRG architecture check (absolute score P3+, drift regression when P4 baseline exists)	2026-06-21T17:03:45.5868340Z .methodology/decision_logs/2026-06-20/GATE_3_019.yaml
CRG Architecture Gate (P3+)	CRG architecture check (absolute score P3+, drift regression when P4 baseline exists)	2026-06-21T17:03:45.5868869Z .methodology/decision_logs/2026-06-20/GATE_3_020.yaml
CRG Architecture Gate (P3+)	CRG architecture check (absolute score P3+, drift regression when P4 baseline exists)	2026-06-21T17:03:45.5869394Z .methodology/decision_logs/2026-06-20/GATE_3_021.yaml
CRG Architecture Gate (P3+)	CRG architecture check (absolute score P3+, drift regression when P4 baseline exists)	2026-06-21T17:03:45.5869909Z .methodology/decision_logs/2026-06-20/GATE_3_022.yaml
CRG Architecture Gate (P3+)	CRG architecture check (absolute score P3+, drift regression when P4 baseline exists)	2026-06-21T17:03:45.5870408Z .methodology/decision_logs/2026-06-20/GATE_3_023.yaml
CRG Architecture Gate (P3+)	CRG architecture check (absolute score P3+, drift regression when P4 baseline exists)	2026-06-21T17:03:45.5870926Z .methodology/decision_logs/2026-06-20/GATE_3_024.yaml
CRG Architecture Gate (P3+)	CRG architecture check (absolute score P3+, drift regression when P4 baseline exists)	2026-06-21T17:03:45.5871447Z .methodology/decision_logs/2026-06-20/GATE_3_025.yaml
CRG Architecture Gate (P3+)	CRG architecture check (absolute score P3+, drift regression when P4 baseline exists)	2026-06-21T17:03:45.5872215Z .methodology/decision_logs/2026-06-20/GATE_3_026.yaml
CRG Architecture Gate (P3+)	CRG architecture check (absolute score P3+, drift regression when P4 baseline exists)	2026-06-21T17:03:45.5872727Z .methodology/decision_logs/2026-06-20/GATE_3_027.yaml
CRG Architecture Gate (P3+)	CRG architecture check (absolute score P3+, drift regression when P4 baseline exists)	2026-06-21T17:03:45.5873248Z .methodology/decision_logs/2026-06-20/GATE_3_028.yaml
CRG Architecture Gate (P3+)	CRG architecture check (absolute score P3+, drift regression when P4 baseline exists)	2026-06-21T17:03:45.5873816Z .methodology/decision_logs/2026-06-20/GATE_3_029.yaml
CRG Architecture Gate (P3+)	CRG architecture check (absolute score P3+, drift regression when P4 baseline exists)	2026-06-21T17:03:45.5874341Z .methodology/decision_logs/2026-06-20/GATE_3_030.yaml
CRG Architecture Gate (P3+)	CRG architecture check (absolute score P3+, drift regression when P4 baseline exists)	2026-06-21T17:03:45.5874918Z .methodology/decision_logs/2026-06-20/GATE_3_031.yaml
CRG Architecture Gate (P3+)	CRG architecture check (absolute score P3+, drift regression when P4 baseline exists)	2026-06-21T17:03:45.5875703Z .methodology/decision_logs/2026-06-20/GATE_3_032.yaml
CRG Architecture Gate (P3+)	CRG architecture check (absolute score P3+, drift regression when P4 baseline exists)	2026-06-21T17:03:45.5876221Z .methodology/decision_logs/2026-06-20/GATE_3_033.yaml
CRG Architecture Gate (P3+)	CRG architecture check (absolute score P3+, drift regression when P4 baseline exists)	2026-06-21T17:03:45.5876724Z .methodology/decision_logs/2026-06-20/GATE_3_034.yaml
CRG Architecture Gate (P3+)	CRG architecture check (absolute score P3+, drift regression when P4 baseline exists)	2026-06-21T17:03:45.5877258Z .methodology/decision_logs/2026-06-20/GATE_3_035.yaml
CRG Architecture Gate (P3+)	CRG architecture check (absolute score P3+, drift regression when P4 baseline exists)	2026-06-21T17:03:45.5877788Z .methodology/decision_logs/2026-06-20/GATE_3_036.yaml
CRG Architecture Gate (P3+)	CRG architecture check (absolute score P3+, drift regression when P4 baseline exists)	2026-06-21T17:03:45.5878300Z .methodology/decision_logs/2026-06-20/GATE_3_037.yaml
CRG Architecture Gate (P3+)	CRG architecture check (absolute score P3+, drift regression when P4 baseline exists)	2026-06-21T17:03:45.5878806Z .methodology/decision_logs/2026-06-20/GATE_3_038.yaml
CRG Architecture Gate (P3+)	CRG architecture check (absolute score P3+, drift regression when P4 baseline exists)	2026-06-21T17:03:45.5879313Z .methodology/decision_logs/2026-06-20/GATE_3_039.yaml
CRG Architecture Gate (P3+)	CRG architecture check (absolute score P3+, drift regression when P4 baseline exists)	2026-06-21T17:03:45.5879817Z .methodology/decision_logs/2026-06-20/GATE_3_040.yaml
CRG Architecture Gate (P3+)	CRG architecture check (absolute score P3+, drift regression when P4 baseline exists)	2026-06-21T17:03:45.5880264Z .methodology/decision_logs/2026-06-20/GATE_3_041.yaml
CRG Architecture Gate (P3+)	CRG architecture check (absolute score P3+, drift regression when P4 baseline exists)	2026-06-21T17:03:45.5880584Z .methodology/decision_logs/2026-06-20/GATE_3_042.yaml
CRG Architecture Gate (P3+)	CRG architecture check (absolute score P3+, drift regression when P4 baseline exists)	2026-06-21T17:03:45.5880897Z .methodology/decision_logs/2026-06-20/GATE_3_043.yaml
CRG Architecture Gate (P3+)	CRG architecture check (absolute score P3+, drift regression when P4 baseline exists)	2026-06-21T17:03:45.5881206Z .methodology/decision_logs/2026-06-20/GATE_3_044.yaml
CRG Architecture Gate (P3+)	CRG architecture check (absolute score P3+, drift regression when P4 baseline exists)	2026-06-21T17:03:45.5881533Z .methodology/decision_logs/2026-06-20/GATE_3_045.yaml
CRG Architecture Gate (P3+)	CRG architecture check (absolute score P3+, drift regression when P4 baseline exists)	2026-06-21T17:03:45.5882102Z .methodology/decision_logs/2026-06-20/GATE_3_046.yaml
CRG Architecture Gate (P3+)	CRG architecture check (absolute score P3+, drift regression when P4 baseline exists)	2026-06-21T17:03:45.5882424Z .methodology/decision_logs/2026-06-20/GATE_3_047.yaml
CRG Architecture Gate (P3+)	CRG architecture check (absolute score P3+, drift regression when P4 baseline exists)	2026-06-21T17:03:45.5882750Z .methodology/decision_logs/2026-06-20/GATE_3_048.yaml
CRG Architecture Gate (P3+)	CRG architecture check (absolute score P3+, drift regression when P4 baseline exists)	2026-06-21T17:03:45.5883071Z .methodology/decision_logs/2026-06-20/GATE_3_049.yaml
CRG Architecture Gate (P3+)	CRG architecture check (absolute score P3+, drift regression when P4 baseline exists)	2026-06-21T17:03:45.5883412Z .methodology/decision_logs/2026-06-20/GATE_3_050.yaml
CRG Architecture Gate (P3+)	CRG architecture check (absolute score P3+, drift regression when P4 baseline exists)	2026-06-21T17:03:45.5883729Z .methodology/decision_logs/2026-06-20/GATE_3_051.yaml
CRG Architecture Gate (P3+)	CRG architecture check (absolute score P3+, drift regression when P4 baseline exists)	2026-06-21T17:03:45.5884047Z .methodology/decision_logs/2026-06-20/GATE_3_052.yaml
CRG Architecture Gate (P3+)	CRG architecture check (absolute score P3+, drift regression when P4 baseline exists)	2026-06-21T17:03:45.5884403Z .methodology/decision_logs/2026-06-20/GATE_3_053.yaml
CRG Architecture Gate (P3+)	CRG architecture check (absolute score P3+, drift regression when P4 baseline exists)	2026-06-21T17:03:45.5884744Z .methodology/decision_logs/2026-06-20/GATE_3_054.yaml
CRG Architecture Gate (P3+)	CRG architecture check (absolute score P3+, drift regression when P4 baseline exists)	2026-06-21T17:03:45.5885064Z .methodology/decision_logs/2026-06-20/GATE_3_055.yaml
CRG Architecture Gate (P3+)	CRG architecture check (absolute score P3+, drift regression when P4 baseline exists)	2026-06-21T17:03:45.5885375Z .methodology/decision_logs/2026-06-20/GATE_3_056.yaml
CRG Architecture Gate (P3+)	CRG architecture check (absolute score P3+, drift regression when P4 baseline exists)	2026-06-21T17:03:45.5885692Z .methodology/decision_logs/2026-06-20/GATE_3_057.yaml
CRG Architecture Gate (P3+)	CRG architecture check (absolute score P3+, drift regression when P4 baseline exists)	2026-06-21T17:03:45.5886005Z .methodology/decision_logs/2026-06-20/GATE_3_058.yaml
CRG Architecture Gate (P3+)	CRG architecture check (absolute score P3+, drift regression when P4 baseline exists)	2026-06-21T17:03:45.5886319Z .methodology/decision_logs/2026-06-20/GATE_3_059.yaml
CRG Architecture Gate (P3+)	CRG architecture check (absolute score P3+, drift regression when P4 baseline exists)	2026-06-21T17:03:45.5886628Z .methodology/decision_logs/2026-06-20/GATE_3_060.yaml
CRG Architecture Gate (P3+)	CRG architecture check (absolute score P3+, drift regression when P4 baseline exists)	2026-06-21T17:03:45.5886948Z .methodology/decision_logs/2026-06-20/GATE_3_061.yaml
CRG Architecture Gate (P3+)	CRG architecture check (absolute score P3+, drift regression when P4 baseline exists)	2026-06-21T17:03:45.5887271Z .methodology/decision_logs/2026-06-20/GATE_3_062.yaml
CRG Architecture Gate (P3+)	CRG architecture check (absolute score P3+, drift regression when P4 baseline exists)	2026-06-21T17:03:45.5887580Z .methodology/decision_logs/2026-06-20/GATE_3_063.yaml
CRG Architecture Gate (P3+)	CRG architecture check (absolute score P3+, drift regression when P4 baseline exists)	2026-06-21T17:03:45.5887894Z .methodology/decision_logs/2026-06-20/GATE_3_064.yaml
CRG Architecture Gate (P3+)	CRG architecture check (absolute score P3+, drift regression when P4 baseline exists)	2026-06-21T17:03:45.5888208Z .methodology/decision_logs/2026-06-20/GATE_3_065.yaml
CRG Architecture Gate (P3+)	CRG architecture check (absolute score P3+, drift regression when P4 baseline exists)	2026-06-21T17:03:45.5888887Z .methodology/decision_logs/2026-06-20/GATE_3_066.yaml
CRG Architecture Gate (P3+)	CRG architecture check (absolute score P3+, drift regression when P4 baseline exists)	2026-06-21T17:03:45.5889200Z .methodology/decision_logs/2026-06-20/GATE_3_067.yaml
CRG Architecture Gate (P3+)	CRG architecture check (absolute score P3+, drift regression when P4 baseline exists)	2026-06-21T17:03:45.5889511Z .methodology/decision_logs/2026-06-20/GATE_3_068.yaml
CRG Architecture Gate (P3+)	CRG architecture check (absolute score P3+, drift regression when P4 baseline exists)	2026-06-21T17:03:45.5889833Z .methodology/decision_logs/2026-06-20/GATE_3_069.yaml
CRG Architecture Gate (P3+)	CRG architecture check (absolute score P3+, drift regression when P4 baseline exists)	2026-06-21T17:03:45.5890144Z .methodology/decision_logs/2026-06-20/GATE_3_070.yaml
CRG Architecture Gate (P3+)	CRG architecture check (absolute score P3+, drift regression when P4 baseline exists)	2026-06-21T17:03:45.5890456Z .methodology/decision_logs/2026-06-20/GATE_3_071.yaml
CRG Architecture Gate (P3+)	CRG architecture check (absolute score P3+, drift regression when P4 baseline exists)	2026-06-21T17:03:45.5890768Z .methodology/decision_logs/2026-06-20/GATE_3_072.yaml
CRG Architecture Gate (P3+)	CRG architecture check (absolute score P3+, drift regression when P4 baseline exists)	2026-06-21T17:03:45.5891091Z .methodology/decision_logs/2026-06-20/GATE_3_073.yaml
CRG Architecture Gate (P3+)	CRG architecture check (absolute score P3+, drift regression when P4 baseline exists)	2026-06-21T17:03:45.5891403Z .methodology/decision_logs/2026-06-20/GATE_3_074.yaml
CRG Architecture Gate (P3+)	CRG architecture check (absolute score P3+, drift regression when P4 baseline exists)	2026-06-21T17:03:45.5891910Z .methodology/decision_logs/2026-06-20/GATE_3_075.yaml
CRG Architecture Gate (P3+)	CRG architecture check (absolute score P3+, drift regression when P4 baseline exists)	2026-06-21T17:03:45.5892227Z .methodology/decision_logs/2026-06-20/GATE_3_076.yaml
CRG Architecture Gate (P3+)	CRG architecture check (absolute score P3+, drift regression when P4 baseline exists)	2026-06-21T17:03:45.5892539Z .methodology/decision_logs/2026-06-20/GATE_3_077.yaml
CRG Architecture Gate (P3+)	CRG architecture check (absolute score P3+, drift regression when P4 baseline exists)	2026-06-21T17:03:45.5892862Z .methodology/decision_logs/2026-06-20/GATE_3_078.yaml
CRG Architecture Gate (P3+)	CRG architecture check (absolute score P3+, drift regression when P4 baseline exists)	2026-06-21T17:03:45.5893178Z .methodology/decision_logs/2026-06-20/GATE_3_079.yaml
CRG Architecture Gate (P3+)	CRG architecture check (absolute score P3+, drift regression when P4 baseline exists)	2026-06-21T17:03:45.5893494Z .methodology/decision_logs/2026-06-20/GATE_3_080.yaml
CRG Architecture Gate (P3+)	CRG architecture check (absolute score P3+, drift regression when P4 baseline exists)	2026-06-21T17:03:45.5893806Z .methodology/decision_logs/2026-06-20/GATE_3_081.yaml
CRG Architecture Gate (P3+)	CRG architecture check (absolute score P3+, drift regression when P4 baseline exists)	2026-06-21T17:03:45.5894265Z .methodology/decision_logs/2026-06-20/GATE_3_082.yaml
CRG Architecture Gate (P3+)	CRG architecture check (absolute score P3+, drift regression when P4 baseline exists)	2026-06-21T17:03:45.5894584Z .methodology/decision_logs/2026-06-20/GATE_3_083.yaml
CRG Architecture Gate (P3+)	CRG architecture check (absolute score P3+, drift regression when P4 baseline exists)	2026-06-21T17:03:45.5894903Z .methodology/decision_logs/2026-06-20/GATE_3_084.yaml
CRG Architecture Gate (P3+)	CRG architecture check (absolute score P3+, drift regression when P4 baseline exists)	2026-06-21T17:03:45.5895231Z .methodology/decision_logs/2026-06-20/GATE_3_085.yaml
CRG Architecture Gate (P3+)	CRG architecture check (absolute score P3+, drift regression when P4 baseline exists)	2026-06-21T17:03:45.5895550Z .methodology/decision_logs/2026-06-20/GATE_3_086.yaml
CRG Architecture Gate (P3+)	CRG architecture check (absolute score P3+, drift regression when P4 baseline exists)	2026-06-21T17:03:45.5895870Z .methodology/decision_logs/2026-06-21/GATE_3_001.yaml
CRG Architecture Gate (P3+)	CRG architecture check (absolute score P3+, drift regression when P4 baseline exists)	2026-06-21T17:03:45.5896182Z .methodology/decision_logs/2026-06-21/GATE_3_002.yaml
CRG Architecture Gate (P3+)	CRG architecture check (absolute score P3+, drift regression when P4 baseline exists)	2026-06-21T17:03:45.5896494Z .methodology/decision_logs/2026-06-21/GATE_3_003.yaml
CRG Architecture Gate (P3+)	CRG architecture check (absolute score P3+, drift regression when P4 baseline exists)	2026-06-21T17:03:45.5896812Z .methodology/decision_logs/2026-06-21/GATE_3_004.yaml
CRG Architecture Gate (P3+)	CRG architecture check (absolute score P3+, drift regression when P4 baseline exists)	2026-06-21T17:03:45.5897127Z .methodology/decision_logs/2026-06-21/GATE_3_005.yaml
CRG Architecture Gate (P3+)	CRG architecture check (absolute score P3+, drift regression when P4 baseline exists)	2026-06-21T17:03:45.5897450Z .methodology/decision_logs/2026-06-21/GATE_3_006.yaml
CRG Architecture Gate (P3+)	CRG architecture check (absolute score P3+, drift regression when P4 baseline exists)	2026-06-21T17:03:45.5897793Z .methodology/decision_logs/2026-06-21/GATE_3_007.yaml
CRG Architecture Gate (P3+)	CRG architecture check (absolute score P3+, drift regression when P4 baseline exists)	2026-06-21T17:03:45.5898110Z .methodology/decision_logs/2026-06-21/GATE_3_008.yaml
CRG Architecture Gate (P3+)	CRG architecture check (absolute score P3+, drift regression when P4 baseline exists)	2026-06-21T17:03:45.5898421Z .methodology/decision_logs/2026-06-21/GATE_3_009.yaml
CRG Architecture Gate (P3+)	CRG architecture check (absolute score P3+, drift regression when P4 baseline exists)	2026-06-21T17:03:45.5898735Z .methodology/decision_logs/2026-06-21/GATE_3_010.yaml
CRG Architecture Gate (P3+)	CRG architecture check (absolute score P3+, drift regression when P4 baseline exists)	2026-06-21T17:03:45.5899050Z .methodology/decision_logs/2026-06-21/GATE_3_011.yaml
CRG Architecture Gate (P3+)	CRG architecture check (absolute score P3+, drift regression when P4 baseline exists)	2026-06-21T17:03:45.5899363Z .methodology/decision_logs/2026-06-21/GATE_3_012.yaml
CRG Architecture Gate (P3+)	CRG architecture check (absolute score P3+, drift regression when P4 baseline exists)	2026-06-21T17:03:45.5899675Z .methodology/decision_logs/2026-06-21/GATE_3_013.yaml
CRG Architecture Gate (P3+)	CRG architecture check (absolute score P3+, drift regression when P4 baseline exists)	2026-06-21T17:03:45.5899989Z .methodology/decision_logs/2026-06-21/GATE_3_014.yaml
CRG Architecture Gate (P3+)	CRG architecture check (absolute score P3+, drift regression when P4 baseline exists)	2026-06-21T17:03:45.5900304Z .methodology/decision_logs/2026-06-21/GATE_3_015.yaml
CRG Architecture Gate (P3+)	CRG architecture check (absolute score P3+, drift regression when P4 baseline exists)	2026-06-21T17:03:45.5900615Z .methodology/decision_logs/2026-06-21/GATE_3_016.yaml
CRG Architecture Gate (P3+)	CRG architecture check (absolute score P3+, drift regression when P4 baseline exists)	2026-06-21T17:03:45.5900931Z .methodology/decision_logs/2026-06-21/GATE_3_017.yaml
CRG Architecture Gate (P3+)	CRG architecture check (absolute score P3+, drift regression when P4 baseline exists)	2026-06-21T17:03:45.5901248Z .methodology/decision_logs/2026-06-21/GATE_3_018.yaml
CRG Architecture Gate (P3+)	CRG architecture check (absolute score P3+, drift regression when P4 baseline exists)	2026-06-21T17:03:45.5901561Z .methodology/decision_logs/2026-06-21/GATE_3_019.yaml
CRG Architecture Gate (P3+)	CRG architecture check (absolute score P3+, drift regression when P4 baseline exists)	2026-06-21T17:03:45.5902063Z .methodology/decision_logs/2026-06-21/GATE_3_020.yaml
CRG Architecture Gate (P3+)	CRG architecture check (absolute score P3+, drift regression when P4 baseline exists)	2026-06-21T17:03:45.5902359Z .methodology/effort_metrics.db
CRG Architecture Gate (P3+)	CRG architecture check (absolute score P3+, drift regression when P4 baseline exists)	2026-06-21T17:03:45.5902622Z .methodology/fr_progress.json
CRG Architecture Gate (P3+)	CRG architecture check (absolute score P3+, drift regression when P4 baseline exists)	2026-06-21T17:03:45.5902876Z .methodology/gap_report.json
CRG Architecture Gate (P3+)	CRG architecture check (absolute score P3+, drift regression when P4 baseline exists)	2026-06-21T17:03:45.5903123Z .methodology/gate2_result.json
CRG Architecture Gate (P3+)	CRG architecture check (absolute score P3+, drift regression when P4 baseline exists)	2026-06-21T17:03:45.5903364Z .methodology/gate3_result.json
CRG Architecture Gate (P3+)	CRG architecture check (absolute score P3+, drift regression when P4 baseline exists)	2026-06-21T17:03:45.5903617Z .methodology/gate_timestamps.jsonl
CRG Architecture Gate (P3+)	CRG architecture check (absolute score P3+, drift regression when P4 baseline exists)	2026-06-21T17:03:45.5903885Z .methodology/harness_bugs_found.md
CRG Architecture Gate (P3+)	CRG architecture check (absolute score P3+, drift regression when P4 baseline exists)	2026-06-21T17:03:45.5904141Z .methodology/phase1_plan.md
CRG Architecture Gate (P3+)	CRG architecture check (absolute score P3+, drift regression when P4 baseline exists)	2026-06-21T17:03:45.5904378Z .methodology/phase2_plan.md
CRG Architecture Gate (P3+)	CRG architecture check (absolute score P3+, drift regression when P4 baseline exists)	2026-06-21T17:03:45.5904611Z .methodology/phase3_plan.md
CRG Architecture Gate (P3+)	CRG architecture check (absolute score P3+, drift regression when P4 baseline exists)	2026-06-21T17:03:45.5904845Z .methodology/phase4_plan.md
CRG Architecture Gate (P3+)	CRG architecture check (absolute score P3+, drift regression when P4 baseline exists)	2026-06-21T17:03:45.5905228Z .methodology/phase5_plan.md
CRG Architecture Gate (P3+)	CRG architecture check (absolute score P3+, drift regression when P4 baseline exists)	2026-06-21T17:03:45.5905454Z .methodology/phase6_plan.md
CRG Architecture Gate (P3+)	CRG architecture check (absolute score P3+, drift regression when P4 baseline exists)	2026-06-21T17:03:45.5905677Z .methodology/phase7_plan.md
CRG Architecture Gate (P3+)	CRG architecture check (absolute score P3+, drift regression when P4 baseline exists)	2026-06-21T17:03:45.5905905Z .methodology/phase8_plan.md
CRG Architecture Gate (P3+)	CRG architecture check (absolute score P3+, drift regression when P4 baseline exists)	2026-06-21T17:03:45.5906131Z .methodology/plan_status.md
CRG Architecture Gate (P3+)	CRG architecture check (absolute score P3+, drift regression when P4 baseline exists)	2026-06-21T17:03:45.5906371Z .methodology/quality_manifest.json
CRG Architecture Gate (P3+)	CRG architecture check (absolute score P3+, drift regression when P4 baseline exists)	2026-06-21T17:03:45.5906627Z .methodology/run_ruff.py
CRG Architecture Gate (P3+)	CRG architecture check (absolute score P3+, drift regression when P4 baseline exists)	2026-06-21T17:03:45.5906872Z .methodology/sessions_spawn.log.lock
CRG Architecture Gate (P3+)	CRG architecture check (absolute score P3+, drift regression when P4 baseline exists)	2026-06-21T17:03:45.5907137Z .methodology/state.json
CRG Architecture Gate (P3+)	CRG architecture check (absolute score P3+, drift regression when P4 baseline exists)	2026-06-21T17:03:45.5907373Z .methodology/trace/attestation.json
CRG Architecture Gate (P3+)	CRG architecture check (absolute score P3+, drift regression when P4 baseline exists)	2026-06-21T17:03:45.5907664Z .methodology/trace/attestation.latest.json
CRG Architecture Gate (P3+)	CRG architecture check (absolute score P3+, drift regression when P4 baseline exists)	2026-06-21T17:03:45.5907941Z .pyright_fr85.json
CRG Architecture Gate (P3+)	CRG architecture check (absolute score P3+, drift regression when P4 baseline exists)	2026-06-21T17:03:45.5908149Z .rc1
CRG Architecture Gate (P3+)	CRG architecture check (absolute score P3+, drift regression when P4 baseline exists)	2026-06-21T17:03:45.5908337Z .ruff_capture.py
CRG Architecture Gate (P3+)	CRG architecture check (absolute score P3+, drift regression when P4 baseline exists)	2026-06-21T17:03:45.5908556Z .ruff_capture_fr07.py
CRG Architecture Gate (P3+)	CRG architecture check (absolute score P3+, drift regression when P4 baseline exists)	2026-06-21T17:03:45.5908772Z .ruff_check_38.sh
CRG Architecture Gate (P3+)	CRG architecture check (absolute score P3+, drift regression when P4 baseline exists)	2026-06-21T17:03:45.5908981Z .ruff_check_actual.py
CRG Architecture Gate (P3+)	CRG architecture check (absolute score P3+, drift regression when P4 baseline exists)	2026-06-21T17:03:45.5909196Z .ruff_check_fr08.py
CRG Architecture Gate (P3+)	CRG architecture check (absolute score P3+, drift regression when P4 baseline exists)	2026-06-21T17:03:45.5909407Z .ruff_check_fr104.py
CRG Architecture Gate (P3+)	CRG architecture check (absolute score P3+, drift regression when P4 baseline exists)	2026-06-21T17:03:45.5909622Z .ruff_check_fr23.py
CRG Architecture Gate (P3+)	CRG architecture check (absolute score P3+, drift regression when P4 baseline exists)	2026-06-21T17:03:45.5909824Z .ruff_check_fr26.py
CRG Architecture Gate (P3+)	CRG architecture check (absolute score P3+, drift regression when P4 baseline exists)	2026-06-21T17:03:45.5910021Z .ruff_check_fr95.py
CRG Architecture Gate (P3+)	CRG architecture check (absolute score P3+, drift regression when P4 baseline exists)	2026-06-21T17:03:45.5910222Z .ruff_check_runner.py
CRG Architecture Gate (P3+)	CRG architecture check (absolute score P3+, drift regression when P4 baseline exists)	2026-06-21T17:03:45.5910439Z .ruff_check_wrapper.py
CRG Architecture Gate (P3+)	CRG architecture check (absolute score P3+, drift regression when P4 baseline exists)	2026-06-21T17:03:45.5910656Z .ruff_exec.py
CRG Architecture Gate (P3+)	CRG architecture check (absolute score P3+, drift regression when P4 baseline exists)	2026-06-21T17:03:45.5910996Z .ruff_fix_runner.py
CRG Architecture Gate (P3+)	CRG architecture check (absolute score P3+, drift regression when P4 baseline exists)	2026-06-21T17:03:45.5911198Z .ruff_fr44_check.py
CRG Architecture Gate (P3+)	CRG architecture check (absolute score P3+, drift regression when P4 baseline exists)	2026-06-21T17:03:45.5911395Z .ruff_lib_test.py
CRG Architecture Gate (P3+)	CRG architecture check (absolute score P3+, drift regression when P4 baseline exists)	2026-06-21T17:03:45.5911816Z .ruff_list.py
CRG Architecture Gate (P3+)	CRG architecture check (absolute score P3+, drift regression when P4 baseline exists)	2026-06-21T17:03:45.5912014Z .ruff_run.py
CRG Architecture Gate (P3+)	CRG architecture check (absolute score P3+, drift regression when P4 baseline exists)	2026-06-21T17:03:45.5912206Z .ruff_run.sh
CRG Architecture Gate (P3+)	CRG architecture check (absolute score P3+, drift regression when P4 baseline exists)	2026-06-21T17:03:45.5912396Z .ruff_run_fr100.py
CRG Architecture Gate (P3+)	CRG architecture check (absolute score P3+, drift regression when P4 baseline exists)	2026-06-21T17:03:45.5912602Z .ruff_run_fr101.py
CRG Architecture Gate (P3+)	CRG architecture check (absolute score P3+, drift regression when P4 baseline exists)	2026-06-21T17:03:45.5912798Z .ruff_run_lint65.py
CRG Architecture Gate (P3+)	CRG architecture check (absolute score P3+, drift regression when P4 baseline exists)	2026-06-21T17:03:45.5912999Z .ruff_run_lint67.py
CRG Architecture Gate (P3+)	CRG architecture check (absolute score P3+, drift regression when P4 baseline exists)	2026-06-21T17:03:45.5913205Z .ruff_run_lint69.py
CRG Architecture Gate (P3+)	CRG architecture check (absolute score P3+, drift regression when P4 baseline exists)	2026-06-21T17:03:45.5913409Z .ruff_run_tmp.py
CRG Architecture Gate (P3+)	CRG architecture check (absolute score P3+, drift regression when P4 baseline exists)	2026-06-21T17:03:45.5913610Z .ruff_runner.py
CRG Architecture Gate (P3+)	CRG architecture check (absolute score P3+, drift regression when P4 baseline exists)	2026-06-21T17:03:45.5913810Z .ruff_runner.sh
CRG Architecture Gate (P3+)	CRG architecture check (absolute score P3+, drift regression when P4 baseline exists)	2026-06-21T17:03:45.5914010Z .ruff_runner_lint.py
CRG Architecture Gate (P3+)	CRG architecture check (absolute score P3+, drift regression when P4 baseline exists)	2026-06-21T17:03:45.5914232Z .ruff_verify.py
CRG Architecture Gate (P3+)	CRG architecture check (absolute score P3+, drift regression when P4 baseline exists)	2026-06-21T17:03:45.5914431Z .ruff_verify_fr08.py
CRG Architecture Gate (P3+)	CRG architecture check (absolute score P3+, drift regression when P4 baseline exists)	2026-06-21T17:03:45.5914644Z .ruff_verify_fr15.py
CRG Architecture Gate (P3+)	CRG architecture check (absolute score P3+, drift regression when P4 baseline exists)	2026-06-21T17:03:45.5914850Z .ruff_verify_fr91.py
CRG Architecture Gate (P3+)	CRG architecture check (absolute score P3+, drift regression when P4 baseline exists)	2026-06-21T17:03:45.5915046Z .ruffcmd.sh
CRG Architecture Gate (P3+)	CRG architecture check (absolute score P3+, drift regression when P4 baseline exists)	2026-06-21T17:03:45.5915234Z .run.sh
CRG Architecture Gate (P3+)	CRG architecture check (absolute score P3+, drift regression when P4 baseline exists)	2026-06-21T17:03:45.5915420Z .run_check.py
CRG Architecture Gate (P3+)	CRG architecture check (absolute score P3+, drift regression when P4 baseline exists)	2026-06-21T17:03:45.5915616Z .run_lint.py
CRG Architecture Gate (P3+)	CRG architecture check (absolute score P3+, drift regression when P4 baseline exists)	2026-06-21T17:03:45.5915802Z .run_ruff.py
CRG Architecture Gate (P3+)	CRG architecture check (absolute score P3+, drift regression when P4 baseline exists)	2026-06-21T17:03:45.5915984Z .run_ruff_38.py
CRG Architecture Gate (P3+)	CRG architecture check (absolute score P3+, drift regression when P4 baseline exists)	2026-06-21T17:03:45.5916179Z .run_ruff_fr96.py
CRG Architecture Gate (P3+)	CRG architecture check (absolute score P3+, drift regression when P4 baseline exists)	2026-06-21T17:03:45.5916381Z .run_ruff_task.py
CRG Architecture Gate (P3+)	CRG architecture check (absolute score P3+, drift regression when P4 baseline exists)	2026-06-21T17:03:45.5916582Z .run_ruff_tmp.py
CRG Architecture Gate (P3+)	CRG architecture check (absolute score P3+, drift regression when P4 baseline exists)	2026-06-21T17:03:45.5916786Z .run_ruff_via_path.sh
CRG Architecture Gate (P3+)	CRG architecture check (absolute score P3+, drift regression when P4 baseline exists)	2026-06-21T17:03:45.5917001Z .runner_a.py
CRG Architecture Gate (P3+)	CRG architecture check (absolute score P3+, drift regression when P4 baseline exists)	2026-06-21T17:03:45.5917198Z .runner_wrapper.py
CRG Architecture Gate (P3+)	CRG architecture check (absolute score P3+, drift regression when P4 baseline exists)	2026-06-21T17:03:45.5917405Z .runner_wrapper2.py
CRG Architecture Gate (P3+)	CRG architecture check (absolute score P3+, drift regression when P4 baseline exists)	2026-06-21T17:03:45.5917605Z .scan_fw.py
CRG Architecture Gate (P3+)	CRG architecture check (absolute score P3+, drift regression when P4 baseline exists)	2026-06-21T17:03:45.5917793Z .scan_newlines.py
CRG Architecture Gate (P3+)	CRG architecture check (absolute score P3+, drift regression when P4 baseline exists)	2026-06-21T17:03:45.5917989Z .verify_lint.py
CRG Architecture Gate (P3+)	CRG architecture check (absolute score P3+, drift regression when P4 baseline exists)	2026-06-21T17:03:45.5918182Z .zzz_invoker.py
CRG Architecture Gate (P3+)	CRG architecture check (absolute score P3+, drift regression when P4 baseline exists)	2026-06-21T17:03:45.5918398Z 00-summary/Phase1_STAGE_PASS.md
CRG Architecture Gate (P3+)	CRG architecture check (absolute score P3+, drift regression when P4 baseline exists)	2026-06-21T17:03:45.5918671Z 00-summary/Phase2_STAGE_PASS.md
CRG Architecture Gate (P3+)	CRG architecture check (absolute score P3+, drift regression when P4 baseline exists)	2026-06-21T17:03:45.5918913Z 00-summary/Phase3_STAGE_PASS.md
CRG Architecture Gate (P3+)	CRG architecture check (absolute score P3+, drift regression when P4 baseline exists)	2026-06-21T17:03:45.5919159Z 01-requirements/SPEC_TRACKING.md
CRG Architecture Gate (P3+)	CRG architecture check (absolute score P3+, drift regression when P4 baseline exists)	2026-06-21T17:03:45.5919411Z 01-requirements/SRS.md
CRG Architecture Gate (P3+)	CRG architecture check (absolute score P3+, drift regression when P4 baseline exists)	2026-06-21T17:03:45.5919652Z 01-requirements/TRACEABILITY_MATRIX.md
CRG Architecture Gate (P3+)	CRG architecture check (absolute score P3+, drift regression when P4 baseline exists)	2026-06-21T17:03:45.5919923Z 02-architecture/SAD.md
CRG Architecture Gate (P3+)	CRG architecture check (absolute score P3+, drift regression when P4 baseline exists)	2026-06-21T17:03:45.5920151Z 02-architecture/TEST_SPEC.md
CRG Architecture Gate (P3+)	CRG architecture check (absolute score P3+, drift regression when P4 baseline exists)	2026-06-21T17:03:45.5920396Z 02-architecture/adr/ADR.md
CRG Architecture Gate (P3+)	CRG architecture check (absolute score P3+, drift regression when P4 baseline exists)	2026-06-21T17:03:45.5920665Z 03-development/.audit/bug-report-2026-06-20.md
CRG Architecture Gate (P3+)	CRG architecture check (absolute score P3+, drift regression when P4 baseline exists)	2026-06-21T17:03:45.5920988Z 03-development/.audit/bug-report-2026-06-21.md
CRG Architecture Gate (P3+)	CRG architecture check (absolute score P3+, drift regression when P4 baseline exists)	2026-06-21T17:03:45.5921308Z 03-development/.harness/traces/agent_trajectory.jsonl
CRG Architecture Gate (P3+)	CRG architecture check (absolute score P3+, drift regression when P4 baseline exists)	2026-06-21T17:03:45.5921839Z 03-development/.methodology/trace/attestation.json
CRG Architecture Gate (P3+)	CRG architecture check (absolute score P3+, drift regression when P4 baseline exists)	2026-06-21T17:03:45.5922223Z 03-development/.methodology/trace/attestation.latest.json
CRG Architecture Gate (P3+)	CRG architecture check (absolute score P3+, drift regression when P4 baseline exists)	2026-06-21T17:03:45.5922556Z 03-development/k8s/hpa.yaml
CRG Architecture Gate (P3+)	CRG architecture check (absolute score P3+, drift regression when P4 baseline exists)	2026-06-21T17:03:45.5922808Z 03-development/src/app/__init__.py
CRG Architecture Gate (P3+)	CRG architecture check (absolute score P3+, drift regression when P4 baseline exists)	2026-06-21T17:03:45.5923359Z 03-development/src/app/admin/__init__.py
CRG Architecture Gate (P3+)	CRG architecture check (absolute score P3+, drift regression when P4 baseline exists)	2026-06-21T17:03:45.5923912Z 03-development/src/app/admin/gdpr.py
CRG Architecture Gate (P3+)	CRG architecture check (absolute score P3+, drift regression when P4 baseline exists)	2026-06-21T17:03:45.5924303Z 03-development/src/app/admin/odd_sql.py
CRG Architecture Gate (P3+)	CRG architecture check (absolute score P3+, drift regression when P4 baseline exists)	2026-06-21T17:03:45.5924843Z 03-development/src/app/admin/portal.py
CRG Architecture Gate (P3+)	CRG architecture check (absolute score P3+, drift regression when P4 baseline exists)	2026-06-21T17:03:45.5925261Z 03-development/src/app/admin/rbac.py
CRG Architecture Gate (P3+)	CRG architecture check (absolute score P3+, drift regression when P4 baseline exists)	2026-06-21T17:03:45.5925698Z 03-development/src/app/admin/reports.py
CRG Architecture Gate (P3+)	CRG architecture check (absolute score P3+, drift regression when P4 baseline exists)	2026-06-21T17:03:45.5926127Z 03-development/src/app/admin/webui.py
CRG Architecture Gate (P3+)	CRG architecture check (absolute score P3+, drift regression when P4 baseline exists)	2026-06-21T17:03:45.5926531Z 03-development/src/app/api/__init__.py
CRG Architecture Gate (P3+)	CRG architecture check (absolute score P3+, drift regression when P4 baseline exists)	2026-06-21T17:03:45.5926963Z 03-development/src/app/api/auth.py
CRG Architecture Gate (P3+)	CRG architecture check (absolute score P3+, drift regression when P4 baseline exists)	2026-06-21T17:03:45.5985022Z 03-development/src/app/api/common.py
CRG Architecture Gate (P3+)	CRG architecture check (absolute score P3+, drift regression when P4 baseline exists)	2026-06-21T17:03:45.5985353Z 03-development/src/app/api/management.py
CRG Architecture Gate (P3+)	CRG architecture check (absolute score P3+, drift regression when P4 baseline exists)	2026-06-21T17:03:45.5985659Z 03-development/src/app/api/webhooks.py
CRG Architecture Gate (P3+)	CRG architecture check (absolute score P3+, drift regression when P4 baseline exists)	2026-06-21T17:03:45.5985939Z 03-development/src/app/api/websocket.py
CRG Architecture Gate (P3+)	CRG architecture check (absolute score P3+, drift regression when P4 baseline exists)	2026-06-21T17:03:45.5986218Z 03-development/src/app/core/__init__.py
CRG Architecture Gate (P3+)	CRG architecture check (absolute score P3+, drift regression when P4 baseline exists)	2026-06-21T17:03:45.5986547Z 03-development/src/app/core/dst.py
CRG Architecture Gate (P3+)	CRG architecture check (absolute score P3+, drift regression when P4 baseline exists)	2026-06-21T17:03:45.5986821Z 03-development/src/app/core/emotion.py
CRG Architecture Gate (P3+)	CRG architecture check (absolute score P3+, drift regression when P4 baseline exists)	2026-06-21T17:03:45.5987121Z 03-development/src/app/core/knowledge.py
CRG Architecture Gate (P3+)	CRG architecture check (absolute score P3+, drift regression when P4 baseline exists)	2026-06-21T17:03:45.5987409Z 03-development/src/app/core/paladin.py
CRG Architecture Gate (P3+)	CRG architecture check (absolute score P3+, drift regression when P4 baseline exists)	2026-06-21T17:03:45.5987682Z 03-development/src/app/core/pii.py
CRG Architecture Gate (P3+)	CRG architecture check (absolute score P3+, drift regression when P4 baseline exists)	2026-06-21T17:03:45.5987959Z 03-development/src/app/core/pipeline.py
CRG Architecture Gate (P3+)	CRG architecture check (absolute score P3+, drift regression when P4 baseline exists)	2026-06-21T17:03:45.5988245Z 03-development/src/app/core/response.py
CRG Architecture Gate (P3+)	CRG architecture check (absolute score P3+, drift regression when P4 baseline exists)	2026-06-21T17:03:45.5988749Z 03-development/src/app/core/unified_message.py
CRG Architecture Gate (P3+)	CRG architecture check (absolute score P3+, drift regression when P4 baseline exists)	2026-06-21T17:03:45.5989062Z 03-development/src/app/infra/__init__.py
CRG Architecture Gate (P3+)	CRG architecture check (absolute score P3+, drift regression when P4 baseline exists)	2026-06-21T17:03:45.5989371Z 03-development/src/app/infra/circuit_breaker.py
CRG Architecture Gate (P3+)	CRG architecture check (absolute score P3+, drift regression when P4 baseline exists)	2026-06-21T17:03:45.5989684Z 03-development/src/app/infra/config.py
CRG Architecture Gate (P3+)	CRG architecture check (absolute score P3+, drift regression when P4 baseline exists)	2026-06-21T17:03:45.5989961Z 03-development/src/app/infra/database.py
CRG Architecture Gate (P3+)	CRG architecture check (absolute score P3+, drift regression when P4 baseline exists)	2026-06-21T17:03:45.5990240Z 03-development/src/app/infra/deployment.py
CRG Architecture Gate (P3+)	CRG architecture check (absolute score P3+, drift regression when P4 baseline exists)	2026-06-21T17:03:45.5990542Z 03-development/src/app/infra/jobs.py
CRG Architecture Gate (P3+)	CRG architecture check (absolute score P3+, drift regression when P4 baseline exists)	2026-06-21T17:03:45.5990832Z 03-development/src/app/infra/observability.py
CRG Architecture Gate (P3+)	CRG architecture check (absolute score P3+, drift regression when P4 baseline exists)	2026-06-21T17:03:45.5991135Z 03-development/src/app/infra/rate_limit.py
CRG Architecture Gate (P3+)	CRG architecture check (absolute score P3+, drift regression when P4 baseline exists)	2026-06-21T17:03:45.5991425Z 03-development/src/app/infra/redis_streams.py
CRG Architecture Gate (P3+)	CRG architecture check (absolute score P3+, drift regression when P4 baseline exists)	2026-06-21T17:03:45.5991945Z 03-development/src/app/infra/security.py
CRG Architecture Gate (P3+)	CRG architecture check (absolute score P3+, drift regression when P4 baseline exists)	2026-06-21T17:03:45.5992235Z 03-development/src/app/middleware/__init__.py
CRG Architecture Gate (P3+)	CRG architecture check (absolute score P3+, drift regression when P4 baseline exists)	2026-06-21T17:03:45.5992524Z 03-development/src/app/middleware/chain.py
CRG Architecture Gate (P3+)	CRG architecture check (absolute score P3+, drift regression when P4 baseline exists)	2026-06-21T17:03:45.5992830Z 03-development/src/app/middleware/ip_whitelist.py
CRG Architecture Gate (P3+)	CRG architecture check (absolute score P3+, drift regression when P4 baseline exists)	2026-06-21T17:03:45.5993152Z 03-development/src/app/services/__init__.py
CRG Architecture Gate (P3+)	CRG architecture check (absolute score P3+, drift regression when P4 baseline exists)	2026-06-21T17:03:45.5993459Z 03-development/src/app/services/ab_testing.py
CRG Architecture Gate (P3+)	CRG architecture check (absolute score P3+, drift regression when P4 baseline exists)	2026-06-21T17:03:45.5993763Z 03-development/src/app/services/aee/__init__.py
CRG Architecture Gate (P3+)	CRG architecture check (absolute score P3+, drift regression when P4 baseline exists)	2026-06-21T17:03:45.5994095Z 03-development/src/app/services/aee/a2a_adapter.py
CRG Architecture Gate (P3+)	CRG architecture check (absolute score P3+, drift regression when P4 baseline exists)	2026-06-21T17:03:45.5994421Z 03-development/src/app/services/aee/adapter.py
CRG Architecture Gate (P3+)	CRG architecture check (absolute score P3+, drift regression when P4 baseline exists)	2026-06-21T17:03:45.5994747Z 03-development/src/app/services/aee/cli_adapter.py
CRG Architecture Gate (P3+)	CRG architecture check (absolute score P3+, drift regression when P4 baseline exists)	2026-06-21T17:03:45.5995061Z 03-development/src/app/services/aee/mcp_adapter.py
CRG Architecture Gate (P3+)	CRG architecture check (absolute score P3+, drift regression when P4 baseline exists)	2026-06-21T17:03:45.5995388Z 03-development/src/app/services/aee/tool_executor.py
CRG Architecture Gate (P3+)	CRG architecture check (absolute score P3+, drift regression when P4 baseline exists)	2026-06-21T17:03:45.5995714Z 03-development/src/app/services/escalation.py
CRG Architecture Gate (P3+)	CRG architecture check (absolute score P3+, drift regression when P4 baseline exists)	2026-06-21T17:03:45.5996030Z 03-development/src/app/services/llm_judge.py
CRG Architecture Gate (P3+)	CRG architecture check (absolute score P3+, drift regression when P4 baseline exists)	2026-06-21T17:03:45.5996323Z 03-development/src/app/services/media.py
CRG Architecture Gate (P3+)	CRG architecture check (absolute score P3+, drift regression when P4 baseline exists)	2026-06-21T17:03:45.5996612Z 03-development/src/app/services/registry.py
CRG Architecture Gate (P3+)	CRG architecture check (absolute score P3+, drift regression when P4 baseline exists)	2026-06-21T17:03:45.5996900Z 03-development/tests/__init__.py
CRG Architecture Gate (P3+)	CRG architecture check (absolute score P3+, drift regression when P4 baseline exists)	2026-06-21T17:03:45.5997160Z 03-development/tests/conftest.py
CRG Architecture Gate (P3+)	CRG architecture check (absolute score P3+, drift regression when P4 baseline exists)	2026-06-21T17:03:45.5997419Z 03-development/tests/golden_dataset.py
CRG Architecture Gate (P3+)	CRG architecture check (absolute score P3+, drift regression when P4 baseline exists)	2026-06-21T17:03:45.5997694Z 03-development/tests/load/__init__.py
CRG Architecture Gate (P3+)	CRG architecture check (absolute score P3+, drift regression when P4 baseline exists)	2026-06-21T17:03:45.5997989Z 03-development/tests/load/k6_nfr09_2000tps.js
CRG Architecture Gate (P3+)	CRG architecture check (absolute score P3+, drift regression when P4 baseline exists)	2026-06-21T17:03:45.5998282Z 03-development/tests/pyramid.py
CRG Architecture Gate (P3+)	CRG architecture check (absolute score P3+, drift regression when P4 baseline exists)	2026-06-21T17:03:45.5998542Z 03-development/tests/test_fr01.py
CRG Architecture Gate (P3+)	CRG architecture check (absolute score P3+, drift regression when P4 baseline exists)	2026-06-21T17:03:45.5998800Z 03-development/tests/test_fr02.py
CRG Architecture Gate (P3+)	CRG architecture check (absolute score P3+, drift regression when P4 baseline exists)	2026-06-21T17:03:45.5999045Z 03-development/tests/test_fr03.py
CRG Architecture Gate (P3+)	CRG architecture check (absolute score P3+, drift regression when P4 baseline exists)	2026-06-21T17:03:45.5999287Z 03-development/tests/test_fr04.py
CRG Architecture Gate (P3+)	CRG architecture check (absolute score P3+, drift regression when P4 baseline exists)	2026-06-21T17:03:45.5999529Z 03-development/tests/test_fr05.py
CRG Architecture Gate (P3+)	CRG architecture check (absolute score P3+, drift regression when P4 baseline exists)	2026-06-21T17:03:45.5999776Z 03-development/tests/test_fr06.py
CRG Architecture Gate (P3+)	CRG architecture check (absolute score P3+, drift regression when P4 baseline exists)	2026-06-21T17:03:45.6000180Z 03-development/tests/test_fr07.py
CRG Architecture Gate (P3+)	CRG architecture check (absolute score P3+, drift regression when P4 baseline exists)	2026-06-21T17:03:45.6000424Z 03-development/tests/test_fr08.py
CRG Architecture Gate (P3+)	CRG architecture check (absolute score P3+, drift regression when P4 baseline exists)	2026-06-21T17:03:45.6000664Z 03-development/tests/test_fr09.py
CRG Architecture Gate (P3+)	CRG architecture check (absolute score P3+, drift regression when P4 baseline exists)	2026-06-21T17:03:45.6000907Z 03-development/tests/test_fr10.py
CRG Architecture Gate (P3+)	CRG architecture check (absolute score P3+, drift regression when P4 baseline exists)	2026-06-21T17:03:45.6001164Z 03-development/tests/test_fr100.py
CRG Architecture Gate (P3+)	CRG architecture check (absolute score P3+, drift regression when P4 baseline exists)	2026-06-21T17:03:45.6001431Z 03-development/tests/test_fr101.py
CRG Architecture Gate (P3+)	CRG architecture check (absolute score P3+, drift regression when P4 baseline exists)	2026-06-21T17:03:45.6001862Z 03-development/tests/test_fr102.py
CRG Architecture Gate (P3+)	CRG architecture check (absolute score P3+, drift regression when P4 baseline exists)	2026-06-21T17:03:45.6002122Z 03-development/tests/test_fr103.py
CRG Architecture Gate (P3+)	CRG architecture check (absolute score P3+, drift regression when P4 baseline exists)	2026-06-21T17:03:45.6002365Z 03-development/tests/test_fr104.py
CRG Architecture Gate (P3+)	CRG architecture check (absolute score P3+, drift regression when P4 baseline exists)	2026-06-21T17:03:45.6002613Z 03-development/tests/test_fr105.py
CRG Architecture Gate (P3+)	CRG architecture check (absolute score P3+, drift regression when P4 baseline exists)	2026-06-21T17:03:45.6002857Z 03-development/tests/test_fr106.py
CRG Architecture Gate (P3+)	CRG architecture check (absolute score P3+, drift regression when P4 baseline exists)	2026-06-21T17:03:45.6003103Z 03-development/tests/test_fr108.py
CRG Architecture Gate (P3+)	CRG architecture check (absolute score P3+, drift regression when P4 baseline exists)	2026-06-21T17:03:45.6003349Z 03-development/tests/test_fr11.py
CRG Architecture Gate (P3+)	CRG architecture check (absolute score P3+, drift regression when P4 baseline exists)	2026-06-21T17:03:45.6003596Z 03-development/tests/test_fr12.py
CRG Architecture Gate (P3+)	CRG architecture check (absolute score P3+, drift regression when P4 baseline exists)	2026-06-21T17:03:45.6003841Z 03-development/tests/test_fr13.py
CRG Architecture Gate (P3+)	CRG architecture check (absolute score P3+, drift regression when P4 baseline exists)	2026-06-21T17:03:45.6004080Z 03-development/tests/test_fr14.py
CRG Architecture Gate (P3+)	CRG architecture check (absolute score P3+, drift regression when P4 baseline exists)	2026-06-21T17:03:45.6004320Z 03-development/tests/test_fr15.py
CRG Architecture Gate (P3+)	CRG architecture check (absolute score P3+, drift regression when P4 baseline exists)	2026-06-21T17:03:45.6004564Z 03-development/tests/test_fr16.py
CRG Architecture Gate (P3+)	CRG architecture check (absolute score P3+, drift regression when P4 baseline exists)	2026-06-21T17:03:45.6004808Z 03-development/tests/test_fr17.py
CRG Architecture Gate (P3+)	CRG architecture check (absolute score P3+, drift regression when P4 baseline exists)	2026-06-21T17:03:45.6005050Z 03-development/tests/test_fr18.py
CRG Architecture Gate (P3+)	CRG architecture check (absolute score P3+, drift regression when P4 baseline exists)	2026-06-21T17:03:45.6005302Z 03-development/tests/test_fr19.py
CRG Architecture Gate (P3+)	CRG architecture check (absolute score P3+, drift regression when P4 baseline exists)	2026-06-21T17:03:45.6005687Z 03-development/tests/test_fr20.py
CRG Architecture Gate (P3+)	CRG architecture check (absolute score P3+, drift regression when P4 baseline exists)	2026-06-21T17:03:45.6005935Z 03-development/tests/test_fr21.py
CRG Architecture Gate (P3+)	CRG architecture check (absolute score P3+, drift regression when P4 baseline exists)	2026-06-21T17:03:45.6006179Z 03-development/tests/test_fr22.py
CRG Architecture Gate (P3+)	CRG architecture check (absolute score P3+, drift regression when P4 baseline exists)	2026-06-21T17:03:45.6006424Z 03-development/tests/test_fr23.py
CRG Architecture Gate (P3+)	CRG architecture check (absolute score P3+, drift regression when P4 baseline exists)	2026-06-21T17:03:45.6006671Z 03-development/tests/test_fr24.py
CRG Architecture Gate (P3+)	CRG architecture check (absolute score P3+, drift regression when P4 baseline exists)	2026-06-21T17:03:45.6006923Z 03-development/tests/test_fr25.py
CRG Architecture Gate (P3+)	CRG architecture check (absolute score P3+, drift regression when P4 baseline exists)	2026-06-21T17:03:45.6007166Z 03-development/tests/test_fr26.py
CRG Architecture Gate (P3+)	CRG architecture check (absolute score P3+, drift regression when P4 baseline exists)	2026-06-21T17:03:45.6007409Z 03-development/tests/test_fr27.py
CRG Architecture Gate (P3+)	CRG architecture check (absolute score P3+, drift regression when P4 baseline exists)	2026-06-21T17:03:45.6007653Z 03-development/tests/test_fr28.py
CRG Architecture Gate (P3+)	CRG architecture check (absolute score P3+, drift regression when P4 baseline exists)	2026-06-21T17:03:45.6007894Z 03-development/tests/test_fr29.py
CRG Architecture Gate (P3+)	CRG architecture check (absolute score P3+, drift regression when P4 baseline exists)	2026-06-21T17:03:45.6008132Z 03-development/tests/test_fr30.py
CRG Architecture Gate (P3+)	CRG architecture check (absolute score P3+, drift regression when P4 baseline exists)	2026-06-21T17:03:45.6008384Z 03-development/tests/test_fr31.py
CRG Architecture Gate (P3+)	CRG architecture check (absolute score P3+, drift regression when P4 baseline exists)	2026-06-21T17:03:45.6008653Z 03-development/tests/test_fr32.py
CRG Architecture Gate (P3+)	CRG architecture check (absolute score P3+, drift regression when P4 baseline exists)	2026-06-21T17:03:45.6008899Z 03-development/tests/test_fr33.py
CRG Architecture Gate (P3+)	CRG architecture check (absolute score P3+, drift regression when P4 baseline exists)	2026-06-21T17:03:45.6009164Z 03-development/tests/test_fr34.py
CRG Architecture Gate (P3+)	CRG architecture check (absolute score P3+, drift regression when P4 baseline exists)	2026-06-21T17:03:45.6009418Z 03-development/tests/test_fr35.py
CRG Architecture Gate (P3+)	CRG architecture check (absolute score P3+, drift regression when P4 baseline exists)	2026-06-21T17:03:45.6009673Z 03-development/tests/test_fr36.py
CRG Architecture Gate (P3+)	CRG architecture check (absolute score P3+, drift regression when P4 baseline exists)	2026-06-21T17:03:45.6009918Z 03-development/tests/test_fr37.py
CRG Architecture Gate (P3+)	CRG architecture check (absolute score P3+, drift regression when P4 baseline exists)	2026-06-21T17:03:45.6010160Z 03-development/tests/test_fr38.py
CRG Architecture Gate (P3+)	CRG architecture check (absolute score P3+, drift regression when P4 baseline exists)	2026-06-21T17:03:45.6010402Z 03-development/tests/test_fr39.py
CRG Architecture Gate (P3+)	CRG architecture check (absolute score P3+, drift regression when P4 baseline exists)	2026-06-21T17:03:45.6010663Z 03-development/tests/test_fr40.py
CRG Architecture Gate (P3+)	CRG architecture check (absolute score P3+, drift regression when P4 baseline exists)	2026-06-21T17:03:45.6010906Z 03-development/tests/test_fr41.py
CRG Architecture Gate (P3+)	CRG architecture check (absolute score P3+, drift regression when P4 baseline exists)	2026-06-21T17:03:45.6011147Z 03-development/tests/test_fr42.py
CRG Architecture Gate (P3+)	CRG architecture check (absolute score P3+, drift regression when P4 baseline exists)	2026-06-21T17:03:45.6011387Z 03-development/tests/test_fr43.py
CRG Architecture Gate (P3+)	CRG architecture check (absolute score P3+, drift regression when P4 baseline exists)	2026-06-21T17:03:45.6011789Z 03-development/tests/test_fr44.py
CRG Architecture Gate (P3+)	CRG architecture check (absolute score P3+, drift regression when P4 baseline exists)	2026-06-21T17:03:45.6012039Z 03-development/tests/test_fr45.py
CRG Architecture Gate (P3+)	CRG architecture check (absolute score P3+, drift regression when P4 baseline exists)	2026-06-21T17:03:45.6012281Z 03-development/tests/test_fr46.py
CRG Architecture Gate (P3+)	CRG architecture check (absolute score P3+, drift regression when P4 baseline exists)	2026-06-21T17:03:45.6012520Z 03-development/tests/test_fr47.py
CRG Architecture Gate (P3+)	CRG architecture check (absolute score P3+, drift regression when P4 baseline exists)	2026-06-21T17:03:45.6012773Z 03-development/tests/test_fr48.py
CRG Architecture Gate (P3+)	CRG architecture check (absolute score P3+, drift regression when P4 baseline exists)	2026-06-21T17:03:45.6013016Z 03-development/tests/test_fr49.py
CRG Architecture Gate (P3+)	CRG architecture check (absolute score P3+, drift regression when P4 baseline exists)	2026-06-21T17:03:45.6013259Z 03-development/tests/test_fr50.py
CRG Architecture Gate (P3+)	CRG architecture check (absolute score P3+, drift regression when P4 baseline exists)	2026-06-21T17:03:45.6013510Z 03-development/tests/test_fr51.py
CRG Architecture Gate (P3+)	CRG architecture check (absolute score P3+, drift regression when P4 baseline exists)	2026-06-21T17:03:45.6013755Z 03-development/tests/test_fr52.py
CRG Architecture Gate (P3+)	CRG architecture check (absolute score P3+, drift regression when P4 baseline exists)	2026-06-21T17:03:45.6014002Z 03-development/tests/test_fr53.py
CRG Architecture Gate (P3+)	CRG architecture check (absolute score P3+, drift regression when P4 baseline exists)	2026-06-21T17:03:45.6014239Z 03-development/tests/test_fr54.py
CRG Architecture Gate (P3+)	CRG architecture check (absolute score P3+, drift regression when P4 baseline exists)	2026-06-21T17:03:45.6014483Z 03-development/tests/test_fr55.py
CRG Architecture Gate (P3+)	CRG architecture check (absolute score P3+, drift regression when P4 baseline exists)	2026-06-21T17:03:45.6014727Z 03-development/tests/test_fr56.py
CRG Architecture Gate (P3+)	CRG architecture check (absolute score P3+, drift regression when P4 baseline exists)	2026-06-21T17:03:45.6014971Z 03-development/tests/test_fr57.py
CRG Architecture Gate (P3+)	CRG architecture check (absolute score P3+, drift regression when P4 baseline exists)	2026-06-21T17:03:45.6015217Z 03-development/tests/test_fr58.py
CRG Architecture Gate (P3+)	CRG architecture check (absolute score P3+, drift regression when P4 baseline exists)	2026-06-21T17:03:45.6015457Z 03-development/tests/test_fr59.py
CRG Architecture Gate (P3+)	CRG architecture check (absolute score P3+, drift regression when P4 baseline exists)	2026-06-21T17:03:45.6015700Z 03-development/tests/test_fr60.py
CRG Architecture Gate (P3+)	CRG architecture check (absolute score P3+, drift regression when P4 baseline exists)	2026-06-21T17:03:45.6015946Z 03-development/tests/test_fr61.py
CRG Architecture Gate (P3+)	CRG architecture check (absolute score P3+, drift regression when P4 baseline exists)	2026-06-21T17:03:45.6016191Z 03-development/tests/test_fr62.py
CRG Architecture Gate (P3+)	CRG architecture check (absolute score P3+, drift regression when P4 baseline exists)	2026-06-21T17:03:45.6016431Z 03-development/tests/test_fr63.py
CRG Architecture Gate (P3+)	CRG architecture check (absolute score P3+, drift regression when P4 baseline exists)	2026-06-21T17:03:45.6016824Z 03-development/tests/test_fr64.py
CRG Architecture Gate (P3+)	CRG architecture check (absolute score P3+, drift regression when P4 baseline exists)	2026-06-21T17:03:45.6017068Z 03-development/tests/test_fr65.py
CRG Architecture Gate (P3+)	CRG architecture check (absolute score P3+, drift regression when P4 baseline exists)	2026-06-21T17:03:45.6017317Z 03-development/tests/test_fr66.py
CRG Architecture Gate (P3+)	CRG architecture check (absolute score P3+, drift regression when P4 baseline exists)	2026-06-21T17:03:45.6017560Z 03-development/tests/test_fr67.py
CRG Architecture Gate (P3+)	CRG architecture check (absolute score P3+, drift regression when P4 baseline exists)	2026-06-21T17:03:45.6017799Z 03-development/tests/test_fr68.py
CRG Architecture Gate (P3+)	CRG architecture check (absolute score P3+, drift regression when P4 baseline exists)	2026-06-21T17:03:45.6018047Z 03-development/tests/test_fr69.py
CRG Architecture Gate (P3+)	CRG architecture check (absolute score P3+, drift regression when P4 baseline exists)	2026-06-21T17:03:45.6018294Z 03-development/tests/test_fr70.py
CRG Architecture Gate (P3+)	CRG architecture check (absolute score P3+, drift regression when P4 baseline exists)	2026-06-21T17:03:45.6018540Z 03-development/tests/test_fr71.py
CRG Architecture Gate (P3+)	CRG architecture check (absolute score P3+, drift regression when P4 baseline exists)	2026-06-21T17:03:45.6018786Z 03-development/tests/test_fr72.py
CRG Architecture Gate (P3+)	CRG architecture check (absolute score P3+, drift regression when P4 baseline exists)	2026-06-21T17:03:45.6019044Z 03-development/tests/test_fr73.py
CRG Architecture Gate (P3+)	CRG architecture check (absolute score P3+, drift regression when P4 baseline exists)	2026-06-21T17:03:45.6019298Z 03-development/tests/test_fr74.py
CRG Architecture Gate (P3+)	CRG architecture check (absolute score P3+, drift regression when P4 baseline exists)	2026-06-21T17:03:45.6019554Z 03-development/tests/test_fr75.py
CRG Architecture Gate (P3+)	CRG architecture check (absolute score P3+, drift regression when P4 baseline exists)	2026-06-21T17:03:45.6019801Z 03-development/tests/test_fr76.py
CRG Architecture Gate (P3+)	CRG architecture check (absolute score P3+, drift regression when P4 baseline exists)	2026-06-21T17:03:45.6020045Z 03-development/tests/test_fr77.py
CRG Architecture Gate (P3+)	CRG architecture check (absolute score P3+, drift regression when P4 baseline exists)	2026-06-21T17:03:45.6020293Z 03-development/tests/test_fr78.py
CRG Architecture Gate (P3+)	CRG architecture check (absolute score P3+, drift regression when P4 baseline exists)	2026-06-21T17:03:45.6020536Z 03-development/tests/test_fr79.py
CRG Architecture Gate (P3+)	CRG architecture check (absolute score P3+, drift regression when P4 baseline exists)	2026-06-21T17:03:45.6020779Z 03-development/tests/test_fr80.py
CRG Architecture Gate (P3+)	CRG architecture check (absolute score P3+, drift regression when P4 baseline exists)	2026-06-21T17:03:45.6021024Z 03-development/tests/test_fr81.py
CRG Architecture Gate (P3+)	CRG architecture check (absolute score P3+, drift regression when P4 baseline exists)	2026-06-21T17:03:45.6021276Z 03-development/tests/test_fr82.py
CRG Architecture Gate (P3+)	CRG architecture check (absolute score P3+, drift regression when P4 baseline exists)	2026-06-21T17:03:45.6021516Z 03-development/tests/test_fr83.py
CRG Architecture Gate (P3+)	CRG architecture check (absolute score P3+, drift regression when P4 baseline exists)	2026-06-21T17:03:45.6021920Z 03-development/tests/test_fr84.py
CRG Architecture Gate (P3+)	CRG architecture check (absolute score P3+, drift regression when P4 baseline exists)	2026-06-21T17:03:45.6022163Z 03-development/tests/test_fr85.py
CRG Architecture Gate (P3+)	CRG architecture check (absolute score P3+, drift regression when P4 baseline exists)	2026-06-21T17:03:45.6022547Z 03-development/tests/test_fr86.py
CRG Architecture Gate (P3+)	CRG architecture check (absolute score P3+, drift regression when P4 baseline exists)	2026-06-21T17:03:45.6022795Z 03-development/tests/test_fr87.py
CRG Architecture Gate (P3+)	CRG architecture check (absolute score P3+, drift regression when P4 baseline exists)	2026-06-21T17:03:45.6023037Z 03-development/tests/test_fr88.py
CRG Architecture Gate (P3+)	CRG architecture check (absolute score P3+, drift regression when P4 baseline exists)	2026-06-21T17:03:45.6023278Z 03-development/tests/test_fr89.py
CRG Architecture Gate (P3+)	CRG architecture check (absolute score P3+, drift regression when P4 baseline exists)	2026-06-21T17:03:45.6023520Z 03-development/tests/test_fr90.py
CRG Architecture Gate (P3+)	CRG architecture check (absolute score P3+, drift regression when P4 baseline exists)	2026-06-21T17:03:45.6023763Z 03-development/tests/test_fr92.py
CRG Architecture Gate (P3+)	CRG architecture check (absolute score P3+, drift regression when P4 baseline exists)	2026-06-21T17:03:45.6024005Z 03-development/tests/test_fr93.py
CRG Architecture Gate (P3+)	CRG architecture check (absolute score P3+, drift regression when P4 baseline exists)	2026-06-21T17:03:45.6024244Z 03-development/tests/test_fr94.py
CRG Architecture Gate (P3+)	CRG architecture check (absolute score P3+, drift regression when P4 baseline exists)	2026-06-21T17:03:45.6024543Z 03-development/tests/test_fr95.py
CRG Architecture Gate (P3+)	CRG architecture check (absolute score P3+, drift regression when P4 baseline exists)	2026-06-21T17:03:45.6024788Z 03-development/tests/test_fr96.py
CRG Architecture Gate (P3+)	CRG architecture check (absolute score P3+, drift regression when P4 baseline exists)	2026-06-21T17:03:45.6025045Z 03-development/tests/test_fr97.py
CRG Architecture Gate (P3+)	CRG architecture check (absolute score P3+, drift regression when P4 baseline exists)	2026-06-21T17:03:45.6025290Z 03-development/tests/test_fr98.py
CRG Architecture Gate (P3+)	CRG architecture check (absolute score P3+, drift regression when P4 baseline exists)	2026-06-21T17:03:45.6025536Z 03-development/tests/test_fr99.py
CRG Architecture Gate (P3+)	CRG architecture check (absolute score P3+, drift regression when P4 baseline exists)	2026-06-21T17:03:45.6025784Z 06-quality/audit_SRS_2026-06-17.md
CRG Architecture Gate (P3+)	CRG architecture check (absolute score P3+, drift regression when P4 baseline exists)	2026-06-21T17:03:45.6026030Z CLAUDE.md
CRG Architecture Gate (P3+)	CRG architecture check (absolute score P3+, drift regression when P4 baseline exists)	2026-06-21T17:03:45.6026219Z HANDOVER.md
CRG Architecture Gate (P3+)	CRG architecture check (absolute score P3+, drift regression when P4 baseline exists)	2026-06-21T17:03:45.6026419Z PROJECT_BRIEF.md
CRG Architecture Gate (P3+)	CRG architecture check (absolute score P3+, drift regression when P4 baseline exists)	2026-06-21T17:03:45.6026622Z SPEC.md
CRG Architecture Gate (P3+)	CRG architecture check (absolute score P3+, drift regression when P4 baseline exists)	2026-06-21T17:03:45.6026806Z SRS.md
CRG Architecture Gate (P3+)	CRG architecture check (absolute score P3+, drift regression when P4 baseline exists)	2026-06-21T17:03:45.6026990Z TEST_INVENTORY.yaml
CRG Architecture Gate (P3+)	CRG architecture check (absolute score P3+, drift regression when P4 baseline exists)	2026-06-21T17:03:45.6027194Z _check.py
CRG Architecture Gate (P3+)	CRG architecture check (absolute score P3+, drift regression when P4 baseline exists)	2026-06-21T17:03:45.6027378Z _lint_check.py
CRG Architecture Gate (P3+)	CRG architecture check (absolute score P3+, drift regression when P4 baseline exists)	2026-06-21T17:03:45.6027569Z _linter
CRG Architecture Gate (P3+)	CRG architecture check (absolute score P3+, drift regression when P4 baseline exists)	2026-06-21T17:03:45.6027743Z _linter.sh
CRG Architecture Gate (P3+)	CRG architecture check (absolute score P3+, drift regression when P4 baseline exists)	2026-06-21T17:03:45.6027928Z _run_ruff.sh
CRG Architecture Gate (P3+)	CRG architecture check (absolute score P3+, drift regression when P4 baseline exists)	2026-06-21T17:03:45.6028123Z _scan_violations.py
CRG Architecture Gate (P3+)	CRG architecture check (absolute score P3+, drift regression when P4 baseline exists)	2026-06-21T17:03:45.6028342Z audit_pass1.txt
CRG Architecture Gate (P3+)	CRG architecture check (absolute score P3+, drift regression when P4 baseline exists)	2026-06-21T17:03:45.6028549Z check_tool.py
CRG Architecture Gate (P3+)	CRG architecture check (absolute score P3+, drift regression when P4 baseline exists)	2026-06-21T17:03:45.6028762Z chunking.py.bak
CRG Architecture Gate (P3+)	CRG architecture check (absolute score P3+, drift regression when P4 baseline exists)	2026-06-21T17:03:45.6028952Z coverage.json
CRG Architecture Gate (P3+)	CRG architecture check (absolute score P3+, drift regression when P4 baseline exists)	2026-06-21T17:03:45.6029139Z dst.py.bak
CRG Architecture Gate (P3+)	CRG architecture check (absolute score P3+, drift regression when P4 baseline exists)	2026-06-21T17:03:45.6029323Z emotion.py.bak
CRG Architecture Gate (P3+)	CRG architecture check (absolute score P3+, drift regression when P4 baseline exists)	2026-06-21T17:03:45.6029514Z evaluate_frs.py
CRG Architecture Gate (P3+)	CRG architecture check (absolute score P3+, drift regression when P4 baseline exists)	2026-06-21T17:03:45.6029714Z extract_fr_info.py
CRG Architecture Gate (P3+)	CRG architecture check (absolute score P3+, drift regression when P4 baseline exists)	2026-06-21T17:03:45.6029917Z fix_all_bugs.py
CRG Architecture Gate (P3+)	CRG architecture check (absolute score P3+, drift regression when P4 baseline exists)	2026-06-21T17:03:45.6030106Z fix_nfr.py
CRG Architecture Gate (P3+)	CRG architecture check (absolute score P3+, drift regression when P4 baseline exists)	2026-06-21T17:03:45.6030289Z fix_report.py
CRG Architecture Gate (P3+)	CRG architecture check (absolute score P3+, drift regression when P4 baseline exists)	2026-06-21T17:03:45.6030477Z fr_audit_data.json
CRG Architecture Gate (P3+)	CRG architecture check (absolute score P3+, drift regression when P4 baseline exists)	2026-06-21T17:03:45.6030674Z fr_scores.json
CRG Architecture Gate (P3+)	CRG architecture check (absolute score P3+, drift regression when P4 baseline exists)	2026-06-21T17:03:45.6030867Z grouped_bugs.json
CRG Architecture Gate (P3+)	CRG architecture check (absolute score P3+, drift regression when P4 baseline exists)	2026-06-21T17:03:45.6031068Z harness
CRG Architecture Gate (P3+)	CRG architecture check (absolute score P3+, drift regression when P4 baseline exists)	2026-06-21T17:03:45.6031248Z harness_cli.py
CRG Architecture Gate (P3+)	CRG architecture check (absolute score P3+, drift regression when P4 baseline exists)	2026-06-21T17:03:45.6031438Z lint_check.py
CRG Architecture Gate (P3+)	CRG architecture check (absolute score P3+, drift regression when P4 baseline exists)	2026-06-21T17:03:45.6031857Z lint_runner.py
CRG Architecture Gate (P3+)	CRG architecture check (absolute score P3+, drift regression when P4 baseline exists)	2026-06-21T17:03:45.6032053Z parse_bugs.py
CRG Architecture Gate (P3+)	CRG architecture check (absolute score P3+, drift regression when P4 baseline exists)	2026-06-21T17:03:45.6032244Z parse_fr.py
CRG Architecture Gate (P3+)	CRG architecture check (absolute score P3+, drift regression when P4 baseline exists)	2026-06-21T17:03:45.6032438Z pyproject.toml
CRG Architecture Gate (P3+)	CRG architecture check (absolute score P3+, drift regression when P4 baseline exists)	2026-06-21T17:03:45.6032625Z scratch.py
CRG Architecture Gate (P3+)	CRG architecture check (absolute score P3+, drift regression when P4 baseline exists)	2026-06-21T17:03:45.6032808Z scripts/__init__.py
CRG Architecture Gate (P3+)	CRG architecture check (absolute score P3+, drift regression when P4 baseline exists)	2026-06-21T17:03:45.6033027Z scripts/lint_check.py
CRG Architecture Gate (P3+)	CRG architecture check (absolute score P3+, drift regression when P4 baseline exists)	2026-06-21T17:03:45.6033248Z scripts/load_lib.py
CRG Architecture Gate (P3+)	CRG architecture check (absolute score P3+, drift regression when P4 baseline exists)	2026-06-21T17:03:45.6033459Z scripts/ruff_invoker.py
CRG Architecture Gate (P3+)	CRG architecture check (absolute score P3+, drift regression when P4 baseline exists)	2026-06-21T17:03:45.6033689Z scripts/run_ruff_check.sh
CRG Architecture Gate (P3+)	CRG architecture check (absolute score P3+, drift regression when P4 baseline exists)	2026-06-21T17:03:45.6033923Z scripts/run_ruff_lint.py
CRG Architecture Gate (P3+)	CRG architecture check (absolute score P3+, drift regression when P4 baseline exists)	2026-06-21T17:03:45.6034148Z scripts/sort_test.py
CRG Architecture Gate (P3+)	CRG architecture check (absolute score P3+, drift regression when P4 baseline exists)	2026-06-21T17:03:45.6034534Z select_10_frs.py
CRG Architecture Gate (P3+)	CRG architecture check (absolute score P3+, drift regression when P4 baseline exists)	2026-06-21T17:03:45.6034738Z split_knowledge.py
CRG Architecture Gate (P3+)	CRG architecture check (absolute score P3+, drift regression when P4 baseline exists)	2026-06-21T17:03:45.6034939Z split_paladin.py
CRG Architecture Gate (P3+)	CRG architecture check (absolute score P3+, drift regression when P4 baseline exists)	2026-06-21T17:03:45.6035137Z summarize_audit.py
CRG Architecture Gate (P3+)	CRG architecture check (absolute score P3+, drift regression when P4 baseline exists)	2026-06-21T17:03:45.6035332Z test_crypto.py
CRG Architecture Gate (P3+)	CRG architecture check (absolute score P3+, drift regression when P4 baseline exists)	2026-06-21T17:03:45.6035521Z tests
CRG Architecture Gate (P3+)	CRG architecture check (absolute score P3+, drift regression when P4 baseline exists)	2026-06-21T17:03:45.6045372Z ##[error]Process completed with exit code 1.
CRG Architecture Gate (P3+)	Post Run actions/checkout@v4	﻿2026-06-21T17:03:45.6183437Z Node 20 is being deprecated. This workflow is running with Node 24 by default. If you need to temporarily use Node 20, you can set the ACTIONS_ALLOW_USE_UNSECURE_NODE_VERSION=true environment variable. For more information see: https://github.blog/changelog/2025-09-19-deprecation-of-node-20-on-github-actions-runners/
CRG Architecture Gate (P3+)	Post Run actions/checkout@v4	2026-06-21T17:03:45.6184646Z Post job cleanup.
CRG Architecture Gate (P3+)	Post Run actions/checkout@v4	2026-06-21T17:03:45.7036587Z [command]/usr/bin/git version
CRG Architecture Gate (P3+)	Post Run actions/checkout@v4	2026-06-21T17:03:45.7074082Z git version 2.54.0
CRG Architecture Gate (P3+)	Post Run actions/checkout@v4	2026-06-21T17:03:45.7113372Z Temporarily overriding HOME='/home/runner/work/_temp/17f3e37d-6528-4ab6-8143-4bb7efcc963d' before making global git config changes
CRG Architecture Gate (P3+)	Post Run actions/checkout@v4	2026-06-21T17:03:45.7114166Z Adding repository directory to the temporary git global config as a safe directory
CRG Architecture Gate (P3+)	Post Run actions/checkout@v4	2026-06-21T17:03:45.7119035Z [command]/usr/bin/git config --global --add safe.directory /home/runner/work/omnibot/omnibot
CRG Architecture Gate (P3+)	Post Run actions/checkout@v4	2026-06-21T17:03:45.7155977Z [command]/usr/bin/git config --local --name-only --get-regexp core\.sshCommand
CRG Architecture Gate (P3+)	Post Run actions/checkout@v4	2026-06-21T17:03:45.7213019Z [command]/usr/bin/git submodule foreach --recursive sh -c "git config --local --name-only --get-regexp 'core\.sshCommand' && git config --local --unset-all 'core.sshCommand' || :"
CRG Architecture Gate (P3+)	Post Run actions/checkout@v4	2026-06-21T17:03:45.7441849Z Entering 'harness'
CRG Architecture Gate (P3+)	Post Run actions/checkout@v4	2026-06-21T17:03:45.7503436Z [command]/usr/bin/git config --local --name-only --get-regexp http\.https\:\/\/github\.com\/\.extraheader
CRG Architecture Gate (P3+)	Post Run actions/checkout@v4	2026-06-21T17:03:45.7529908Z http.https://github.com/.extraheader
CRG Architecture Gate (P3+)	Post Run actions/checkout@v4	2026-06-21T17:03:45.7541200Z [command]/usr/bin/git config --local --unset-all http.https://github.com/.extraheader
CRG Architecture Gate (P3+)	Post Run actions/checkout@v4	2026-06-21T17:03:45.7574014Z [command]/usr/bin/git submodule foreach --recursive sh -c "git config --local --name-only --get-regexp 'http\.https\:\/\/github\.com\/\.extraheader' && git config --local --unset-all 'http.https://github.com/.extraheader' || :"
CRG Architecture Gate (P3+)	Post Run actions/checkout@v4	2026-06-21T17:03:45.7798952Z Entering 'harness'
CRG Architecture Gate (P3+)	Post Run actions/checkout@v4	2026-06-21T17:03:45.7827062Z http.https://github.com/.extraheader
CRG Architecture Gate (P3+)	Post Run actions/checkout@v4	2026-06-21T17:03:45.7884520Z [command]/usr/bin/git config --local --name-only --get-regexp ^includeIf\.gitdir:
CRG Architecture Gate (P3+)	Post Run actions/checkout@v4	2026-06-21T17:03:45.7928552Z [command]/usr/bin/git submodule foreach --recursive git config --local --show-origin --name-only --get-regexp remote.origin.url
CRG Architecture Gate (P3+)	Post Run actions/checkout@v4	2026-06-21T17:03:45.8167909Z Entering 'harness'
CRG Architecture Gate (P3+)	Post Run actions/checkout@v4	2026-06-21T17:03:45.8188194Z file:/home/runner/work/omnibot/omnibot/.git/modules/harness/config	remote.origin.url
CRG Architecture Gate (P3+)	Post Run actions/checkout@v4	2026-06-21T17:03:45.8222800Z [command]/usr/bin/git config --file /home/runner/work/omnibot/omnibot/.git/modules/harness/config --name-only --get-regexp ^includeIf\.gitdir:
CRG Architecture Gate (P3+)	Complete job	﻿2026-06-21T17:03:45.8395665Z Cleaning up orphan processes
CRG Architecture Gate (P3+)	Complete job	2026-06-21T17:03:45.8676635Z ##[warning]Node.js 20 is deprecated. The following actions target Node.js 20 but are being forced to run on Node.js 24: actions/checkout@v4, actions/setup-python@v5. For more information see: https://github.blog/changelog/2025-09-19-deprecation-of-node-20-on-github-actions-runners/
Gate 4 Git Tag Verification (P7+)	Set up job	﻿2026-06-21T17:03:15.8172258Z Current runner version: '2.335.1'
Gate 4 Git Tag Verification (P7+)	Set up job	2026-06-21T17:03:15.8199874Z ##[group]Runner Image Provisioner
Gate 4 Git Tag Verification (P7+)	Set up job	2026-06-21T17:03:15.8200772Z Hosted Compute Agent
Gate 4 Git Tag Verification (P7+)	Set up job	2026-06-21T17:03:15.8201399Z Version: 20260611.554
Gate 4 Git Tag Verification (P7+)	Set up job	2026-06-21T17:03:15.8202117Z Commit: 5e0782fdc9014723d3be820dd114dd31555c2bd1
Gate 4 Git Tag Verification (P7+)	Set up job	2026-06-21T17:03:15.8202844Z Build Date: 2026-06-11T21:40:46Z
Gate 4 Git Tag Verification (P7+)	Set up job	2026-06-21T17:03:15.8203576Z Worker ID: {ecfdbe6a-beef-486f-a122-be87ba573b71}
Gate 4 Git Tag Verification (P7+)	Set up job	2026-06-21T17:03:15.8204329Z Azure Region: northcentralus
Gate 4 Git Tag Verification (P7+)	Set up job	2026-06-21T17:03:15.8205243Z ##[endgroup]
Gate 4 Git Tag Verification (P7+)	Set up job	2026-06-21T17:03:15.8206999Z ##[group]Operating System
Gate 4 Git Tag Verification (P7+)	Set up job	2026-06-21T17:03:15.8207703Z Ubuntu
Gate 4 Git Tag Verification (P7+)	Set up job	2026-06-21T17:03:15.8208280Z 24.04.4
Gate 4 Git Tag Verification (P7+)	Set up job	2026-06-21T17:03:15.8208816Z LTS
Gate 4 Git Tag Verification (P7+)	Set up job	2026-06-21T17:03:15.8209623Z ##[endgroup]
Gate 4 Git Tag Verification (P7+)	Set up job	2026-06-21T17:03:15.8210242Z ##[group]Runner Image
Gate 4 Git Tag Verification (P7+)	Set up job	2026-06-21T17:03:15.8210861Z Image: ubuntu-24.04
Gate 4 Git Tag Verification (P7+)	Set up job	2026-06-21T17:03:15.8211422Z Version: 20260615.205.1
Gate 4 Git Tag Verification (P7+)	Set up job	2026-06-21T17:03:15.8212551Z Included Software: https://github.com/actions/runner-images/blob/ubuntu24/20260615.205/images/ubuntu/Ubuntu2404-Readme.md
Gate 4 Git Tag Verification (P7+)	Set up job	2026-06-21T17:03:15.8214341Z Image Release: https://github.com/actions/runner-images/releases/tag/ubuntu24%2F20260615.205
Gate 4 Git Tag Verification (P7+)	Set up job	2026-06-21T17:03:15.8215324Z ##[endgroup]
Gate 4 Git Tag Verification (P7+)	Set up job	2026-06-21T17:03:15.8216552Z ##[group]GITHUB_TOKEN Permissions
Gate 4 Git Tag Verification (P7+)	Set up job	2026-06-21T17:03:15.8218743Z Contents: read
Gate 4 Git Tag Verification (P7+)	Set up job	2026-06-21T17:03:15.8219593Z Metadata: read
Gate 4 Git Tag Verification (P7+)	Set up job	2026-06-21T17:03:15.8220267Z Packages: read
Gate 4 Git Tag Verification (P7+)	Set up job	2026-06-21T17:03:15.8220843Z ##[endgroup]
Gate 4 Git Tag Verification (P7+)	Set up job	2026-06-21T17:03:15.8223351Z Secret source: Actions
Gate 4 Git Tag Verification (P7+)	Set up job	2026-06-21T17:03:15.8224461Z Prepare workflow directory
Gate 4 Git Tag Verification (P7+)	Set up job	2026-06-21T17:03:15.8566845Z Prepare all required actions
Gate 4 Git Tag Verification (P7+)	Set up job	2026-06-21T17:03:15.8604934Z Getting action download info
Gate 4 Git Tag Verification (P7+)	Set up job	2026-06-21T17:03:16.1325850Z Download action repository 'actions/checkout@v4' (SHA:34e114876b0b11c390a56381ad16ebd13914f8d5)
Gate 4 Git Tag Verification (P7+)	Set up job	2026-06-21T17:03:16.3004693Z Complete job name: Gate 4 Git Tag Verification (P7+)
Gate 4 Git Tag Verification (P7+)	Run actions/checkout@v4	﻿2026-06-21T17:03:16.3907218Z Node 20 is being deprecated. This workflow is running with Node 24 by default. If you need to temporarily use Node 20, you can set the ACTIONS_ALLOW_USE_UNSECURE_NODE_VERSION=true environment variable. For more information see: https://github.blog/changelog/2025-09-19-deprecation-of-node-20-on-github-actions-runners/
Gate 4 Git Tag Verification (P7+)	Run actions/checkout@v4	2026-06-21T17:03:16.3915820Z ##[group]Run actions/checkout@v4
Gate 4 Git Tag Verification (P7+)	Run actions/checkout@v4	2026-06-21T17:03:16.3916728Z with:
Gate 4 Git Tag Verification (P7+)	Run actions/checkout@v4	2026-06-21T17:03:16.3917179Z   fetch-depth: 0
Gate 4 Git Tag Verification (P7+)	Run actions/checkout@v4	2026-06-21T17:03:16.3917676Z   repository: johnnylugm-tech/omnibot
Gate 4 Git Tag Verification (P7+)	Run actions/checkout@v4	2026-06-21T17:03:16.3922468Z   token: ***
Gate 4 Git Tag Verification (P7+)	Run actions/checkout@v4	2026-06-21T17:03:16.3922931Z   ssh-strict: true
Gate 4 Git Tag Verification (P7+)	Run actions/checkout@v4	2026-06-21T17:03:16.3923379Z   ssh-user: git
Gate 4 Git Tag Verification (P7+)	Run actions/checkout@v4	2026-06-21T17:03:16.3923833Z   persist-credentials: true
Gate 4 Git Tag Verification (P7+)	Run actions/checkout@v4	2026-06-21T17:03:16.3924332Z   clean: true
Gate 4 Git Tag Verification (P7+)	Run actions/checkout@v4	2026-06-21T17:03:16.3924800Z   sparse-checkout-cone-mode: true
Gate 4 Git Tag Verification (P7+)	Run actions/checkout@v4	2026-06-21T17:03:16.3925338Z   fetch-tags: false
Gate 4 Git Tag Verification (P7+)	Run actions/checkout@v4	2026-06-21T17:03:16.3925794Z   show-progress: true
Gate 4 Git Tag Verification (P7+)	Run actions/checkout@v4	2026-06-21T17:03:16.3926262Z   lfs: false
Gate 4 Git Tag Verification (P7+)	Run actions/checkout@v4	2026-06-21T17:03:16.3926688Z   submodules: false
Gate 4 Git Tag Verification (P7+)	Run actions/checkout@v4	2026-06-21T17:03:16.3927274Z   set-safe-directory: true
Gate 4 Git Tag Verification (P7+)	Run actions/checkout@v4	2026-06-21T17:03:16.3928089Z ##[endgroup]
Gate 4 Git Tag Verification (P7+)	Run actions/checkout@v4	2026-06-21T17:03:16.4919859Z Syncing repository: johnnylugm-tech/omnibot
Gate 4 Git Tag Verification (P7+)	Run actions/checkout@v4	2026-06-21T17:03:16.4922030Z ##[group]Getting Git version info
Gate 4 Git Tag Verification (P7+)	Run actions/checkout@v4	2026-06-21T17:03:16.4922791Z Working directory is '/home/runner/work/omnibot/omnibot'
Gate 4 Git Tag Verification (P7+)	Run actions/checkout@v4	2026-06-21T17:03:16.4923834Z [command]/usr/bin/git version
Gate 4 Git Tag Verification (P7+)	Run actions/checkout@v4	2026-06-21T17:03:16.4985495Z git version 2.54.0
Gate 4 Git Tag Verification (P7+)	Run actions/checkout@v4	2026-06-21T17:03:16.5007226Z ##[endgroup]
Gate 4 Git Tag Verification (P7+)	Run actions/checkout@v4	2026-06-21T17:03:16.5020870Z Temporarily overriding HOME='/home/runner/work/_temp/b1cc7481-76c0-4d48-a9a3-920bd67032bf' before making global git config changes
Gate 4 Git Tag Verification (P7+)	Run actions/checkout@v4	2026-06-21T17:03:16.5023187Z Adding repository directory to the temporary git global config as a safe directory
Gate 4 Git Tag Verification (P7+)	Run actions/checkout@v4	2026-06-21T17:03:16.5025777Z [command]/usr/bin/git config --global --add safe.directory /home/runner/work/omnibot/omnibot
Gate 4 Git Tag Verification (P7+)	Run actions/checkout@v4	2026-06-21T17:03:16.5071341Z Deleting the contents of '/home/runner/work/omnibot/omnibot'
Gate 4 Git Tag Verification (P7+)	Run actions/checkout@v4	2026-06-21T17:03:16.5076091Z ##[group]Initializing the repository
Gate 4 Git Tag Verification (P7+)	Run actions/checkout@v4	2026-06-21T17:03:16.5080721Z [command]/usr/bin/git init /home/runner/work/omnibot/omnibot
Gate 4 Git Tag Verification (P7+)	Run actions/checkout@v4	2026-06-21T17:03:16.5175281Z hint: Using 'master' as the name for the initial branch. This default branch name
Gate 4 Git Tag Verification (P7+)	Run actions/checkout@v4	2026-06-21T17:03:16.5177129Z hint: will change to "main" in Git 3.0. To configure the initial branch name
Gate 4 Git Tag Verification (P7+)	Run actions/checkout@v4	2026-06-21T17:03:16.5178150Z hint: to use in all of your new repositories, which will suppress this warning,
Gate 4 Git Tag Verification (P7+)	Run actions/checkout@v4	2026-06-21T17:03:16.5179407Z hint: call:
Gate 4 Git Tag Verification (P7+)	Run actions/checkout@v4	2026-06-21T17:03:16.5180358Z hint:
Gate 4 Git Tag Verification (P7+)	Run actions/checkout@v4	2026-06-21T17:03:16.5180957Z hint: 	git config --global init.defaultBranch <name>
Gate 4 Git Tag Verification (P7+)	Run actions/checkout@v4	2026-06-21T17:03:16.5181621Z hint:
Gate 4 Git Tag Verification (P7+)	Run actions/checkout@v4	2026-06-21T17:03:16.5182345Z hint: Names commonly chosen instead of 'master' are 'main', 'trunk' and
Gate 4 Git Tag Verification (P7+)	Run actions/checkout@v4	2026-06-21T17:03:16.5184020Z hint: 'development'. The just-created branch can be renamed via this command:
Gate 4 Git Tag Verification (P7+)	Run actions/checkout@v4	2026-06-21T17:03:16.5185469Z hint:
Gate 4 Git Tag Verification (P7+)	Run actions/checkout@v4	2026-06-21T17:03:16.5186274Z hint: 	git branch -m <name>
Gate 4 Git Tag Verification (P7+)	Run actions/checkout@v4	2026-06-21T17:03:16.5187091Z hint:
Gate 4 Git Tag Verification (P7+)	Run actions/checkout@v4	2026-06-21T17:03:16.5188113Z hint: Disable this message with "git config set advice.defaultBranchName false"
Gate 4 Git Tag Verification (P7+)	Run actions/checkout@v4	2026-06-21T17:03:16.5189770Z Initialized empty Git repository in /home/runner/work/omnibot/omnibot/.git/
Gate 4 Git Tag Verification (P7+)	Run actions/checkout@v4	2026-06-21T17:03:16.5197195Z [command]/usr/bin/git remote add origin https://github.com/johnnylugm-tech/omnibot
Gate 4 Git Tag Verification (P7+)	Run actions/checkout@v4	2026-06-21T17:03:16.5237925Z ##[endgroup]
Gate 4 Git Tag Verification (P7+)	Run actions/checkout@v4	2026-06-21T17:03:16.5238743Z ##[group]Disabling automatic garbage collection
Gate 4 Git Tag Verification (P7+)	Run actions/checkout@v4	2026-06-21T17:03:16.5241667Z [command]/usr/bin/git config --local gc.auto 0
Gate 4 Git Tag Verification (P7+)	Run actions/checkout@v4	2026-06-21T17:03:16.5270183Z ##[endgroup]
Gate 4 Git Tag Verification (P7+)	Run actions/checkout@v4	2026-06-21T17:03:16.5270942Z ##[group]Setting up auth
Gate 4 Git Tag Verification (P7+)	Run actions/checkout@v4	2026-06-21T17:03:16.5276370Z [command]/usr/bin/git config --local --name-only --get-regexp core\.sshCommand
Gate 4 Git Tag Verification (P7+)	Run actions/checkout@v4	2026-06-21T17:03:16.5308450Z [command]/usr/bin/git submodule foreach --recursive sh -c "git config --local --name-only --get-regexp 'core\.sshCommand' && git config --local --unset-all 'core.sshCommand' || :"
Gate 4 Git Tag Verification (P7+)	Run actions/checkout@v4	2026-06-21T17:03:16.5632305Z [command]/usr/bin/git config --local --name-only --get-regexp http\.https\:\/\/github\.com\/\.extraheader
Gate 4 Git Tag Verification (P7+)	Run actions/checkout@v4	2026-06-21T17:03:16.5661372Z [command]/usr/bin/git submodule foreach --recursive sh -c "git config --local --name-only --get-regexp 'http\.https\:\/\/github\.com\/\.extraheader' && git config --local --unset-all 'http.https://github.com/.extraheader' || :"
Gate 4 Git Tag Verification (P7+)	Run actions/checkout@v4	2026-06-21T17:03:16.5880101Z [command]/usr/bin/git config --local --name-only --get-regexp ^includeIf\.gitdir:
Gate 4 Git Tag Verification (P7+)	Run actions/checkout@v4	2026-06-21T17:03:16.5910376Z [command]/usr/bin/git submodule foreach --recursive git config --local --show-origin --name-only --get-regexp remote.origin.url
Gate 4 Git Tag Verification (P7+)	Run actions/checkout@v4	2026-06-21T17:03:16.6157842Z [command]/usr/bin/git config --local http.https://github.com/.extraheader AUTHORIZATION: basic ***
Gate 4 Git Tag Verification (P7+)	Run actions/checkout@v4	2026-06-21T17:03:16.6192013Z ##[endgroup]
Gate 4 Git Tag Verification (P7+)	Run actions/checkout@v4	2026-06-21T17:03:16.6193439Z ##[group]Fetching the repository
Gate 4 Git Tag Verification (P7+)	Run actions/checkout@v4	2026-06-21T17:03:16.6202625Z [command]/usr/bin/git -c protocol.version=2 fetch --prune --no-recurse-submodules origin +refs/heads/*:refs/remotes/origin/* +refs/tags/*:refs/tags/*
Gate 4 Git Tag Verification (P7+)	Run actions/checkout@v4	2026-06-21T17:03:17.6564327Z From https://github.com/johnnylugm-tech/omnibot
Gate 4 Git Tag Verification (P7+)	Run actions/checkout@v4	2026-06-21T17:03:17.6566581Z  * [new branch]      main       -> origin/main
Gate 4 Git Tag Verification (P7+)	Run actions/checkout@v4	2026-06-21T17:03:17.6611034Z [command]/usr/bin/git branch --list --remote origin/main
Gate 4 Git Tag Verification (P7+)	Run actions/checkout@v4	2026-06-21T17:03:17.6636232Z   origin/main
Gate 4 Git Tag Verification (P7+)	Run actions/checkout@v4	2026-06-21T17:03:17.6647251Z [command]/usr/bin/git rev-parse refs/remotes/origin/main
Gate 4 Git Tag Verification (P7+)	Run actions/checkout@v4	2026-06-21T17:03:17.6670639Z b4a42eeb727aaa535039bd86a9731a15588be212
Gate 4 Git Tag Verification (P7+)	Run actions/checkout@v4	2026-06-21T17:03:17.6681928Z ##[endgroup]
Gate 4 Git Tag Verification (P7+)	Run actions/checkout@v4	2026-06-21T17:03:17.6684213Z ##[group]Determining the checkout info
Gate 4 Git Tag Verification (P7+)	Run actions/checkout@v4	2026-06-21T17:03:17.6686730Z ##[endgroup]
Gate 4 Git Tag Verification (P7+)	Run actions/checkout@v4	2026-06-21T17:03:17.6688172Z [command]/usr/bin/git sparse-checkout disable
Gate 4 Git Tag Verification (P7+)	Run actions/checkout@v4	2026-06-21T17:03:17.6729554Z [command]/usr/bin/git config --local --unset-all extensions.worktreeConfig
Gate 4 Git Tag Verification (P7+)	Run actions/checkout@v4	2026-06-21T17:03:17.6756884Z ##[group]Checking out the ref
Gate 4 Git Tag Verification (P7+)	Run actions/checkout@v4	2026-06-21T17:03:17.6761770Z [command]/usr/bin/git checkout --progress --force -B main refs/remotes/origin/main
Gate 4 Git Tag Verification (P7+)	Run actions/checkout@v4	2026-06-21T17:03:18.0106130Z Switched to a new branch 'main'
Gate 4 Git Tag Verification (P7+)	Run actions/checkout@v4	2026-06-21T17:03:18.0110622Z branch 'main' set up to track 'origin/main'.
Gate 4 Git Tag Verification (P7+)	Run actions/checkout@v4	2026-06-21T17:03:18.0121824Z ##[endgroup]
Gate 4 Git Tag Verification (P7+)	Run actions/checkout@v4	2026-06-21T17:03:18.0169124Z [command]/usr/bin/git log -1 --format=%H
Gate 4 Git Tag Verification (P7+)	Run actions/checkout@v4	2026-06-21T17:03:18.0195959Z b4a42eeb727aaa535039bd86a9731a15588be212
Gate 4 Git Tag Verification (P7+)	Detect phase	﻿2026-06-21T17:03:18.0390629Z ##[group]Run PHASE=$(python3 -c "
Gate 4 Git Tag Verification (P7+)	Detect phase	2026-06-21T17:03:18.0391284Z ^[[36;1mPHASE=$(python3 -c "^[[0m
Gate 4 Git Tag Verification (P7+)	Detect phase	2026-06-21T17:03:18.0391598Z ^[[36;1mimport json^[[0m
Gate 4 Git Tag Verification (P7+)	Detect phase	2026-06-21T17:03:18.0391860Z ^[[36;1mtry:^[[0m
Gate 4 Git Tag Verification (P7+)	Detect phase	2026-06-21T17:03:18.0392248Z ^[[36;1m    d = json.load(open('.methodology/state.json', encoding='utf-8'))^[[0m
Gate 4 Git Tag Verification (P7+)	Detect phase	2026-06-21T17:03:18.0392720Z ^[[36;1m    print(int(d.get('current_phase', 0)))^[[0m
Gate 4 Git Tag Verification (P7+)	Detect phase	2026-06-21T17:03:18.0393069Z ^[[36;1mexcept Exception:^[[0m
Gate 4 Git Tag Verification (P7+)	Detect phase	2026-06-21T17:03:18.0393348Z ^[[36;1m    print(0)^[[0m
Gate 4 Git Tag Verification (P7+)	Detect phase	2026-06-21T17:03:18.0393628Z ^[[36;1m" 2>/dev/null || echo "0")^[[0m
Gate 4 Git Tag Verification (P7+)	Detect phase	2026-06-21T17:03:18.0393970Z ^[[36;1mecho "PHASE=$PHASE" >> $GITHUB_OUTPUT^[[0m
Gate 4 Git Tag Verification (P7+)	Detect phase	2026-06-21T17:03:18.0561674Z shell: /usr/bin/bash -e {0}
Gate 4 Git Tag Verification (P7+)	Detect phase	2026-06-21T17:03:18.0562062Z ##[endgroup]
Gate 4 Git Tag Verification (P7+)	Post Run actions/checkout@v4	﻿2026-06-21T17:03:18.1032258Z Node 20 is being deprecated. This workflow is running with Node 24 by default. If you need to temporarily use Node 20, you can set the ACTIONS_ALLOW_USE_UNSECURE_NODE_VERSION=true environment variable. For more information see: https://github.blog/changelog/2025-09-19-deprecation-of-node-20-on-github-actions-runners/
Gate 4 Git Tag Verification (P7+)	Post Run actions/checkout@v4	2026-06-21T17:03:18.1033985Z Post job cleanup.
Gate 4 Git Tag Verification (P7+)	Post Run actions/checkout@v4	2026-06-21T17:03:18.1862358Z [command]/usr/bin/git version
Gate 4 Git Tag Verification (P7+)	Post Run actions/checkout@v4	2026-06-21T17:03:18.1931861Z git version 2.54.0
Gate 4 Git Tag Verification (P7+)	Post Run actions/checkout@v4	2026-06-21T17:03:18.1972184Z Temporarily overriding HOME='/home/runner/work/_temp/0eaca621-046f-4451-b263-45ed09675299' before making global git config changes
Gate 4 Git Tag Verification (P7+)	Post Run actions/checkout@v4	2026-06-21T17:03:18.1973274Z Adding repository directory to the temporary git global config as a safe directory
Gate 4 Git Tag Verification (P7+)	Post Run actions/checkout@v4	2026-06-21T17:03:18.1978020Z [command]/usr/bin/git config --global --add safe.directory /home/runner/work/omnibot/omnibot
Gate 4 Git Tag Verification (P7+)	Post Run actions/checkout@v4	2026-06-21T17:03:18.2014922Z [command]/usr/bin/git config --local --name-only --get-regexp core\.sshCommand
Gate 4 Git Tag Verification (P7+)	Post Run actions/checkout@v4	2026-06-21T17:03:18.2048944Z [command]/usr/bin/git submodule foreach --recursive sh -c "git config --local --name-only --get-regexp 'core\.sshCommand' && git config --local --unset-all 'core.sshCommand' || :"
Gate 4 Git Tag Verification (P7+)	Post Run actions/checkout@v4	2026-06-21T17:03:18.2272992Z [command]/usr/bin/git config --local --name-only --get-regexp http\.https\:\/\/github\.com\/\.extraheader
Gate 4 Git Tag Verification (P7+)	Post Run actions/checkout@v4	2026-06-21T17:03:18.2298821Z http.https://github.com/.extraheader
Gate 4 Git Tag Verification (P7+)	Post Run actions/checkout@v4	2026-06-21T17:03:18.2309526Z [command]/usr/bin/git config --local --unset-all http.https://github.com/.extraheader
Gate 4 Git Tag Verification (P7+)	Post Run actions/checkout@v4	2026-06-21T17:03:18.2340043Z [command]/usr/bin/git submodule foreach --recursive sh -c "git config --local --name-only --get-regexp 'http\.https\:\/\/github\.com\/\.extraheader' && git config --local --unset-all 'http.https://github.com/.extraheader' || :"
Gate 4 Git Tag Verification (P7+)	Post Run actions/checkout@v4	2026-06-21T17:03:18.2556015Z [command]/usr/bin/git config --local --name-only --get-regexp ^includeIf\.gitdir:
Gate 4 Git Tag Verification (P7+)	Post Run actions/checkout@v4	2026-06-21T17:03:18.2586329Z [command]/usr/bin/git submodule foreach --recursive git config --local --show-origin --name-only --get-regexp remote.origin.url
Gate 4 Git Tag Verification (P7+)	Complete job	﻿2026-06-21T17:03:18.2927205Z Cleaning up orphan processes
Gate 4 Git Tag Verification (P7+)	Complete job	2026-06-21T17:03:18.3300133Z ##[warning]Node.js 20 is deprecated. The following actions target Node.js 20 but are being forced to run on Node.js 24: actions/checkout@v4. For more information see: https://github.blog/changelog/2025-09-19-deprecation-of-node-20-on-github-actions-runners/
gate-check	Set up job	﻿2026-06-21T17:03:15.5536943Z Current runner version: '2.335.1'
gate-check	Set up job	2026-06-21T17:03:15.5563522Z ##[group]Runner Image Provisioner
gate-check	Set up job	2026-06-21T17:03:15.5564471Z Hosted Compute Agent
gate-check	Set up job	2026-06-21T17:03:15.5565097Z Version: 20260611.554
gate-check	Set up job	2026-06-21T17:03:15.5565717Z Commit: 5e0782fdc9014723d3be820dd114dd31555c2bd1
gate-check	Set up job	2026-06-21T17:03:15.5566551Z Build Date: 2026-06-11T21:40:46Z
gate-check	Set up job	2026-06-21T17:03:15.5567232Z Worker ID: {7b2eca84-ea4d-4737-82f5-5270654374fb}
gate-check	Set up job	2026-06-21T17:03:15.5567970Z Azure Region: eastus
gate-check	Set up job	2026-06-21T17:03:15.5568554Z ##[endgroup]
gate-check	Set up job	2026-06-21T17:03:15.5570166Z ##[group]Operating System
gate-check	Set up job	2026-06-21T17:03:15.5570924Z Ubuntu
gate-check	Set up job	2026-06-21T17:03:15.5571442Z 24.04.4
gate-check	Set up job	2026-06-21T17:03:15.5572212Z LTS
gate-check	Set up job	2026-06-21T17:03:15.5572760Z ##[endgroup]
gate-check	Set up job	2026-06-21T17:03:15.5573346Z ##[group]Runner Image
gate-check	Set up job	2026-06-21T17:03:15.5573990Z Image: ubuntu-24.04
gate-check	Set up job	2026-06-21T17:03:15.5574556Z Version: 20260615.205.1
gate-check	Set up job	2026-06-21T17:03:15.5575949Z Included Software: https://github.com/actions/runner-images/blob/ubuntu24/20260615.205/images/ubuntu/Ubuntu2404-Readme.md
gate-check	Set up job	2026-06-21T17:03:15.5577850Z Image Release: https://github.com/actions/runner-images/releases/tag/ubuntu24%2F20260615.205
gate-check	Set up job	2026-06-21T17:03:15.5578909Z ##[endgroup]
gate-check	Set up job	2026-06-21T17:03:15.5580084Z ##[group]GITHUB_TOKEN Permissions
gate-check	Set up job	2026-06-21T17:03:15.5582648Z Contents: read
gate-check	Set up job	2026-06-21T17:03:15.5583323Z Metadata: read
gate-check	Set up job	2026-06-21T17:03:15.5583866Z Packages: read
gate-check	Set up job	2026-06-21T17:03:15.5584486Z ##[endgroup]
gate-check	Set up job	2026-06-21T17:03:15.5586622Z Secret source: Actions
gate-check	Set up job	2026-06-21T17:03:15.5587714Z Prepare workflow directory
gate-check	Set up job	2026-06-21T17:03:15.5921558Z Prepare all required actions
gate-check	Set up job	2026-06-21T17:03:15.5959303Z Getting action download info
gate-check	Set up job	2026-06-21T17:03:15.8651470Z Download action repository 'actions/checkout@v4' (SHA:34e114876b0b11c390a56381ad16ebd13914f8d5)
gate-check	Set up job	2026-06-21T17:03:15.9608833Z Download action repository 'actions/setup-python@v5' (SHA:a26af69be951a213d495a4c3e4e4022e16d87065)
gate-check	Set up job	2026-06-21T17:03:16.0405626Z Download action repository 'actions/setup-node@v4' (SHA:49933ea5288caeca8642d1e84afbd3f7d6820020)
gate-check	Set up job	2026-06-21T17:03:16.2396296Z Complete job name: gate-check
gate-check	Run actions/checkout@v4	﻿2026-06-21T17:03:16.3220337Z Node 20 is being deprecated. This workflow is running with Node 24 by default. If you need to temporarily use Node 20, you can set the ACTIONS_ALLOW_USE_UNSECURE_NODE_VERSION=true environment variable. For more information see: https://github.blog/changelog/2025-09-19-deprecation-of-node-20-on-github-actions-runners/
gate-check	Run actions/checkout@v4	2026-06-21T17:03:16.3229440Z ##[group]Run actions/checkout@v4
gate-check	Run actions/checkout@v4	2026-06-21T17:03:16.3230216Z with:
gate-check	Run actions/checkout@v4	2026-06-21T17:03:16.3230652Z   submodules: true
gate-check	Run actions/checkout@v4	2026-06-21T17:03:16.3231105Z   fetch-depth: 0
gate-check	Run actions/checkout@v4	2026-06-21T17:03:16.3231588Z   repository: johnnylugm-tech/omnibot
gate-check	Run actions/checkout@v4	2026-06-21T17:03:16.3236125Z   token: ***
gate-check	Run actions/checkout@v4	2026-06-21T17:03:16.3236568Z   ssh-strict: true
gate-check	Run actions/checkout@v4	2026-06-21T17:03:16.3237052Z   ssh-user: git
gate-check	Run actions/checkout@v4	2026-06-21T17:03:16.3237497Z   persist-credentials: true
gate-check	Run actions/checkout@v4	2026-06-21T17:03:16.3237978Z   clean: true
gate-check	Run actions/checkout@v4	2026-06-21T17:03:16.3238421Z   sparse-checkout-cone-mode: true
gate-check	Run actions/checkout@v4	2026-06-21T17:03:16.3238939Z   fetch-tags: false
gate-check	Run actions/checkout@v4	2026-06-21T17:03:16.3239386Z   show-progress: true
gate-check	Run actions/checkout@v4	2026-06-21T17:03:16.3239866Z   lfs: false
gate-check	Run actions/checkout@v4	2026-06-21T17:03:16.3240330Z   set-safe-directory: true
gate-check	Run actions/checkout@v4	2026-06-21T17:03:16.3241089Z ##[endgroup]
gate-check	Run actions/checkout@v4	2026-06-21T17:03:16.4293463Z Syncing repository: johnnylugm-tech/omnibot
gate-check	Run actions/checkout@v4	2026-06-21T17:03:16.4295487Z ##[group]Getting Git version info
gate-check	Run actions/checkout@v4	2026-06-21T17:03:16.4296242Z Working directory is '/home/runner/work/omnibot/omnibot'
gate-check	Run actions/checkout@v4	2026-06-21T17:03:16.4297325Z [command]/usr/bin/git version
gate-check	Run actions/checkout@v4	2026-06-21T17:03:16.4363381Z git version 2.54.0
gate-check	Run actions/checkout@v4	2026-06-21T17:03:16.4419504Z ##[endgroup]
gate-check	Run actions/checkout@v4	2026-06-21T17:03:16.4436059Z Temporarily overriding HOME='/home/runner/work/_temp/ed467130-e5ba-41f3-8047-cea10b4b102d' before making global git config changes
gate-check	Run actions/checkout@v4	2026-06-21T17:03:16.4438618Z Adding repository directory to the temporary git global config as a safe directory
gate-check	Run actions/checkout@v4	2026-06-21T17:03:16.4442262Z [command]/usr/bin/git config --global --add safe.directory /home/runner/work/omnibot/omnibot
gate-check	Run actions/checkout@v4	2026-06-21T17:03:16.4498544Z Deleting the contents of '/home/runner/work/omnibot/omnibot'
gate-check	Run actions/checkout@v4	2026-06-21T17:03:16.4503178Z ##[group]Initializing the repository
gate-check	Run actions/checkout@v4	2026-06-21T17:03:16.4508490Z [command]/usr/bin/git init /home/runner/work/omnibot/omnibot
gate-check	Run actions/checkout@v4	2026-06-21T17:03:16.4618405Z hint: Using 'master' as the name for the initial branch. This default branch name
gate-check	Run actions/checkout@v4	2026-06-21T17:03:16.4621104Z hint: will change to "main" in Git 3.0. To configure the initial branch name
gate-check	Run actions/checkout@v4	2026-06-21T17:03:16.4624194Z hint: to use in all of your new repositories, which will suppress this warning,
gate-check	Run actions/checkout@v4	2026-06-21T17:03:16.4625806Z hint: call:
gate-check	Run actions/checkout@v4	2026-06-21T17:03:16.4626756Z hint:
gate-check	Run actions/checkout@v4	2026-06-21T17:03:16.4627523Z hint: 	git config --global init.defaultBranch <name>
gate-check	Run actions/checkout@v4	2026-06-21T17:03:16.4628452Z hint:
gate-check	Run actions/checkout@v4	2026-06-21T17:03:16.4629322Z hint: Names commonly chosen instead of 'master' are 'main', 'trunk' and
gate-check	Run actions/checkout@v4	2026-06-21T17:03:16.4630756Z hint: 'development'. The just-created branch can be renamed via this command:
gate-check	Run actions/checkout@v4	2026-06-21T17:03:16.4632238Z hint:
gate-check	Run actions/checkout@v4	2026-06-21T17:03:16.4633039Z hint: 	git branch -m <name>
gate-check	Run actions/checkout@v4	2026-06-21T17:03:16.4633914Z hint:
gate-check	Run actions/checkout@v4	2026-06-21T17:03:16.4635014Z hint: Disable this message with "git config set advice.defaultBranchName false"
gate-check	Run actions/checkout@v4	2026-06-21T17:03:16.4636247Z Initialized empty Git repository in /home/runner/work/omnibot/omnibot/.git/
gate-check	Run actions/checkout@v4	2026-06-21T17:03:16.4638148Z [command]/usr/bin/git remote add origin https://github.com/johnnylugm-tech/omnibot
gate-check	Run actions/checkout@v4	2026-06-21T17:03:16.4683124Z ##[endgroup]
gate-check	Run actions/checkout@v4	2026-06-21T17:03:16.4684877Z ##[group]Disabling automatic garbage collection
gate-check	Run actions/checkout@v4	2026-06-21T17:03:16.4688922Z [command]/usr/bin/git config --local gc.auto 0
gate-check	Run actions/checkout@v4	2026-06-21T17:03:16.4721484Z ##[endgroup]
gate-check	Run actions/checkout@v4	2026-06-21T17:03:16.4723171Z ##[group]Setting up auth
gate-check	Run actions/checkout@v4	2026-06-21T17:03:16.4729199Z [command]/usr/bin/git config --local --name-only --get-regexp core\.sshCommand
gate-check	Run actions/checkout@v4	2026-06-21T17:03:16.4766908Z [command]/usr/bin/git submodule foreach --recursive sh -c "git config --local --name-only --get-regexp 'core\.sshCommand' && git config --local --unset-all 'core.sshCommand' || :"
gate-check	Run actions/checkout@v4	2026-06-21T17:03:16.5125661Z [command]/usr/bin/git config --local --name-only --get-regexp http\.https\:\/\/github\.com\/\.extraheader
gate-check	Run actions/checkout@v4	2026-06-21T17:03:16.5158864Z [command]/usr/bin/git submodule foreach --recursive sh -c "git config --local --name-only --get-regexp 'http\.https\:\/\/github\.com\/\.extraheader' && git config --local --unset-all 'http.https://github.com/.extraheader' || :"
gate-check	Run actions/checkout@v4	2026-06-21T17:03:16.5402837Z [command]/usr/bin/git config --local --name-only --get-regexp ^includeIf\.gitdir:
gate-check	Run actions/checkout@v4	2026-06-21T17:03:16.5437763Z [command]/usr/bin/git submodule foreach --recursive git config --local --show-origin --name-only --get-regexp remote.origin.url
gate-check	Run actions/checkout@v4	2026-06-21T17:03:16.5692279Z [command]/usr/bin/git config --local http.https://github.com/.extraheader AUTHORIZATION: basic ***
gate-check	Run actions/checkout@v4	2026-06-21T17:03:16.5733579Z ##[endgroup]
gate-check	Run actions/checkout@v4	2026-06-21T17:03:16.5734548Z ##[group]Fetching the repository
gate-check	Run actions/checkout@v4	2026-06-21T17:03:16.5747547Z [command]/usr/bin/git -c protocol.version=2 fetch --prune --no-recurse-submodules origin +refs/heads/*:refs/remotes/origin/* +refs/tags/*:refs/tags/*
gate-check	Run actions/checkout@v4	2026-06-21T17:03:17.5126506Z From https://github.com/johnnylugm-tech/omnibot
gate-check	Run actions/checkout@v4	2026-06-21T17:03:17.5129227Z  * [new branch]      main       -> origin/main
gate-check	Run actions/checkout@v4	2026-06-21T17:03:17.5172738Z [command]/usr/bin/git branch --list --remote origin/main
gate-check	Run actions/checkout@v4	2026-06-21T17:03:17.5207631Z   origin/main
gate-check	Run actions/checkout@v4	2026-06-21T17:03:17.5222373Z [command]/usr/bin/git rev-parse refs/remotes/origin/main
gate-check	Run actions/checkout@v4	2026-06-21T17:03:17.5250054Z b4a42eeb727aaa535039bd86a9731a15588be212
gate-check	Run actions/checkout@v4	2026-06-21T17:03:17.5256109Z ##[endgroup]
gate-check	Run actions/checkout@v4	2026-06-21T17:03:17.5257821Z ##[group]Determining the checkout info
gate-check	Run actions/checkout@v4	2026-06-21T17:03:17.5259587Z ##[endgroup]
gate-check	Run actions/checkout@v4	2026-06-21T17:03:17.5262557Z [command]/usr/bin/git sparse-checkout disable
gate-check	Run actions/checkout@v4	2026-06-21T17:03:17.5310481Z [command]/usr/bin/git config --local --unset-all extensions.worktreeConfig
gate-check	Run actions/checkout@v4	2026-06-21T17:03:17.5346017Z ##[group]Checking out the ref
gate-check	Run actions/checkout@v4	2026-06-21T17:03:17.5348406Z [command]/usr/bin/git checkout --progress --force -B main refs/remotes/origin/main
gate-check	Run actions/checkout@v4	2026-06-21T17:03:17.8726930Z Switched to a new branch 'main'
gate-check	Run actions/checkout@v4	2026-06-21T17:03:17.8729531Z branch 'main' set up to track 'origin/main'.
gate-check	Run actions/checkout@v4	2026-06-21T17:03:17.8743616Z ##[endgroup]
gate-check	Run actions/checkout@v4	2026-06-21T17:03:17.8745493Z ##[group]Setting up auth for fetching submodules
gate-check	Run actions/checkout@v4	2026-06-21T17:03:17.8749791Z [command]/usr/bin/git config --global http.https://github.com/.extraheader AUTHORIZATION: basic ***
gate-check	Run actions/checkout@v4	2026-06-21T17:03:17.8792276Z [command]/usr/bin/git config --global --unset-all url.https://github.com/.insteadOf
gate-check	Run actions/checkout@v4	2026-06-21T17:03:17.8822754Z [command]/usr/bin/git config --global --add url.https://github.com/.insteadOf git@github.com:
gate-check	Run actions/checkout@v4	2026-06-21T17:03:17.8852069Z [command]/usr/bin/git config --global --add url.https://github.com/.insteadOf org-264831202@github.com:
gate-check	Run actions/checkout@v4	2026-06-21T17:03:17.8878999Z ##[endgroup]
gate-check	Run actions/checkout@v4	2026-06-21T17:03:17.8880587Z ##[group]Fetching submodules
gate-check	Run actions/checkout@v4	2026-06-21T17:03:17.8882294Z [command]/usr/bin/git submodule sync
gate-check	Run actions/checkout@v4	2026-06-21T17:03:17.9105499Z [command]/usr/bin/git -c protocol.version=2 submodule update --init --force
gate-check	Run actions/checkout@v4	2026-06-21T17:03:17.9322997Z Submodule 'harness' (https://github.com/johnnylugm-tech/harness-methodology.git) registered for path 'harness'
gate-check	Run actions/checkout@v4	2026-06-21T17:03:17.9348072Z Cloning into '/home/runner/work/omnibot/omnibot/harness'...
gate-check	Run actions/checkout@v4	2026-06-21T17:03:19.0009215Z Submodule path 'harness': checked out '094bc1981e951903f3a243e6c4d6e4e573bfceda'
gate-check	Run actions/checkout@v4	2026-06-21T17:03:19.0022189Z [command]/usr/bin/git submodule foreach git config --local gc.auto 0
gate-check	Run actions/checkout@v4	2026-06-21T17:03:19.0250011Z Entering 'harness'
gate-check	Run actions/checkout@v4	2026-06-21T17:03:19.0280190Z ##[endgroup]
gate-check	Run actions/checkout@v4	2026-06-21T17:03:19.0281035Z ##[group]Persisting credentials for submodules
gate-check	Run actions/checkout@v4	2026-06-21T17:03:19.0287387Z [command]/usr/bin/git submodule foreach --recursive sh -c "git config --local --name-only --get-regexp 'url\.https\:\/\/github\.com\/\.insteadOf' && git config --local --unset-all 'url.https://github.com/.insteadOf' || :"
gate-check	Run actions/checkout@v4	2026-06-21T17:03:19.0498355Z Entering 'harness'
gate-check	Run actions/checkout@v4	2026-06-21T17:03:19.0559654Z [command]/usr/bin/git submodule foreach sh -c "git config --local 'http.https://github.com/.extraheader' 'AUTHORIZATION: basic ***' && git config --local --show-origin --name-only --get-regexp remote.origin.url"
gate-check	Run actions/checkout@v4	2026-06-21T17:03:19.0772713Z Entering 'harness'
gate-check	Run actions/checkout@v4	2026-06-21T17:03:19.0812356Z file:/home/runner/work/omnibot/omnibot/.git/modules/harness/config	remote.origin.url
gate-check	Run actions/checkout@v4	2026-06-21T17:03:19.0836511Z [command]/usr/bin/git submodule foreach git config --local --add 'url.https://github.com/.insteadOf' 'git@github.com:'
gate-check	Run actions/checkout@v4	2026-06-21T17:03:19.1047256Z Entering 'harness'
gate-check	Run actions/checkout@v4	2026-06-21T17:03:19.1083689Z [command]/usr/bin/git submodule foreach git config --local --add 'url.https://github.com/.insteadOf' 'org-264831202@github.com:'
gate-check	Run actions/checkout@v4	2026-06-21T17:03:19.1292200Z Entering 'harness'
gate-check	Run actions/checkout@v4	2026-06-21T17:03:19.1324394Z ##[endgroup]
gate-check	Run actions/checkout@v4	2026-06-21T17:03:19.1369841Z [command]/usr/bin/git log -1 --format=%H
gate-check	Run actions/checkout@v4	2026-06-21T17:03:19.1394203Z b4a42eeb727aaa535039bd86a9731a15588be212
gate-check	Run actions/setup-python@v5	﻿2026-06-21T17:03:19.1710603Z Node 20 is being deprecated. This workflow is running with Node 24 by default. If you need to temporarily use Node 20, you can set the ACTIONS_ALLOW_USE_UNSECURE_NODE_VERSION=true environment variable. For more information see: https://github.blog/changelog/2025-09-19-deprecation-of-node-20-on-github-actions-runners/
gate-check	Run actions/setup-python@v5	2026-06-21T17:03:19.1712809Z ##[group]Run actions/setup-python@v5
gate-check	Run actions/setup-python@v5	2026-06-21T17:03:19.1713103Z with:
gate-check	Run actions/setup-python@v5	2026-06-21T17:03:19.1713302Z   python-version: 3.11
gate-check	Run actions/setup-python@v5	2026-06-21T17:03:19.1713546Z   check-latest: false
gate-check	Run actions/setup-python@v5	2026-06-21T17:03:19.1716342Z   token: ***
gate-check	Run actions/setup-python@v5	2026-06-21T17:03:19.1716561Z   update-environment: true
gate-check	Run actions/setup-python@v5	2026-06-21T17:03:19.1716806Z   allow-prereleases: false
gate-check	Run actions/setup-python@v5	2026-06-21T17:03:19.1717045Z   freethreaded: false
gate-check	Run actions/setup-python@v5	2026-06-21T17:03:19.1717257Z ##[endgroup]
gate-check	Run actions/setup-python@v5	2026-06-21T17:03:19.3083346Z ##[group]Installed versions
gate-check	Run actions/setup-python@v5	2026-06-21T17:03:19.3177739Z (node:2495) [DEP0040] DeprecationWarning: The `punycode` module is deprecated. Please use a userland alternative instead.
gate-check	Run actions/setup-python@v5	2026-06-21T17:03:19.3179507Z (Use `node --trace-deprecation ...` to show where the warning was created)
gate-check	Run actions/setup-python@v5	2026-06-21T17:03:19.3180407Z Successfully set up CPython (3.11.15)
gate-check	Run actions/setup-python@v5	2026-06-21T17:03:19.3181300Z ##[endgroup]
gate-check	Install harness dependencies	﻿2026-06-21T17:03:19.3334561Z ##[group]Run # pyyaml required for gate score variance check
gate-check	Install harness dependencies	2026-06-21T17:03:19.3335253Z ^[[36;1m# pyyaml required for gate score variance check^[[0m
gate-check	Install harness dependencies	2026-06-21T17:03:19.3335942Z ^[[36;1mpip install -r harness/requirements.txt || true^[[0m
gate-check	Install harness dependencies	2026-06-21T17:03:19.3336368Z ^[[36;1mpip install pyyaml 2>/dev/null || true^[[0m
gate-check	Install harness dependencies	2026-06-21T17:03:19.3516676Z shell: /usr/bin/bash -e {0}
gate-check	Install harness dependencies	2026-06-21T17:03:19.3517165Z env:
gate-check	Install harness dependencies	2026-06-21T17:03:19.3517641Z   pythonLocation: /opt/hostedtoolcache/Python/3.11.15/x64
gate-check	Install harness dependencies	2026-06-21T17:03:19.3518450Z   PKG_CONFIG_PATH: /opt/hostedtoolcache/Python/3.11.15/x64/lib/pkgconfig
gate-check	Install harness dependencies	2026-06-21T17:03:19.3519230Z   Python_ROOT_DIR: /opt/hostedtoolcache/Python/3.11.15/x64
gate-check	Install harness dependencies	2026-06-21T17:03:19.3519921Z   Python2_ROOT_DIR: /opt/hostedtoolcache/Python/3.11.15/x64
gate-check	Install harness dependencies	2026-06-21T17:03:19.3520612Z   Python3_ROOT_DIR: /opt/hostedtoolcache/Python/3.11.15/x64
gate-check	Install harness dependencies	2026-06-21T17:03:19.3521310Z   LD_LIBRARY_PATH: /opt/hostedtoolcache/Python/3.11.15/x64/lib
gate-check	Install harness dependencies	2026-06-21T17:03:19.3522233Z ##[endgroup]
gate-check	Install harness dependencies	2026-06-21T17:03:20.5893049Z Collecting ruff==0.15.13 (from -r harness/requirements.txt (line 8))
gate-check	Install harness dependencies	2026-06-21T17:03:20.6464713Z   Downloading ruff-0.15.13-py3-none-manylinux_2_17_x86_64.manylinux2014_x86_64.whl.metadata (26 kB)
gate-check	Install harness dependencies	2026-06-21T17:03:20.7456883Z Collecting mypy==1.19.1 (from -r harness/requirements.txt (line 11))
gate-check	Install harness dependencies	2026-06-21T17:03:20.7506090Z   Downloading mypy-1.19.1-cp311-cp311-manylinux2014_x86_64.manylinux_2_17_x86_64.manylinux_2_28_x86_64.whl.metadata (2.2 kB)
gate-check	Install harness dependencies	2026-06-21T17:03:20.7775975Z Collecting pyright==1.1.409 (from -r harness/requirements.txt (line 12))
gate-check	Install harness dependencies	2026-06-21T17:03:20.7818984Z   Downloading pyright-1.1.409-py3-none-any.whl.metadata (6.9 kB)
gate-check	Install harness dependencies	2026-06-21T17:03:20.8247382Z Collecting pytest==8.4.2 (from -r harness/requirements.txt (line 15))
gate-check	Install harness dependencies	2026-06-21T17:03:20.8290540Z   Downloading pytest-8.4.2-py3-none-any.whl.metadata (7.7 kB)
gate-check	Install harness dependencies	2026-06-21T17:03:20.8443459Z Collecting pytest-cov==7.1.0 (from -r harness/requirements.txt (line 16))
gate-check	Install harness dependencies	2026-06-21T17:03:20.8482258Z   Downloading pytest_cov-7.1.0-py3-none-any.whl.metadata (32 kB)
gate-check	Install harness dependencies	2026-06-21T17:03:20.8646507Z Collecting pytest-benchmark==5.2.3 (from -r harness/requirements.txt (line 17))
gate-check	Install harness dependencies	2026-06-21T17:03:20.8682475Z   Downloading pytest_benchmark-5.2.3-py3-none-any.whl.metadata (29 kB)
gate-check	Install harness dependencies	2026-06-21T17:03:20.8842237Z Collecting bandit==1.8.6 (from -r harness/requirements.txt (line 20))
gate-check	Install harness dependencies	2026-06-21T17:03:20.8893964Z   Downloading bandit-1.8.6-py3-none-any.whl.metadata (6.9 kB)
gate-check	Install harness dependencies	2026-06-21T17:03:20.9051737Z Collecting radon==6.0.1 (from -r harness/requirements.txt (line 23))
gate-check	Install harness dependencies	2026-06-21T17:03:20.9129116Z   Downloading radon-6.0.1-py2.py3-none-any.whl.metadata (8.2 kB)
gate-check	Install harness dependencies	2026-06-21T17:03:20.9961137Z Collecting semgrep==1.165.0 (from -r harness/requirements.txt (line 27))
gate-check	Install harness dependencies	2026-06-21T17:03:21.0012089Z   Downloading semgrep-1.165.0-cp310.cp311.cp312.cp313.cp314.py310.py311.py312.py313.py314-none-manylinux_2_34_x86_64.whl.metadata (22 kB)
gate-check	Install harness dependencies	2026-06-21T17:03:21.0412670Z Collecting tree-sitter==0.25.2 (from -r harness/requirements.txt (line 32))
gate-check	Install harness dependencies	2026-06-21T17:03:21.0466711Z   Downloading tree_sitter-0.25.2-cp311-cp311-manylinux2014_x86_64.manylinux_2_17_x86_64.manylinux_2_28_x86_64.whl.metadata (10.0 kB)
gate-check	Install harness dependencies	2026-06-21T17:03:21.0614534Z Collecting tree-sitter-javascript==0.25.0 (from -r harness/requirements.txt (line 33))
gate-check	Install harness dependencies	2026-06-21T17:03:21.0653821Z   Downloading tree_sitter_javascript-0.25.0-cp310-abi3-manylinux1_x86_64.manylinux_2_28_x86_64.manylinux_2_5_x86_64.whl.metadata (2.2 kB)
gate-check	Install harness dependencies	2026-06-21T17:03:21.0775407Z Collecting tree-sitter-typescript==0.23.2 (from -r harness/requirements.txt (line 34))
gate-check	Install harness dependencies	2026-06-21T17:03:21.0812703Z   Downloading tree_sitter_typescript-0.23.2-cp39-abi3-manylinux_2_5_x86_64.manylinux1_x86_64.manylinux_2_17_x86_64.manylinux2014_x86_64.whl.metadata (2.3 kB)
gate-check	Install harness dependencies	2026-06-21T17:03:21.1155357Z Collecting pyyaml==6.0.3 (from -r harness/requirements.txt (line 37))
gate-check	Install harness dependencies	2026-06-21T17:03:21.1197862Z   Downloading pyyaml-6.0.3-cp311-cp311-manylinux2014_x86_64.manylinux_2_17_x86_64.manylinux_2_28_x86_64.whl.metadata (2.4 kB)
gate-check	Install harness dependencies	2026-06-21T17:03:21.1343931Z Collecting mutmut==2.5.1 (from -r harness/requirements.txt (line 41))
gate-check	Install harness dependencies	2026-06-21T17:03:21.1394520Z   Downloading mutmut-2.5.1.tar.gz (50 kB)
gate-check	Install harness dependencies	2026-06-21T17:03:21.1510797Z   Installing build dependencies: started
gate-check	Install harness dependencies	2026-06-21T17:03:21.8817910Z   Installing build dependencies: finished with status 'done'
gate-check	Install harness dependencies	2026-06-21T17:03:21.8824945Z   Getting requirements to build wheel: started
gate-check	Install harness dependencies	2026-06-21T17:03:22.2892946Z   Getting requirements to build wheel: finished with status 'done'
gate-check	Install harness dependencies	2026-06-21T17:03:22.2902506Z   Preparing metadata (pyproject.toml): started
gate-check	Install harness dependencies	2026-06-21T17:03:22.4856076Z   Preparing metadata (pyproject.toml): finished with status 'done'
gate-check	Install harness dependencies	2026-06-21T17:03:22.5018277Z Collecting opentelemetry-exporter-otlp-proto-http~=1.37.0 (from -r harness/requirements.txt (line 52))
gate-check	Install harness dependencies	2026-06-21T17:03:22.5057392Z   Downloading opentelemetry_exporter_otlp_proto_http-1.37.0-py3-none-any.whl.metadata (2.3 kB)
gate-check	Install harness dependencies	2026-06-21T17:03:22.5230048Z Collecting typing_extensions>=4.6.0 (from mypy==1.19.1->-r harness/requirements.txt (line 11))
gate-check	Install harness dependencies	2026-06-21T17:03:22.5272139Z   Downloading typing_extensions-4.15.0-py3-none-any.whl.metadata (3.3 kB)
gate-check	Install harness dependencies	2026-06-21T17:03:22.5382601Z Collecting mypy_extensions>=1.0.0 (from mypy==1.19.1->-r harness/requirements.txt (line 11))
gate-check	Install harness dependencies	2026-06-21T17:03:22.5425042Z   Downloading mypy_extensions-1.1.0-py3-none-any.whl.metadata (1.1 kB)
gate-check	Install harness dependencies	2026-06-21T17:03:22.5553847Z Collecting pathspec>=0.9.0 (from mypy==1.19.1->-r harness/requirements.txt (line 11))
gate-check	Install harness dependencies	2026-06-21T17:03:22.5590325Z   Downloading pathspec-1.1.1-py3-none-any.whl.metadata (14 kB)
gate-check	Install harness dependencies	2026-06-21T17:03:22.6610258Z Collecting librt>=0.6.2 (from mypy==1.19.1->-r harness/requirements.txt (line 11))
gate-check	Install harness dependencies	2026-06-21T17:03:22.6653521Z   Downloading librt-0.11.0-cp311-cp311-manylinux2014_x86_64.manylinux_2_17_x86_64.manylinux_2_28_x86_64.whl.metadata (1.3 kB)
gate-check	Install harness dependencies	2026-06-21T17:03:22.6788752Z Collecting nodeenv>=1.6.0 (from pyright==1.1.409->-r harness/requirements.txt (line 12))
gate-check	Install harness dependencies	2026-06-21T17:03:22.6829906Z   Downloading nodeenv-1.10.0-py2.py3-none-any.whl.metadata (24 kB)
gate-check	Install harness dependencies	2026-06-21T17:03:22.6971027Z Collecting iniconfig>=1 (from pytest==8.4.2->-r harness/requirements.txt (line 15))
gate-check	Install harness dependencies	2026-06-21T17:03:22.7006211Z   Downloading iniconfig-2.3.0-py3-none-any.whl.metadata (2.5 kB)
gate-check	Install harness dependencies	2026-06-21T17:03:22.7156009Z Collecting packaging>=20 (from pytest==8.4.2->-r harness/requirements.txt (line 15))
gate-check	Install harness dependencies	2026-06-21T17:03:22.7190351Z   Downloading packaging-26.2-py3-none-any.whl.metadata (3.5 kB)
gate-check	Install harness dependencies	2026-06-21T17:03:22.7311938Z Collecting pluggy<2,>=1.5 (from pytest==8.4.2->-r harness/requirements.txt (line 15))
gate-check	Install harness dependencies	2026-06-21T17:03:22.7345257Z   Downloading pluggy-1.6.0-py3-none-any.whl.metadata (4.8 kB)
gate-check	Install harness dependencies	2026-06-21T17:03:22.7517124Z Collecting pygments>=2.7.2 (from pytest==8.4.2->-r harness/requirements.txt (line 15))
gate-check	Install harness dependencies	2026-06-21T17:03:22.7553504Z   Downloading pygments-2.20.0-py3-none-any.whl.metadata (2.5 kB)
gate-check	Install harness dependencies	2026-06-21T17:03:23.1172668Z Collecting coverage>=7.10.6 (from coverage[toml]>=7.10.6->pytest-cov==7.1.0->-r harness/requirements.txt (line 16))
gate-check	Install harness dependencies	2026-06-21T17:03:23.1213376Z   Downloading coverage-7.14.2-cp311-cp311-manylinux1_x86_64.manylinux_2_28_x86_64.manylinux_2_5_x86_64.whl.metadata (8.6 kB)
gate-check	Install harness dependencies	2026-06-21T17:03:23.1373485Z Collecting py-cpuinfo (from pytest-benchmark==5.2.3->-r harness/requirements.txt (line 17))
gate-check	Install harness dependencies	2026-06-21T17:03:23.1415876Z   Downloading py_cpuinfo-9.0.0-py3-none-any.whl.metadata (794 bytes)
gate-check	Install harness dependencies	2026-06-21T17:03:23.1602412Z Collecting stevedore>=1.20.0 (from bandit==1.8.6->-r harness/requirements.txt (line 20))
gate-check	Install harness dependencies	2026-06-21T17:03:23.1637075Z   Downloading stevedore-5.8.0-py3-none-any.whl.metadata (2.3 kB)
gate-check	Install harness dependencies	2026-06-21T17:03:23.1957268Z Collecting rich (from bandit==1.8.6->-r harness/requirements.txt (line 20))
gate-check	Install harness dependencies	2026-06-21T17:03:23.2025228Z   Downloading rich-15.0.0-py3-none-any.whl.metadata (18 kB)
gate-check	Install harness dependencies	2026-06-21T17:03:23.2154589Z Collecting mando<0.8,>=0.6 (from radon==6.0.1->-r harness/requirements.txt (line 23))
gate-check	Install harness dependencies	2026-06-21T17:03:23.2198575Z   Downloading mando-0.7.1-py2.py3-none-any.whl.metadata (7.4 kB)
gate-check	Install harness dependencies	2026-06-21T17:03:23.2341336Z Collecting colorama>=0.4.1 (from radon==6.0.1->-r harness/requirements.txt (line 23))
gate-check	Install harness dependencies	2026-06-21T17:03:23.2388992Z   Downloading colorama-0.4.6-py2.py3-none-any.whl.metadata (17 kB)
gate-check	Install harness dependencies	2026-06-21T17:03:23.2543096Z Collecting attrs>=21.3 (from semgrep==1.165.0->-r harness/requirements.txt (line 27))
gate-check	Install harness dependencies	2026-06-21T17:03:23.2579537Z   Downloading attrs-26.1.0-py3-none-any.whl.metadata (8.8 kB)
gate-check	Install harness dependencies	2026-06-21T17:03:23.2717769Z Collecting boltons~=21.0 (from semgrep==1.165.0->-r harness/requirements.txt (line 27))
gate-check	Install harness dependencies	2026-06-21T17:03:23.2769139Z   Downloading boltons-21.0.0-py2.py3-none-any.whl.metadata (1.5 kB)
gate-check	Install harness dependencies	2026-06-21T17:03:23.2897422Z Collecting click-option-group~=0.5 (from semgrep==1.165.0->-r harness/requirements.txt (line 27))
gate-check	Install harness dependencies	2026-06-21T17:03:23.2933632Z   Downloading click_option_group-0.5.9-py3-none-any.whl.metadata (5.8 kB)
gate-check	Install harness dependencies	2026-06-21T17:03:23.3117072Z Collecting click~=8.1.8 (from semgrep==1.165.0->-r harness/requirements.txt (line 27))
gate-check	Install harness dependencies	2026-06-21T17:03:23.3156556Z   Downloading click-8.1.8-py3-none-any.whl.metadata (2.3 kB)
gate-check	Install harness dependencies	2026-06-21T17:03:23.3294093Z Collecting exceptiongroup~=1.2.0 (from semgrep==1.165.0->-r harness/requirements.txt (line 27))
gate-check	Install harness dependencies	2026-06-21T17:03:23.3338976Z   Downloading exceptiongroup-1.2.2-py3-none-any.whl.metadata (6.6 kB)
gate-check	Install harness dependencies	2026-06-21T17:03:23.3473233Z Collecting glom>=23.3 (from semgrep==1.165.0->-r harness/requirements.txt (line 27))
gate-check	Install harness dependencies	2026-06-21T17:03:23.3520078Z   Downloading glom-25.12.0-py3-none-any.whl.metadata (5.2 kB)
gate-check	Install harness dependencies	2026-06-21T17:03:23.3718978Z Collecting jsonschema~=4.25.1 (from semgrep==1.165.0->-r harness/requirements.txt (line 27))
gate-check	Install harness dependencies	2026-06-21T17:03:23.3754043Z   Downloading jsonschema-4.25.1-py3-none-any.whl.metadata (7.6 kB)
gate-check	Install harness dependencies	2026-06-21T17:03:23.3922463Z Collecting mcp==1.23.3 (from semgrep==1.165.0->-r harness/requirements.txt (line 27))
gate-check	Install harness dependencies	2026-06-21T17:03:23.3958071Z   Downloading mcp-1.23.3-py3-none-any.whl.metadata (89 kB)
gate-check	Install harness dependencies	2026-06-21T17:03:23.4206409Z Collecting opentelemetry-api~=1.37.0 (from semgrep==1.165.0->-r harness/requirements.txt (line 27))
gate-check	Install harness dependencies	2026-06-21T17:03:23.4244722Z   Downloading opentelemetry_api-1.37.0-py3-none-any.whl.metadata (1.5 kB)
gate-check	Install harness dependencies	2026-06-21T17:03:23.4426107Z Collecting opentelemetry-sdk~=1.37.0 (from semgrep==1.165.0->-r harness/requirements.txt (line 27))
gate-check	Install harness dependencies	2026-06-21T17:03:23.4463250Z   Downloading opentelemetry_sdk-1.37.0-py3-none-any.whl.metadata (1.5 kB)
gate-check	Install harness dependencies	2026-06-21T17:03:23.4645103Z Collecting opentelemetry-instrumentation-requests~=0.58b0 (from semgrep==1.165.0->-r harness/requirements.txt (line 27))
gate-check	Install harness dependencies	2026-06-21T17:03:23.4682551Z   Downloading opentelemetry_instrumentation_requests-0.63b1-py3-none-any.whl.metadata (2.6 kB)
gate-check	Install harness dependencies	2026-06-21T17:03:23.4819405Z Collecting opentelemetry-instrumentation-threading~=0.58b0 (from semgrep==1.165.0->-r harness/requirements.txt (line 27))
gate-check	Install harness dependencies	2026-06-21T17:03:23.4854941Z   Downloading opentelemetry_instrumentation_threading-0.63b1-py3-none-any.whl.metadata (2.1 kB)
gate-check	Install harness dependencies	2026-06-21T17:03:23.5195047Z Collecting peewee~=3.14 (from semgrep==1.165.0->-r harness/requirements.txt (line 27))
gate-check	Install harness dependencies	2026-06-21T17:03:23.5228857Z   Downloading peewee-3.19.0-py3-none-any.whl.metadata (7.0 kB)
gate-check	Install harness dependencies	2026-06-21T17:03:23.5415461Z Collecting pyjwt~=2.12.0 (from pyjwt[crypto]~=2.12.0->semgrep==1.165.0->-r harness/requirements.txt (line 27))
gate-check	Install harness dependencies	2026-06-21T17:03:23.5434504Z   Downloading pyjwt-2.12.1-py3-none-any.whl.metadata (4.1 kB)
gate-check	Install harness dependencies	2026-06-21T17:03:23.5659340Z Collecting requests~=2.22 (from semgrep==1.165.0->-r harness/requirements.txt (line 27))
gate-check	Install harness dependencies	2026-06-21T17:03:23.5694732Z   Downloading requests-2.34.2-py3-none-any.whl.metadata (4.8 kB)
gate-check	Install harness dependencies	2026-06-21T17:03:23.7047218Z Collecting ruamel.yaml>=0.18.15 (from semgrep==1.165.0->-r harness/requirements.txt (line 27))
gate-check	Install harness dependencies	2026-06-21T17:03:23.7088090Z   Downloading ruamel_yaml-0.19.1-py3-none-any.whl.metadata (16 kB)
gate-check	Install harness dependencies	2026-06-21T17:03:23.7453988Z Collecting ruamel.yaml.clib==0.2.15 (from semgrep==1.165.0->-r harness/requirements.txt (line 27))
gate-check	Install harness dependencies	2026-06-21T17:03:23.7495285Z   Downloading ruamel_yaml_clib-0.2.15-cp311-cp311-manylinux2014_x86_64.manylinux_2_17_x86_64.manylinux_2_28_x86_64.whl.metadata (3.5 kB)
gate-check	Install harness dependencies	2026-06-21T17:03:23.7616108Z Collecting semantic-version~=2.10.0 (from semgrep==1.165.0->-r harness/requirements.txt (line 27))
gate-check	Install harness dependencies	2026-06-21T17:03:23.7653284Z   Downloading semantic_version-2.10.0-py2.py3-none-any.whl.metadata (9.7 kB)
gate-check	Install harness dependencies	2026-06-21T17:03:23.7883884Z Collecting tomli~=2.4.0 (from semgrep==1.165.0->-r harness/requirements.txt (line 27))
gate-check	Install harness dependencies	2026-06-21T17:03:23.7947807Z   Downloading tomli-2.4.1-cp311-cp311-manylinux2014_x86_64.manylinux_2_17_x86_64.manylinux_2_28_x86_64.whl.metadata (10 kB)
gate-check	Install harness dependencies	2026-06-21T17:03:23.8197049Z Collecting urllib3~=2.0 (from semgrep==1.165.0->-r harness/requirements.txt (line 27))
gate-check	Install harness dependencies	2026-06-21T17:03:23.8236301Z   Downloading urllib3-2.7.0-py3-none-any.whl.metadata (6.9 kB)
gate-check	Install harness dependencies	2026-06-21T17:03:23.8400617Z Collecting wcmatch~=8.3 (from semgrep==1.165.0->-r harness/requirements.txt (line 27))
gate-check	Install harness dependencies	2026-06-21T17:03:23.8438455Z   Downloading wcmatch-8.5.2-py3-none-any.whl.metadata (4.8 kB)
gate-check	Install harness dependencies	2026-06-21T17:03:23.8597237Z Collecting glob2 (from mutmut==2.5.1->-r harness/requirements.txt (line 41))
gate-check	Install harness dependencies	2026-06-21T17:03:23.8645546Z   Downloading glob2-0.7.tar.gz (10 kB)
gate-check	Install harness dependencies	2026-06-21T17:03:23.8720989Z   Installing build dependencies: started
gate-check	Install harness dependencies	2026-06-21T17:03:24.4610435Z   Installing build dependencies: finished with status 'done'
gate-check	Install harness dependencies	2026-06-21T17:03:24.4617116Z   Getting requirements to build wheel: started
gate-check	Install harness dependencies	2026-06-21T17:03:24.7763248Z   Getting requirements to build wheel: finished with status 'done'
gate-check	Install harness dependencies	2026-06-21T17:03:24.7772005Z   Preparing metadata (pyproject.toml): started
gate-check	Install harness dependencies	2026-06-21T17:03:24.9464581Z   Preparing metadata (pyproject.toml): finished with status 'done'
gate-check	Install harness dependencies	2026-06-21T17:03:24.9595799Z Collecting parso (from mutmut==2.5.1->-r harness/requirements.txt (line 41))
gate-check	Install harness dependencies	2026-06-21T17:03:24.9637800Z   Downloading parso-0.8.7-py2.py3-none-any.whl.metadata (8.2 kB)
gate-check	Install harness dependencies	2026-06-21T17:03:24.9781522Z Collecting pony (from mutmut==2.5.1->-r harness/requirements.txt (line 41))
gate-check	Install harness dependencies	2026-06-21T17:03:24.9833857Z   Downloading pony-0.7.19-py3-none-any.whl.metadata (2.8 kB)
gate-check	Install harness dependencies	2026-06-21T17:03:24.9936548Z Collecting junit-xml<2,>=1.8 (from mutmut==2.5.1->-r harness/requirements.txt (line 41))
gate-check	Install harness dependencies	2026-06-21T17:03:24.9976695Z   Downloading junit_xml-1.9-py2.py3-none-any.whl.metadata (3.2 kB)
gate-check	Install harness dependencies	2026-06-21T17:03:25.0085855Z Collecting toml (from mutmut==2.5.1->-r harness/requirements.txt (line 41))
gate-check	Install harness dependencies	2026-06-21T17:03:25.0118620Z   Downloading toml-0.10.2-py2.py3-none-any.whl.metadata (7.1 kB)
gate-check	Install harness dependencies	2026-06-21T17:03:25.0296057Z Collecting anyio>=4.5 (from mcp==1.23.3->semgrep==1.165.0->-r harness/requirements.txt (line 27))
gate-check	Install harness dependencies	2026-06-21T17:03:25.0333130Z   Downloading anyio-4.14.0-py3-none-any.whl.metadata (4.6 kB)
gate-check	Install harness dependencies	2026-06-21T17:03:25.0456650Z Collecting httpx-sse>=0.4 (from mcp==1.23.3->semgrep==1.165.0->-r harness/requirements.txt (line 27))
gate-check	Install harness dependencies	2026-06-21T17:03:25.0494607Z   Downloading httpx_sse-0.4.3-py3-none-any.whl.metadata (9.7 kB)
gate-check	Install harness dependencies	2026-06-21T17:03:25.0688871Z Collecting httpx>=0.27.1 (from mcp==1.23.3->semgrep==1.165.0->-r harness/requirements.txt (line 27))
gate-check	Install harness dependencies	2026-06-21T17:03:25.0725681Z   Downloading httpx-0.28.1-py3-none-any.whl.metadata (7.1 kB)
gate-check	Install harness dependencies	2026-06-21T17:03:25.0893623Z Collecting pydantic-settings>=2.5.2 (from mcp==1.23.3->semgrep==1.165.0->-r harness/requirements.txt (line 27))
gate-check	Install harness dependencies	2026-06-21T17:03:25.0928730Z   Downloading pydantic_settings-2.14.2-py3-none-any.whl.metadata (3.4 kB)
gate-check	Install harness dependencies	2026-06-21T17:03:25.1909724Z Collecting pydantic<3.0.0,>=2.11.0 (from mcp==1.23.3->semgrep==1.165.0->-r harness/requirements.txt (line 27))
gate-check	Install harness dependencies	2026-06-21T17:03:25.1951045Z   Downloading pydantic-2.13.4-py3-none-any.whl.metadata (109 kB)
gate-check	Install harness dependencies	2026-06-21T17:03:25.2139034Z Collecting python-multipart>=0.0.9 (from mcp==1.23.3->semgrep==1.165.0->-r harness/requirements.txt (line 27))
gate-check	Install harness dependencies	2026-06-21T17:03:25.2173279Z   Downloading python_multipart-0.0.32-py3-none-any.whl.metadata (2.1 kB)
gate-check	Install harness dependencies	2026-06-21T17:03:25.2340483Z Collecting sse-starlette>=1.6.1 (from mcp==1.23.3->semgrep==1.165.0->-r harness/requirements.txt (line 27))
gate-check	Install harness dependencies	2026-06-21T17:03:25.2378344Z   Downloading sse_starlette-3.4.5-py3-none-any.whl.metadata (15 kB)
gate-check	Install harness dependencies	2026-06-21T17:03:25.2635482Z Collecting starlette>=0.27 (from mcp==1.23.3->semgrep==1.165.0->-r harness/requirements.txt (line 27))
gate-check	Install harness dependencies	2026-06-21T17:03:25.2679515Z   Downloading starlette-1.3.1-py3-none-any.whl.metadata (6.4 kB)
gate-check	Install harness dependencies	2026-06-21T17:03:25.2815643Z Collecting typing-inspection>=0.4.1 (from mcp==1.23.3->semgrep==1.165.0->-r harness/requirements.txt (line 27))
gate-check	Install harness dependencies	2026-06-21T17:03:25.2853197Z   Downloading typing_inspection-0.4.2-py3-none-any.whl.metadata (2.6 kB)
gate-check	Install harness dependencies	2026-06-21T17:03:25.3078533Z Collecting uvicorn>=0.31.1 (from mcp==1.23.3->semgrep==1.165.0->-r harness/requirements.txt (line 27))
gate-check	Install harness dependencies	2026-06-21T17:03:25.3118267Z   Downloading uvicorn-0.49.0-py3-none-any.whl.metadata (6.7 kB)
gate-check	Install harness dependencies	2026-06-21T17:03:25.3328651Z Collecting googleapis-common-protos~=1.52 (from opentelemetry-exporter-otlp-proto-http~=1.37.0->-r harness/requirements.txt (line 52))
gate-check	Install harness dependencies	2026-06-21T17:03:25.3364126Z   Downloading googleapis_common_protos-1.75.0-py3-none-any.whl.metadata (8.6 kB)
gate-check	Install harness dependencies	2026-06-21T17:03:25.3524450Z Collecting opentelemetry-exporter-otlp-proto-common==1.37.0 (from opentelemetry-exporter-otlp-proto-http~=1.37.0->-r harness/requirements.txt (line 52))
gate-check	Install harness dependencies	2026-06-21T17:03:25.3558705Z   Downloading opentelemetry_exporter_otlp_proto_common-1.37.0-py3-none-any.whl.metadata (1.8 kB)
gate-check	Install harness dependencies	2026-06-21T17:03:25.3715171Z Collecting opentelemetry-proto==1.37.0 (from opentelemetry-exporter-otlp-proto-http~=1.37.0->-r harness/requirements.txt (line 52))
gate-check	Install harness dependencies	2026-06-21T17:03:25.3748442Z   Downloading opentelemetry_proto-1.37.0-py3-none-any.whl.metadata (2.3 kB)
gate-check	Install harness dependencies	2026-06-21T17:03:25.5604461Z Collecting protobuf<7.0,>=5.0 (from opentelemetry-proto==1.37.0->opentelemetry-exporter-otlp-proto-http~=1.37.0->-r harness/requirements.txt (line 52))
gate-check	Install harness dependencies	2026-06-21T17:03:25.5640805Z   Downloading protobuf-6.33.6-cp39-abi3-manylinux2014_x86_64.whl.metadata (593 bytes)
gate-check	Install harness dependencies	2026-06-21T17:03:25.5896744Z Collecting jsonschema-specifications>=2023.03.6 (from jsonschema~=4.25.1->semgrep==1.165.0->-r harness/requirements.txt (line 27))
gate-check	Install harness dependencies	2026-06-21T17:03:25.5935721Z   Downloading jsonschema_specifications-2025.9.1-py3-none-any.whl.metadata (2.9 kB)
gate-check	Install harness dependencies	2026-06-21T17:03:25.6144179Z Collecting referencing>=0.28.4 (from jsonschema~=4.25.1->semgrep==1.165.0->-r harness/requirements.txt (line 27))
gate-check	Install harness dependencies	2026-06-21T17:03:25.6179428Z   Downloading referencing-0.37.0-py3-none-any.whl.metadata (2.8 kB)
gate-check	Install harness dependencies	2026-06-21T17:03:25.8567020Z Collecting rpds-py>=0.7.1 (from jsonschema~=4.25.1->semgrep==1.165.0->-r harness/requirements.txt (line 27))
gate-check	Install harness dependencies	2026-06-21T17:03:25.8612000Z   Downloading rpds_py-2026.5.1-cp311-cp311-manylinux_2_17_x86_64.manylinux2014_x86_64.whl.metadata (4.1 kB)
gate-check	Install harness dependencies	2026-06-21T17:03:25.8765066Z Collecting six (from junit-xml<2,>=1.8->mutmut==2.5.1->-r harness/requirements.txt (line 41))
gate-check	Install harness dependencies	2026-06-21T17:03:25.8800135Z   Downloading six-1.17.0-py2.py3-none-any.whl.metadata (1.7 kB)
gate-check	Install harness dependencies	2026-06-21T17:03:25.9056985Z Collecting importlib-metadata<8.8.0,>=6.0 (from opentelemetry-api~=1.37.0->semgrep==1.165.0->-r harness/requirements.txt (line 27))
gate-check	Install harness dependencies	2026-06-21T17:03:25.9091834Z   Downloading importlib_metadata-8.7.1-py3-none-any.whl.metadata (4.7 kB)
gate-check	Install harness dependencies	2026-06-21T17:03:25.9288318Z Collecting zipp>=3.20 (from importlib-metadata<8.8.0,>=6.0->opentelemetry-api~=1.37.0->semgrep==1.165.0->-r harness/requirements.txt (line 27))
gate-check	Install harness dependencies	2026-06-21T17:03:25.9324224Z   Downloading zipp-4.1.0-py3-none-any.whl.metadata (3.6 kB)
gate-check	Install harness dependencies	2026-06-21T17:03:25.9552770Z Collecting opentelemetry-instrumentation==0.63b1 (from opentelemetry-instrumentation-requests~=0.58b0->semgrep==1.165.0->-r harness/requirements.txt (line 27))
gate-check	Install harness dependencies	2026-06-21T17:03:25.9587935Z   Downloading opentelemetry_instrumentation-0.63b1-py3-none-any.whl.metadata (7.2 kB)
gate-check	Install harness dependencies	2026-06-21T17:03:25.9766952Z Collecting opentelemetry-semantic-conventions==0.63b1 (from opentelemetry-instrumentation-requests~=0.58b0->semgrep==1.165.0->-r harness/requirements.txt (line 27))
gate-check	Install harness dependencies	2026-06-21T17:03:25.9803780Z   Downloading opentelemetry_semantic_conventions-0.63b1-py3-none-any.whl.metadata (2.4 kB)
gate-check	Install harness dependencies	2026-06-21T17:03:25.9967806Z Collecting opentelemetry-util-http==0.63b1 (from opentelemetry-instrumentation-requests~=0.58b0->semgrep==1.165.0->-r harness/requirements.txt (line 27))
gate-check	Install harness dependencies	2026-06-21T17:03:26.0004788Z   Downloading opentelemetry_util_http-0.63b1-py3-none-any.whl.metadata (2.6 kB)
gate-check	Install harness dependencies	2026-06-21T17:03:26.3041992Z Collecting wrapt<3.0.0,>=1.0.0 (from opentelemetry-instrumentation==0.63b1->opentelemetry-instrumentation-requests~=0.58b0->semgrep==1.165.0->-r harness/requirements.txt (line 27))
gate-check	Install harness dependencies	2026-06-21T17:03:26.3088125Z   Downloading wrapt-2.2.2-cp311-cp311-manylinux1_x86_64.manylinux_2_28_x86_64.manylinux_2_5_x86_64.whl.metadata (7.4 kB)
gate-check	Install harness dependencies	2026-06-21T17:03:26.3204328Z INFO: pip is looking at multiple versions of opentelemetry-semantic-conventions to determine which version is compatible with other requirements. This could take a while.
gate-check	Install harness dependencies	2026-06-21T17:03:26.3212373Z Collecting opentelemetry-instrumentation-requests~=0.58b0 (from semgrep==1.165.0->-r harness/requirements.txt (line 27))
gate-check	Install harness dependencies	2026-06-21T17:03:26.3248661Z   Downloading opentelemetry_instrumentation_requests-0.63b0-py3-none-any.whl.metadata (2.6 kB)
gate-check	Install harness dependencies	2026-06-21T17:03:26.3293152Z Collecting opentelemetry-instrumentation==0.63b0 (from opentelemetry-instrumentation-requests~=0.58b0->semgrep==1.165.0->-r harness/requirements.txt (line 27))
gate-check	Install harness dependencies	2026-06-21T17:03:26.3335790Z   Downloading opentelemetry_instrumentation-0.63b0-py3-none-any.whl.metadata (7.2 kB)
gate-check	Install harness dependencies	2026-06-21T17:03:26.3385689Z Collecting opentelemetry-semantic-conventions==0.63b0 (from opentelemetry-instrumentation-requests~=0.58b0->semgrep==1.165.0->-r harness/requirements.txt (line 27))
gate-check	Install harness dependencies	2026-06-21T17:03:26.3423939Z   Downloading opentelemetry_semantic_conventions-0.63b0-py3-none-any.whl.metadata (2.4 kB)
gate-check	Install harness dependencies	2026-06-21T17:03:26.3463860Z Collecting opentelemetry-util-http==0.63b0 (from opentelemetry-instrumentation-requests~=0.58b0->semgrep==1.165.0->-r harness/requirements.txt (line 27))
gate-check	Install harness dependencies	2026-06-21T17:03:26.3504022Z   Downloading opentelemetry_util_http-0.63b0-py3-none-any.whl.metadata (2.6 kB)
gate-check	Install harness dependencies	2026-06-21T17:03:26.3562743Z Collecting opentelemetry-instrumentation-requests~=0.58b0 (from semgrep==1.165.0->-r harness/requirements.txt (line 27))
gate-check	Install harness dependencies	2026-06-21T17:03:26.3627353Z   Downloading opentelemetry_instrumentation_requests-0.62b1-py3-none-any.whl.metadata (2.7 kB)
gate-check	Install harness dependencies	2026-06-21T17:03:26.3682829Z Collecting opentelemetry-instrumentation==0.62b1 (from opentelemetry-instrumentation-requests~=0.58b0->semgrep==1.165.0->-r harness/requirements.txt (line 27))
gate-check	Install harness dependencies	2026-06-21T17:03:26.3725371Z   Downloading opentelemetry_instrumentation-0.62b1-py3-none-any.whl.metadata (7.2 kB)
gate-check	Install harness dependencies	2026-06-21T17:03:26.3774511Z Collecting opentelemetry-semantic-conventions==0.62b1 (from opentelemetry-instrumentation-requests~=0.58b0->semgrep==1.165.0->-r harness/requirements.txt (line 27))
gate-check	Install harness dependencies	2026-06-21T17:03:26.3814725Z   Downloading opentelemetry_semantic_conventions-0.62b1-py3-none-any.whl.metadata (2.5 kB)
gate-check	Install harness dependencies	2026-06-21T17:03:26.3862564Z Collecting opentelemetry-util-http==0.62b1 (from opentelemetry-instrumentation-requests~=0.58b0->semgrep==1.165.0->-r harness/requirements.txt (line 27))
gate-check	Install harness dependencies	2026-06-21T17:03:26.3899520Z   Downloading opentelemetry_util_http-0.62b1-py3-none-any.whl.metadata (2.6 kB)
gate-check	Install harness dependencies	2026-06-21T17:03:26.3956060Z Collecting opentelemetry-instrumentation-requests~=0.58b0 (from semgrep==1.165.0->-r harness/requirements.txt (line 27))
gate-check	Install harness dependencies	2026-06-21T17:03:26.3994016Z   Downloading opentelemetry_instrumentation_requests-0.62b0-py3-none-any.whl.metadata (2.7 kB)
gate-check	Install harness dependencies	2026-06-21T17:03:26.4043253Z Collecting opentelemetry-instrumentation==0.62b0 (from opentelemetry-instrumentation-requests~=0.58b0->semgrep==1.165.0->-r harness/requirements.txt (line 27))
gate-check	Install harness dependencies	2026-06-21T17:03:26.4084083Z   Downloading opentelemetry_instrumentation-0.62b0-py3-none-any.whl.metadata (7.2 kB)
gate-check	Install harness dependencies	2026-06-21T17:03:26.4130446Z Collecting opentelemetry-semantic-conventions==0.62b0 (from opentelemetry-instrumentation-requests~=0.58b0->semgrep==1.165.0->-r harness/requirements.txt (line 27))
gate-check	Install harness dependencies	2026-06-21T17:03:26.4168884Z   Downloading opentelemetry_semantic_conventions-0.62b0-py3-none-any.whl.metadata (2.5 kB)
gate-check	Install harness dependencies	2026-06-21T17:03:26.4315538Z Collecting opentelemetry-util-http==0.62b0 (from opentelemetry-instrumentation-requests~=0.58b0->semgrep==1.165.0->-r harness/requirements.txt (line 27))
gate-check	Install harness dependencies	2026-06-21T17:03:26.4367946Z   Downloading opentelemetry_util_http-0.62b0-py3-none-any.whl.metadata (2.6 kB)
gate-check	Install harness dependencies	2026-06-21T17:03:26.4419271Z Collecting opentelemetry-instrumentation-requests~=0.58b0 (from semgrep==1.165.0->-r harness/requirements.txt (line 27))
gate-check	Install harness dependencies	2026-06-21T17:03:26.4460748Z   Downloading opentelemetry_instrumentation_requests-0.61b0-py3-none-any.whl.metadata (2.7 kB)
gate-check	Install harness dependencies	2026-06-21T17:03:26.4506141Z Collecting opentelemetry-instrumentation==0.61b0 (from opentelemetry-instrumentation-requests~=0.58b0->semgrep==1.165.0->-r harness/requirements.txt (line 27))
gate-check	Install harness dependencies	2026-06-21T17:03:26.4545386Z   Downloading opentelemetry_instrumentation-0.61b0-py3-none-any.whl.metadata (7.2 kB)
gate-check	Install harness dependencies	2026-06-21T17:03:26.4589750Z Collecting opentelemetry-semantic-conventions==0.61b0 (from opentelemetry-instrumentation-requests~=0.58b0->semgrep==1.165.0->-r harness/requirements.txt (line 27))
gate-check	Install harness dependencies	2026-06-21T17:03:26.4633808Z   Downloading opentelemetry_semantic_conventions-0.61b0-py3-none-any.whl.metadata (2.5 kB)
gate-check	Install harness dependencies	2026-06-21T17:03:26.4672803Z Collecting opentelemetry-util-http==0.61b0 (from opentelemetry-instrumentation-requests~=0.58b0->semgrep==1.165.0->-r harness/requirements.txt (line 27))
gate-check	Install harness dependencies	2026-06-21T17:03:26.4705699Z   Downloading opentelemetry_util_http-0.61b0-py3-none-any.whl.metadata (2.6 kB)
gate-check	Install harness dependencies	2026-06-21T17:03:26.4752789Z Collecting opentelemetry-instrumentation-requests~=0.58b0 (from semgrep==1.165.0->-r harness/requirements.txt (line 27))
gate-check	Install harness dependencies	2026-06-21T17:03:26.4787984Z   Downloading opentelemetry_instrumentation_requests-0.60b1-py3-none-any.whl.metadata (2.6 kB)
gate-check	Install harness dependencies	2026-06-21T17:03:26.4831431Z Collecting opentelemetry-instrumentation==0.60b1 (from opentelemetry-instrumentation-requests~=0.58b0->semgrep==1.165.0->-r harness/requirements.txt (line 27))
gate-check	Install harness dependencies	2026-06-21T17:03:26.4867095Z   Downloading opentelemetry_instrumentation-0.60b1-py3-none-any.whl.metadata (7.2 kB)
gate-check	Install harness dependencies	2026-06-21T17:03:26.4908457Z Collecting opentelemetry-semantic-conventions==0.60b1 (from opentelemetry-instrumentation-requests~=0.58b0->semgrep==1.165.0->-r harness/requirements.txt (line 27))
gate-check	Install harness dependencies	2026-06-21T17:03:26.4957105Z   Downloading opentelemetry_semantic_conventions-0.60b1-py3-none-any.whl.metadata (2.4 kB)
gate-check	Install harness dependencies	2026-06-21T17:03:26.5006539Z Collecting opentelemetry-util-http==0.60b1 (from opentelemetry-instrumentation-requests~=0.58b0->semgrep==1.165.0->-r harness/requirements.txt (line 27))
gate-check	Install harness dependencies	2026-06-21T17:03:26.5053514Z   Downloading opentelemetry_util_http-0.60b1-py3-none-any.whl.metadata (2.6 kB)
gate-check	Install harness dependencies	2026-06-21T17:03:26.5106169Z Collecting opentelemetry-instrumentation-requests~=0.58b0 (from semgrep==1.165.0->-r harness/requirements.txt (line 27))
gate-check	Install harness dependencies	2026-06-21T17:03:26.5144938Z   Downloading opentelemetry_instrumentation_requests-0.60b0-py3-none-any.whl.metadata (2.6 kB)
gate-check	Install harness dependencies	2026-06-21T17:03:26.5190494Z Collecting opentelemetry-instrumentation==0.60b0 (from opentelemetry-instrumentation-requests~=0.58b0->semgrep==1.165.0->-r harness/requirements.txt (line 27))
gate-check	Install harness dependencies	2026-06-21T17:03:26.5237120Z   Downloading opentelemetry_instrumentation-0.60b0-py3-none-any.whl.metadata (7.2 kB)
gate-check	Install harness dependencies	2026-06-21T17:03:26.5280302Z Collecting opentelemetry-semantic-conventions==0.60b0 (from opentelemetry-instrumentation-requests~=0.58b0->semgrep==1.165.0->-r harness/requirements.txt (line 27))
gate-check	Install harness dependencies	2026-06-21T17:03:26.5326850Z   Downloading opentelemetry_semantic_conventions-0.60b0-py3-none-any.whl.metadata (2.4 kB)
gate-check	Install harness dependencies	2026-06-21T17:03:26.5367394Z Collecting opentelemetry-util-http==0.60b0 (from opentelemetry-instrumentation-requests~=0.58b0->semgrep==1.165.0->-r harness/requirements.txt (line 27))
gate-check	Install harness dependencies	2026-06-21T17:03:26.5411810Z   Downloading opentelemetry_util_http-0.60b0-py3-none-any.whl.metadata (2.6 kB)
gate-check	Install harness dependencies	2026-06-21T17:03:26.5462813Z Collecting opentelemetry-instrumentation-requests~=0.58b0 (from semgrep==1.165.0->-r harness/requirements.txt (line 27))
gate-check	Install harness dependencies	2026-06-21T17:03:26.5498550Z   Downloading opentelemetry_instrumentation_requests-0.59b0-py3-none-any.whl.metadata (2.6 kB)
gate-check	Install harness dependencies	2026-06-21T17:03:26.5563361Z Collecting opentelemetry-instrumentation==0.59b0 (from opentelemetry-instrumentation-requests~=0.58b0->semgrep==1.165.0->-r harness/requirements.txt (line 27))
gate-check	Install harness dependencies	2026-06-21T17:03:26.5600627Z   Downloading opentelemetry_instrumentation-0.59b0-py3-none-any.whl.metadata (7.1 kB)
gate-check	Install harness dependencies	2026-06-21T17:03:26.5649241Z Collecting opentelemetry-semantic-conventions==0.59b0 (from opentelemetry-instrumentation-requests~=0.58b0->semgrep==1.165.0->-r harness/requirements.txt (line 27))
gate-check	Install harness dependencies	2026-06-21T17:03:26.5684926Z   Downloading opentelemetry_semantic_conventions-0.59b0-py3-none-any.whl.metadata (2.4 kB)
gate-check	Install harness dependencies	2026-06-21T17:03:26.5725103Z Collecting opentelemetry-util-http==0.59b0 (from opentelemetry-instrumentation-requests~=0.58b0->semgrep==1.165.0->-r harness/requirements.txt (line 27))
gate-check	Install harness dependencies	2026-06-21T17:03:26.5764525Z   Downloading opentelemetry_util_http-0.59b0-py3-none-any.whl.metadata (2.6 kB)
gate-check	Install harness dependencies	2026-06-21T17:03:26.5812623Z INFO: pip is still looking at multiple versions of opentelemetry-semantic-conventions to determine which version is compatible with other requirements. This could take a while.
gate-check	Install harness dependencies	2026-06-21T17:03:26.5819521Z Collecting opentelemetry-instrumentation-requests~=0.58b0 (from semgrep==1.165.0->-r harness/requirements.txt (line 27))
gate-check	Install harness dependencies	2026-06-21T17:03:26.5853193Z   Downloading opentelemetry_instrumentation_requests-0.58b0-py3-none-any.whl.metadata (2.6 kB)
gate-check	Install harness dependencies	2026-06-21T17:03:26.5897636Z Collecting opentelemetry-instrumentation==0.58b0 (from opentelemetry-instrumentation-requests~=0.58b0->semgrep==1.165.0->-r harness/requirements.txt (line 27))
gate-check	Install harness dependencies	2026-06-21T17:03:26.5932261Z   Downloading opentelemetry_instrumentation-0.58b0-py3-none-any.whl.metadata (7.1 kB)
gate-check	Install harness dependencies	2026-06-21T17:03:26.5973773Z Collecting opentelemetry-semantic-conventions==0.58b0 (from opentelemetry-instrumentation-requests~=0.58b0->semgrep==1.165.0->-r harness/requirements.txt (line 27))
gate-check	Install harness dependencies	2026-06-21T17:03:26.6028209Z   Downloading opentelemetry_semantic_conventions-0.58b0-py3-none-any.whl.metadata (2.4 kB)
gate-check	Install harness dependencies	2026-06-21T17:03:26.6069386Z Collecting opentelemetry-util-http==0.58b0 (from opentelemetry-instrumentation-requests~=0.58b0->semgrep==1.165.0->-r harness/requirements.txt (line 27))
gate-check	Install harness dependencies	2026-06-21T17:03:26.6103677Z   Downloading opentelemetry_util_http-0.58b0-py3-none-any.whl.metadata (2.6 kB)
gate-check	Install harness dependencies	2026-06-21T17:03:26.6187726Z Collecting wrapt<2.0.0,>=1.0.0 (from opentelemetry-instrumentation==0.58b0->opentelemetry-instrumentation-requests~=0.58b0->semgrep==1.165.0->-r harness/requirements.txt (line 27))
gate-check	Install harness dependencies	2026-06-21T17:03:26.6226016Z   Downloading wrapt-1.17.3-cp311-cp311-manylinux1_x86_64.manylinux_2_28_x86_64.manylinux_2_5_x86_64.whl.metadata (6.4 kB)
gate-check	Install harness dependencies	2026-06-21T17:03:26.6284702Z INFO: pip is looking at multiple versions of opentelemetry-instrumentation-threading to determine which version is compatible with other requirements. This could take a while.
gate-check	Install harness dependencies	2026-06-21T17:03:26.6287898Z Collecting opentelemetry-instrumentation-threading~=0.58b0 (from semgrep==1.165.0->-r harness/requirements.txt (line 27))
gate-check	Install harness dependencies	2026-06-21T17:03:26.6332024Z   Downloading opentelemetry_instrumentation_threading-0.63b0-py3-none-any.whl.metadata (2.1 kB)
gate-check	Install harness dependencies	2026-06-21T17:03:26.6411039Z   Downloading opentelemetry_instrumentation_threading-0.62b1-py3-none-any.whl.metadata (2.2 kB)
gate-check	Install harness dependencies	2026-06-21T17:03:26.6487150Z   Downloading opentelemetry_instrumentation_threading-0.62b0-py3-none-any.whl.metadata (2.2 kB)
gate-check	Install harness dependencies	2026-06-21T17:03:26.6561231Z   Downloading opentelemetry_instrumentation_threading-0.61b0-py3-none-any.whl.metadata (2.2 kB)
gate-check	Install harness dependencies	2026-06-21T17:03:26.6636507Z   Downloading opentelemetry_instrumentation_threading-0.60b1-py3-none-any.whl.metadata (2.1 kB)
gate-check	Install harness dependencies	2026-06-21T17:03:26.6721275Z   Downloading opentelemetry_instrumentation_threading-0.60b0-py3-none-any.whl.metadata (2.1 kB)
gate-check	Install harness dependencies	2026-06-21T17:03:26.6797341Z   Downloading opentelemetry_instrumentation_threading-0.59b0-py3-none-any.whl.metadata (2.1 kB)
gate-check	Install harness dependencies	2026-06-21T17:03:26.6836977Z INFO: pip is still looking at multiple versions of opentelemetry-instrumentation-threading to determine which version is compatible with other requirements. This could take a while.
gate-check	Install harness dependencies	2026-06-21T17:03:26.6873850Z   Downloading opentelemetry_instrumentation_threading-0.58b0-py3-none-any.whl.metadata (2.1 kB)
gate-check	Install harness dependencies	2026-06-21T17:03:26.7027996Z Collecting annotated-types>=0.6.0 (from pydantic<3.0.0,>=2.11.0->mcp==1.23.3->semgrep==1.165.0->-r harness/requirements.txt (line 27))
gate-check	Install harness dependencies	2026-06-21T17:03:26.7063979Z   Downloading annotated_types-0.7.0-py3-none-any.whl.metadata (15 kB)
gate-check	Install harness dependencies	2026-06-21T17:03:27.3719219Z Collecting pydantic-core==2.46.4 (from pydantic<3.0.0,>=2.11.0->mcp==1.23.3->semgrep==1.165.0->-r harness/requirements.txt (line 27))
gate-check	Install harness dependencies	2026-06-21T17:03:27.3758701Z   Downloading pydantic_core-2.46.4-cp311-cp311-manylinux_2_17_x86_64.manylinux2014_x86_64.whl.metadata (6.6 kB)
gate-check	Install harness dependencies	2026-06-21T17:03:27.6070878Z Collecting cryptography>=3.4.0 (from pyjwt[crypto]~=2.12.0->semgrep==1.165.0->-r harness/requirements.txt (line 27))
gate-check	Install harness dependencies	2026-06-21T17:03:27.6116736Z   Downloading cryptography-49.0.0-cp311-abi3-manylinux_2_34_x86_64.whl.metadata (4.3 kB)
gate-check	Install harness dependencies	2026-06-21T17:03:27.6996374Z Collecting charset_normalizer<4,>=2 (from requests~=2.22->semgrep==1.165.0->-r harness/requirements.txt (line 27))
gate-check	Install harness dependencies	2026-06-21T17:03:27.7036121Z   Downloading charset_normalizer-3.4.7-cp311-cp311-manylinux2014_x86_64.manylinux_2_17_x86_64.manylinux_2_28_x86_64.whl.metadata (40 kB)
gate-check	Install harness dependencies	2026-06-21T17:03:27.7202400Z Collecting idna<4,>=2.5 (from requests~=2.22->semgrep==1.165.0->-r harness/requirements.txt (line 27))
gate-check	Install harness dependencies	2026-06-21T17:03:27.7239107Z   Downloading idna-3.18-py3-none-any.whl.metadata (6.1 kB)
gate-check	Install harness dependencies	2026-06-21T17:03:27.7430584Z Collecting certifi>=2023.5.7 (from requests~=2.22->semgrep==1.165.0->-r harness/requirements.txt (line 27))
gate-check	Install harness dependencies	2026-06-21T17:03:27.7489810Z   Downloading certifi-2026.6.17-py3-none-any.whl.metadata (2.5 kB)
gate-check	Install harness dependencies	2026-06-21T17:03:27.7662087Z Collecting bracex>=2.1.1 (from wcmatch~=8.3->semgrep==1.165.0->-r harness/requirements.txt (line 27))
gate-check	Install harness dependencies	2026-06-21T17:03:27.7697390Z   Downloading bracex-2.6-py3-none-any.whl.metadata (3.6 kB)
gate-check	Install harness dependencies	2026-06-21T17:03:27.8704290Z Collecting cffi>=2.0.0 (from cryptography>=3.4.0->pyjwt[crypto]~=2.12.0->semgrep==1.165.0->-r harness/requirements.txt (line 27))
gate-check	Install harness dependencies	2026-06-21T17:03:27.8744212Z   Downloading cffi-2.0.0-cp311-cp311-manylinux2014_x86_64.manylinux_2_17_x86_64.whl.metadata (2.6 kB)
gate-check	Install harness dependencies	2026-06-21T17:03:27.8872987Z Collecting pycparser (from cffi>=2.0.0->cryptography>=3.4.0->pyjwt[crypto]~=2.12.0->semgrep==1.165.0->-r harness/requirements.txt (line 27))
gate-check	Install harness dependencies	2026-06-21T17:03:27.8906885Z   Downloading pycparser-3.0-py3-none-any.whl.metadata (8.2 kB)
gate-check	Install harness dependencies	2026-06-21T17:03:27.9037267Z Collecting face>=20.1.1 (from glom>=23.3->semgrep==1.165.0->-r harness/requirements.txt (line 27))
gate-check	Install harness dependencies	2026-06-21T17:03:27.9071525Z   Downloading face-26.0.1-py3-none-any.whl.metadata (1.8 kB)
gate-check	Install harness dependencies	2026-06-21T17:03:27.9243275Z Collecting httpcore==1.* (from httpx>=0.27.1->mcp==1.23.3->semgrep==1.165.0->-r harness/requirements.txt (line 27))
gate-check	Install harness dependencies	2026-06-21T17:03:27.9279223Z   Downloading httpcore-1.0.9-py3-none-any.whl.metadata (21 kB)
gate-check	Install harness dependencies	2026-06-21T17:03:27.9414180Z Collecting h11>=0.16 (from httpcore==1.*->httpx>=0.27.1->mcp==1.23.3->semgrep==1.165.0->-r harness/requirements.txt (line 27))
gate-check	Install harness dependencies	2026-06-21T17:03:27.9450162Z   Downloading h11-0.16.0-py3-none-any.whl.metadata (8.3 kB)
gate-check	Install harness dependencies	2026-06-21T17:03:27.9711554Z Collecting python-dotenv>=0.21.0 (from pydantic-settings>=2.5.2->mcp==1.23.3->semgrep==1.165.0->-r harness/requirements.txt (line 27))
gate-check	Install harness dependencies	2026-06-21T17:03:27.9744654Z   Downloading python_dotenv-1.2.2-py3-none-any.whl.metadata (27 kB)
gate-check	Install harness dependencies	2026-06-21T17:03:27.9986157Z Collecting markdown-it-py>=2.2.0 (from rich->bandit==1.8.6->-r harness/requirements.txt (line 20))
gate-check	Install harness dependencies	2026-06-21T17:03:28.0021452Z   Downloading markdown_it_py-4.2.0-py3-none-any.whl.metadata (7.4 kB)
gate-check	Install harness dependencies	2026-06-21T17:03:28.0172441Z Collecting mdurl~=0.1 (from markdown-it-py>=2.2.0->rich->bandit==1.8.6->-r harness/requirements.txt (line 20))
gate-check	Install harness dependencies	2026-06-21T17:03:28.0208759Z   Downloading mdurl-0.1.2-py3-none-any.whl.metadata (1.6 kB)
gate-check	Install harness dependencies	2026-06-21T17:03:28.0503656Z Downloading ruff-0.15.13-py3-none-manylinux_2_17_x86_64.manylinux2014_x86_64.whl (11.4 MB)
gate-check	Install harness dependencies	2026-06-21T17:03:28.1416305Z    ━━━━━━━━━━━━━━━━━━━━━━━━━━━━━━━━━━━━━━━━ 11.4/11.4 MB 128.7 MB/s  0:00:00
gate-check	Install harness dependencies	2026-06-21T17:03:28.1496443Z Downloading mypy-1.19.1-cp311-cp311-manylinux2014_x86_64.manylinux_2_17_x86_64.manylinux_2_28_x86_64.whl (13.4 MB)
gate-check	Install harness dependencies	2026-06-21T17:03:28.2396982Z    ━━━━━━━━━━━━━━━━━━━━━━━━━━━━━━━━━━━━━━━━ 13.4/13.4 MB 152.2 MB/s  0:00:00
gate-check	Install harness dependencies	2026-06-21T17:03:28.2434175Z Downloading pyright-1.1.409-py3-none-any.whl (6.4 MB)
gate-check	Install harness dependencies	2026-06-21T17:03:28.2960236Z    ━━━━━━━━━━━━━━━━━━━━━━━━━━━━━━━━━━━━━━━━ 6.4/6.4 MB 130.6 MB/s  0:00:00
gate-check	Install harness dependencies	2026-06-21T17:03:28.2999839Z Downloading pytest-8.4.2-py3-none-any.whl (365 kB)
gate-check	Install harness dependencies	2026-06-21T17:03:28.3071379Z Downloading pytest_cov-7.1.0-py3-none-any.whl (22 kB)
gate-check	Install harness dependencies	2026-06-21T17:03:28.3139988Z Downloading pytest_benchmark-5.2.3-py3-none-any.whl (45 kB)
gate-check	Install harness dependencies	2026-06-21T17:03:28.3211946Z Downloading bandit-1.8.6-py3-none-any.whl (133 kB)
gate-check	Install harness dependencies	2026-06-21T17:03:28.3292282Z Downloading radon-6.0.1-py2.py3-none-any.whl (52 kB)
gate-check	Install harness dependencies	2026-06-21T17:03:28.3393479Z Downloading semgrep-1.165.0-cp310.cp311.cp312.cp313.cp314.py310.py311.py312.py313.py314-none-manylinux_2_34_x86_64.whl (68.9 MB)
gate-check	Install harness dependencies	2026-06-21T17:03:28.7203831Z    ━━━━━━━━━━━━━━━━━━━━━━━━━━━━━━━━━━━━━━━━ 68.9/68.9 MB 181.6 MB/s  0:00:00
gate-check	Install harness dependencies	2026-06-21T17:03:28.7249747Z Downloading tree_sitter-0.25.2-cp311-cp311-manylinux2014_x86_64.manylinux_2_17_x86_64.manylinux_2_28_x86_64.whl (632 kB)
gate-check	Install harness dependencies	2026-06-21T17:03:28.7308893Z    ━━━━━━━━━━━━━━━━━━━━━━━━━━━━━━━━━━━━━━━━ 632.2/632.2 kB 120.0 MB/s  0:00:00
gate-check	Install harness dependencies	2026-06-21T17:03:28.7347135Z Downloading tree_sitter_javascript-0.25.0-cp310-abi3-manylinux1_x86_64.manylinux_2_28_x86_64.manylinux_2_5_x86_64.whl (99 kB)
gate-check	Install harness dependencies	2026-06-21T17:03:28.7404312Z Downloading tree_sitter_typescript-0.23.2-cp39-abi3-manylinux_2_5_x86_64.manylinux1_x86_64.manylinux_2_17_x86_64.manylinux2014_x86_64.whl (344 kB)
gate-check	Install harness dependencies	2026-06-21T17:03:28.7501978Z Downloading pyyaml-6.0.3-cp311-cp311-manylinux2014_x86_64.manylinux_2_17_x86_64.manylinux_2_28_x86_64.whl (806 kB)
gate-check	Install harness dependencies	2026-06-21T17:03:28.7559668Z    ━━━━━━━━━━━━━━━━━━━━━━━━━━━━━━━━━━━━━━━━ 806.6/806.6 kB 161.5 MB/s  0:00:00
gate-check	Install harness dependencies	2026-06-21T17:03:28.7595761Z Downloading mcp-1.23.3-py3-none-any.whl (231 kB)
gate-check	Install harness dependencies	2026-06-21T17:03:28.7673336Z Downloading ruamel_yaml_clib-0.2.15-cp311-cp311-manylinux2014_x86_64.manylinux_2_17_x86_64.manylinux_2_28_x86_64.whl (777 kB)
gate-check	Install harness dependencies	2026-06-21T17:03:28.7744161Z    ━━━━━━━━━━━━━━━━━━━━━━━━━━━━━━━━━━━━━━━━ 777.6/777.6 kB 155.5 MB/s  0:00:00
gate-check	Install harness dependencies	2026-06-21T17:03:28.7781099Z Downloading opentelemetry_exporter_otlp_proto_http-1.37.0-py3-none-any.whl (19 kB)
gate-check	Install harness dependencies	2026-06-21T17:03:28.7836222Z Downloading opentelemetry_exporter_otlp_proto_common-1.37.0-py3-none-any.whl (18 kB)
gate-check	Install harness dependencies	2026-06-21T17:03:28.7889914Z Downloading opentelemetry_proto-1.37.0-py3-none-any.whl (72 kB)
gate-check	Install harness dependencies	2026-06-21T17:03:28.7948628Z Downloading boltons-21.0.0-py2.py3-none-any.whl (193 kB)
gate-check	Install harness dependencies	2026-06-21T17:03:28.8007289Z Downloading click-8.1.8-py3-none-any.whl (98 kB)
gate-check	Install harness dependencies	2026-06-21T17:03:28.8064683Z Downloading click_option_group-0.5.9-py3-none-any.whl (11 kB)
gate-check	Install harness dependencies	2026-06-21T17:03:28.8115423Z Downloading colorama-0.4.6-py2.py3-none-any.whl (25 kB)
gate-check	Install harness dependencies	2026-06-21T17:03:28.8170380Z Downloading exceptiongroup-1.2.2-py3-none-any.whl (16 kB)
gate-check	Install harness dependencies	2026-06-21T17:03:28.8224240Z Downloading googleapis_common_protos-1.75.0-py3-none-any.whl (300 kB)
gate-check	Install harness dependencies	2026-06-21T17:03:28.8281885Z Downloading jsonschema-4.25.1-py3-none-any.whl (90 kB)
gate-check	Install harness dependencies	2026-06-21T17:03:28.8343832Z Downloading junit_xml-1.9-py2.py3-none-any.whl (7.1 kB)
gate-check	Install harness dependencies	2026-06-21T17:03:28.8406137Z Downloading mando-0.7.1-py2.py3-none-any.whl (28 kB)
gate-check	Install harness dependencies	2026-06-21T17:03:28.8457711Z Downloading opentelemetry_api-1.37.0-py3-none-any.whl (65 kB)
gate-check	Install harness dependencies	2026-06-21T17:03:28.8516629Z Downloading importlib_metadata-8.7.1-py3-none-any.whl (27 kB)
gate-check	Install harness dependencies	2026-06-21T17:03:28.8571891Z Downloading opentelemetry_instrumentation_requests-0.58b0-py3-none-any.whl (12 kB)
gate-check	Install harness dependencies	2026-06-21T17:03:28.8630362Z Downloading opentelemetry_semantic_conventions-0.58b0-py3-none-any.whl (207 kB)
gate-check	Install harness dependencies	2026-06-21T17:03:28.8696585Z Downloading opentelemetry_instrumentation-0.58b0-py3-none-any.whl (33 kB)
gate-check	Install harness dependencies	2026-06-21T17:03:28.8747928Z Downloading opentelemetry_util_http-0.58b0-py3-none-any.whl (7.7 kB)
gate-check	Install harness dependencies	2026-06-21T17:03:28.8799378Z Downloading opentelemetry_instrumentation_threading-0.58b0-py3-none-any.whl (9.3 kB)
gate-check	Install harness dependencies	2026-06-21T17:03:28.8854008Z Downloading opentelemetry_sdk-1.37.0-py3-none-any.whl (131 kB)
gate-check	Install harness dependencies	2026-06-21T17:03:28.8917954Z Downloading peewee-3.19.0-py3-none-any.whl (411 kB)
gate-check	Install harness dependencies	2026-06-21T17:03:28.9132743Z Downloading pluggy-1.6.0-py3-none-any.whl (20 kB)
gate-check	Install harness dependencies	2026-06-21T17:03:28.9191349Z Downloading protobuf-6.33.6-cp39-abi3-manylinux2014_x86_64.whl (323 kB)
gate-check	Install harness dependencies	2026-06-21T17:03:28.9265792Z Downloading pydantic-2.13.4-py3-none-any.whl (472 kB)
gate-check	Install harness dependencies	2026-06-21T17:03:28.9332817Z Downloading pydantic_core-2.46.4-cp311-cp311-manylinux_2_17_x86_64.manylinux2014_x86_64.whl (2.1 MB)
gate-check	Install harness dependencies	2026-06-21T17:03:28.9424645Z    ━━━━━━━━━━━━━━━━━━━━━━━━━━━━━━━━━━━━━━━━ 2.1/2.1 MB 267.8 MB/s  0:00:00
gate-check	Install harness dependencies	2026-06-21T17:03:28.9462422Z Downloading pyjwt-2.12.1-py3-none-any.whl (29 kB)
gate-check	Install harness dependencies	2026-06-21T17:03:28.9527366Z Downloading requests-2.34.2-py3-none-any.whl (73 kB)
gate-check	Install harness dependencies	2026-06-21T17:03:28.9581848Z Downloading charset_normalizer-3.4.7-cp311-cp311-manylinux2014_x86_64.manylinux_2_17_x86_64.manylinux_2_28_x86_64.whl (214 kB)
gate-check	Install harness dependencies	2026-06-21T17:03:28.9640726Z Downloading idna-3.18-py3-none-any.whl (65 kB)
gate-check	Install harness dependencies	2026-06-21T17:03:28.9697479Z Downloading semantic_version-2.10.0-py2.py3-none-any.whl (15 kB)
gate-check	Install harness dependencies	2026-06-21T17:03:28.9748232Z Downloading tomli-2.4.1-cp311-cp311-manylinux2014_x86_64.manylinux_2_17_x86_64.manylinux_2_28_x86_64.whl (243 kB)
gate-check	Install harness dependencies	2026-06-21T17:03:28.9819707Z Downloading typing_extensions-4.15.0-py3-none-any.whl (44 kB)
gate-check	Install harness dependencies	2026-06-21T17:03:28.9874324Z Downloading urllib3-2.7.0-py3-none-any.whl (131 kB)
gate-check	Install harness dependencies	2026-06-21T17:03:28.9930857Z Downloading wcmatch-8.5.2-py3-none-any.whl (39 kB)
gate-check	Install harness dependencies	2026-06-21T17:03:28.9985212Z Downloading wrapt-1.17.3-cp311-cp311-manylinux1_x86_64.manylinux_2_28_x86_64.manylinux_2_5_x86_64.whl (82 kB)
gate-check	Install harness dependencies	2026-06-21T17:03:29.0040554Z Downloading annotated_types-0.7.0-py3-none-any.whl (13 kB)
gate-check	Install harness dependencies	2026-06-21T17:03:29.0095131Z Downloading anyio-4.14.0-py3-none-any.whl (123 kB)
gate-check	Install harness dependencies	2026-06-21T17:03:29.0151042Z Downloading attrs-26.1.0-py3-none-any.whl (67 kB)
gate-check	Install harness dependencies	2026-06-21T17:03:29.0219595Z Downloading bracex-2.6-py3-none-any.whl (11 kB)
gate-check	Install harness dependencies	2026-06-21T17:03:29.0272802Z Downloading certifi-2026.6.17-py3-none-any.whl (133 kB)
gate-check	Install harness dependencies	2026-06-21T17:03:29.0329285Z Downloading coverage-7.14.2-cp311-cp311-manylinux1_x86_64.manylinux_2_28_x86_64.manylinux_2_5_x86_64.whl (253 kB)
gate-check	Install harness dependencies	2026-06-21T17:03:29.0389418Z Downloading cryptography-49.0.0-cp311-abi3-manylinux_2_34_x86_64.whl (4.7 MB)
gate-check	Install harness dependencies	2026-06-21T17:03:29.0564436Z    ━━━━━━━━━━━━━━━━━━━━━━━━━━━━━━━━━━━━━━━━ 4.7/4.7 MB 300.4 MB/s  0:00:00
gate-check	Install harness dependencies	2026-06-21T17:03:29.0608475Z Downloading cffi-2.0.0-cp311-cp311-manylinux2014_x86_64.manylinux_2_17_x86_64.whl (215 kB)
gate-check	Install harness dependencies	2026-06-21T17:03:29.0684209Z Downloading glom-25.12.0-py3-none-any.whl (103 kB)
gate-check	Install harness dependencies	2026-06-21T17:03:29.0756477Z Downloading face-26.0.1-py3-none-any.whl (57 kB)
gate-check	Install harness dependencies	2026-06-21T17:03:29.0826691Z Downloading httpx-0.28.1-py3-none-any.whl (73 kB)
gate-check	Install harness dependencies	2026-06-21T17:03:29.0885042Z Downloading httpcore-1.0.9-py3-none-any.whl (78 kB)
gate-check	Install harness dependencies	2026-06-21T17:03:29.0955825Z Downloading h11-0.16.0-py3-none-any.whl (37 kB)
gate-check	Install harness dependencies	2026-06-21T17:03:29.1012850Z Downloading httpx_sse-0.4.3-py3-none-any.whl (9.0 kB)
gate-check	Install harness dependencies	2026-06-21T17:03:29.1068032Z Downloading iniconfig-2.3.0-py3-none-any.whl (7.5 kB)
gate-check	Install harness dependencies	2026-06-21T17:03:29.1119692Z Downloading jsonschema_specifications-2025.9.1-py3-none-any.whl (18 kB)
gate-check	Install harness dependencies	2026-06-21T17:03:29.1171387Z Downloading librt-0.11.0-cp311-cp311-manylinux2014_x86_64.manylinux_2_17_x86_64.manylinux_2_28_x86_64.whl (497 kB)
gate-check	Install harness dependencies	2026-06-21T17:03:29.1235050Z Downloading mypy_extensions-1.1.0-py3-none-any.whl (5.0 kB)
gate-check	Install harness dependencies	2026-06-21T17:03:29.1290702Z Downloading nodeenv-1.10.0-py2.py3-none-any.whl (23 kB)
gate-check	Install harness dependencies	2026-06-21T17:03:29.1350242Z Downloading packaging-26.2-py3-none-any.whl (100 kB)
gate-check	Install harness dependencies	2026-06-21T17:03:29.1425123Z Downloading pathspec-1.1.1-py3-none-any.whl (57 kB)
gate-check	Install harness dependencies	2026-06-21T17:03:29.1479582Z Downloading pydantic_settings-2.14.2-py3-none-any.whl (61 kB)
gate-check	Install harness dependencies	2026-06-21T17:03:29.1537468Z Downloading pygments-2.20.0-py3-none-any.whl (1.2 MB)
gate-check	Install harness dependencies	2026-06-21T17:03:29.1663477Z    ━━━━━━━━━━━━━━━━━━━━━━━━━━━━━━━━━━━━━━━━ 1.2/1.2 MB 95.4 MB/s  0:00:00
gate-check	Install harness dependencies	2026-06-21T17:03:29.1698369Z Downloading python_dotenv-1.2.2-py3-none-any.whl (22 kB)
gate-check	Install harness dependencies	2026-06-21T17:03:29.1759004Z Downloading python_multipart-0.0.32-py3-none-any.whl (30 kB)
gate-check	Install harness dependencies	2026-06-21T17:03:29.1816179Z Downloading referencing-0.37.0-py3-none-any.whl (26 kB)
gate-check	Install harness dependencies	2026-06-21T17:03:29.1882228Z Downloading rich-15.0.0-py3-none-any.whl (310 kB)
gate-check	Install harness dependencies	2026-06-21T17:03:29.1942397Z Downloading markdown_it_py-4.2.0-py3-none-any.whl (91 kB)
gate-check	Install harness dependencies	2026-06-21T17:03:29.1997482Z Downloading mdurl-0.1.2-py3-none-any.whl (10.0 kB)
gate-check	Install harness dependencies	2026-06-21T17:03:29.2050378Z Downloading rpds_py-2026.5.1-cp311-cp311-manylinux_2_17_x86_64.manylinux2014_x86_64.whl (378 kB)
gate-check	Install harness dependencies	2026-06-21T17:03:29.2122620Z Downloading ruamel_yaml-0.19.1-py3-none-any.whl (118 kB)
gate-check	Install harness dependencies	2026-06-21T17:03:29.2177360Z Downloading sse_starlette-3.4.5-py3-none-any.whl (16 kB)
gate-check	Install harness dependencies	2026-06-21T17:03:29.2237181Z Downloading starlette-1.3.1-py3-none-any.whl (73 kB)
gate-check	Install harness dependencies	2026-06-21T17:03:29.2291453Z Downloading stevedore-5.8.0-py3-none-any.whl (54 kB)
gate-check	Install harness dependencies	2026-06-21T17:03:29.2348193Z Downloading typing_inspection-0.4.2-py3-none-any.whl (14 kB)
gate-check	Install harness dependencies	2026-06-21T17:03:29.2410830Z Downloading uvicorn-0.49.0-py3-none-any.whl (71 kB)
gate-check	Install harness dependencies	2026-06-21T17:03:29.2465572Z Downloading zipp-4.1.0-py3-none-any.whl (10 kB)
gate-check	Install harness dependencies	2026-06-21T17:03:29.2521072Z Downloading parso-0.8.7-py2.py3-none-any.whl (107 kB)
gate-check	Install harness dependencies	2026-06-21T17:03:29.2595526Z Downloading pony-0.7.19-py3-none-any.whl (317 kB)
gate-check	Install harness dependencies	2026-06-21T17:03:29.2658986Z Downloading py_cpuinfo-9.0.0-py3-none-any.whl (22 kB)
gate-check	Install harness dependencies	2026-06-21T17:03:29.2721733Z Downloading pycparser-3.0-py3-none-any.whl (48 kB)
gate-check	Install harness dependencies	2026-06-21T17:03:29.2783625Z Downloading six-1.17.0-py2.py3-none-any.whl (11 kB)
gate-check	Install harness dependencies	2026-06-21T17:03:29.2839203Z Downloading toml-0.10.2-py2.py3-none-any.whl (16 kB)
gate-check	Install harness dependencies	2026-06-21T17:03:29.5343807Z Building wheels for collected packages: mutmut, glob2
gate-check	Install harness dependencies	2026-06-21T17:03:29.5353561Z   Building wheel for mutmut (pyproject.toml): started
gate-check	Install harness dependencies	2026-06-21T17:03:29.7578208Z   Building wheel for mutmut (pyproject.toml): finished with status 'done'
gate-check	Install harness dependencies	2026-06-21T17:03:29.7585183Z   Created wheel for mutmut: filename=mutmut-2.5.1-py2.py3-none-any.whl size=31439 sha256=e1c4b2ffed2c31164108474327162f96bcbae33bfb76cafa7270fff48d681b1b
gate-check	Install harness dependencies	2026-06-21T17:03:29.7587085Z   Stored in directory: /home/runner/.cache/pip/wheels/de/da/26/9335ec3b5a0d10f61a64e2719152627ecfb2914c8edcbef538
gate-check	Install harness dependencies	2026-06-21T17:03:29.7619409Z   Building wheel for glob2 (pyproject.toml): started
gate-check	Install harness dependencies	2026-06-21T17:03:29.9644540Z   Building wheel for glob2 (pyproject.toml): finished with status 'done'
gate-check	Install harness dependencies	2026-06-21T17:03:29.9652306Z   Created wheel for glob2: filename=glob2-0.7-py2.py3-none-any.whl size=9364 sha256=3b540ddb971941549610d6d6ea1317e89a243ed9d3593bfae6d6c3191e568947
gate-check	Install harness dependencies	2026-06-21T17:03:29.9655262Z   Stored in directory: /home/runner/.cache/pip/wheels/96/41/06/9f8fddc6eb1d75bde63db7f491311a4ae26905212617e06eb2
gate-check	Install harness dependencies	2026-06-21T17:03:29.9669658Z Successfully built mutmut glob2
gate-check	Install harness dependencies	2026-06-21T17:03:30.1149851Z Installing collected packages: py-cpuinfo, pony, peewee, glob2, boltons, zipp, wrapt, urllib3, typing_extensions, tree-sitter-typescript, tree-sitter-javascript, tree-sitter, tomli, toml, stevedore, six, semantic-version, ruff, ruamel.yaml.clib, ruamel.yaml, rpds-py, pyyaml, python-multipart, python-dotenv, pyjwt, pygments, pycparser, protobuf, pluggy, pathspec, parso, packaging, opentelemetry-util-http, nodeenv, mypy_extensions, mdurl, librt, iniconfig, idna, httpx-sse, h11, face, exceptiongroup, coverage, colorama, click, charset_normalizer, certifi, bracex, attrs, annotated-types, wcmatch, uvicorn, typing-inspection, requests, referencing, pytest, pyright, pydantic-core, opentelemetry-proto, mypy, markdown-it-py, mando, junit-xml, importlib-metadata, httpcore, googleapis-common-protos, glom, click-option-group, cffi, anyio, starlette, rich, radon, pytest-cov, pytest-benchmark, pydantic, opentelemetry-exporter-otlp-proto-common, opentelemetry-api, mutmut, jsonschema-specifications, httpx, cryptography, sse-starlette, pydantic-settings, opentelemetry-semantic-conventions, jsonschema, bandit, opentelemetry-sdk, opentelemetry-instrumentation, mcp, opentelemetry-instrumentation-threading, opentelemetry-instrumentation-requests, opentelemetry-exporter-otlp-proto-http, semgrep
gate-check	Install harness dependencies	2026-06-21T17:03:38.4061803Z 
gate-check	Install harness dependencies	2026-06-21T17:03:38.4109080Z Successfully installed annotated-types-0.7.0 anyio-4.14.0 attrs-26.1.0 bandit-1.8.6 boltons-21.0.0 bracex-2.6 certifi-2026.6.17 cffi-2.0.0 charset_normalizer-3.4.7 click-8.1.8 click-option-group-0.5.9 colorama-0.4.6 coverage-7.14.2 cryptography-49.0.0 exceptiongroup-1.2.2 face-26.0.1 glob2-0.7 glom-25.12.0 googleapis-common-protos-1.75.0 h11-0.16.0 httpcore-1.0.9 httpx-0.28.1 httpx-sse-0.4.3 idna-3.18 importlib-metadata-8.7.1 iniconfig-2.3.0 jsonschema-4.25.1 jsonschema-specifications-2025.9.1 junit-xml-1.9 librt-0.11.0 mando-0.7.1 markdown-it-py-4.2.0 mcp-1.23.3 mdurl-0.1.2 mutmut-2.5.1 mypy-1.19.1 mypy_extensions-1.1.0 nodeenv-1.10.0 opentelemetry-api-1.37.0 opentelemetry-exporter-otlp-proto-common-1.37.0 opentelemetry-exporter-otlp-proto-http-1.37.0 opentelemetry-instrumentation-0.58b0 opentelemetry-instrumentation-requests-0.58b0 opentelemetry-instrumentation-threading-0.58b0 opentelemetry-proto-1.37.0 opentelemetry-sdk-1.37.0 opentelemetry-semantic-conventions-0.58b0 opentelemetry-util-http-0.58b0 packaging-26.2 parso-0.8.7 pathspec-1.1.1 peewee-3.19.0 pluggy-1.6.0 pony-0.7.19 protobuf-6.33.6 py-cpuinfo-9.0.0 pycparser-3.0 pydantic-2.13.4 pydantic-core-2.46.4 pydantic-settings-2.14.2 pygments-2.20.0 pyjwt-2.12.1 pyright-1.1.409 pytest-8.4.2 pytest-benchmark-5.2.3 pytest-cov-7.1.0 python-dotenv-1.2.2 python-multipart-0.0.32 pyyaml-6.0.3 radon-6.0.1 referencing-0.37.0 requests-2.34.2 rich-15.0.0 rpds-py-2026.5.1 ruamel.yaml-0.19.1 ruamel.yaml.clib-0.2.15 ruff-0.15.13 semantic-version-2.10.0 semgrep-1.165.0 six-1.17.0 sse-starlette-3.4.5 starlette-1.3.1 stevedore-5.8.0 toml-0.10.2 tomli-2.4.1 tree-sitter-0.25.2 tree-sitter-javascript-0.25.0 tree-sitter-typescript-0.23.2 typing-inspection-0.4.2 typing_extensions-4.15.0 urllib3-2.7.0 uvicorn-0.49.0 wcmatch-8.5.2 wrapt-1.17.3 zipp-4.1.0
gate-check	Install harness dependencies	2026-06-21T17:03:39.1522417Z Requirement already satisfied: pyyaml in /opt/hostedtoolcache/Python/3.11.15/x64/lib/python3.11/site-packages (6.0.3)
gate-check	Detect target language	﻿2026-06-21T17:03:39.2648164Z ##[group]Run LANG=$(python3 -c "
gate-check	Detect target language	2026-06-21T17:03:39.2648574Z ^[[36;1mLANG=$(python3 -c "^[[0m
gate-check	Detect target language	2026-06-21T17:03:39.2648880Z ^[[36;1mimport json^[[0m
gate-check	Detect target language	2026-06-21T17:03:39.2649141Z ^[[36;1mtry:^[[0m
gate-check	Detect target language	2026-06-21T17:03:39.2649598Z ^[[36;1m    print(json.load(open('.methodology/state.json')).get('language', 'python'))^[[0m
gate-check	Detect target language	2026-06-21T17:03:39.2650173Z ^[[36;1mexcept Exception:^[[0m
gate-check	Detect target language	2026-06-21T17:03:39.2650477Z ^[[36;1m    print('python')^[[0m
gate-check	Detect target language	2026-06-21T17:03:39.2650789Z ^[[36;1m" 2>/dev/null || echo "python")^[[0m
gate-check	Detect target language	2026-06-21T17:03:39.2651174Z ^[[36;1mecho "LANGUAGE=$LANG" >> $GITHUB_OUTPUT^[[0m
gate-check	Detect target language	2026-06-21T17:03:39.2651564Z ^[[36;1mecho "Detected language: $LANG"^[[0m
gate-check	Detect target language	2026-06-21T17:03:39.2686659Z shell: /usr/bin/bash -e {0}
gate-check	Detect target language	2026-06-21T17:03:39.2686970Z env:
gate-check	Detect target language	2026-06-21T17:03:39.2687292Z   pythonLocation: /opt/hostedtoolcache/Python/3.11.15/x64
gate-check	Detect target language	2026-06-21T17:03:39.2687847Z   PKG_CONFIG_PATH: /opt/hostedtoolcache/Python/3.11.15/x64/lib/pkgconfig
gate-check	Detect target language	2026-06-21T17:03:39.2688400Z   Python_ROOT_DIR: /opt/hostedtoolcache/Python/3.11.15/x64
gate-check	Detect target language	2026-06-21T17:03:39.2688977Z   Python2_ROOT_DIR: /opt/hostedtoolcache/Python/3.11.15/x64
gate-check	Detect target language	2026-06-21T17:03:39.2689532Z   Python3_ROOT_DIR: /opt/hostedtoolcache/Python/3.11.15/x64
gate-check	Detect target language	2026-06-21T17:03:39.2690085Z   LD_LIBRARY_PATH: /opt/hostedtoolcache/Python/3.11.15/x64/lib
gate-check	Detect target language	2026-06-21T17:03:39.2690537Z ##[endgroup]
gate-check	Detect target language	2026-06-21T17:03:39.2960586Z Detected language: python
gate-check	Auto-detect phase from state.json	﻿2026-06-21T17:03:39.3040746Z ##[group]Run # Read phase from project's own state.json — the single source of truth.
gate-check	Auto-detect phase from state.json	2026-06-21T17:03:39.3041420Z ^[[36;1m# Read phase from project's own state.json — the single source of truth.^[[0m
gate-check	Auto-detect phase from state.json	2026-06-21T17:03:39.3042413Z ^[[36;1m# Local hooks, CLI commands, and CI all read .methodology/state.json::current_phase.^[[0m
gate-check	Auto-detect phase from state.json	2026-06-21T17:03:39.3042891Z ^[[36;1mPHASE=$(python3 -c "^[[0m
gate-check	Auto-detect phase from state.json	2026-06-21T17:03:39.3043146Z ^[[36;1mimport json, sys^[[0m
gate-check	Auto-detect phase from state.json	2026-06-21T17:03:39.3043383Z ^[[36;1mtry:^[[0m
gate-check	Auto-detect phase from state.json	2026-06-21T17:03:39.3043647Z ^[[36;1m    d = json.load(open('.methodology/state.json'))^[[0m
gate-check	Auto-detect phase from state.json	2026-06-21T17:03:39.3044042Z ^[[36;1m    print(d.get('current_phase', d.get('phase', 1)))^[[0m
gate-check	Auto-detect phase from state.json	2026-06-21T17:03:39.3044384Z ^[[36;1mexcept Exception:^[[0m
gate-check	Auto-detect phase from state.json	2026-06-21T17:03:39.3044626Z ^[[36;1m    print(1)^[[0m
gate-check	Auto-detect phase from state.json	2026-06-21T17:03:39.3044862Z ^[[36;1m" 2>/dev/null || echo "1")^[[0m
gate-check	Auto-detect phase from state.json	2026-06-21T17:03:39.3045159Z ^[[36;1mecho "PHASE=$PHASE" >> $GITHUB_OUTPUT^[[0m
gate-check	Auto-detect phase from state.json	2026-06-21T17:03:39.3045770Z ^[[36;1mecho "Detected phase: $PHASE (from .methodology/state.json)"^[[0m
gate-check	Auto-detect phase from state.json	2026-06-21T17:03:39.3080577Z shell: /usr/bin/bash -e {0}
gate-check	Auto-detect phase from state.json	2026-06-21T17:03:39.3080852Z env:
gate-check	Auto-detect phase from state.json	2026-06-21T17:03:39.3081147Z   pythonLocation: /opt/hostedtoolcache/Python/3.11.15/x64
gate-check	Auto-detect phase from state.json	2026-06-21T17:03:39.3081857Z   PKG_CONFIG_PATH: /opt/hostedtoolcache/Python/3.11.15/x64/lib/pkgconfig
gate-check	Auto-detect phase from state.json	2026-06-21T17:03:39.3082353Z   Python_ROOT_DIR: /opt/hostedtoolcache/Python/3.11.15/x64
gate-check	Auto-detect phase from state.json	2026-06-21T17:03:39.3082777Z   Python2_ROOT_DIR: /opt/hostedtoolcache/Python/3.11.15/x64
gate-check	Auto-detect phase from state.json	2026-06-21T17:03:39.3083197Z   Python3_ROOT_DIR: /opt/hostedtoolcache/Python/3.11.15/x64
gate-check	Auto-detect phase from state.json	2026-06-21T17:03:39.3083625Z   LD_LIBRARY_PATH: /opt/hostedtoolcache/Python/3.11.15/x64/lib
gate-check	Auto-detect phase from state.json	2026-06-21T17:03:39.3083990Z ##[endgroup]
gate-check	Auto-detect phase from state.json	2026-06-21T17:03:39.3358528Z Detected phase: 3 (from .methodology/state.json)
gate-check	Run Phase Preflight (FSM / drift / constitution)	﻿2026-06-21T17:03:39.3404948Z ##[group]Run python harness/harness_cli.py run-phase --phase $PHASE --project .
gate-check	Run Phase Preflight (FSM / drift / constitution)	2026-06-21T17:03:39.3405695Z ^[[36;1mpython harness/harness_cli.py run-phase --phase $PHASE --project .^[[0m
gate-check	Run Phase Preflight (FSM / drift / constitution)	2026-06-21T17:03:39.3440056Z shell: /usr/bin/bash -e {0}
gate-check	Run Phase Preflight (FSM / drift / constitution)	2026-06-21T17:03:39.3440402Z env:
gate-check	Run Phase Preflight (FSM / drift / constitution)	2026-06-21T17:03:39.3440768Z   pythonLocation: /opt/hostedtoolcache/Python/3.11.15/x64
gate-check	Run Phase Preflight (FSM / drift / constitution)	2026-06-21T17:03:39.3441393Z   PKG_CONFIG_PATH: /opt/hostedtoolcache/Python/3.11.15/x64/lib/pkgconfig
gate-check	Run Phase Preflight (FSM / drift / constitution)	2026-06-21T17:03:39.3442268Z   Python_ROOT_DIR: /opt/hostedtoolcache/Python/3.11.15/x64
gate-check	Run Phase Preflight (FSM / drift / constitution)	2026-06-21T17:03:39.3442822Z   Python2_ROOT_DIR: /opt/hostedtoolcache/Python/3.11.15/x64
gate-check	Run Phase Preflight (FSM / drift / constitution)	2026-06-21T17:03:39.3443370Z   Python3_ROOT_DIR: /opt/hostedtoolcache/Python/3.11.15/x64
gate-check	Run Phase Preflight (FSM / drift / constitution)	2026-06-21T17:03:39.3443927Z   LD_LIBRARY_PATH: /opt/hostedtoolcache/Python/3.11.15/x64/lib
gate-check	Run Phase Preflight (FSM / drift / constitution)	2026-06-21T17:03:39.3444410Z   PHASE: 3
gate-check	Run Phase Preflight (FSM / drift / constitution)	2026-06-21T17:03:39.3444668Z ##[endgroup]
gate-check	Run Phase Preflight (FSM / drift / constitution)	2026-06-21T17:03:43.1422429Z 
gate-check	Run Phase Preflight (FSM / drift / constitution)	2026-06-21T17:03:43.1423072Z ============================================================
gate-check	Run Phase Preflight (FSM / drift / constitution)	2026-06-21T17:03:43.1423970Z run-phase: Phase 3
gate-check	Run Phase Preflight (FSM / drift / constitution)	2026-06-21T17:03:43.1424461Z ============================================================
gate-check	Run Phase Preflight (FSM / drift / constitution)	2026-06-21T17:03:43.1425009Z 
gate-check	Run Phase Preflight (FSM / drift / constitution)	2026-06-21T17:03:43.1425503Z [ENTRY GATE] Human1 (P2): Found human APPROVE commit for P2 (sha=a2f1c0e6)
gate-check	Run Phase Preflight (FSM / drift / constitution)	2026-06-21T17:03:43.1426269Z 
gate-check	Run Phase Preflight (FSM / drift / constitution)	2026-06-21T17:03:43.1426524Z ============================================================
gate-check	Run Phase Preflight (FSM / drift / constitution)	2026-06-21T17:03:43.1427259Z PRE-FLIGHT: Phase 3
gate-check	Run Phase Preflight (FSM / drift / constitution)	2026-06-21T17:03:43.1427834Z ============================================================
gate-check	Run Phase Preflight (FSM / drift / constitution)	2026-06-21T17:03:43.1428351Z 
gate-check	Run Phase Preflight (FSM / drift / constitution)	2026-06-21T17:03:43.1428594Z [PRE-FLIGHT] FSM State Check
gate-check	Run Phase Preflight (FSM / drift / constitution)	2026-06-21T17:03:43.1429241Z    State: RUNNING, Phase: 3
gate-check	Run Phase Preflight (FSM / drift / constitution)	2026-06-21T17:03:43.1429831Z    FSM check passed
gate-check	Run Phase Preflight (FSM / drift / constitution)	2026-06-21T17:03:43.1430149Z 
gate-check	Run Phase Preflight (FSM / drift / constitution)	2026-06-21T17:03:43.1430403Z [PRE-FLIGHT] BVS Phase Order (HR-03)
gate-check	Run Phase Preflight (FSM / drift / constitution)	2026-06-21T17:03:43.1431063Z    Phase order OK
gate-check	Run Phase Preflight (FSM / drift / constitution)	2026-06-21T17:03:43.1431301Z 
gate-check	Run Phase Preflight (FSM / drift / constitution)	2026-06-21T17:03:43.1431456Z [PRE-FLIGHT] Kill-Switch (M1) Check
gate-check	Run Phase Preflight (FSM / drift / constitution)	2026-06-21T17:03:43.1432196Z    Kill-switch operational
gate-check	Run Phase Preflight (FSM / drift / constitution)	2026-06-21T17:03:43.1432427Z 
gate-check	Run Phase Preflight (FSM / drift / constitution)	2026-06-21T17:03:43.1432615Z [PRE-FLIGHT] Previous Phase Artifact Check
gate-check	Run Phase Preflight (FSM / drift / constitution)	2026-06-21T17:03:43.1433068Z    All 3 phase artifact links verified
gate-check	Run Phase Preflight (FSM / drift / constitution)	2026-06-21T17:03:43.1433330Z 
gate-check	Run Phase Preflight (FSM / drift / constitution)	2026-06-21T17:03:43.1433472Z [PRE-FLIGHT] Drift Detection (M2)
gate-check	Run Phase Preflight (FSM / drift / constitution)	2026-06-21T17:03:43.1433922Z    Drifts: 80, Score: 75% (threshold: 85%) [INFO]
gate-check	Run Phase Preflight (FSM / drift / constitution)	2026-06-21T17:03:43.1434379Z 
gate-check	Run Phase Preflight (FSM / drift / constitution)	2026-06-21T17:03:43.1434627Z [PRE-FLIGHT] SAB Constitution Check (M2+)
gate-check	Run Phase Preflight (FSM / drift / constitution)	2026-06-21T17:03:43.1435263Z    Layers: 5, Dependencies: 4
gate-check	Run Phase Preflight (FSM / drift / constitution)	2026-06-21T17:03:43.1435824Z    All SAB layers valid
gate-check	Run Phase Preflight (FSM / drift / constitution)	2026-06-21T17:03:43.1436124Z 
gate-check	Run Phase Preflight (FSM / drift / constitution)	2026-06-21T17:03:43.1436345Z [PRE-FLIGHT] Tool Registry Check
gate-check	Run Phase Preflight (FSM / drift / constitution)	2026-06-21T17:03:43.1436721Z 
gate-check	Run Phase Preflight (FSM / drift / constitution)	2026-06-21T17:03:43.1436950Z [PRE-FLIGHT] ASPICE Traceability Check
gate-check	Run Phase Preflight (FSM / drift / constitution)	2026-06-21T17:03:43.1437470Z    FRs: 108 | Code: 96.3% | Test: 98.1% | INFO
gate-check	Run Phase Preflight (FSM / drift / constitution)	2026-06-21T17:03:43.1438518Z    Attestation: mismatch  SHA mismatch — code changed since last attestation.
gate-check	Run Phase Preflight (FSM / drift / constitution)	2026-06-21T17:03:43.1439418Z   stored:  184c42ca129a51f4c30e7dbe685500cafb637cace0a19b391f924e4c906924a7
gate-check	Run Phase Preflight (FSM / drift / constitution)	2026-06-21T17:03:43.1440457Z   current: 3e6c26dc1c8d02b4e16e9f100faf1d345ada5ffb7ef3da5835727edece94c355
gate-check	Run Phase Preflight (FSM / drift / constitution)	2026-06-21T17:03:43.1441541Z Re-run: python harness_cli.py build-trace-attestation --project /home/runner/work/omnibot/omnibot --write
gate-check	Run Phase Preflight (FSM / drift / constitution)	2026-06-21T17:03:43.1442792Z    Untested FRs: FR-107, FR-91
gate-check	Run Phase Preflight (FSM / drift / constitution)	2026-06-21T17:03:43.1443092Z    Uncoded FRs: FR-54, FR-93, FR-63, FR-91
gate-check	Run Phase Preflight (FSM / drift / constitution)	2026-06-21T17:03:43.1443304Z 
gate-check	Run Phase Preflight (FSM / drift / constitution)	2026-06-21T17:03:43.1443416Z [PRE-FLIGHT] FR Spec Consistency
gate-check	Run Phase Preflight (FSM / drift / constitution)	2026-06-21T17:03:43.1443699Z    SAD and TEST_SPEC agree on FR set
gate-check	Run Phase Preflight (FSM / drift / constitution)	2026-06-21T17:03:43.1443892Z 
gate-check	Run Phase Preflight (FSM / drift / constitution)	2026-06-21T17:03:43.1444046Z [PRE-FLIGHT] Reliability Lint (semgrep, vendored rules)
gate-check	Run Phase Preflight (FSM / drift / constitution)	2026-06-21T17:03:43.1444402Z    No reliability findings
gate-check	Run Phase Preflight (FSM / drift / constitution)	2026-06-21T17:03:43.1444565Z 
gate-check	Run Phase Preflight (FSM / drift / constitution)	2026-06-21T17:03:43.1444723Z [PRE-FLIGHT] Config Liveness (env keys read vs declared)
gate-check	Run Phase Preflight (FSM / drift / constitution)	2026-06-21T17:03:43.1445250Z    Skipped: no env declaration sources (.env.example / docker-compose / deployment / README)
gate-check	Run Phase Preflight (FSM / drift / constitution)	2026-06-21T17:03:43.1445639Z 
gate-check	Run Phase Preflight (FSM / drift / constitution)	2026-06-21T17:03:43.1445745Z [PRE-FLIGHT] M3 Gap Analysis
gate-check	Run Phase Preflight (FSM / drift / constitution)	2026-06-21T17:03:43.1446593Z    Gap report → /home/runner/work/omnibot/omnibot/.methodology/gap_report.json  (total=454, critical=0)
gate-check	Run Phase Preflight (FSM / drift / constitution)	2026-06-21T17:03:43.1447054Z 
gate-check	Run Phase Preflight (FSM / drift / constitution)	2026-06-21T17:03:43.1447170Z [PRE-FLIGHT] CI Readiness Check
gate-check	Run Phase Preflight (FSM / drift / constitution)	2026-06-21T17:03:43.1447558Z    WARNING: Missing CI/enforcement components: ['git_hooks', 'ecc_hooks']
gate-check	Run Phase Preflight (FSM / drift / constitution)	2026-06-21T17:03:43.1448050Z    → ECC hooks: bash scripts/setup-ecc-hooks.sh
gate-check	Run Phase Preflight (FSM / drift / constitution)	2026-06-21T17:03:43.1448283Z 
gate-check	Run Phase Preflight (FSM / drift / constitution)	2026-06-21T17:03:43.1448379Z PRE-FLIGHT: PASS
gate-check	Run Phase Preflight (FSM / drift / constitution)	2026-06-21T17:03:43.1448527Z 
gate-check	Run Phase Preflight (FSM / drift / constitution)	2026-06-21T17:03:43.1448670Z [INFO] Phase 3 requires environment validation. Run:
gate-check	Run Phase Preflight (FSM / drift / constitution)	2026-06-21T17:03:43.1449207Z   python harness_cli.py run-env-check --phase 3 --project /home/runner/work/omnibot/omnibot
gate-check	Run Phase Preflight (FSM / drift / constitution)	2026-06-21T17:03:43.1449755Z   # then evaluate inline and run finalize-env-check
gate-check	Run Phase Preflight (FSM / drift / constitution)	2026-06-21T17:03:43.1450259Z   # or run run-fr-step directly — _fr_step_preflight also guards each step
gate-check	Run Phase Preflight (FSM / drift / constitution)	2026-06-21T17:03:43.1450574Z 
gate-check	Run Phase Preflight (FSM / drift / constitution)	2026-06-21T17:03:43.1450731Z [INFO] Preflight passed. Phase execution hooks ready.
gate-check	Run Phase Preflight (FSM / drift / constitution)	2026-06-21T17:03:43.1451083Z [INFO] Next steps:
gate-check	Run Phase Preflight (FSM / drift / constitution)	2026-06-21T17:03:43.1453457Z         Per-FR Gate 1 (108 FRs): FR-01, FR-02, FR-03, FR-04, FR-05, FR-06, FR-07, FR-08, FR-09, FR-10, FR-100, FR-101, FR-102, FR-103, FR-104, FR-105, FR-106, FR-107, FR-108, FR-11, FR-12, FR-13, FR-14, FR-15, FR-16, FR-17, FR-18, FR-19, FR-20, FR-21, FR-22, FR-23, FR-24, FR-25, FR-26, FR-27, FR-28, FR-29, FR-30, FR-31, FR-32, FR-33, FR-34, FR-35, FR-36, FR-37, FR-38, FR-39, FR-40, FR-41, FR-42, FR-43, FR-44, FR-45, FR-46, FR-47, FR-48, FR-49, FR-50, FR-51, FR-52, FR-53, FR-54, FR-55, FR-56, FR-57, FR-58, FR-59, FR-60, FR-61, FR-62, FR-63, FR-64, FR-65, FR-66, FR-67, FR-68, FR-69, FR-70, FR-71, FR-72, FR-73, FR-74, FR-75, FR-76, FR-77, FR-78, FR-79, FR-80, FR-81, FR-82, FR-83, FR-84, FR-85, FR-86, FR-87, FR-88, FR-89, FR-90, FR-91, FR-92, FR-93, FR-94, FR-95, FR-96, FR-97, FR-98, FR-99
gate-check	Run Phase Preflight (FSM / drift / constitution)	2026-06-21T17:03:43.1455716Z           python harness_cli.py run-gate --gate 1 --phase 3 --project /home/runner/work/omnibot/omnibot --fr-id FR-01
gate-check	Run Phase Preflight (FSM / drift / constitution)	2026-06-21T17:03:43.1456437Z           python harness_cli.py run-gate --gate 1 --phase 3 --project /home/runner/work/omnibot/omnibot --fr-id FR-02
gate-check	Run Phase Preflight (FSM / drift / constitution)	2026-06-21T17:03:43.1457146Z           python harness_cli.py run-gate --gate 1 --phase 3 --project /home/runner/work/omnibot/omnibot --fr-id FR-03
gate-check	Run Phase Preflight (FSM / drift / constitution)	2026-06-21T17:03:43.1457842Z           python harness_cli.py run-gate --gate 1 --phase 3 --project /home/runner/work/omnibot/omnibot --fr-id FR-04
gate-check	Run Phase Preflight (FSM / drift / constitution)	2026-06-21T17:03:43.1458542Z           python harness_cli.py run-gate --gate 1 --phase 3 --project /home/runner/work/omnibot/omnibot --fr-id FR-05
gate-check	Run Phase Preflight (FSM / drift / constitution)	2026-06-21T17:03:43.1459239Z           python harness_cli.py run-gate --gate 1 --phase 3 --project /home/runner/work/omnibot/omnibot --fr-id FR-06
gate-check	Run Phase Preflight (FSM / drift / constitution)	2026-06-21T17:03:43.1459936Z           python harness_cli.py run-gate --gate 1 --phase 3 --project /home/runner/work/omnibot/omnibot --fr-id FR-07
gate-check	Run Phase Preflight (FSM / drift / constitution)	2026-06-21T17:03:43.1460639Z           python harness_cli.py run-gate --gate 1 --phase 3 --project /home/runner/work/omnibot/omnibot --fr-id FR-08
gate-check	Run Phase Preflight (FSM / drift / constitution)	2026-06-21T17:03:43.1461337Z           python harness_cli.py run-gate --gate 1 --phase 3 --project /home/runner/work/omnibot/omnibot --fr-id FR-09
gate-check	Run Phase Preflight (FSM / drift / constitution)	2026-06-21T17:03:43.1462488Z           python harness_cli.py run-gate --gate 1 --phase 3 --project /home/runner/work/omnibot/omnibot --fr-id FR-10
gate-check	Run Phase Preflight (FSM / drift / constitution)	2026-06-21T17:03:43.1463180Z           python harness_cli.py run-gate --gate 1 --phase 3 --project /home/runner/work/omnibot/omnibot --fr-id FR-100
gate-check	Run Phase Preflight (FSM / drift / constitution)	2026-06-21T17:03:43.1463862Z           python harness_cli.py run-gate --gate 1 --phase 3 --project /home/runner/work/omnibot/omnibot --fr-id FR-101
gate-check	Run Phase Preflight (FSM / drift / constitution)	2026-06-21T17:03:43.1464565Z           python harness_cli.py run-gate --gate 1 --phase 3 --project /home/runner/work/omnibot/omnibot --fr-id FR-102
gate-check	Run Phase Preflight (FSM / drift / constitution)	2026-06-21T17:03:43.1465272Z           python harness_cli.py run-gate --gate 1 --phase 3 --project /home/runner/work/omnibot/omnibot --fr-id FR-103
gate-check	Run Phase Preflight (FSM / drift / constitution)	2026-06-21T17:03:43.1465956Z           python harness_cli.py run-gate --gate 1 --phase 3 --project /home/runner/work/omnibot/omnibot --fr-id FR-104
gate-check	Run Phase Preflight (FSM / drift / constitution)	2026-06-21T17:03:43.1466815Z           python harness_cli.py run-gate --gate 1 --phase 3 --project /home/runner/work/omnibot/omnibot --fr-id FR-105
gate-check	Run Phase Preflight (FSM / drift / constitution)	2026-06-21T17:03:43.1467528Z           python harness_cli.py run-gate --gate 1 --phase 3 --project /home/runner/work/omnibot/omnibot --fr-id FR-106
gate-check	Run Phase Preflight (FSM / drift / constitution)	2026-06-21T17:03:43.1468310Z           python harness_cli.py run-gate --gate 1 --phase 3 --project /home/runner/work/omnibot/omnibot --fr-id FR-107
gate-check	Run Phase Preflight (FSM / drift / constitution)	2026-06-21T17:03:43.1468996Z           python harness_cli.py run-gate --gate 1 --phase 3 --project /home/runner/work/omnibot/omnibot --fr-id FR-108
gate-check	Run Phase Preflight (FSM / drift / constitution)	2026-06-21T17:03:43.1469686Z           python harness_cli.py run-gate --gate 1 --phase 3 --project /home/runner/work/omnibot/omnibot --fr-id FR-11
gate-check	Run Phase Preflight (FSM / drift / constitution)	2026-06-21T17:03:43.1470375Z           python harness_cli.py run-gate --gate 1 --phase 3 --project /home/runner/work/omnibot/omnibot --fr-id FR-12
gate-check	Run Phase Preflight (FSM / drift / constitution)	2026-06-21T17:03:43.1471062Z           python harness_cli.py run-gate --gate 1 --phase 3 --project /home/runner/work/omnibot/omnibot --fr-id FR-13
gate-check	Run Phase Preflight (FSM / drift / constitution)	2026-06-21T17:03:43.1472025Z           python harness_cli.py run-gate --gate 1 --phase 3 --project /home/runner/work/omnibot/omnibot --fr-id FR-14
gate-check	Run Phase Preflight (FSM / drift / constitution)	2026-06-21T17:03:43.1472725Z           python harness_cli.py run-gate --gate 1 --phase 3 --project /home/runner/work/omnibot/omnibot --fr-id FR-15
gate-check	Run Phase Preflight (FSM / drift / constitution)	2026-06-21T17:03:43.1473407Z           python harness_cli.py run-gate --gate 1 --phase 3 --project /home/runner/work/omnibot/omnibot --fr-id FR-16
gate-check	Run Phase Preflight (FSM / drift / constitution)	2026-06-21T17:03:43.1474090Z           python harness_cli.py run-gate --gate 1 --phase 3 --project /home/runner/work/omnibot/omnibot --fr-id FR-17
gate-check	Run Phase Preflight (FSM / drift / constitution)	2026-06-21T17:03:43.1474782Z           python harness_cli.py run-gate --gate 1 --phase 3 --project /home/runner/work/omnibot/omnibot --fr-id FR-18
gate-check	Run Phase Preflight (FSM / drift / constitution)	2026-06-21T17:03:43.1475465Z           python harness_cli.py run-gate --gate 1 --phase 3 --project /home/runner/work/omnibot/omnibot --fr-id FR-19
gate-check	Run Phase Preflight (FSM / drift / constitution)	2026-06-21T17:03:43.1476160Z           python harness_cli.py run-gate --gate 1 --phase 3 --project /home/runner/work/omnibot/omnibot --fr-id FR-20
gate-check	Run Phase Preflight (FSM / drift / constitution)	2026-06-21T17:03:43.1476844Z           python harness_cli.py run-gate --gate 1 --phase 3 --project /home/runner/work/omnibot/omnibot --fr-id FR-21
gate-check	Run Phase Preflight (FSM / drift / constitution)	2026-06-21T17:03:43.1477529Z           python harness_cli.py run-gate --gate 1 --phase 3 --project /home/runner/work/omnibot/omnibot --fr-id FR-22
gate-check	Run Phase Preflight (FSM / drift / constitution)	2026-06-21T17:03:43.1478816Z           python harness_cli.py run-gate --gate 1 --phase 3 --project /home/runner/work/omnibot/omnibot --fr-id FR-23
gate-check	Run Phase Preflight (FSM / drift / constitution)	2026-06-21T17:03:43.1480015Z           python harness_cli.py run-gate --gate 1 --phase 3 --project /home/runner/work/omnibot/omnibot --fr-id FR-24
gate-check	Run Phase Preflight (FSM / drift / constitution)	2026-06-21T17:03:43.1480983Z           python harness_cli.py run-gate --gate 1 --phase 3 --project /home/runner/work/omnibot/omnibot --fr-id FR-25
gate-check	Run Phase Preflight (FSM / drift / constitution)	2026-06-21T17:03:43.1482042Z           python harness_cli.py run-gate --gate 1 --phase 3 --project /home/runner/work/omnibot/omnibot --fr-id FR-26
gate-check	Run Phase Preflight (FSM / drift / constitution)	2026-06-21T17:03:43.1482840Z           python harness_cli.py run-gate --gate 1 --phase 3 --project /home/runner/work/omnibot/omnibot --fr-id FR-27
gate-check	Run Phase Preflight (FSM / drift / constitution)	2026-06-21T17:03:43.1483544Z           python harness_cli.py run-gate --gate 1 --phase 3 --project /home/runner/work/omnibot/omnibot --fr-id FR-28
gate-check	Run Phase Preflight (FSM / drift / constitution)	2026-06-21T17:03:43.1484412Z           python harness_cli.py run-gate --gate 1 --phase 3 --project /home/runner/work/omnibot/omnibot --fr-id FR-29
gate-check	Run Phase Preflight (FSM / drift / constitution)	2026-06-21T17:03:43.1485101Z           python harness_cli.py run-gate --gate 1 --phase 3 --project /home/runner/work/omnibot/omnibot --fr-id FR-30
gate-check	Run Phase Preflight (FSM / drift / constitution)	2026-06-21T17:03:43.1485784Z           python harness_cli.py run-gate --gate 1 --phase 3 --project /home/runner/work/omnibot/omnibot --fr-id FR-31
gate-check	Run Phase Preflight (FSM / drift / constitution)	2026-06-21T17:03:43.1486466Z           python harness_cli.py run-gate --gate 1 --phase 3 --project /home/runner/work/omnibot/omnibot --fr-id FR-32
gate-check	Run Phase Preflight (FSM / drift / constitution)	2026-06-21T17:03:43.1487152Z           python harness_cli.py run-gate --gate 1 --phase 3 --project /home/runner/work/omnibot/omnibot --fr-id FR-33
gate-check	Run Phase Preflight (FSM / drift / constitution)	2026-06-21T17:03:43.1487876Z           python harness_cli.py run-gate --gate 1 --phase 3 --project /home/runner/work/omnibot/omnibot --fr-id FR-34
gate-check	Run Phase Preflight (FSM / drift / constitution)	2026-06-21T17:03:43.1488680Z           python harness_cli.py run-gate --gate 1 --phase 3 --project /home/runner/work/omnibot/omnibot --fr-id FR-35
gate-check	Run Phase Preflight (FSM / drift / constitution)	2026-06-21T17:03:43.1489367Z           python harness_cli.py run-gate --gate 1 --phase 3 --project /home/runner/work/omnibot/omnibot --fr-id FR-36
gate-check	Run Phase Preflight (FSM / drift / constitution)	2026-06-21T17:03:43.1490077Z           python harness_cli.py run-gate --gate 1 --phase 3 --project /home/runner/work/omnibot/omnibot --fr-id FR-37
gate-check	Run Phase Preflight (FSM / drift / constitution)	2026-06-21T17:03:43.1490769Z           python harness_cli.py run-gate --gate 1 --phase 3 --project /home/runner/work/omnibot/omnibot --fr-id FR-38
gate-check	Run Phase Preflight (FSM / drift / constitution)	2026-06-21T17:03:43.1491450Z           python harness_cli.py run-gate --gate 1 --phase 3 --project /home/runner/work/omnibot/omnibot --fr-id FR-39
gate-check	Run Phase Preflight (FSM / drift / constitution)	2026-06-21T17:03:43.1492515Z           python harness_cli.py run-gate --gate 1 --phase 3 --project /home/runner/work/omnibot/omnibot --fr-id FR-40
gate-check	Run Phase Preflight (FSM / drift / constitution)	2026-06-21T17:03:43.1493212Z           python harness_cli.py run-gate --gate 1 --phase 3 --project /home/runner/work/omnibot/omnibot --fr-id FR-41
gate-check	Run Phase Preflight (FSM / drift / constitution)	2026-06-21T17:03:43.1493906Z           python harness_cli.py run-gate --gate 1 --phase 3 --project /home/runner/work/omnibot/omnibot --fr-id FR-42
gate-check	Run Phase Preflight (FSM / drift / constitution)	2026-06-21T17:03:43.1494597Z           python harness_cli.py run-gate --gate 1 --phase 3 --project /home/runner/work/omnibot/omnibot --fr-id FR-43
gate-check	Run Phase Preflight (FSM / drift / constitution)	2026-06-21T17:03:43.1495289Z           python harness_cli.py run-gate --gate 1 --phase 3 --project /home/runner/work/omnibot/omnibot --fr-id FR-44
gate-check	Run Phase Preflight (FSM / drift / constitution)	2026-06-21T17:03:43.1495970Z           python harness_cli.py run-gate --gate 1 --phase 3 --project /home/runner/work/omnibot/omnibot --fr-id FR-45
gate-check	Run Phase Preflight (FSM / drift / constitution)	2026-06-21T17:03:43.1496652Z           python harness_cli.py run-gate --gate 1 --phase 3 --project /home/runner/work/omnibot/omnibot --fr-id FR-46
gate-check	Run Phase Preflight (FSM / drift / constitution)	2026-06-21T17:03:43.1497333Z           python harness_cli.py run-gate --gate 1 --phase 3 --project /home/runner/work/omnibot/omnibot --fr-id FR-47
gate-check	Run Phase Preflight (FSM / drift / constitution)	2026-06-21T17:03:43.1498014Z           python harness_cli.py run-gate --gate 1 --phase 3 --project /home/runner/work/omnibot/omnibot --fr-id FR-48
gate-check	Run Phase Preflight (FSM / drift / constitution)	2026-06-21T17:03:43.1498703Z           python harness_cli.py run-gate --gate 1 --phase 3 --project /home/runner/work/omnibot/omnibot --fr-id FR-49
gate-check	Run Phase Preflight (FSM / drift / constitution)	2026-06-21T17:03:43.1499389Z           python harness_cli.py run-gate --gate 1 --phase 3 --project /home/runner/work/omnibot/omnibot --fr-id FR-50
gate-check	Run Phase Preflight (FSM / drift / constitution)	2026-06-21T17:03:43.1500071Z           python harness_cli.py run-gate --gate 1 --phase 3 --project /home/runner/work/omnibot/omnibot --fr-id FR-51
gate-check	Run Phase Preflight (FSM / drift / constitution)	2026-06-21T17:03:43.1500748Z           python harness_cli.py run-gate --gate 1 --phase 3 --project /home/runner/work/omnibot/omnibot --fr-id FR-52
gate-check	Run Phase Preflight (FSM / drift / constitution)	2026-06-21T17:03:43.1501428Z           python harness_cli.py run-gate --gate 1 --phase 3 --project /home/runner/work/omnibot/omnibot --fr-id FR-53
gate-check	Run Phase Preflight (FSM / drift / constitution)	2026-06-21T17:03:43.1502255Z           python harness_cli.py run-gate --gate 1 --phase 3 --project /home/runner/work/omnibot/omnibot --fr-id FR-54
gate-check	Run Phase Preflight (FSM / drift / constitution)	2026-06-21T17:03:43.1502938Z           python harness_cli.py run-gate --gate 1 --phase 3 --project /home/runner/work/omnibot/omnibot --fr-id FR-55
gate-check	Run Phase Preflight (FSM / drift / constitution)	2026-06-21T17:03:43.1503629Z           python harness_cli.py run-gate --gate 1 --phase 3 --project /home/runner/work/omnibot/omnibot --fr-id FR-56
gate-check	Run Phase Preflight (FSM / drift / constitution)	2026-06-21T17:03:43.1504458Z           python harness_cli.py run-gate --gate 1 --phase 3 --project /home/runner/work/omnibot/omnibot --fr-id FR-57
gate-check	Run Phase Preflight (FSM / drift / constitution)	2026-06-21T17:03:43.1505143Z           python harness_cli.py run-gate --gate 1 --phase 3 --project /home/runner/work/omnibot/omnibot --fr-id FR-58
gate-check	Run Phase Preflight (FSM / drift / constitution)	2026-06-21T17:03:43.1505826Z           python harness_cli.py run-gate --gate 1 --phase 3 --project /home/runner/work/omnibot/omnibot --fr-id FR-59
gate-check	Run Phase Preflight (FSM / drift / constitution)	2026-06-21T17:03:43.1506510Z           python harness_cli.py run-gate --gate 1 --phase 3 --project /home/runner/work/omnibot/omnibot --fr-id FR-60
gate-check	Run Phase Preflight (FSM / drift / constitution)	2026-06-21T17:03:43.1507191Z           python harness_cli.py run-gate --gate 1 --phase 3 --project /home/runner/work/omnibot/omnibot --fr-id FR-61
gate-check	Run Phase Preflight (FSM / drift / constitution)	2026-06-21T17:03:43.1507875Z           python harness_cli.py run-gate --gate 1 --phase 3 --project /home/runner/work/omnibot/omnibot --fr-id FR-62
gate-check	Run Phase Preflight (FSM / drift / constitution)	2026-06-21T17:03:43.1508668Z           python harness_cli.py run-gate --gate 1 --phase 3 --project /home/runner/work/omnibot/omnibot --fr-id FR-63
gate-check	Run Phase Preflight (FSM / drift / constitution)	2026-06-21T17:03:43.1509357Z           python harness_cli.py run-gate --gate 1 --phase 3 --project /home/runner/work/omnibot/omnibot --fr-id FR-64
gate-check	Run Phase Preflight (FSM / drift / constitution)	2026-06-21T17:03:43.1510050Z           python harness_cli.py run-gate --gate 1 --phase 3 --project /home/runner/work/omnibot/omnibot --fr-id FR-65
gate-check	Run Phase Preflight (FSM / drift / constitution)	2026-06-21T17:03:43.1510736Z           python harness_cli.py run-gate --gate 1 --phase 3 --project /home/runner/work/omnibot/omnibot --fr-id FR-66
gate-check	Run Phase Preflight (FSM / drift / constitution)	2026-06-21T17:03:43.1511424Z           python harness_cli.py run-gate --gate 1 --phase 3 --project /home/runner/work/omnibot/omnibot --fr-id FR-67
gate-check	Run Phase Preflight (FSM / drift / constitution)	2026-06-21T17:03:43.1512296Z           python harness_cli.py run-gate --gate 1 --phase 3 --project /home/runner/work/omnibot/omnibot --fr-id FR-68
gate-check	Run Phase Preflight (FSM / drift / constitution)	2026-06-21T17:03:43.1512993Z           python harness_cli.py run-gate --gate 1 --phase 3 --project /home/runner/work/omnibot/omnibot --fr-id FR-69
gate-check	Run Phase Preflight (FSM / drift / constitution)	2026-06-21T17:03:43.1513686Z           python harness_cli.py run-gate --gate 1 --phase 3 --project /home/runner/work/omnibot/omnibot --fr-id FR-70
gate-check	Run Phase Preflight (FSM / drift / constitution)	2026-06-21T17:03:43.1514378Z           python harness_cli.py run-gate --gate 1 --phase 3 --project /home/runner/work/omnibot/omnibot --fr-id FR-71
gate-check	Run Phase Preflight (FSM / drift / constitution)	2026-06-21T17:03:43.1515072Z           python harness_cli.py run-gate --gate 1 --phase 3 --project /home/runner/work/omnibot/omnibot --fr-id FR-72
gate-check	Run Phase Preflight (FSM / drift / constitution)	2026-06-21T17:03:43.1515763Z           python harness_cli.py run-gate --gate 1 --phase 3 --project /home/runner/work/omnibot/omnibot --fr-id FR-73
gate-check	Run Phase Preflight (FSM / drift / constitution)	2026-06-21T17:03:43.1516443Z           python harness_cli.py run-gate --gate 1 --phase 3 --project /home/runner/work/omnibot/omnibot --fr-id FR-74
gate-check	Run Phase Preflight (FSM / drift / constitution)	2026-06-21T17:03:43.1517131Z           python harness_cli.py run-gate --gate 1 --phase 3 --project /home/runner/work/omnibot/omnibot --fr-id FR-75
gate-check	Run Phase Preflight (FSM / drift / constitution)	2026-06-21T17:03:43.1517812Z           python harness_cli.py run-gate --gate 1 --phase 3 --project /home/runner/work/omnibot/omnibot --fr-id FR-76
gate-check	Run Phase Preflight (FSM / drift / constitution)	2026-06-21T17:03:43.1518498Z           python harness_cli.py run-gate --gate 1 --phase 3 --project /home/runner/work/omnibot/omnibot --fr-id FR-77
gate-check	Run Phase Preflight (FSM / drift / constitution)	2026-06-21T17:03:43.1519181Z           python harness_cli.py run-gate --gate 1 --phase 3 --project /home/runner/work/omnibot/omnibot --fr-id FR-78
gate-check	Run Phase Preflight (FSM / drift / constitution)	2026-06-21T17:03:43.1519862Z           python harness_cli.py run-gate --gate 1 --phase 3 --project /home/runner/work/omnibot/omnibot --fr-id FR-79
gate-check	Run Phase Preflight (FSM / drift / constitution)	2026-06-21T17:03:43.1520553Z           python harness_cli.py run-gate --gate 1 --phase 3 --project /home/runner/work/omnibot/omnibot --fr-id FR-80
gate-check	Run Phase Preflight (FSM / drift / constitution)	2026-06-21T17:03:43.1521235Z           python harness_cli.py run-gate --gate 1 --phase 3 --project /home/runner/work/omnibot/omnibot --fr-id FR-81
gate-check	Run Phase Preflight (FSM / drift / constitution)	2026-06-21T17:03:43.1522229Z           python harness_cli.py run-gate --gate 1 --phase 3 --project /home/runner/work/omnibot/omnibot --fr-id FR-82
gate-check	Run Phase Preflight (FSM / drift / constitution)	2026-06-21T17:03:43.1522932Z           python harness_cli.py run-gate --gate 1 --phase 3 --project /home/runner/work/omnibot/omnibot --fr-id FR-83
gate-check	Run Phase Preflight (FSM / drift / constitution)	2026-06-21T17:03:43.1523623Z           python harness_cli.py run-gate --gate 1 --phase 3 --project /home/runner/work/omnibot/omnibot --fr-id FR-84
gate-check	Run Phase Preflight (FSM / drift / constitution)	2026-06-21T17:03:43.1524448Z           python harness_cli.py run-gate --gate 1 --phase 3 --project /home/runner/work/omnibot/omnibot --fr-id FR-85
gate-check	Run Phase Preflight (FSM / drift / constitution)	2026-06-21T17:03:43.1525131Z           python harness_cli.py run-gate --gate 1 --phase 3 --project /home/runner/work/omnibot/omnibot --fr-id FR-86
gate-check	Run Phase Preflight (FSM / drift / constitution)	2026-06-21T17:03:43.1525818Z           python harness_cli.py run-gate --gate 1 --phase 3 --project /home/runner/work/omnibot/omnibot --fr-id FR-87
gate-check	Run Phase Preflight (FSM / drift / constitution)	2026-06-21T17:03:43.1526511Z           python harness_cli.py run-gate --gate 1 --phase 3 --project /home/runner/work/omnibot/omnibot --fr-id FR-88
gate-check	Run Phase Preflight (FSM / drift / constitution)	2026-06-21T17:03:43.1527196Z           python harness_cli.py run-gate --gate 1 --phase 3 --project /home/runner/work/omnibot/omnibot --fr-id FR-89
gate-check	Run Phase Preflight (FSM / drift / constitution)	2026-06-21T17:03:43.1527879Z           python harness_cli.py run-gate --gate 1 --phase 3 --project /home/runner/work/omnibot/omnibot --fr-id FR-90
gate-check	Run Phase Preflight (FSM / drift / constitution)	2026-06-21T17:03:43.1528676Z           python harness_cli.py run-gate --gate 1 --phase 3 --project /home/runner/work/omnibot/omnibot --fr-id FR-91
gate-check	Run Phase Preflight (FSM / drift / constitution)	2026-06-21T17:03:43.1529369Z           python harness_cli.py run-gate --gate 1 --phase 3 --project /home/runner/work/omnibot/omnibot --fr-id FR-92
gate-check	Run Phase Preflight (FSM / drift / constitution)	2026-06-21T17:03:43.1530055Z           python harness_cli.py run-gate --gate 1 --phase 3 --project /home/runner/work/omnibot/omnibot --fr-id FR-93
gate-check	Run Phase Preflight (FSM / drift / constitution)	2026-06-21T17:03:43.1530736Z           python harness_cli.py run-gate --gate 1 --phase 3 --project /home/runner/work/omnibot/omnibot --fr-id FR-94
gate-check	Run Phase Preflight (FSM / drift / constitution)	2026-06-21T17:03:43.1531424Z           python harness_cli.py run-gate --gate 1 --phase 3 --project /home/runner/work/omnibot/omnibot --fr-id FR-95
gate-check	Run Phase Preflight (FSM / drift / constitution)	2026-06-21T17:03:43.1532307Z           python harness_cli.py run-gate --gate 1 --phase 3 --project /home/runner/work/omnibot/omnibot --fr-id FR-96
gate-check	Run Phase Preflight (FSM / drift / constitution)	2026-06-21T17:03:43.1533001Z           python harness_cli.py run-gate --gate 1 --phase 3 --project /home/runner/work/omnibot/omnibot --fr-id FR-97
gate-check	Run Phase Preflight (FSM / drift / constitution)	2026-06-21T17:03:43.1533695Z           python harness_cli.py run-gate --gate 1 --phase 3 --project /home/runner/work/omnibot/omnibot --fr-id FR-98
gate-check	Run Phase Preflight (FSM / drift / constitution)	2026-06-21T17:03:43.1534389Z           python harness_cli.py run-gate --gate 1 --phase 3 --project /home/runner/work/omnibot/omnibot --fr-id FR-99
gate-check	Post Run actions/setup-python@v5	﻿2026-06-21T17:03:43.1880871Z Node 20 is being deprecated. This workflow is running with Node 24 by default. If you need to temporarily use Node 20, you can set the ACTIONS_ALLOW_USE_UNSECURE_NODE_VERSION=true environment variable. For more information see: https://github.blog/changelog/2025-09-19-deprecation-of-node-20-on-github-actions-runners/
gate-check	Post Run actions/setup-python@v5	2026-06-21T17:03:43.1882601Z Post job cleanup.
gate-check	Post Run actions/setup-python@v5	2026-06-21T17:03:43.3089951Z (node:2689) [DEP0040] DeprecationWarning: The `punycode` module is deprecated. Please use a userland alternative instead.
gate-check	Post Run actions/setup-python@v5	2026-06-21T17:03:43.3091325Z (Use `node --trace-deprecation ...` to show where the warning was created)
gate-check	Post Run actions/checkout@v4	﻿2026-06-21T17:03:43.3333021Z Node 20 is being deprecated. This workflow is running with Node 24 by default. If you need to temporarily use Node 20, you can set the ACTIONS_ALLOW_USE_UNSECURE_NODE_VERSION=true environment variable. For more information see: https://github.blog/changelog/2025-09-19-deprecation-of-node-20-on-github-actions-runners/
gate-check	Post Run actions/checkout@v4	2026-06-21T17:03:43.3334386Z Post job cleanup.
gate-check	Post Run actions/checkout@v4	2026-06-21T17:03:43.4219051Z [command]/usr/bin/git version
gate-check	Post Run actions/checkout@v4	2026-06-21T17:03:43.4291191Z git version 2.54.0
gate-check	Post Run actions/checkout@v4	2026-06-21T17:03:43.4334500Z Temporarily overriding HOME='/home/runner/work/_temp/2df9f109-45ae-40ae-9e9a-4837798e6e2b' before making global git config changes
gate-check	Post Run actions/checkout@v4	2026-06-21T17:03:43.4335960Z Adding repository directory to the temporary git global config as a safe directory
gate-check	Post Run actions/checkout@v4	2026-06-21T17:03:43.4340725Z [command]/usr/bin/git config --global --add safe.directory /home/runner/work/omnibot/omnibot
gate-check	Post Run actions/checkout@v4	2026-06-21T17:03:43.4379422Z [command]/usr/bin/git config --local --name-only --get-regexp core\.sshCommand
gate-check	Post Run actions/checkout@v4	2026-06-21T17:03:43.4415702Z [command]/usr/bin/git submodule foreach --recursive sh -c "git config --local --name-only --get-regexp 'core\.sshCommand' && git config --local --unset-all 'core.sshCommand' || :"
gate-check	Post Run actions/checkout@v4	2026-06-21T17:03:43.4629961Z Entering 'harness'
gate-check	Post Run actions/checkout@v4	2026-06-21T17:03:43.4693281Z [command]/usr/bin/git config --local --name-only --get-regexp http\.https\:\/\/github\.com\/\.extraheader
gate-check	Post Run actions/checkout@v4	2026-06-21T17:03:43.4721449Z http.https://github.com/.extraheader
gate-check	Post Run actions/checkout@v4	2026-06-21T17:03:43.4732862Z [command]/usr/bin/git config --local --unset-all http.https://github.com/.extraheader
gate-check	Post Run actions/checkout@v4	2026-06-21T17:03:43.4764948Z [command]/usr/bin/git submodule foreach --recursive sh -c "git config --local --name-only --get-regexp 'http\.https\:\/\/github\.com\/\.extraheader' && git config --local --unset-all 'http.https://github.com/.extraheader' || :"
gate-check	Post Run actions/checkout@v4	2026-06-21T17:03:43.4997726Z Entering 'harness'
gate-check	Post Run actions/checkout@v4	2026-06-21T17:03:43.5023036Z http.https://github.com/.extraheader
gate-check	Post Run actions/checkout@v4	2026-06-21T17:03:43.5076568Z [command]/usr/bin/git config --local --name-only --get-regexp ^includeIf\.gitdir:
gate-check	Post Run actions/checkout@v4	2026-06-21T17:03:43.5115284Z [command]/usr/bin/git submodule foreach --recursive git config --local --show-origin --name-only --get-regexp remote.origin.url
gate-check	Post Run actions/checkout@v4	2026-06-21T17:03:43.5348773Z Entering 'harness'
gate-check	Post Run actions/checkout@v4	2026-06-21T17:03:43.5368835Z file:/home/runner/work/omnibot/omnibot/.git/modules/harness/config	remote.origin.url
gate-check	Post Run actions/checkout@v4	2026-06-21T17:03:43.5407247Z [command]/usr/bin/git config --file /home/runner/work/omnibot/omnibot/.git/modules/harness/config --name-only --get-regexp ^includeIf\.gitdir:
gate-check	Complete job	﻿2026-06-21T17:03:43.5618653Z Cleaning up orphan processes
gate-check	Complete job	2026-06-21T17:03:43.5934882Z ##[warning]Node.js 20 is deprecated. The following actions target Node.js 20 but are being forced to run on Node.js 24: actions/checkout@v4, actions/setup-python@v5. For more information see: https://github.blog/changelog/2025-09-19-deprecation-of-node-20-on-github-actions-runners/
Enforce push-milestone (no --no-verify bypass)	Set up job	﻿2026-06-21T17:03:15.5364104Z Current runner version: '2.335.1'
Enforce push-milestone (no --no-verify bypass)	Set up job	2026-06-21T17:03:15.5399379Z ##[group]Runner Image Provisioner
Enforce push-milestone (no --no-verify bypass)	Set up job	2026-06-21T17:03:15.5400729Z Hosted Compute Agent
Enforce push-milestone (no --no-verify bypass)	Set up job	2026-06-21T17:03:15.5401635Z Version: 20260611.554
Enforce push-milestone (no --no-verify bypass)	Set up job	2026-06-21T17:03:15.5402619Z Commit: 5e0782fdc9014723d3be820dd114dd31555c2bd1
Enforce push-milestone (no --no-verify bypass)	Set up job	2026-06-21T17:03:15.5403826Z Build Date: 2026-06-11T21:40:46Z
Enforce push-milestone (no --no-verify bypass)	Set up job	2026-06-21T17:03:15.5404859Z Worker ID: {c92df6f5-a785-4705-b47b-3aaaa3203cf7}
Enforce push-milestone (no --no-verify bypass)	Set up job	2026-06-21T17:03:15.5406001Z Azure Region: eastus
Enforce push-milestone (no --no-verify bypass)	Set up job	2026-06-21T17:03:15.5406859Z ##[endgroup]
Enforce push-milestone (no --no-verify bypass)	Set up job	2026-06-21T17:03:15.5409359Z ##[group]Operating System
Enforce push-milestone (no --no-verify bypass)	Set up job	2026-06-21T17:03:15.5410454Z Ubuntu
Enforce push-milestone (no --no-verify bypass)	Set up job	2026-06-21T17:03:15.5411224Z 24.04.4
Enforce push-milestone (no --no-verify bypass)	Set up job	2026-06-21T17:03:15.5412140Z LTS
Enforce push-milestone (no --no-verify bypass)	Set up job	2026-06-21T17:03:15.5412923Z ##[endgroup]
Enforce push-milestone (no --no-verify bypass)	Set up job	2026-06-21T17:03:15.5413869Z ##[group]Runner Image
Enforce push-milestone (no --no-verify bypass)	Set up job	2026-06-21T17:03:15.5414799Z Image: ubuntu-24.04
Enforce push-milestone (no --no-verify bypass)	Set up job	2026-06-21T17:03:15.5415665Z Version: 20260615.205.1
Enforce push-milestone (no --no-verify bypass)	Set up job	2026-06-21T17:03:15.5417373Z Included Software: https://github.com/actions/runner-images/blob/ubuntu24/20260615.205/images/ubuntu/Ubuntu2404-Readme.md
Enforce push-milestone (no --no-verify bypass)	Set up job	2026-06-21T17:03:15.5420432Z Image Release: https://github.com/actions/runner-images/releases/tag/ubuntu24%2F20260615.205
Enforce push-milestone (no --no-verify bypass)	Set up job	2026-06-21T17:03:15.5422015Z ##[endgroup]
Enforce push-milestone (no --no-verify bypass)	Set up job	2026-06-21T17:03:15.5424421Z ##[group]GITHUB_TOKEN Permissions
Enforce push-milestone (no --no-verify bypass)	Set up job	2026-06-21T17:03:15.5426978Z Contents: read
Enforce push-milestone (no --no-verify bypass)	Set up job	2026-06-21T17:03:15.5428203Z Metadata: read
Enforce push-milestone (no --no-verify bypass)	Set up job	2026-06-21T17:03:15.5429052Z Packages: read
Enforce push-milestone (no --no-verify bypass)	Set up job	2026-06-21T17:03:15.5429887Z ##[endgroup]
Enforce push-milestone (no --no-verify bypass)	Set up job	2026-06-21T17:03:15.5432911Z Secret source: Actions
Enforce push-milestone (no --no-verify bypass)	Set up job	2026-06-21T17:03:15.5434081Z Prepare workflow directory
Enforce push-milestone (no --no-verify bypass)	Set up job	2026-06-21T17:03:15.5877027Z Prepare all required actions
Enforce push-milestone (no --no-verify bypass)	Set up job	2026-06-21T17:03:15.5930026Z Getting action download info
Enforce push-milestone (no --no-verify bypass)	Set up job	2026-06-21T17:03:15.8318524Z Download action repository 'actions/checkout@v4' (SHA:34e114876b0b11c390a56381ad16ebd13914f8d5)
Enforce push-milestone (no --no-verify bypass)	Set up job	2026-06-21T17:03:15.9846662Z Complete job name: Enforce push-milestone (no --no-verify bypass)
Enforce push-milestone (no --no-verify bypass)	Run actions/checkout@v4	﻿2026-06-21T17:03:16.0669359Z Node 20 is being deprecated. This workflow is running with Node 24 by default. If you need to temporarily use Node 20, you can set the ACTIONS_ALLOW_USE_UNSECURE_NODE_VERSION=true environment variable. For more information see: https://github.blog/changelog/2025-09-19-deprecation-of-node-20-on-github-actions-runners/
Enforce push-milestone (no --no-verify bypass)	Run actions/checkout@v4	2026-06-21T17:03:16.0678546Z ##[group]Run actions/checkout@v4
Enforce push-milestone (no --no-verify bypass)	Run actions/checkout@v4	2026-06-21T17:03:16.0679327Z with:
Enforce push-milestone (no --no-verify bypass)	Run actions/checkout@v4	2026-06-21T17:03:16.0679785Z   repository: johnnylugm-tech/omnibot
Enforce push-milestone (no --no-verify bypass)	Run actions/checkout@v4	2026-06-21T17:03:16.0684597Z   token: ***
Enforce push-milestone (no --no-verify bypass)	Run actions/checkout@v4	2026-06-21T17:03:16.0685044Z   ssh-strict: true
Enforce push-milestone (no --no-verify bypass)	Run actions/checkout@v4	2026-06-21T17:03:16.0685491Z   ssh-user: git
Enforce push-milestone (no --no-verify bypass)	Run actions/checkout@v4	2026-06-21T17:03:16.0685949Z   persist-credentials: true
Enforce push-milestone (no --no-verify bypass)	Run actions/checkout@v4	2026-06-21T17:03:16.0686555Z   clean: true
Enforce push-milestone (no --no-verify bypass)	Run actions/checkout@v4	2026-06-21T17:03:16.0687016Z   sparse-checkout-cone-mode: true
Enforce push-milestone (no --no-verify bypass)	Run actions/checkout@v4	2026-06-21T17:03:16.0687551Z   fetch-depth: 1
Enforce push-milestone (no --no-verify bypass)	Run actions/checkout@v4	2026-06-21T17:03:16.0688205Z   fetch-tags: false
Enforce push-milestone (no --no-verify bypass)	Run actions/checkout@v4	2026-06-21T17:03:16.0688671Z   show-progress: true
Enforce push-milestone (no --no-verify bypass)	Run actions/checkout@v4	2026-06-21T17:03:16.0689124Z   lfs: false
Enforce push-milestone (no --no-verify bypass)	Run actions/checkout@v4	2026-06-21T17:03:16.0689535Z   submodules: false
Enforce push-milestone (no --no-verify bypass)	Run actions/checkout@v4	2026-06-21T17:03:16.0690027Z   set-safe-directory: true
Enforce push-milestone (no --no-verify bypass)	Run actions/checkout@v4	2026-06-21T17:03:16.0690764Z ##[endgroup]
Enforce push-milestone (no --no-verify bypass)	Run actions/checkout@v4	2026-06-21T17:03:16.1681237Z Syncing repository: johnnylugm-tech/omnibot
Enforce push-milestone (no --no-verify bypass)	Run actions/checkout@v4	2026-06-21T17:03:16.1683077Z ##[group]Getting Git version info
Enforce push-milestone (no --no-verify bypass)	Run actions/checkout@v4	2026-06-21T17:03:16.1683789Z Working directory is '/home/runner/work/omnibot/omnibot'
Enforce push-milestone (no --no-verify bypass)	Run actions/checkout@v4	2026-06-21T17:03:16.1684835Z [command]/usr/bin/git version
Enforce push-milestone (no --no-verify bypass)	Run actions/checkout@v4	2026-06-21T17:03:16.1722283Z git version 2.54.0
Enforce push-milestone (no --no-verify bypass)	Run actions/checkout@v4	2026-06-21T17:03:16.1773825Z ##[endgroup]
Enforce push-milestone (no --no-verify bypass)	Run actions/checkout@v4	2026-06-21T17:03:16.1788058Z Temporarily overriding HOME='/home/runner/work/_temp/9ffa15b0-3a0d-4472-9332-fb373442a2fc' before making global git config changes
Enforce push-milestone (no --no-verify bypass)	Run actions/checkout@v4	2026-06-21T17:03:16.1789480Z Adding repository directory to the temporary git global config as a safe directory
Enforce push-milestone (no --no-verify bypass)	Run actions/checkout@v4	2026-06-21T17:03:16.1793722Z [command]/usr/bin/git config --global --add safe.directory /home/runner/work/omnibot/omnibot
Enforce push-milestone (no --no-verify bypass)	Run actions/checkout@v4	2026-06-21T17:03:16.1836274Z Deleting the contents of '/home/runner/work/omnibot/omnibot'
Enforce push-milestone (no --no-verify bypass)	Run actions/checkout@v4	2026-06-21T17:03:16.1840699Z ##[group]Initializing the repository
Enforce push-milestone (no --no-verify bypass)	Run actions/checkout@v4	2026-06-21T17:03:16.1845069Z [command]/usr/bin/git init /home/runner/work/omnibot/omnibot
Enforce push-milestone (no --no-verify bypass)	Run actions/checkout@v4	2026-06-21T17:03:16.1912464Z hint: Using 'master' as the name for the initial branch. This default branch name
Enforce push-milestone (no --no-verify bypass)	Run actions/checkout@v4	2026-06-21T17:03:16.1913945Z hint: will change to "main" in Git 3.0. To configure the initial branch name
Enforce push-milestone (no --no-verify bypass)	Run actions/checkout@v4	2026-06-21T17:03:16.1914980Z hint: to use in all of your new repositories, which will suppress this warning,
Enforce push-milestone (no --no-verify bypass)	Run actions/checkout@v4	2026-06-21T17:03:16.1915787Z hint: call:
Enforce push-milestone (no --no-verify bypass)	Run actions/checkout@v4	2026-06-21T17:03:16.1916424Z hint:
Enforce push-milestone (no --no-verify bypass)	Run actions/checkout@v4	2026-06-21T17:03:16.1917149Z hint: 	git config --global init.defaultBranch <name>
Enforce push-milestone (no --no-verify bypass)	Run actions/checkout@v4	2026-06-21T17:03:16.1917878Z hint:
Enforce push-milestone (no --no-verify bypass)	Run actions/checkout@v4	2026-06-21T17:03:16.1918757Z hint: Names commonly chosen instead of 'master' are 'main', 'trunk' and
Enforce push-milestone (no --no-verify bypass)	Run actions/checkout@v4	2026-06-21T17:03:16.1919676Z hint: 'development'. The just-created branch can be renamed via this command:
Enforce push-milestone (no --no-verify bypass)	Run actions/checkout@v4	2026-06-21T17:03:16.1920424Z hint:
Enforce push-milestone (no --no-verify bypass)	Run actions/checkout@v4	2026-06-21T17:03:16.1920841Z hint: 	git branch -m <name>
Enforce push-milestone (no --no-verify bypass)	Run actions/checkout@v4	2026-06-21T17:03:16.1921319Z hint:
Enforce push-milestone (no --no-verify bypass)	Run actions/checkout@v4	2026-06-21T17:03:16.1921940Z hint: Disable this message with "git config set advice.defaultBranchName false"
Enforce push-milestone (no --no-verify bypass)	Run actions/checkout@v4	2026-06-21T17:03:16.1927504Z Initialized empty Git repository in /home/runner/work/omnibot/omnibot/.git/
Enforce push-milestone (no --no-verify bypass)	Run actions/checkout@v4	2026-06-21T17:03:16.1937728Z [command]/usr/bin/git remote add origin https://github.com/johnnylugm-tech/omnibot
Enforce push-milestone (no --no-verify bypass)	Run actions/checkout@v4	2026-06-21T17:03:16.1976017Z ##[endgroup]
Enforce push-milestone (no --no-verify bypass)	Run actions/checkout@v4	2026-06-21T17:03:16.1977164Z ##[group]Disabling automatic garbage collection
Enforce push-milestone (no --no-verify bypass)	Run actions/checkout@v4	2026-06-21T17:03:16.1979162Z [command]/usr/bin/git config --local gc.auto 0
Enforce push-milestone (no --no-verify bypass)	Run actions/checkout@v4	2026-06-21T17:03:16.2009829Z ##[endgroup]
Enforce push-milestone (no --no-verify bypass)	Run actions/checkout@v4	2026-06-21T17:03:16.2010595Z ##[group]Setting up auth
Enforce push-milestone (no --no-verify bypass)	Run actions/checkout@v4	2026-06-21T17:03:16.2015815Z [command]/usr/bin/git config --local --name-only --get-regexp core\.sshCommand
Enforce push-milestone (no --no-verify bypass)	Run actions/checkout@v4	2026-06-21T17:03:16.2048652Z [command]/usr/bin/git submodule foreach --recursive sh -c "git config --local --name-only --get-regexp 'core\.sshCommand' && git config --local --unset-all 'core.sshCommand' || :"
Enforce push-milestone (no --no-verify bypass)	Run actions/checkout@v4	2026-06-21T17:03:16.2354938Z [command]/usr/bin/git config --local --name-only --get-regexp http\.https\:\/\/github\.com\/\.extraheader
Enforce push-milestone (no --no-verify bypass)	Run actions/checkout@v4	2026-06-21T17:03:16.2386946Z [command]/usr/bin/git submodule foreach --recursive sh -c "git config --local --name-only --get-regexp 'http\.https\:\/\/github\.com\/\.extraheader' && git config --local --unset-all 'http.https://github.com/.extraheader' || :"
Enforce push-milestone (no --no-verify bypass)	Run actions/checkout@v4	2026-06-21T17:03:16.2615122Z [command]/usr/bin/git config --local --name-only --get-regexp ^includeIf\.gitdir:
Enforce push-milestone (no --no-verify bypass)	Run actions/checkout@v4	2026-06-21T17:03:16.2646012Z [command]/usr/bin/git submodule foreach --recursive git config --local --show-origin --name-only --get-regexp remote.origin.url
Enforce push-milestone (no --no-verify bypass)	Run actions/checkout@v4	2026-06-21T17:03:16.2875202Z [command]/usr/bin/git config --local http.https://github.com/.extraheader AUTHORIZATION: basic ***
Enforce push-milestone (no --no-verify bypass)	Run actions/checkout@v4	2026-06-21T17:03:16.2910235Z ##[endgroup]
Enforce push-milestone (no --no-verify bypass)	Run actions/checkout@v4	2026-06-21T17:03:16.2911105Z ##[group]Fetching the repository
Enforce push-milestone (no --no-verify bypass)	Run actions/checkout@v4	2026-06-21T17:03:16.2918995Z [command]/usr/bin/git -c protocol.version=2 fetch --no-tags --prune --no-recurse-submodules --depth=1 origin +b4a42eeb727aaa535039bd86a9731a15588be212:refs/remotes/origin/main
Enforce push-milestone (no --no-verify bypass)	Run actions/checkout@v4	2026-06-21T17:03:16.9216093Z From https://github.com/johnnylugm-tech/omnibot
Enforce push-milestone (no --no-verify bypass)	Run actions/checkout@v4	2026-06-21T17:03:16.9218186Z  * [new ref]         b4a42eeb727aaa535039bd86a9731a15588be212 -> origin/main
Enforce push-milestone (no --no-verify bypass)	Run actions/checkout@v4	2026-06-21T17:03:16.9250191Z ##[endgroup]
Enforce push-milestone (no --no-verify bypass)	Run actions/checkout@v4	2026-06-21T17:03:16.9251401Z ##[group]Determining the checkout info
Enforce push-milestone (no --no-verify bypass)	Run actions/checkout@v4	2026-06-21T17:03:16.9252928Z ##[endgroup]
Enforce push-milestone (no --no-verify bypass)	Run actions/checkout@v4	2026-06-21T17:03:16.9259336Z [command]/usr/bin/git sparse-checkout disable
Enforce push-milestone (no --no-verify bypass)	Run actions/checkout@v4	2026-06-21T17:03:16.9305370Z [command]/usr/bin/git config --local --unset-all extensions.worktreeConfig
Enforce push-milestone (no --no-verify bypass)	Run actions/checkout@v4	2026-06-21T17:03:16.9334741Z ##[group]Checking out the ref
Enforce push-milestone (no --no-verify bypass)	Run actions/checkout@v4	2026-06-21T17:03:16.9339142Z [command]/usr/bin/git checkout --progress --force -B main refs/remotes/origin/main
Enforce push-milestone (no --no-verify bypass)	Run actions/checkout@v4	2026-06-21T17:03:17.2970720Z Switched to a new branch 'main'
Enforce push-milestone (no --no-verify bypass)	Run actions/checkout@v4	2026-06-21T17:03:17.2972717Z branch 'main' set up to track 'origin/main'.
Enforce push-milestone (no --no-verify bypass)	Run actions/checkout@v4	2026-06-21T17:03:17.2984626Z ##[endgroup]
Enforce push-milestone (no --no-verify bypass)	Run actions/checkout@v4	2026-06-21T17:03:17.3031538Z [command]/usr/bin/git log -1 --format=%H
Enforce push-milestone (no --no-verify bypass)	Run actions/checkout@v4	2026-06-21T17:03:17.3057230Z b4a42eeb727aaa535039bd86a9731a15588be212
Enforce push-milestone (no --no-verify bypass)	Check last_milestone_command in state.json	﻿2026-06-21T17:03:17.3272149Z ##[group]Run STATE_FILE=".methodology/state.json"
Enforce push-milestone (no --no-verify bypass)	Check last_milestone_command in state.json	2026-06-21T17:03:17.3272725Z ^[[36;1mSTATE_FILE=".methodology/state.json"^[[0m
Enforce push-milestone (no --no-verify bypass)	Check last_milestone_command in state.json	2026-06-21T17:03:17.3273118Z ^[[36;1mif [ ! -f "$STATE_FILE" ]; then^[[0m
Enforce push-milestone (no --no-verify bypass)	Check last_milestone_command in state.json	2026-06-21T17:03:17.3273596Z ^[[36;1m  echo "INFO: No state.json found — project not yet initialized, skipping."^[[0m
Enforce push-milestone (no --no-verify bypass)	Check last_milestone_command in state.json	2026-06-21T17:03:17.3274293Z ^[[36;1m  exit 0^[[0m
Enforce push-milestone (no --no-verify bypass)	Check last_milestone_command in state.json	2026-06-21T17:03:17.3274541Z ^[[36;1mfi^[[0m
Enforce push-milestone (no --no-verify bypass)	Check last_milestone_command in state.json	2026-06-21T17:03:17.3274914Z ^[[36;1m# CV-5: safe JSON parsing — corrupt/empty state.json defaults to 0^[[0m
Enforce push-milestone (no --no-verify bypass)	Check last_milestone_command in state.json	2026-06-21T17:03:17.3275470Z ^[[36;1m# so CI emits a clear error instead of dying with a Python traceback.^[[0m
Enforce push-milestone (no --no-verify bypass)	Check last_milestone_command in state.json	2026-06-21T17:03:17.3275906Z ^[[36;1mPHASE=$(python3 -c "^[[0m
Enforce push-milestone (no --no-verify bypass)	Check last_milestone_command in state.json	2026-06-21T17:03:17.3276209Z ^[[36;1mimport json, sys^[[0m
Enforce push-milestone (no --no-verify bypass)	Check last_milestone_command in state.json	2026-06-21T17:03:17.3276484Z ^[[36;1mtry:^[[0m
Enforce push-milestone (no --no-verify bypass)	Check last_milestone_command in state.json	2026-06-21T17:03:17.3276767Z ^[[36;1m    d = json.load(open('$STATE_FILE'))^[[0m
Enforce push-milestone (no --no-verify bypass)	Check last_milestone_command in state.json	2026-06-21T17:03:17.3277129Z ^[[36;1m    print(d.get('current_phase', 0))^[[0m
Enforce push-milestone (no --no-verify bypass)	Check last_milestone_command in state.json	2026-06-21T17:03:17.3277474Z ^[[36;1mexcept Exception as e:^[[0m
Enforce push-milestone (no --no-verify bypass)	Check last_milestone_command in state.json	2026-06-21T17:03:17.3278142Z ^[[36;1m    print(f'[WARN] state.json unreadable: {e}', file=sys.stderr)^[[0m
Enforce push-milestone (no --no-verify bypass)	Check last_milestone_command in state.json	2026-06-21T17:03:17.3278605Z ^[[36;1m    print(0)^[[0m
Enforce push-milestone (no --no-verify bypass)	Check last_milestone_command in state.json	2026-06-21T17:03:17.3278892Z ^[[36;1m")^[[0m
Enforce push-milestone (no --no-verify bypass)	Check last_milestone_command in state.json	2026-06-21T17:03:17.3279143Z ^[[36;1mif [ "$PHASE" -lt 3 ]; then^[[0m
Enforce push-milestone (no --no-verify bypass)	Check last_milestone_command in state.json	2026-06-21T17:03:17.3279565Z ^[[36;1m  echo "INFO: Phase $PHASE < 3 — push-milestone not yet required."^[[0m
Enforce push-milestone (no --no-verify bypass)	Check last_milestone_command in state.json	2026-06-21T17:03:17.3279969Z ^[[36;1m  exit 0^[[0m
Enforce push-milestone (no --no-verify bypass)	Check last_milestone_command in state.json	2026-06-21T17:03:17.3280212Z ^[[36;1mfi^[[0m
Enforce push-milestone (no --no-verify bypass)	Check last_milestone_command in state.json	2026-06-21T17:03:17.3280453Z ^[[36;1mCMD=$(python3 -c "^[[0m
Enforce push-milestone (no --no-verify bypass)	Check last_milestone_command in state.json	2026-06-21T17:03:17.3280746Z ^[[36;1mimport json, sys^[[0m
Enforce push-milestone (no --no-verify bypass)	Check last_milestone_command in state.json	2026-06-21T17:03:17.3281021Z ^[[36;1mtry:^[[0m
Enforce push-milestone (no --no-verify bypass)	Check last_milestone_command in state.json	2026-06-21T17:03:17.3281307Z ^[[36;1m    d = json.load(open('$STATE_FILE'))^[[0m
Enforce push-milestone (no --no-verify bypass)	Check last_milestone_command in state.json	2026-06-21T17:03:17.3281685Z ^[[36;1m    print(d.get('last_milestone_command', ''))^[[0m
Enforce push-milestone (no --no-verify bypass)	Check last_milestone_command in state.json	2026-06-21T17:03:17.3282044Z ^[[36;1mexcept Exception as e:^[[0m
Enforce push-milestone (no --no-verify bypass)	Check last_milestone_command in state.json	2026-06-21T17:03:17.3282436Z ^[[36;1m    print(f'[WARN] state.json unreadable: {e}', file=sys.stderr)^[[0m
Enforce push-milestone (no --no-verify bypass)	Check last_milestone_command in state.json	2026-06-21T17:03:17.3282841Z ^[[36;1m    print('')^[[0m
Enforce push-milestone (no --no-verify bypass)	Check last_milestone_command in state.json	2026-06-21T17:03:17.3283131Z ^[[36;1m")^[[0m
Enforce push-milestone (no --no-verify bypass)	Check last_milestone_command in state.json	2026-06-21T17:03:17.3283388Z ^[[36;1mif [ -z "$CMD" ]; then^[[0m
Enforce push-milestone (no --no-verify bypass)	Check last_milestone_command in state.json	2026-06-21T17:03:17.3283765Z ^[[36;1m  echo "ERROR: state.json has no last_milestone_command field."^[[0m
Enforce push-milestone (no --no-verify bypass)	Check last_milestone_command in state.json	2026-06-21T17:03:17.3284218Z ^[[36;1m  echo "Direct git push detected. Use instead:"^[[0m
Enforce push-milestone (no --no-verify bypass)	Check last_milestone_command in state.json	2026-06-21T17:03:17.3284747Z ^[[36;1m  echo "  python harness/harness_cli.py push-milestone --type <type> --project ."^[[0m
Enforce push-milestone (no --no-verify bypass)	Check last_milestone_command in state.json	2026-06-21T17:03:17.3285207Z ^[[36;1m  exit 1^[[0m
Enforce push-milestone (no --no-verify bypass)	Check last_milestone_command in state.json	2026-06-21T17:03:17.3285453Z ^[[36;1mfi^[[0m
Enforce push-milestone (no --no-verify bypass)	Check last_milestone_command in state.json	2026-06-21T17:03:17.3285730Z ^[[36;1mecho "OK: last_milestone_command = $CMD"^[[0m
Enforce push-milestone (no --no-verify bypass)	Check last_milestone_command in state.json	2026-06-21T17:03:17.3424042Z shell: /usr/bin/bash -e {0}
Enforce push-milestone (no --no-verify bypass)	Check last_milestone_command in state.json	2026-06-21T17:03:17.3424409Z ##[endgroup]
Enforce push-milestone (no --no-verify bypass)	Check last_milestone_command in state.json	2026-06-21T17:03:17.3956029Z OK: last_milestone_command = push-milestone --type p3-pre-gate2
Enforce push-milestone (no --no-verify bypass)	Verify HANDOVER.md exists (P3+)	﻿2026-06-21T17:03:17.3993663Z ##[group]Run PHASE=$(python3 -c "
Enforce push-milestone (no --no-verify bypass)	Verify HANDOVER.md exists (P3+)	2026-06-21T17:03:17.3994076Z ^[[36;1mPHASE=$(python3 -c "^[[0m
Enforce push-milestone (no --no-verify bypass)	Verify HANDOVER.md exists (P3+)	2026-06-21T17:03:17.3994388Z ^[[36;1mimport json, sys^[[0m
Enforce push-milestone (no --no-verify bypass)	Verify HANDOVER.md exists (P3+)	2026-06-21T17:03:17.3994668Z ^[[36;1mtry:^[[0m
Enforce push-milestone (no --no-verify bypass)	Verify HANDOVER.md exists (P3+)	2026-06-21T17:03:17.3995043Z ^[[36;1m    d = json.load(open('.methodology/state.json', encoding='utf-8'))^[[0m
Enforce push-milestone (no --no-verify bypass)	Verify HANDOVER.md exists (P3+)	2026-06-21T17:03:17.3995528Z ^[[36;1m    print(int(d.get('current_phase', 0)))^[[0m
Enforce push-milestone (no --no-verify bypass)	Verify HANDOVER.md exists (P3+)	2026-06-21T17:03:17.3995893Z ^[[36;1mexcept Exception:^[[0m
Enforce push-milestone (no --no-verify bypass)	Verify HANDOVER.md exists (P3+)	2026-06-21T17:03:17.3996187Z ^[[36;1m    print(0)^[[0m
Enforce push-milestone (no --no-verify bypass)	Verify HANDOVER.md exists (P3+)	2026-06-21T17:03:17.3996491Z ^[[36;1m" 2>/dev/null || echo "0")^[[0m
Enforce push-milestone (no --no-verify bypass)	Verify HANDOVER.md exists (P3+)	2026-06-21T17:03:17.3996812Z ^[[36;1mif [ "$PHASE" -lt 3 ]; then^[[0m
Enforce push-milestone (no --no-verify bypass)	Verify HANDOVER.md exists (P3+)	2026-06-21T17:03:17.3997261Z ^[[36;1m  echo "INFO: Phase $PHASE < 3 — HANDOVER.md managed by p1p2-enforcement."^[[0m
Enforce push-milestone (no --no-verify bypass)	Verify HANDOVER.md exists (P3+)	2026-06-21T17:03:17.3997722Z ^[[36;1m  exit 0^[[0m
Enforce push-milestone (no --no-verify bypass)	Verify HANDOVER.md exists (P3+)	2026-06-21T17:03:17.3998126Z ^[[36;1mfi^[[0m
Enforce push-milestone (no --no-verify bypass)	Verify HANDOVER.md exists (P3+)	2026-06-21T17:03:17.3998393Z ^[[36;1mif [ ! -f "HANDOVER.md" ]; then^[[0m
Enforce push-milestone (no --no-verify bypass)	Verify HANDOVER.md exists (P3+)	2026-06-21T17:03:17.3998788Z ^[[36;1m  echo "ERROR: HANDOVER.md missing for Phase $PHASE."^[[0m
Enforce push-milestone (no --no-verify bypass)	Verify HANDOVER.md exists (P3+)	2026-06-21T17:03:17.3999306Z ^[[36;1m  echo "push-milestone should have generated HANDOVER.md."^[[0m
Enforce push-milestone (no --no-verify bypass)	Verify HANDOVER.md exists (P3+)	2026-06-21T17:03:17.3999862Z ^[[36;1m  echo "Run: python harness/harness_cli.py push-milestone --type <type> --project ."^[[0m
Enforce push-milestone (no --no-verify bypass)	Verify HANDOVER.md exists (P3+)	2026-06-21T17:03:17.4000333Z ^[[36;1m  exit 1^[[0m
Enforce push-milestone (no --no-verify bypass)	Verify HANDOVER.md exists (P3+)	2026-06-21T17:03:17.4000579Z ^[[36;1mfi^[[0m
Enforce push-milestone (no --no-verify bypass)	Verify HANDOVER.md exists (P3+)	2026-06-21T17:03:17.4000840Z ^[[36;1mecho "OK: HANDOVER.md present."^[[0m
Enforce push-milestone (no --no-verify bypass)	Verify HANDOVER.md exists (P3+)	2026-06-21T17:03:17.4034093Z shell: /usr/bin/bash -e {0}
Enforce push-milestone (no --no-verify bypass)	Verify HANDOVER.md exists (P3+)	2026-06-21T17:03:17.4034430Z ##[endgroup]
Enforce push-milestone (no --no-verify bypass)	Verify HANDOVER.md exists (P3+)	2026-06-21T17:03:17.4315635Z OK: HANDOVER.md present.
Enforce push-milestone (no --no-verify bypass)	Post Run actions/checkout@v4	﻿2026-06-21T17:03:17.4432708Z Node 20 is being deprecated. This workflow is running with Node 24 by default. If you need to temporarily use Node 20, you can set the ACTIONS_ALLOW_USE_UNSECURE_NODE_VERSION=true environment variable. For more information see: https://github.blog/changelog/2025-09-19-deprecation-of-node-20-on-github-actions-runners/
Enforce push-milestone (no --no-verify bypass)	Post Run actions/checkout@v4	2026-06-21T17:03:17.4434234Z Post job cleanup.
Enforce push-milestone (no --no-verify bypass)	Post Run actions/checkout@v4	2026-06-21T17:03:17.5344769Z [command]/usr/bin/git version
Enforce push-milestone (no --no-verify bypass)	Post Run actions/checkout@v4	2026-06-21T17:03:17.5412476Z git version 2.54.0
Enforce push-milestone (no --no-verify bypass)	Post Run actions/checkout@v4	2026-06-21T17:03:17.5447082Z Temporarily overriding HOME='/home/runner/work/_temp/9906aec7-f392-4639-93e2-14c09db1f389' before making global git config changes
Enforce push-milestone (no --no-verify bypass)	Post Run actions/checkout@v4	2026-06-21T17:03:17.5448181Z Adding repository directory to the temporary git global config as a safe directory
Enforce push-milestone (no --no-verify bypass)	Post Run actions/checkout@v4	2026-06-21T17:03:17.5452360Z [command]/usr/bin/git config --global --add safe.directory /home/runner/work/omnibot/omnibot
Enforce push-milestone (no --no-verify bypass)	Post Run actions/checkout@v4	2026-06-21T17:03:17.5488882Z [command]/usr/bin/git config --local --name-only --get-regexp core\.sshCommand
Enforce push-milestone (no --no-verify bypass)	Post Run actions/checkout@v4	2026-06-21T17:03:17.5525810Z [command]/usr/bin/git submodule foreach --recursive sh -c "git config --local --name-only --get-regexp 'core\.sshCommand' && git config --local --unset-all 'core.sshCommand' || :"
Enforce push-milestone (no --no-verify bypass)	Post Run actions/checkout@v4	2026-06-21T17:03:17.5762662Z [command]/usr/bin/git config --local --name-only --get-regexp http\.https\:\/\/github\.com\/\.extraheader
Enforce push-milestone (no --no-verify bypass)	Post Run actions/checkout@v4	2026-06-21T17:03:17.5787326Z http.https://github.com/.extraheader
Enforce push-milestone (no --no-verify bypass)	Post Run actions/checkout@v4	2026-06-21T17:03:17.5797578Z [command]/usr/bin/git config --local --unset-all http.https://github.com/.extraheader
Enforce push-milestone (no --no-verify bypass)	Post Run actions/checkout@v4	2026-06-21T17:03:17.5829537Z [command]/usr/bin/git submodule foreach --recursive sh -c "git config --local --name-only --get-regexp 'http\.https\:\/\/github\.com\/\.extraheader' && git config --local --unset-all 'http.https://github.com/.extraheader' || :"
Enforce push-milestone (no --no-verify bypass)	Post Run actions/checkout@v4	2026-06-21T17:03:17.6065076Z [command]/usr/bin/git config --local --name-only --get-regexp ^includeIf\.gitdir:
Enforce push-milestone (no --no-verify bypass)	Post Run actions/checkout@v4	2026-06-21T17:03:17.6096834Z [command]/usr/bin/git submodule foreach --recursive git config --local --show-origin --name-only --get-regexp remote.origin.url
Enforce push-milestone (no --no-verify bypass)	Complete job	﻿2026-06-21T17:03:17.6460873Z Cleaning up orphan processes
Enforce push-milestone (no --no-verify bypass)	Complete job	2026-06-21T17:03:17.6751557Z ##[warning]Node.js 20 is deprecated. The following actions target Node.js 20 but are being forced to run on Node.js 24: actions/checkout@v4. For more information see: https://github.blog/changelog/2025-09-19-deprecation-of-node-20-on-github-actions-runners/
ASPICE Traceability Check (TH-01)	Set up job	﻿2026-06-21T17:03:16.4071636Z Current runner version: '2.335.1'
ASPICE Traceability Check (TH-01)	Set up job	2026-06-21T17:03:16.4097618Z ##[group]Runner Image Provisioner
ASPICE Traceability Check (TH-01)	Set up job	2026-06-21T17:03:16.4098679Z Hosted Compute Agent
ASPICE Traceability Check (TH-01)	Set up job	2026-06-21T17:03:16.4099386Z Version: 20260611.554
ASPICE Traceability Check (TH-01)	Set up job	2026-06-21T17:03:16.4100065Z Commit: 5e0782fdc9014723d3be820dd114dd31555c2bd1
ASPICE Traceability Check (TH-01)	Set up job	2026-06-21T17:03:16.4100833Z Build Date: 2026-06-11T21:40:46Z
ASPICE Traceability Check (TH-01)	Set up job	2026-06-21T17:03:16.4101571Z Worker ID: {2e69a452-a3db-4d71-b2d8-e423585e7fc3}
ASPICE Traceability Check (TH-01)	Set up job	2026-06-21T17:03:16.4102272Z Azure Region: westus
ASPICE Traceability Check (TH-01)	Set up job	2026-06-21T17:03:16.4102904Z ##[endgroup]
ASPICE Traceability Check (TH-01)	Set up job	2026-06-21T17:03:16.4104398Z ##[group]Operating System
ASPICE Traceability Check (TH-01)	Set up job	2026-06-21T17:03:16.4105121Z Ubuntu
ASPICE Traceability Check (TH-01)	Set up job	2026-06-21T17:03:16.4105668Z 24.04.4
ASPICE Traceability Check (TH-01)	Set up job	2026-06-21T17:03:16.4106182Z LTS
ASPICE Traceability Check (TH-01)	Set up job	2026-06-21T17:03:16.4106947Z ##[endgroup]
ASPICE Traceability Check (TH-01)	Set up job	2026-06-21T17:03:16.4107586Z ##[group]Runner Image
ASPICE Traceability Check (TH-01)	Set up job	2026-06-21T17:03:16.4108169Z Image: ubuntu-24.04
ASPICE Traceability Check (TH-01)	Set up job	2026-06-21T17:03:16.4108812Z Version: 20260615.205.1
ASPICE Traceability Check (TH-01)	Set up job	2026-06-21T17:03:16.4109886Z Included Software: https://github.com/actions/runner-images/blob/ubuntu24/20260615.205/images/ubuntu/Ubuntu2404-Readme.md
ASPICE Traceability Check (TH-01)	Set up job	2026-06-21T17:03:16.4111739Z Image Release: https://github.com/actions/runner-images/releases/tag/ubuntu24%2F20260615.205
ASPICE Traceability Check (TH-01)	Set up job	2026-06-21T17:03:16.4112701Z ##[endgroup]
ASPICE Traceability Check (TH-01)	Set up job	2026-06-21T17:03:16.4113958Z ##[group]GITHUB_TOKEN Permissions
ASPICE Traceability Check (TH-01)	Set up job	2026-06-21T17:03:16.4116319Z Contents: read
ASPICE Traceability Check (TH-01)	Set up job	2026-06-21T17:03:16.4117284Z Metadata: read
ASPICE Traceability Check (TH-01)	Set up job	2026-06-21T17:03:16.4117872Z Packages: read
ASPICE Traceability Check (TH-01)	Set up job	2026-06-21T17:03:16.4118461Z ##[endgroup]
ASPICE Traceability Check (TH-01)	Set up job	2026-06-21T17:03:16.4120570Z Secret source: Actions
ASPICE Traceability Check (TH-01)	Set up job	2026-06-21T17:03:16.4121582Z Prepare workflow directory
ASPICE Traceability Check (TH-01)	Set up job	2026-06-21T17:03:16.4463043Z Prepare all required actions
ASPICE Traceability Check (TH-01)	Set up job	2026-06-21T17:03:16.4521516Z Getting action download info
ASPICE Traceability Check (TH-01)	Set up job	2026-06-21T17:03:16.8307444Z Download action repository 'actions/checkout@v4' (SHA:34e114876b0b11c390a56381ad16ebd13914f8d5)
ASPICE Traceability Check (TH-01)	Set up job	2026-06-21T17:03:16.9097215Z Download action repository 'actions/setup-python@v5' (SHA:a26af69be951a213d495a4c3e4e4022e16d87065)
ASPICE Traceability Check (TH-01)	Set up job	2026-06-21T17:03:17.0848961Z Complete job name: ASPICE Traceability Check (TH-01)
ASPICE Traceability Check (TH-01)	Run actions/checkout@v4	﻿2026-06-21T17:03:17.1598289Z Node 20 is being deprecated. This workflow is running with Node 24 by default. If you need to temporarily use Node 20, you can set the ACTIONS_ALLOW_USE_UNSECURE_NODE_VERSION=true environment variable. For more information see: https://github.blog/changelog/2025-09-19-deprecation-of-node-20-on-github-actions-runners/
ASPICE Traceability Check (TH-01)	Run actions/checkout@v4	2026-06-21T17:03:17.1606540Z ##[group]Run actions/checkout@v4
ASPICE Traceability Check (TH-01)	Run actions/checkout@v4	2026-06-21T17:03:17.1607617Z with:
ASPICE Traceability Check (TH-01)	Run actions/checkout@v4	2026-06-21T17:03:17.1608123Z   submodules: true
ASPICE Traceability Check (TH-01)	Run actions/checkout@v4	2026-06-21T17:03:17.1608657Z   repository: johnnylugm-tech/omnibot
ASPICE Traceability Check (TH-01)	Run actions/checkout@v4	2026-06-21T17:03:17.1612871Z   token: ***
ASPICE Traceability Check (TH-01)	Run actions/checkout@v4	2026-06-21T17:03:17.1613353Z   ssh-strict: true
ASPICE Traceability Check (TH-01)	Run actions/checkout@v4	2026-06-21T17:03:17.1613839Z   ssh-user: git
ASPICE Traceability Check (TH-01)	Run actions/checkout@v4	2026-06-21T17:03:17.1614336Z   persist-credentials: true
ASPICE Traceability Check (TH-01)	Run actions/checkout@v4	2026-06-21T17:03:17.1614878Z   clean: true
ASPICE Traceability Check (TH-01)	Run actions/checkout@v4	2026-06-21T17:03:17.1615372Z   sparse-checkout-cone-mode: true
ASPICE Traceability Check (TH-01)	Run actions/checkout@v4	2026-06-21T17:03:17.1615942Z   fetch-depth: 1
ASPICE Traceability Check (TH-01)	Run actions/checkout@v4	2026-06-21T17:03:17.1616414Z   fetch-tags: false
ASPICE Traceability Check (TH-01)	Run actions/checkout@v4	2026-06-21T17:03:17.1617160Z   show-progress: true
ASPICE Traceability Check (TH-01)	Run actions/checkout@v4	2026-06-21T17:03:17.1617670Z   lfs: false
ASPICE Traceability Check (TH-01)	Run actions/checkout@v4	2026-06-21T17:03:17.1618193Z   set-safe-directory: true
ASPICE Traceability Check (TH-01)	Run actions/checkout@v4	2026-06-21T17:03:17.1618981Z ##[endgroup]
ASPICE Traceability Check (TH-01)	Run actions/checkout@v4	2026-06-21T17:03:17.2584657Z Syncing repository: johnnylugm-tech/omnibot
ASPICE Traceability Check (TH-01)	Run actions/checkout@v4	2026-06-21T17:03:17.2587048Z ##[group]Getting Git version info
ASPICE Traceability Check (TH-01)	Run actions/checkout@v4	2026-06-21T17:03:17.2587842Z Working directory is '/home/runner/work/omnibot/omnibot'
ASPICE Traceability Check (TH-01)	Run actions/checkout@v4	2026-06-21T17:03:17.2589049Z [command]/usr/bin/git version
ASPICE Traceability Check (TH-01)	Run actions/checkout@v4	2026-06-21T17:03:17.2641286Z git version 2.54.0
ASPICE Traceability Check (TH-01)	Run actions/checkout@v4	2026-06-21T17:03:17.2662054Z ##[endgroup]
ASPICE Traceability Check (TH-01)	Run actions/checkout@v4	2026-06-21T17:03:17.2675593Z Temporarily overriding HOME='/home/runner/work/_temp/35abce82-842c-4d8e-bb6e-eb7c819d0807' before making global git config changes
ASPICE Traceability Check (TH-01)	Run actions/checkout@v4	2026-06-21T17:03:17.2677335Z Adding repository directory to the temporary git global config as a safe directory
ASPICE Traceability Check (TH-01)	Run actions/checkout@v4	2026-06-21T17:03:17.2680562Z [command]/usr/bin/git config --global --add safe.directory /home/runner/work/omnibot/omnibot
ASPICE Traceability Check (TH-01)	Run actions/checkout@v4	2026-06-21T17:03:17.2727954Z Deleting the contents of '/home/runner/work/omnibot/omnibot'
ASPICE Traceability Check (TH-01)	Run actions/checkout@v4	2026-06-21T17:03:17.2732278Z ##[group]Initializing the repository
ASPICE Traceability Check (TH-01)	Run actions/checkout@v4	2026-06-21T17:03:17.2737060Z [command]/usr/bin/git init /home/runner/work/omnibot/omnibot
ASPICE Traceability Check (TH-01)	Run actions/checkout@v4	2026-06-21T17:03:17.2842810Z hint: Using 'master' as the name for the initial branch. This default branch name
ASPICE Traceability Check (TH-01)	Run actions/checkout@v4	2026-06-21T17:03:17.2844195Z hint: will change to "main" in Git 3.0. To configure the initial branch name
ASPICE Traceability Check (TH-01)	Run actions/checkout@v4	2026-06-21T17:03:17.2845287Z hint: to use in all of your new repositories, which will suppress this warning,
ASPICE Traceability Check (TH-01)	Run actions/checkout@v4	2026-06-21T17:03:17.2846129Z hint: call:
ASPICE Traceability Check (TH-01)	Run actions/checkout@v4	2026-06-21T17:03:17.2846577Z hint:
ASPICE Traceability Check (TH-01)	Run actions/checkout@v4	2026-06-21T17:03:17.2847450Z hint: 	git config --global init.defaultBranch <name>
ASPICE Traceability Check (TH-01)	Run actions/checkout@v4	2026-06-21T17:03:17.2848240Z hint:
ASPICE Traceability Check (TH-01)	Run actions/checkout@v4	2026-06-21T17:03:17.2848896Z hint: Names commonly chosen instead of 'master' are 'main', 'trunk' and
ASPICE Traceability Check (TH-01)	Run actions/checkout@v4	2026-06-21T17:03:17.2850433Z hint: 'development'. The just-created branch can be renamed via this command:
ASPICE Traceability Check (TH-01)	Run actions/checkout@v4	2026-06-21T17:03:17.2851451Z hint:
ASPICE Traceability Check (TH-01)	Run actions/checkout@v4	2026-06-21T17:03:17.2852177Z hint: 	git branch -m <name>
ASPICE Traceability Check (TH-01)	Run actions/checkout@v4	2026-06-21T17:03:17.2853087Z hint:
ASPICE Traceability Check (TH-01)	Run actions/checkout@v4	2026-06-21T17:03:17.2853861Z hint: Disable this message with "git config set advice.defaultBranchName false"
ASPICE Traceability Check (TH-01)	Run actions/checkout@v4	2026-06-21T17:03:17.2855291Z Initialized empty Git repository in /home/runner/work/omnibot/omnibot/.git/
ASPICE Traceability Check (TH-01)	Run actions/checkout@v4	2026-06-21T17:03:17.2860540Z [command]/usr/bin/git remote add origin https://github.com/johnnylugm-tech/omnibot
ASPICE Traceability Check (TH-01)	Run actions/checkout@v4	2026-06-21T17:03:17.2902627Z ##[endgroup]
ASPICE Traceability Check (TH-01)	Run actions/checkout@v4	2026-06-21T17:03:17.2904155Z ##[group]Disabling automatic garbage collection
ASPICE Traceability Check (TH-01)	Run actions/checkout@v4	2026-06-21T17:03:17.2907456Z [command]/usr/bin/git config --local gc.auto 0
ASPICE Traceability Check (TH-01)	Run actions/checkout@v4	2026-06-21T17:03:17.2937924Z ##[endgroup]
ASPICE Traceability Check (TH-01)	Run actions/checkout@v4	2026-06-21T17:03:17.2939771Z ##[group]Setting up auth
ASPICE Traceability Check (TH-01)	Run actions/checkout@v4	2026-06-21T17:03:17.2944407Z [command]/usr/bin/git config --local --name-only --get-regexp core\.sshCommand
ASPICE Traceability Check (TH-01)	Run actions/checkout@v4	2026-06-21T17:03:17.2976484Z [command]/usr/bin/git submodule foreach --recursive sh -c "git config --local --name-only --get-regexp 'core\.sshCommand' && git config --local --unset-all 'core.sshCommand' || :"
ASPICE Traceability Check (TH-01)	Run actions/checkout@v4	2026-06-21T17:03:17.3301576Z [command]/usr/bin/git config --local --name-only --get-regexp http\.https\:\/\/github\.com\/\.extraheader
ASPICE Traceability Check (TH-01)	Run actions/checkout@v4	2026-06-21T17:03:17.3333183Z [command]/usr/bin/git submodule foreach --recursive sh -c "git config --local --name-only --get-regexp 'http\.https\:\/\/github\.com\/\.extraheader' && git config --local --unset-all 'http.https://github.com/.extraheader' || :"
ASPICE Traceability Check (TH-01)	Run actions/checkout@v4	2026-06-21T17:03:17.3547038Z [command]/usr/bin/git config --local --name-only --get-regexp ^includeIf\.gitdir:
ASPICE Traceability Check (TH-01)	Run actions/checkout@v4	2026-06-21T17:03:17.3575100Z [command]/usr/bin/git submodule foreach --recursive git config --local --show-origin --name-only --get-regexp remote.origin.url
ASPICE Traceability Check (TH-01)	Run actions/checkout@v4	2026-06-21T17:03:17.3801659Z [command]/usr/bin/git config --local http.https://github.com/.extraheader AUTHORIZATION: basic ***
ASPICE Traceability Check (TH-01)	Run actions/checkout@v4	2026-06-21T17:03:17.3838087Z ##[endgroup]
ASPICE Traceability Check (TH-01)	Run actions/checkout@v4	2026-06-21T17:03:17.3838922Z ##[group]Fetching the repository
ASPICE Traceability Check (TH-01)	Run actions/checkout@v4	2026-06-21T17:03:17.3851506Z [command]/usr/bin/git -c protocol.version=2 fetch --no-tags --prune --no-recurse-submodules --depth=1 origin +b4a42eeb727aaa535039bd86a9731a15588be212:refs/remotes/origin/main
ASPICE Traceability Check (TH-01)	Run actions/checkout@v4	2026-06-21T17:03:18.3856403Z From https://github.com/johnnylugm-tech/omnibot
ASPICE Traceability Check (TH-01)	Run actions/checkout@v4	2026-06-21T17:03:18.3858664Z  * [new ref]         b4a42eeb727aaa535039bd86a9731a15588be212 -> origin/main
ASPICE Traceability Check (TH-01)	Run actions/checkout@v4	2026-06-21T17:03:18.3894837Z ##[endgroup]
ASPICE Traceability Check (TH-01)	Run actions/checkout@v4	2026-06-21T17:03:18.3896226Z ##[group]Determining the checkout info
ASPICE Traceability Check (TH-01)	Run actions/checkout@v4	2026-06-21T17:03:18.3898159Z ##[endgroup]
ASPICE Traceability Check (TH-01)	Run actions/checkout@v4	2026-06-21T17:03:18.3903993Z [command]/usr/bin/git sparse-checkout disable
ASPICE Traceability Check (TH-01)	Run actions/checkout@v4	2026-06-21T17:03:18.3948051Z [command]/usr/bin/git config --local --unset-all extensions.worktreeConfig
ASPICE Traceability Check (TH-01)	Run actions/checkout@v4	2026-06-21T17:03:18.3977980Z ##[group]Checking out the ref
ASPICE Traceability Check (TH-01)	Run actions/checkout@v4	2026-06-21T17:03:18.3983424Z [command]/usr/bin/git checkout --progress --force -B main refs/remotes/origin/main
ASPICE Traceability Check (TH-01)	Run actions/checkout@v4	2026-06-21T17:03:18.7282192Z Switched to a new branch 'main'
ASPICE Traceability Check (TH-01)	Run actions/checkout@v4	2026-06-21T17:03:18.7285131Z branch 'main' set up to track 'origin/main'.
ASPICE Traceability Check (TH-01)	Run actions/checkout@v4	2026-06-21T17:03:18.7297585Z ##[endgroup]
ASPICE Traceability Check (TH-01)	Run actions/checkout@v4	2026-06-21T17:03:18.7299752Z ##[group]Setting up auth for fetching submodules
ASPICE Traceability Check (TH-01)	Run actions/checkout@v4	2026-06-21T17:03:18.7304534Z [command]/usr/bin/git config --global http.https://github.com/.extraheader AUTHORIZATION: basic ***
ASPICE Traceability Check (TH-01)	Run actions/checkout@v4	2026-06-21T17:03:18.7343813Z [command]/usr/bin/git config --global --unset-all url.https://github.com/.insteadOf
ASPICE Traceability Check (TH-01)	Run actions/checkout@v4	2026-06-21T17:03:18.7374380Z [command]/usr/bin/git config --global --add url.https://github.com/.insteadOf git@github.com:
ASPICE Traceability Check (TH-01)	Run actions/checkout@v4	2026-06-21T17:03:18.7403775Z [command]/usr/bin/git config --global --add url.https://github.com/.insteadOf org-264831202@github.com:
ASPICE Traceability Check (TH-01)	Run actions/checkout@v4	2026-06-21T17:03:18.7429930Z ##[endgroup]
ASPICE Traceability Check (TH-01)	Run actions/checkout@v4	2026-06-21T17:03:18.7431660Z ##[group]Fetching submodules
ASPICE Traceability Check (TH-01)	Run actions/checkout@v4	2026-06-21T17:03:18.7433151Z [command]/usr/bin/git submodule sync
ASPICE Traceability Check (TH-01)	Run actions/checkout@v4	2026-06-21T17:03:18.7646822Z [command]/usr/bin/git -c protocol.version=2 submodule update --init --force --depth=1
ASPICE Traceability Check (TH-01)	Run actions/checkout@v4	2026-06-21T17:03:18.7858117Z Submodule 'harness' (https://github.com/johnnylugm-tech/harness-methodology.git) registered for path 'harness'
ASPICE Traceability Check (TH-01)	Run actions/checkout@v4	2026-06-21T17:03:18.7881995Z Cloning into '/home/runner/work/omnibot/omnibot/harness'...
ASPICE Traceability Check (TH-01)	Run actions/checkout@v4	2026-06-21T17:03:20.8830781Z From https://github.com/johnnylugm-tech/harness-methodology
ASPICE Traceability Check (TH-01)	Run actions/checkout@v4	2026-06-21T17:03:20.8831741Z  * branch            094bc1981e951903f3a243e6c4d6e4e573bfceda -> FETCH_HEAD
ASPICE Traceability Check (TH-01)	Run actions/checkout@v4	2026-06-21T17:03:20.9253209Z Submodule path 'harness': checked out '094bc1981e951903f3a243e6c4d6e4e573bfceda'
ASPICE Traceability Check (TH-01)	Run actions/checkout@v4	2026-06-21T17:03:20.9265836Z [command]/usr/bin/git submodule foreach git config --local gc.auto 0
ASPICE Traceability Check (TH-01)	Run actions/checkout@v4	2026-06-21T17:03:20.9479400Z Entering 'harness'
ASPICE Traceability Check (TH-01)	Run actions/checkout@v4	2026-06-21T17:03:20.9634789Z ##[endgroup]
ASPICE Traceability Check (TH-01)	Run actions/checkout@v4	2026-06-21T17:03:20.9635428Z ##[group]Persisting credentials for submodules
ASPICE Traceability Check (TH-01)	Run actions/checkout@v4	2026-06-21T17:03:20.9641084Z [command]/usr/bin/git submodule foreach --recursive sh -c "git config --local --name-only --get-regexp 'url\.https\:\/\/github\.com\/\.insteadOf' && git config --local --unset-all 'url.https://github.com/.insteadOf' || :"
ASPICE Traceability Check (TH-01)	Run actions/checkout@v4	2026-06-21T17:03:20.9847539Z Entering 'harness'
ASPICE Traceability Check (TH-01)	Run actions/checkout@v4	2026-06-21T17:03:20.9909653Z [command]/usr/bin/git submodule foreach sh -c "git config --local 'http.https://github.com/.extraheader' 'AUTHORIZATION: basic ***' && git config --local --show-origin --name-only --get-regexp remote.origin.url"
ASPICE Traceability Check (TH-01)	Run actions/checkout@v4	2026-06-21T17:03:21.0118209Z Entering 'harness'
ASPICE Traceability Check (TH-01)	Run actions/checkout@v4	2026-06-21T17:03:21.0159332Z file:/home/runner/work/omnibot/omnibot/.git/modules/harness/config	remote.origin.url
ASPICE Traceability Check (TH-01)	Run actions/checkout@v4	2026-06-21T17:03:21.0181098Z [command]/usr/bin/git submodule foreach git config --local --add 'url.https://github.com/.insteadOf' 'git@github.com:'
ASPICE Traceability Check (TH-01)	Run actions/checkout@v4	2026-06-21T17:03:21.0387623Z Entering 'harness'
ASPICE Traceability Check (TH-01)	Run actions/checkout@v4	2026-06-21T17:03:21.0421371Z [command]/usr/bin/git submodule foreach git config --local --add 'url.https://github.com/.insteadOf' 'org-264831202@github.com:'
ASPICE Traceability Check (TH-01)	Run actions/checkout@v4	2026-06-21T17:03:21.0624170Z Entering 'harness'
ASPICE Traceability Check (TH-01)	Run actions/checkout@v4	2026-06-21T17:03:21.0654751Z ##[endgroup]
ASPICE Traceability Check (TH-01)	Run actions/checkout@v4	2026-06-21T17:03:21.0694715Z [command]/usr/bin/git log -1 --format=%H
ASPICE Traceability Check (TH-01)	Run actions/checkout@v4	2026-06-21T17:03:21.0718283Z b4a42eeb727aaa535039bd86a9731a15588be212
ASPICE Traceability Check (TH-01)	Run actions/setup-python@v5	﻿2026-06-21T17:03:21.0962596Z Node 20 is being deprecated. This workflow is running with Node 24 by default. If you need to temporarily use Node 20, you can set the ACTIONS_ALLOW_USE_UNSECURE_NODE_VERSION=true environment variable. For more information see: https://github.blog/changelog/2025-09-19-deprecation-of-node-20-on-github-actions-runners/
ASPICE Traceability Check (TH-01)	Run actions/setup-python@v5	2026-06-21T17:03:21.0964447Z ##[group]Run actions/setup-python@v5
ASPICE Traceability Check (TH-01)	Run actions/setup-python@v5	2026-06-21T17:03:21.0964757Z with:
ASPICE Traceability Check (TH-01)	Run actions/setup-python@v5	2026-06-21T17:03:21.0965015Z   python-version: 3.11
ASPICE Traceability Check (TH-01)	Run actions/setup-python@v5	2026-06-21T17:03:21.0965295Z   check-latest: false
ASPICE Traceability Check (TH-01)	Run actions/setup-python@v5	2026-06-21T17:03:21.0968341Z   token: ***
ASPICE Traceability Check (TH-01)	Run actions/setup-python@v5	2026-06-21T17:03:21.0968621Z   update-environment: true
ASPICE Traceability Check (TH-01)	Run actions/setup-python@v5	2026-06-21T17:03:21.0968914Z   allow-prereleases: false
ASPICE Traceability Check (TH-01)	Run actions/setup-python@v5	2026-06-21T17:03:21.0969188Z   freethreaded: false
ASPICE Traceability Check (TH-01)	Run actions/setup-python@v5	2026-06-21T17:03:21.0969447Z ##[endgroup]
ASPICE Traceability Check (TH-01)	Run actions/setup-python@v5	2026-06-21T17:03:21.2223136Z ##[group]Installed versions
ASPICE Traceability Check (TH-01)	Run actions/setup-python@v5	2026-06-21T17:03:21.2322843Z (node:2493) [DEP0040] DeprecationWarning: The `punycode` module is deprecated. Please use a userland alternative instead.
ASPICE Traceability Check (TH-01)	Run actions/setup-python@v5	2026-06-21T17:03:21.2323907Z (Use `node --trace-deprecation ...` to show where the warning was created)
ASPICE Traceability Check (TH-01)	Run actions/setup-python@v5	2026-06-21T17:03:21.2324766Z Successfully set up CPython (3.11.15)
ASPICE Traceability Check (TH-01)	Run actions/setup-python@v5	2026-06-21T17:03:21.2325625Z ##[endgroup]
ASPICE Traceability Check (TH-01)	Install harness dependencies	﻿2026-06-21T17:03:21.2531126Z ##[group]Run pip install -r harness/requirements.txt || true
ASPICE Traceability Check (TH-01)	Install harness dependencies	2026-06-21T17:03:21.2531724Z ^[[36;1mpip install -r harness/requirements.txt || true^[[0m
ASPICE Traceability Check (TH-01)	Install harness dependencies	2026-06-21T17:03:21.2727346Z shell: /usr/bin/bash -e {0}
ASPICE Traceability Check (TH-01)	Install harness dependencies	2026-06-21T17:03:21.2727940Z env:
ASPICE Traceability Check (TH-01)	Install harness dependencies	2026-06-21T17:03:21.2728275Z   pythonLocation: /opt/hostedtoolcache/Python/3.11.15/x64
ASPICE Traceability Check (TH-01)	Install harness dependencies	2026-06-21T17:03:21.2728805Z   PKG_CONFIG_PATH: /opt/hostedtoolcache/Python/3.11.15/x64/lib/pkgconfig
ASPICE Traceability Check (TH-01)	Install harness dependencies	2026-06-21T17:03:21.2729307Z   Python_ROOT_DIR: /opt/hostedtoolcache/Python/3.11.15/x64
ASPICE Traceability Check (TH-01)	Install harness dependencies	2026-06-21T17:03:21.2729757Z   Python2_ROOT_DIR: /opt/hostedtoolcache/Python/3.11.15/x64
ASPICE Traceability Check (TH-01)	Install harness dependencies	2026-06-21T17:03:21.2730203Z   Python3_ROOT_DIR: /opt/hostedtoolcache/Python/3.11.15/x64
ASPICE Traceability Check (TH-01)	Install harness dependencies	2026-06-21T17:03:21.2730651Z   LD_LIBRARY_PATH: /opt/hostedtoolcache/Python/3.11.15/x64/lib
ASPICE Traceability Check (TH-01)	Install harness dependencies	2026-06-21T17:03:21.2731037Z ##[endgroup]
ASPICE Traceability Check (TH-01)	Install harness dependencies	2026-06-21T17:03:22.4108759Z Collecting ruff==0.15.13 (from -r harness/requirements.txt (line 8))
ASPICE Traceability Check (TH-01)	Install harness dependencies	2026-06-21T17:03:22.4642274Z   Downloading ruff-0.15.13-py3-none-manylinux_2_17_x86_64.manylinux2014_x86_64.whl.metadata (26 kB)
ASPICE Traceability Check (TH-01)	Install harness dependencies	2026-06-21T17:03:22.5602488Z Collecting mypy==1.19.1 (from -r harness/requirements.txt (line 11))
ASPICE Traceability Check (TH-01)	Install harness dependencies	2026-06-21T17:03:22.5645583Z   Downloading mypy-1.19.1-cp311-cp311-manylinux2014_x86_64.manylinux_2_17_x86_64.manylinux_2_28_x86_64.whl.metadata (2.2 kB)
ASPICE Traceability Check (TH-01)	Install harness dependencies	2026-06-21T17:03:22.5931735Z Collecting pyright==1.1.409 (from -r harness/requirements.txt (line 12))
ASPICE Traceability Check (TH-01)	Install harness dependencies	2026-06-21T17:03:22.5980409Z   Downloading pyright-1.1.409-py3-none-any.whl.metadata (6.9 kB)
ASPICE Traceability Check (TH-01)	Install harness dependencies	2026-06-21T17:03:22.6329498Z Collecting pytest==8.4.2 (from -r harness/requirements.txt (line 15))
ASPICE Traceability Check (TH-01)	Install harness dependencies	2026-06-21T17:03:22.6358899Z   Downloading pytest-8.4.2-py3-none-any.whl.metadata (7.7 kB)
ASPICE Traceability Check (TH-01)	Install harness dependencies	2026-06-21T17:03:22.6492166Z Collecting pytest-cov==7.1.0 (from -r harness/requirements.txt (line 16))
ASPICE Traceability Check (TH-01)	Install harness dependencies	2026-06-21T17:03:22.6519881Z   Downloading pytest_cov-7.1.0-py3-none-any.whl.metadata (32 kB)
ASPICE Traceability Check (TH-01)	Install harness dependencies	2026-06-21T17:03:22.6673281Z Collecting pytest-benchmark==5.2.3 (from -r harness/requirements.txt (line 17))
ASPICE Traceability Check (TH-01)	Install harness dependencies	2026-06-21T17:03:22.6700533Z   Downloading pytest_benchmark-5.2.3-py3-none-any.whl.metadata (29 kB)
ASPICE Traceability Check (TH-01)	Install harness dependencies	2026-06-21T17:03:22.6842481Z Collecting bandit==1.8.6 (from -r harness/requirements.txt (line 20))
ASPICE Traceability Check (TH-01)	Install harness dependencies	2026-06-21T17:03:22.6880462Z   Downloading bandit-1.8.6-py3-none-any.whl.metadata (6.9 kB)
ASPICE Traceability Check (TH-01)	Install harness dependencies	2026-06-21T17:03:22.7025893Z Collecting radon==6.0.1 (from -r harness/requirements.txt (line 23))
ASPICE Traceability Check (TH-01)	Install harness dependencies	2026-06-21T17:03:22.7051747Z   Downloading radon-6.0.1-py2.py3-none-any.whl.metadata (8.2 kB)
ASPICE Traceability Check (TH-01)	Install harness dependencies	2026-06-21T17:03:22.7857313Z Collecting semgrep==1.165.0 (from -r harness/requirements.txt (line 27))
ASPICE Traceability Check (TH-01)	Install harness dependencies	2026-06-21T17:03:22.7903600Z   Downloading semgrep-1.165.0-cp310.cp311.cp312.cp313.cp314.py310.py311.py312.py313.py314-none-manylinux_2_34_x86_64.whl.metadata (22 kB)
ASPICE Traceability Check (TH-01)	Install harness dependencies	2026-06-21T17:03:22.8266617Z Collecting tree-sitter==0.25.2 (from -r harness/requirements.txt (line 32))
ASPICE Traceability Check (TH-01)	Install harness dependencies	2026-06-21T17:03:22.8294902Z   Downloading tree_sitter-0.25.2-cp311-cp311-manylinux2014_x86_64.manylinux_2_17_x86_64.manylinux_2_28_x86_64.whl.metadata (10.0 kB)
ASPICE Traceability Check (TH-01)	Install harness dependencies	2026-06-21T17:03:22.8431252Z Collecting tree-sitter-javascript==0.25.0 (from -r harness/requirements.txt (line 33))
ASPICE Traceability Check (TH-01)	Install harness dependencies	2026-06-21T17:03:22.8464865Z   Downloading tree_sitter_javascript-0.25.0-cp310-abi3-manylinux1_x86_64.manylinux_2_28_x86_64.manylinux_2_5_x86_64.whl.metadata (2.2 kB)
ASPICE Traceability Check (TH-01)	Install harness dependencies	2026-06-21T17:03:22.8638915Z Collecting tree-sitter-typescript==0.23.2 (from -r harness/requirements.txt (line 34))
ASPICE Traceability Check (TH-01)	Install harness dependencies	2026-06-21T17:03:22.8669962Z   Downloading tree_sitter_typescript-0.23.2-cp39-abi3-manylinux_2_5_x86_64.manylinux1_x86_64.manylinux_2_17_x86_64.manylinux2014_x86_64.whl.metadata (2.3 kB)
ASPICE Traceability Check (TH-01)	Install harness dependencies	2026-06-21T17:03:22.8980525Z Collecting pyyaml==6.0.3 (from -r harness/requirements.txt (line 37))
ASPICE Traceability Check (TH-01)	Install harness dependencies	2026-06-21T17:03:22.9011521Z   Downloading pyyaml-6.0.3-cp311-cp311-manylinux2014_x86_64.manylinux_2_17_x86_64.manylinux_2_28_x86_64.whl.metadata (2.4 kB)
ASPICE Traceability Check (TH-01)	Install harness dependencies	2026-06-21T17:03:22.9142113Z Collecting mutmut==2.5.1 (from -r harness/requirements.txt (line 41))
ASPICE Traceability Check (TH-01)	Install harness dependencies	2026-06-21T17:03:22.9183794Z   Downloading mutmut-2.5.1.tar.gz (50 kB)
ASPICE Traceability Check (TH-01)	Install harness dependencies	2026-06-21T17:03:22.9306152Z   Installing build dependencies: started
ASPICE Traceability Check (TH-01)	Install harness dependencies	2026-06-21T17:03:23.6274079Z   Installing build dependencies: finished with status 'done'
ASPICE Traceability Check (TH-01)	Install harness dependencies	2026-06-21T17:03:23.6297463Z   Getting requirements to build wheel: started
ASPICE Traceability Check (TH-01)	Install harness dependencies	2026-06-21T17:03:24.0157917Z   Getting requirements to build wheel: finished with status 'done'
ASPICE Traceability Check (TH-01)	Install harness dependencies	2026-06-21T17:03:24.0166222Z   Preparing metadata (pyproject.toml): started
ASPICE Traceability Check (TH-01)	Install harness dependencies	2026-06-21T17:03:24.2008414Z   Preparing metadata (pyproject.toml): finished with status 'done'
ASPICE Traceability Check (TH-01)	Install harness dependencies	2026-06-21T17:03:24.2147796Z Collecting opentelemetry-exporter-otlp-proto-http~=1.37.0 (from -r harness/requirements.txt (line 52))
ASPICE Traceability Check (TH-01)	Install harness dependencies	2026-06-21T17:03:24.2176721Z   Downloading opentelemetry_exporter_otlp_proto_http-1.37.0-py3-none-any.whl.metadata (2.3 kB)
ASPICE Traceability Check (TH-01)	Install harness dependencies	2026-06-21T17:03:24.2324050Z Collecting typing_extensions>=4.6.0 (from mypy==1.19.1->-r harness/requirements.txt (line 11))
ASPICE Traceability Check (TH-01)	Install harness dependencies	2026-06-21T17:03:24.2352338Z   Downloading typing_extensions-4.15.0-py3-none-any.whl.metadata (3.3 kB)
ASPICE Traceability Check (TH-01)	Install harness dependencies	2026-06-21T17:03:24.2456155Z Collecting mypy_extensions>=1.0.0 (from mypy==1.19.1->-r harness/requirements.txt (line 11))
ASPICE Traceability Check (TH-01)	Install harness dependencies	2026-06-21T17:03:24.2481553Z   Downloading mypy_extensions-1.1.0-py3-none-any.whl.metadata (1.1 kB)
ASPICE Traceability Check (TH-01)	Install harness dependencies	2026-06-21T17:03:24.2592294Z Collecting pathspec>=0.9.0 (from mypy==1.19.1->-r harness/requirements.txt (line 11))
ASPICE Traceability Check (TH-01)	Install harness dependencies	2026-06-21T17:03:24.2620957Z   Downloading pathspec-1.1.1-py3-none-any.whl.metadata (14 kB)
ASPICE Traceability Check (TH-01)	Install harness dependencies	2026-06-21T17:03:24.3541632Z Collecting librt>=0.6.2 (from mypy==1.19.1->-r harness/requirements.txt (line 11))
ASPICE Traceability Check (TH-01)	Install harness dependencies	2026-06-21T17:03:24.3574270Z   Downloading librt-0.11.0-cp311-cp311-manylinux2014_x86_64.manylinux_2_17_x86_64.manylinux_2_28_x86_64.whl.metadata (1.3 kB)
ASPICE Traceability Check (TH-01)	Install harness dependencies	2026-06-21T17:03:24.3695464Z Collecting nodeenv>=1.6.0 (from pyright==1.1.409->-r harness/requirements.txt (line 12))
ASPICE Traceability Check (TH-01)	Install harness dependencies	2026-06-21T17:03:24.3724081Z   Downloading nodeenv-1.10.0-py2.py3-none-any.whl.metadata (24 kB)
ASPICE Traceability Check (TH-01)	Install harness dependencies	2026-06-21T17:03:24.3846681Z Collecting iniconfig>=1 (from pytest==8.4.2->-r harness/requirements.txt (line 15))
ASPICE Traceability Check (TH-01)	Install harness dependencies	2026-06-21T17:03:24.3878499Z   Downloading iniconfig-2.3.0-py3-none-any.whl.metadata (2.5 kB)
ASPICE Traceability Check (TH-01)	Install harness dependencies	2026-06-21T17:03:24.4013724Z Collecting packaging>=20 (from pytest==8.4.2->-r harness/requirements.txt (line 15))
ASPICE Traceability Check (TH-01)	Install harness dependencies	2026-06-21T17:03:24.4039254Z   Downloading packaging-26.2-py3-none-any.whl.metadata (3.5 kB)
ASPICE Traceability Check (TH-01)	Install harness dependencies	2026-06-21T17:03:24.4347362Z Collecting pluggy<2,>=1.5 (from pytest==8.4.2->-r harness/requirements.txt (line 15))
ASPICE Traceability Check (TH-01)	Install harness dependencies	2026-06-21T17:03:24.4378964Z   Downloading pluggy-1.6.0-py3-none-any.whl.metadata (4.8 kB)
ASPICE Traceability Check (TH-01)	Install harness dependencies	2026-06-21T17:03:24.4533594Z Collecting pygments>=2.7.2 (from pytest==8.4.2->-r harness/requirements.txt (line 15))
ASPICE Traceability Check (TH-01)	Install harness dependencies	2026-06-21T17:03:24.4560548Z   Downloading pygments-2.20.0-py3-none-any.whl.metadata (2.5 kB)
ASPICE Traceability Check (TH-01)	Install harness dependencies	2026-06-21T17:03:24.7970211Z Collecting coverage>=7.10.6 (from coverage[toml]>=7.10.6->pytest-cov==7.1.0->-r harness/requirements.txt (line 16))
ASPICE Traceability Check (TH-01)	Install harness dependencies	2026-06-21T17:03:24.8002155Z   Downloading coverage-7.14.2-cp311-cp311-manylinux1_x86_64.manylinux_2_28_x86_64.manylinux_2_5_x86_64.whl.metadata (8.6 kB)
ASPICE Traceability Check (TH-01)	Install harness dependencies	2026-06-21T17:03:24.8161308Z Collecting py-cpuinfo (from pytest-benchmark==5.2.3->-r harness/requirements.txt (line 17))
ASPICE Traceability Check (TH-01)	Install harness dependencies	2026-06-21T17:03:24.8189416Z   Downloading py_cpuinfo-9.0.0-py3-none-any.whl.metadata (794 bytes)
ASPICE Traceability Check (TH-01)	Install harness dependencies	2026-06-21T17:03:24.8366357Z Collecting stevedore>=1.20.0 (from bandit==1.8.6->-r harness/requirements.txt (line 20))
ASPICE Traceability Check (TH-01)	Install harness dependencies	2026-06-21T17:03:24.8399002Z   Downloading stevedore-5.8.0-py3-none-any.whl.metadata (2.3 kB)
ASPICE Traceability Check (TH-01)	Install harness dependencies	2026-06-21T17:03:24.8695174Z Collecting rich (from bandit==1.8.6->-r harness/requirements.txt (line 20))
ASPICE Traceability Check (TH-01)	Install harness dependencies	2026-06-21T17:03:24.8722946Z   Downloading rich-15.0.0-py3-none-any.whl.metadata (18 kB)
ASPICE Traceability Check (TH-01)	Install harness dependencies	2026-06-21T17:03:24.8833163Z Collecting mando<0.8,>=0.6 (from radon==6.0.1->-r harness/requirements.txt (line 23))
ASPICE Traceability Check (TH-01)	Install harness dependencies	2026-06-21T17:03:24.8860375Z   Downloading mando-0.7.1-py2.py3-none-any.whl.metadata (7.4 kB)
ASPICE Traceability Check (TH-01)	Install harness dependencies	2026-06-21T17:03:24.8980795Z Collecting colorama>=0.4.1 (from radon==6.0.1->-r harness/requirements.txt (line 23))
ASPICE Traceability Check (TH-01)	Install harness dependencies	2026-06-21T17:03:24.9009889Z   Downloading colorama-0.4.6-py2.py3-none-any.whl.metadata (17 kB)
ASPICE Traceability Check (TH-01)	Install harness dependencies	2026-06-21T17:03:24.9147262Z Collecting attrs>=21.3 (from semgrep==1.165.0->-r harness/requirements.txt (line 27))
ASPICE Traceability Check (TH-01)	Install harness dependencies	2026-06-21T17:03:24.9181892Z   Downloading attrs-26.1.0-py3-none-any.whl.metadata (8.8 kB)
ASPICE Traceability Check (TH-01)	Install harness dependencies	2026-06-21T17:03:24.9315467Z Collecting boltons~=21.0 (from semgrep==1.165.0->-r harness/requirements.txt (line 27))
ASPICE Traceability Check (TH-01)	Install harness dependencies	2026-06-21T17:03:24.9341940Z   Downloading boltons-21.0.0-py2.py3-none-any.whl.metadata (1.5 kB)
ASPICE Traceability Check (TH-01)	Install harness dependencies	2026-06-21T17:03:24.9448558Z Collecting click-option-group~=0.5 (from semgrep==1.165.0->-r harness/requirements.txt (line 27))
ASPICE Traceability Check (TH-01)	Install harness dependencies	2026-06-21T17:03:24.9476045Z   Downloading click_option_group-0.5.9-py3-none-any.whl.metadata (5.8 kB)
ASPICE Traceability Check (TH-01)	Install harness dependencies	2026-06-21T17:03:24.9616744Z Collecting click~=8.1.8 (from semgrep==1.165.0->-r harness/requirements.txt (line 27))
ASPICE Traceability Check (TH-01)	Install harness dependencies	2026-06-21T17:03:24.9701302Z   Downloading click-8.1.8-py3-none-any.whl.metadata (2.3 kB)
ASPICE Traceability Check (TH-01)	Install harness dependencies	2026-06-21T17:03:24.9815055Z Collecting exceptiongroup~=1.2.0 (from semgrep==1.165.0->-r harness/requirements.txt (line 27))
ASPICE Traceability Check (TH-01)	Install harness dependencies	2026-06-21T17:03:24.9843823Z   Downloading exceptiongroup-1.2.2-py3-none-any.whl.metadata (6.6 kB)
ASPICE Traceability Check (TH-01)	Install harness dependencies	2026-06-21T17:03:24.9964242Z Collecting glom>=23.3 (from semgrep==1.165.0->-r harness/requirements.txt (line 27))
ASPICE Traceability Check (TH-01)	Install harness dependencies	2026-06-21T17:03:24.9992769Z   Downloading glom-25.12.0-py3-none-any.whl.metadata (5.2 kB)
ASPICE Traceability Check (TH-01)	Install harness dependencies	2026-06-21T17:03:25.0168602Z Collecting jsonschema~=4.25.1 (from semgrep==1.165.0->-r harness/requirements.txt (line 27))
ASPICE Traceability Check (TH-01)	Install harness dependencies	2026-06-21T17:03:25.0196666Z   Downloading jsonschema-4.25.1-py3-none-any.whl.metadata (7.6 kB)
ASPICE Traceability Check (TH-01)	Install harness dependencies	2026-06-21T17:03:25.0338296Z Collecting mcp==1.23.3 (from semgrep==1.165.0->-r harness/requirements.txt (line 27))
ASPICE Traceability Check (TH-01)	Install harness dependencies	2026-06-21T17:03:25.0369519Z   Downloading mcp-1.23.3-py3-none-any.whl.metadata (89 kB)
ASPICE Traceability Check (TH-01)	Install harness dependencies	2026-06-21T17:03:25.0582355Z Collecting opentelemetry-api~=1.37.0 (from semgrep==1.165.0->-r harness/requirements.txt (line 27))
ASPICE Traceability Check (TH-01)	Install harness dependencies	2026-06-21T17:03:25.0613917Z   Downloading opentelemetry_api-1.37.0-py3-none-any.whl.metadata (1.5 kB)
ASPICE Traceability Check (TH-01)	Install harness dependencies	2026-06-21T17:03:25.0767984Z Collecting opentelemetry-sdk~=1.37.0 (from semgrep==1.165.0->-r harness/requirements.txt (line 27))
ASPICE Traceability Check (TH-01)	Install harness dependencies	2026-06-21T17:03:25.0797005Z   Downloading opentelemetry_sdk-1.37.0-py3-none-any.whl.metadata (1.5 kB)
ASPICE Traceability Check (TH-01)	Install harness dependencies	2026-06-21T17:03:25.0960360Z Collecting opentelemetry-instrumentation-requests~=0.58b0 (from semgrep==1.165.0->-r harness/requirements.txt (line 27))
ASPICE Traceability Check (TH-01)	Install harness dependencies	2026-06-21T17:03:25.0987733Z   Downloading opentelemetry_instrumentation_requests-0.63b1-py3-none-any.whl.metadata (2.6 kB)
ASPICE Traceability Check (TH-01)	Install harness dependencies	2026-06-21T17:03:25.1120095Z Collecting opentelemetry-instrumentation-threading~=0.58b0 (from semgrep==1.165.0->-r harness/requirements.txt (line 27))
ASPICE Traceability Check (TH-01)	Install harness dependencies	2026-06-21T17:03:25.1149105Z   Downloading opentelemetry_instrumentation_threading-0.63b1-py3-none-any.whl.metadata (2.1 kB)
ASPICE Traceability Check (TH-01)	Install harness dependencies	2026-06-21T17:03:25.1318150Z Collecting peewee~=3.14 (from semgrep==1.165.0->-r harness/requirements.txt (line 27))
ASPICE Traceability Check (TH-01)	Install harness dependencies	2026-06-21T17:03:25.1345922Z   Downloading peewee-3.19.0-py3-none-any.whl.metadata (7.0 kB)
ASPICE Traceability Check (TH-01)	Install harness dependencies	2026-06-21T17:03:25.1491103Z Collecting pyjwt~=2.12.0 (from pyjwt[crypto]~=2.12.0->semgrep==1.165.0->-r harness/requirements.txt (line 27))
ASPICE Traceability Check (TH-01)	Install harness dependencies	2026-06-21T17:03:25.1517555Z   Downloading pyjwt-2.12.1-py3-none-any.whl.metadata (4.1 kB)
ASPICE Traceability Check (TH-01)	Install harness dependencies	2026-06-21T17:03:25.1720124Z Collecting requests~=2.22 (from semgrep==1.165.0->-r harness/requirements.txt (line 27))
ASPICE Traceability Check (TH-01)	Install harness dependencies	2026-06-21T17:03:25.1749666Z   Downloading requests-2.34.2-py3-none-any.whl.metadata (4.8 kB)
ASPICE Traceability Check (TH-01)	Install harness dependencies	2026-06-21T17:03:25.2993473Z Collecting ruamel.yaml>=0.18.15 (from semgrep==1.165.0->-r harness/requirements.txt (line 27))
ASPICE Traceability Check (TH-01)	Install harness dependencies	2026-06-21T17:03:25.3028673Z   Downloading ruamel_yaml-0.19.1-py3-none-any.whl.metadata (16 kB)
ASPICE Traceability Check (TH-01)	Install harness dependencies	2026-06-21T17:03:25.3359120Z Collecting ruamel.yaml.clib==0.2.15 (from semgrep==1.165.0->-r harness/requirements.txt (line 27))
ASPICE Traceability Check (TH-01)	Install harness dependencies	2026-06-21T17:03:25.3405375Z   Downloading ruamel_yaml_clib-0.2.15-cp311-cp311-manylinux2014_x86_64.manylinux_2_17_x86_64.manylinux_2_28_x86_64.whl.metadata (3.5 kB)
ASPICE Traceability Check (TH-01)	Install harness dependencies	2026-06-21T17:03:25.3509172Z Collecting semantic-version~=2.10.0 (from semgrep==1.165.0->-r harness/requirements.txt (line 27))
ASPICE Traceability Check (TH-01)	Install harness dependencies	2026-06-21T17:03:25.3539449Z   Downloading semantic_version-2.10.0-py2.py3-none-any.whl.metadata (9.7 kB)
ASPICE Traceability Check (TH-01)	Install harness dependencies	2026-06-21T17:03:25.3748933Z Collecting tomli~=2.4.0 (from semgrep==1.165.0->-r harness/requirements.txt (line 27))
ASPICE Traceability Check (TH-01)	Install harness dependencies	2026-06-21T17:03:25.3779580Z   Downloading tomli-2.4.1-cp311-cp311-manylinux2014_x86_64.manylinux_2_17_x86_64.manylinux_2_28_x86_64.whl.metadata (10 kB)
ASPICE Traceability Check (TH-01)	Install harness dependencies	2026-06-21T17:03:25.3980760Z Collecting urllib3~=2.0 (from semgrep==1.165.0->-r harness/requirements.txt (line 27))
ASPICE Traceability Check (TH-01)	Install harness dependencies	2026-06-21T17:03:25.4010844Z   Downloading urllib3-2.7.0-py3-none-any.whl.metadata (6.9 kB)
ASPICE Traceability Check (TH-01)	Install harness dependencies	2026-06-21T17:03:25.4149660Z Collecting wcmatch~=8.3 (from semgrep==1.165.0->-r harness/requirements.txt (line 27))
ASPICE Traceability Check (TH-01)	Install harness dependencies	2026-06-21T17:03:25.4177129Z   Downloading wcmatch-8.5.2-py3-none-any.whl.metadata (4.8 kB)
ASPICE Traceability Check (TH-01)	Install harness dependencies	2026-06-21T17:03:25.4301998Z Collecting glob2 (from mutmut==2.5.1->-r harness/requirements.txt (line 41))
ASPICE Traceability Check (TH-01)	Install harness dependencies	2026-06-21T17:03:25.4340306Z   Downloading glob2-0.7.tar.gz (10 kB)
ASPICE Traceability Check (TH-01)	Install harness dependencies	2026-06-21T17:03:25.4407595Z   Installing build dependencies: started
ASPICE Traceability Check (TH-01)	Install harness dependencies	2026-06-21T17:03:25.9987281Z   Installing build dependencies: finished with status 'done'
ASPICE Traceability Check (TH-01)	Install harness dependencies	2026-06-21T17:03:25.9992608Z   Getting requirements to build wheel: started
ASPICE Traceability Check (TH-01)	Install harness dependencies	2026-06-21T17:03:26.2990108Z   Getting requirements to build wheel: finished with status 'done'
ASPICE Traceability Check (TH-01)	Install harness dependencies	2026-06-21T17:03:26.2999016Z   Preparing metadata (pyproject.toml): started
ASPICE Traceability Check (TH-01)	Install harness dependencies	2026-06-21T17:03:26.4553932Z   Preparing metadata (pyproject.toml): finished with status 'done'
ASPICE Traceability Check (TH-01)	Install harness dependencies	2026-06-21T17:03:26.4675529Z Collecting parso (from mutmut==2.5.1->-r harness/requirements.txt (line 41))
ASPICE Traceability Check (TH-01)	Install harness dependencies	2026-06-21T17:03:26.4703788Z   Downloading parso-0.8.7-py2.py3-none-any.whl.metadata (8.2 kB)
ASPICE Traceability Check (TH-01)	Install harness dependencies	2026-06-21T17:03:26.4835218Z Collecting pony (from mutmut==2.5.1->-r harness/requirements.txt (line 41))
ASPICE Traceability Check (TH-01)	Install harness dependencies	2026-06-21T17:03:26.4870125Z   Downloading pony-0.7.19-py3-none-any.whl.metadata (2.8 kB)
ASPICE Traceability Check (TH-01)	Install harness dependencies	2026-06-21T17:03:26.4970278Z Collecting junit-xml<2,>=1.8 (from mutmut==2.5.1->-r harness/requirements.txt (line 41))
ASPICE Traceability Check (TH-01)	Install harness dependencies	2026-06-21T17:03:26.4998633Z   Downloading junit_xml-1.9-py2.py3-none-any.whl.metadata (3.2 kB)
ASPICE Traceability Check (TH-01)	Install harness dependencies	2026-06-21T17:03:26.5088323Z Collecting toml (from mutmut==2.5.1->-r harness/requirements.txt (line 41))
ASPICE Traceability Check (TH-01)	Install harness dependencies	2026-06-21T17:03:26.5121444Z   Downloading toml-0.10.2-py2.py3-none-any.whl.metadata (7.1 kB)
ASPICE Traceability Check (TH-01)	Install harness dependencies	2026-06-21T17:03:26.5275345Z Collecting anyio>=4.5 (from mcp==1.23.3->semgrep==1.165.0->-r harness/requirements.txt (line 27))
ASPICE Traceability Check (TH-01)	Install harness dependencies	2026-06-21T17:03:26.5302476Z   Downloading anyio-4.14.0-py3-none-any.whl.metadata (4.6 kB)
ASPICE Traceability Check (TH-01)	Install harness dependencies	2026-06-21T17:03:26.5399976Z Collecting httpx-sse>=0.4 (from mcp==1.23.3->semgrep==1.165.0->-r harness/requirements.txt (line 27))
ASPICE Traceability Check (TH-01)	Install harness dependencies	2026-06-21T17:03:26.5427231Z   Downloading httpx_sse-0.4.3-py3-none-any.whl.metadata (9.7 kB)
ASPICE Traceability Check (TH-01)	Install harness dependencies	2026-06-21T17:03:26.5574522Z Collecting httpx>=0.27.1 (from mcp==1.23.3->semgrep==1.165.0->-r harness/requirements.txt (line 27))
ASPICE Traceability Check (TH-01)	Install harness dependencies	2026-06-21T17:03:26.5601981Z   Downloading httpx-0.28.1-py3-none-any.whl.metadata (7.1 kB)
ASPICE Traceability Check (TH-01)	Install harness dependencies	2026-06-21T17:03:26.5745198Z Collecting pydantic-settings>=2.5.2 (from mcp==1.23.3->semgrep==1.165.0->-r harness/requirements.txt (line 27))
ASPICE Traceability Check (TH-01)	Install harness dependencies	2026-06-21T17:03:26.5771145Z   Downloading pydantic_settings-2.14.2-py3-none-any.whl.metadata (3.4 kB)
ASPICE Traceability Check (TH-01)	Install harness dependencies	2026-06-21T17:03:26.6677707Z Collecting pydantic<3.0.0,>=2.11.0 (from mcp==1.23.3->semgrep==1.165.0->-r harness/requirements.txt (line 27))
ASPICE Traceability Check (TH-01)	Install harness dependencies	2026-06-21T17:03:26.6707713Z   Downloading pydantic-2.13.4-py3-none-any.whl.metadata (109 kB)
ASPICE Traceability Check (TH-01)	Install harness dependencies	2026-06-21T17:03:26.6871513Z Collecting python-multipart>=0.0.9 (from mcp==1.23.3->semgrep==1.165.0->-r harness/requirements.txt (line 27))
ASPICE Traceability Check (TH-01)	Install harness dependencies	2026-06-21T17:03:26.6900360Z   Downloading python_multipart-0.0.32-py3-none-any.whl.metadata (2.1 kB)
ASPICE Traceability Check (TH-01)	Install harness dependencies	2026-06-21T17:03:26.7047964Z Collecting sse-starlette>=1.6.1 (from mcp==1.23.3->semgrep==1.165.0->-r harness/requirements.txt (line 27))
ASPICE Traceability Check (TH-01)	Install harness dependencies	2026-06-21T17:03:26.7082193Z   Downloading sse_starlette-3.4.5-py3-none-any.whl.metadata (15 kB)
ASPICE Traceability Check (TH-01)	Install harness dependencies	2026-06-21T17:03:26.7302819Z Collecting starlette>=0.27 (from mcp==1.23.3->semgrep==1.165.0->-r harness/requirements.txt (line 27))
ASPICE Traceability Check (TH-01)	Install harness dependencies	2026-06-21T17:03:26.7337017Z   Downloading starlette-1.3.1-py3-none-any.whl.metadata (6.4 kB)
ASPICE Traceability Check (TH-01)	Install harness dependencies	2026-06-21T17:03:26.7520336Z Collecting typing-inspection>=0.4.1 (from mcp==1.23.3->semgrep==1.165.0->-r harness/requirements.txt (line 27))
ASPICE Traceability Check (TH-01)	Install harness dependencies	2026-06-21T17:03:26.7549250Z   Downloading typing_inspection-0.4.2-py3-none-any.whl.metadata (2.6 kB)
ASPICE Traceability Check (TH-01)	Install harness dependencies	2026-06-21T17:03:26.7736956Z Collecting uvicorn>=0.31.1 (from mcp==1.23.3->semgrep==1.165.0->-r harness/requirements.txt (line 27))
ASPICE Traceability Check (TH-01)	Install harness dependencies	2026-06-21T17:03:26.7769455Z   Downloading uvicorn-0.49.0-py3-none-any.whl.metadata (6.7 kB)
ASPICE Traceability Check (TH-01)	Install harness dependencies	2026-06-21T17:03:26.7944776Z Collecting googleapis-common-protos~=1.52 (from opentelemetry-exporter-otlp-proto-http~=1.37.0->-r harness/requirements.txt (line 52))
ASPICE Traceability Check (TH-01)	Install harness dependencies	2026-06-21T17:03:26.7978205Z   Downloading googleapis_common_protos-1.75.0-py3-none-any.whl.metadata (8.6 kB)
ASPICE Traceability Check (TH-01)	Install harness dependencies	2026-06-21T17:03:26.8154630Z Collecting opentelemetry-exporter-otlp-proto-common==1.37.0 (from opentelemetry-exporter-otlp-proto-http~=1.37.0->-r harness/requirements.txt (line 52))
ASPICE Traceability Check (TH-01)	Install harness dependencies	2026-06-21T17:03:26.8181878Z   Downloading opentelemetry_exporter_otlp_proto_common-1.37.0-py3-none-any.whl.metadata (1.8 kB)
ASPICE Traceability Check (TH-01)	Install harness dependencies	2026-06-21T17:03:26.8321066Z Collecting opentelemetry-proto==1.37.0 (from opentelemetry-exporter-otlp-proto-http~=1.37.0->-r harness/requirements.txt (line 52))
ASPICE Traceability Check (TH-01)	Install harness dependencies	2026-06-21T17:03:26.8350160Z   Downloading opentelemetry_proto-1.37.0-py3-none-any.whl.metadata (2.3 kB)
ASPICE Traceability Check (TH-01)	Install harness dependencies	2026-06-21T17:03:27.0071360Z Collecting protobuf<7.0,>=5.0 (from opentelemetry-proto==1.37.0->opentelemetry-exporter-otlp-proto-http~=1.37.0->-r harness/requirements.txt (line 52))
ASPICE Traceability Check (TH-01)	Install harness dependencies	2026-06-21T17:03:27.0103049Z   Downloading protobuf-6.33.6-cp39-abi3-manylinux2014_x86_64.whl.metadata (593 bytes)
ASPICE Traceability Check (TH-01)	Install harness dependencies	2026-06-21T17:03:27.0320906Z Collecting jsonschema-specifications>=2023.03.6 (from jsonschema~=4.25.1->semgrep==1.165.0->-r harness/requirements.txt (line 27))
ASPICE Traceability Check (TH-01)	Install harness dependencies	2026-06-21T17:03:27.0353986Z   Downloading jsonschema_specifications-2025.9.1-py3-none-any.whl.metadata (2.9 kB)
ASPICE Traceability Check (TH-01)	Install harness dependencies	2026-06-21T17:03:27.0523991Z Collecting referencing>=0.28.4 (from jsonschema~=4.25.1->semgrep==1.165.0->-r harness/requirements.txt (line 27))
ASPICE Traceability Check (TH-01)	Install harness dependencies	2026-06-21T17:03:27.0551605Z   Downloading referencing-0.37.0-py3-none-any.whl.metadata (2.8 kB)
ASPICE Traceability Check (TH-01)	Install harness dependencies	2026-06-21T17:03:27.2769040Z Collecting rpds-py>=0.7.1 (from jsonschema~=4.25.1->semgrep==1.165.0->-r harness/requirements.txt (line 27))
ASPICE Traceability Check (TH-01)	Install harness dependencies	2026-06-21T17:03:27.2800705Z   Downloading rpds_py-2026.5.1-cp311-cp311-manylinux_2_17_x86_64.manylinux2014_x86_64.whl.metadata (4.1 kB)
ASPICE Traceability Check (TH-01)	Install harness dependencies	2026-06-21T17:03:27.2931726Z Collecting six (from junit-xml<2,>=1.8->mutmut==2.5.1->-r harness/requirements.txt (line 41))
ASPICE Traceability Check (TH-01)	Install harness dependencies	2026-06-21T17:03:27.2962592Z   Downloading six-1.17.0-py2.py3-none-any.whl.metadata (1.7 kB)
ASPICE Traceability Check (TH-01)	Install harness dependencies	2026-06-21T17:03:27.3173679Z Collecting importlib-metadata<8.8.0,>=6.0 (from opentelemetry-api~=1.37.0->semgrep==1.165.0->-r harness/requirements.txt (line 27))
ASPICE Traceability Check (TH-01)	Install harness dependencies	2026-06-21T17:03:27.3200886Z   Downloading importlib_metadata-8.7.1-py3-none-any.whl.metadata (4.7 kB)
ASPICE Traceability Check (TH-01)	Install harness dependencies	2026-06-21T17:03:27.3352682Z Collecting zipp>=3.20 (from importlib-metadata<8.8.0,>=6.0->opentelemetry-api~=1.37.0->semgrep==1.165.0->-r harness/requirements.txt (line 27))
ASPICE Traceability Check (TH-01)	Install harness dependencies	2026-06-21T17:03:27.3380585Z   Downloading zipp-4.1.0-py3-none-any.whl.metadata (3.6 kB)
ASPICE Traceability Check (TH-01)	Install harness dependencies	2026-06-21T17:03:27.3570374Z Collecting opentelemetry-instrumentation==0.63b1 (from opentelemetry-instrumentation-requests~=0.58b0->semgrep==1.165.0->-r harness/requirements.txt (line 27))
ASPICE Traceability Check (TH-01)	Install harness dependencies	2026-06-21T17:03:27.3597124Z   Downloading opentelemetry_instrumentation-0.63b1-py3-none-any.whl.metadata (7.2 kB)
ASPICE Traceability Check (TH-01)	Install harness dependencies	2026-06-21T17:03:27.3763474Z Collecting opentelemetry-semantic-conventions==0.63b1 (from opentelemetry-instrumentation-requests~=0.58b0->semgrep==1.165.0->-r harness/requirements.txt (line 27))
ASPICE Traceability Check (TH-01)	Install harness dependencies	2026-06-21T17:03:27.3792104Z   Downloading opentelemetry_semantic_conventions-0.63b1-py3-none-any.whl.metadata (2.4 kB)
ASPICE Traceability Check (TH-01)	Install harness dependencies	2026-06-21T17:03:27.3930828Z Collecting opentelemetry-util-http==0.63b1 (from opentelemetry-instrumentation-requests~=0.58b0->semgrep==1.165.0->-r harness/requirements.txt (line 27))
ASPICE Traceability Check (TH-01)	Install harness dependencies	2026-06-21T17:03:27.3958258Z   Downloading opentelemetry_util_http-0.63b1-py3-none-any.whl.metadata (2.6 kB)
ASPICE Traceability Check (TH-01)	Install harness dependencies	2026-06-21T17:03:27.6580863Z Collecting wrapt<3.0.0,>=1.0.0 (from opentelemetry-instrumentation==0.63b1->opentelemetry-instrumentation-requests~=0.58b0->semgrep==1.165.0->-r harness/requirements.txt (line 27))
ASPICE Traceability Check (TH-01)	Install harness dependencies	2026-06-21T17:03:27.6613193Z   Downloading wrapt-2.2.2-cp311-cp311-manylinux1_x86_64.manylinux_2_28_x86_64.manylinux_2_5_x86_64.whl.metadata (7.4 kB)
ASPICE Traceability Check (TH-01)	Install harness dependencies	2026-06-21T17:03:27.6747344Z INFO: pip is looking at multiple versions of opentelemetry-semantic-conventions to determine which version is compatible with other requirements. This could take a while.
ASPICE Traceability Check (TH-01)	Install harness dependencies	2026-06-21T17:03:27.6755144Z Collecting opentelemetry-instrumentation-requests~=0.58b0 (from semgrep==1.165.0->-r harness/requirements.txt (line 27))
ASPICE Traceability Check (TH-01)	Install harness dependencies	2026-06-21T17:03:27.6784493Z   Downloading opentelemetry_instrumentation_requests-0.63b0-py3-none-any.whl.metadata (2.6 kB)
ASPICE Traceability Check (TH-01)	Install harness dependencies	2026-06-21T17:03:27.6826467Z Collecting opentelemetry-instrumentation==0.63b0 (from opentelemetry-instrumentation-requests~=0.58b0->semgrep==1.165.0->-r harness/requirements.txt (line 27))
ASPICE Traceability Check (TH-01)	Install harness dependencies	2026-06-21T17:03:27.6854569Z   Downloading opentelemetry_instrumentation-0.63b0-py3-none-any.whl.metadata (7.2 kB)
ASPICE Traceability Check (TH-01)	Install harness dependencies	2026-06-21T17:03:27.6892446Z Collecting opentelemetry-semantic-conventions==0.63b0 (from opentelemetry-instrumentation-requests~=0.58b0->semgrep==1.165.0->-r harness/requirements.txt (line 27))
ASPICE Traceability Check (TH-01)	Install harness dependencies	2026-06-21T17:03:27.6920059Z   Downloading opentelemetry_semantic_conventions-0.63b0-py3-none-any.whl.metadata (2.4 kB)
ASPICE Traceability Check (TH-01)	Install harness dependencies	2026-06-21T17:03:27.6961968Z Collecting opentelemetry-util-http==0.63b0 (from opentelemetry-instrumentation-requests~=0.58b0->semgrep==1.165.0->-r harness/requirements.txt (line 27))
ASPICE Traceability Check (TH-01)	Install harness dependencies	2026-06-21T17:03:27.6991319Z   Downloading opentelemetry_util_http-0.63b0-py3-none-any.whl.metadata (2.6 kB)
ASPICE Traceability Check (TH-01)	Install harness dependencies	2026-06-21T17:03:27.7047410Z Collecting opentelemetry-instrumentation-requests~=0.58b0 (from semgrep==1.165.0->-r harness/requirements.txt (line 27))
ASPICE Traceability Check (TH-01)	Install harness dependencies	2026-06-21T17:03:27.7078857Z   Downloading opentelemetry_instrumentation_requests-0.62b1-py3-none-any.whl.metadata (2.7 kB)
ASPICE Traceability Check (TH-01)	Install harness dependencies	2026-06-21T17:03:27.7120906Z Collecting opentelemetry-instrumentation==0.62b1 (from opentelemetry-instrumentation-requests~=0.58b0->semgrep==1.165.0->-r harness/requirements.txt (line 27))
ASPICE Traceability Check (TH-01)	Install harness dependencies	2026-06-21T17:03:27.7150332Z   Downloading opentelemetry_instrumentation-0.62b1-py3-none-any.whl.metadata (7.2 kB)
ASPICE Traceability Check (TH-01)	Install harness dependencies	2026-06-21T17:03:27.7189959Z Collecting opentelemetry-semantic-conventions==0.62b1 (from opentelemetry-instrumentation-requests~=0.58b0->semgrep==1.165.0->-r harness/requirements.txt (line 27))
ASPICE Traceability Check (TH-01)	Install harness dependencies	2026-06-21T17:03:27.7217359Z   Downloading opentelemetry_semantic_conventions-0.62b1-py3-none-any.whl.metadata (2.5 kB)
ASPICE Traceability Check (TH-01)	Install harness dependencies	2026-06-21T17:03:27.7254516Z Collecting opentelemetry-util-http==0.62b1 (from opentelemetry-instrumentation-requests~=0.58b0->semgrep==1.165.0->-r harness/requirements.txt (line 27))
ASPICE Traceability Check (TH-01)	Install harness dependencies	2026-06-21T17:03:27.7282714Z   Downloading opentelemetry_util_http-0.62b1-py3-none-any.whl.metadata (2.6 kB)
ASPICE Traceability Check (TH-01)	Install harness dependencies	2026-06-21T17:03:27.7357828Z Collecting opentelemetry-instrumentation-requests~=0.58b0 (from semgrep==1.165.0->-r harness/requirements.txt (line 27))
ASPICE Traceability Check (TH-01)	Install harness dependencies	2026-06-21T17:03:27.7386181Z   Downloading opentelemetry_instrumentation_requests-0.62b0-py3-none-any.whl.metadata (2.7 kB)
ASPICE Traceability Check (TH-01)	Install harness dependencies	2026-06-21T17:03:27.7428997Z Collecting opentelemetry-instrumentation==0.62b0 (from opentelemetry-instrumentation-requests~=0.58b0->semgrep==1.165.0->-r harness/requirements.txt (line 27))
ASPICE Traceability Check (TH-01)	Install harness dependencies	2026-06-21T17:03:27.7461710Z   Downloading opentelemetry_instrumentation-0.62b0-py3-none-any.whl.metadata (7.2 kB)
ASPICE Traceability Check (TH-01)	Install harness dependencies	2026-06-21T17:03:27.7501819Z Collecting opentelemetry-semantic-conventions==0.62b0 (from opentelemetry-instrumentation-requests~=0.58b0->semgrep==1.165.0->-r harness/requirements.txt (line 27))
ASPICE Traceability Check (TH-01)	Install harness dependencies	2026-06-21T17:03:27.7530088Z   Downloading opentelemetry_semantic_conventions-0.62b0-py3-none-any.whl.metadata (2.5 kB)
ASPICE Traceability Check (TH-01)	Install harness dependencies	2026-06-21T17:03:27.7569992Z Collecting opentelemetry-util-http==0.62b0 (from opentelemetry-instrumentation-requests~=0.58b0->semgrep==1.165.0->-r harness/requirements.txt (line 27))
ASPICE Traceability Check (TH-01)	Install harness dependencies	2026-06-21T17:03:27.7596491Z   Downloading opentelemetry_util_http-0.62b0-py3-none-any.whl.metadata (2.6 kB)
ASPICE Traceability Check (TH-01)	Install harness dependencies	2026-06-21T17:03:27.7641798Z Collecting opentelemetry-instrumentation-requests~=0.58b0 (from semgrep==1.165.0->-r harness/requirements.txt (line 27))
ASPICE Traceability Check (TH-01)	Install harness dependencies	2026-06-21T17:03:27.7668047Z   Downloading opentelemetry_instrumentation_requests-0.61b0-py3-none-any.whl.metadata (2.7 kB)
ASPICE Traceability Check (TH-01)	Install harness dependencies	2026-06-21T17:03:27.7711494Z Collecting opentelemetry-instrumentation==0.61b0 (from opentelemetry-instrumentation-requests~=0.58b0->semgrep==1.165.0->-r harness/requirements.txt (line 27))
ASPICE Traceability Check (TH-01)	Install harness dependencies	2026-06-21T17:03:27.7739586Z   Downloading opentelemetry_instrumentation-0.61b0-py3-none-any.whl.metadata (7.2 kB)
ASPICE Traceability Check (TH-01)	Install harness dependencies	2026-06-21T17:03:27.7781108Z Collecting opentelemetry-semantic-conventions==0.61b0 (from opentelemetry-instrumentation-requests~=0.58b0->semgrep==1.165.0->-r harness/requirements.txt (line 27))
ASPICE Traceability Check (TH-01)	Install harness dependencies	2026-06-21T17:03:27.7809096Z   Downloading opentelemetry_semantic_conventions-0.61b0-py3-none-any.whl.metadata (2.5 kB)
ASPICE Traceability Check (TH-01)	Install harness dependencies	2026-06-21T17:03:27.7849928Z Collecting opentelemetry-util-http==0.61b0 (from opentelemetry-instrumentation-requests~=0.58b0->semgrep==1.165.0->-r harness/requirements.txt (line 27))
ASPICE Traceability Check (TH-01)	Install harness dependencies	2026-06-21T17:03:27.7876439Z   Downloading opentelemetry_util_http-0.61b0-py3-none-any.whl.metadata (2.6 kB)
ASPICE Traceability Check (TH-01)	Install harness dependencies	2026-06-21T17:03:27.8001629Z Collecting opentelemetry-instrumentation-requests~=0.58b0 (from semgrep==1.165.0->-r harness/requirements.txt (line 27))
ASPICE Traceability Check (TH-01)	Install harness dependencies	2026-06-21T17:03:27.8032642Z   Downloading opentelemetry_instrumentation_requests-0.60b1-py3-none-any.whl.metadata (2.6 kB)
ASPICE Traceability Check (TH-01)	Install harness dependencies	2026-06-21T17:03:27.8077220Z Collecting opentelemetry-instrumentation==0.60b1 (from opentelemetry-instrumentation-requests~=0.58b0->semgrep==1.165.0->-r harness/requirements.txt (line 27))
ASPICE Traceability Check (TH-01)	Install harness dependencies	2026-06-21T17:03:27.8106901Z   Downloading opentelemetry_instrumentation-0.60b1-py3-none-any.whl.metadata (7.2 kB)
ASPICE Traceability Check (TH-01)	Install harness dependencies	2026-06-21T17:03:27.8146546Z Collecting opentelemetry-semantic-conventions==0.60b1 (from opentelemetry-instrumentation-requests~=0.58b0->semgrep==1.165.0->-r harness/requirements.txt (line 27))
ASPICE Traceability Check (TH-01)	Install harness dependencies	2026-06-21T17:03:27.8175208Z   Downloading opentelemetry_semantic_conventions-0.60b1-py3-none-any.whl.metadata (2.4 kB)
ASPICE Traceability Check (TH-01)	Install harness dependencies	2026-06-21T17:03:27.8212778Z Collecting opentelemetry-util-http==0.60b1 (from opentelemetry-instrumentation-requests~=0.58b0->semgrep==1.165.0->-r harness/requirements.txt (line 27))
ASPICE Traceability Check (TH-01)	Install harness dependencies	2026-06-21T17:03:27.8242993Z   Downloading opentelemetry_util_http-0.60b1-py3-none-any.whl.metadata (2.6 kB)
ASPICE Traceability Check (TH-01)	Install harness dependencies	2026-06-21T17:03:27.8287850Z Collecting opentelemetry-instrumentation-requests~=0.58b0 (from semgrep==1.165.0->-r harness/requirements.txt (line 27))
ASPICE Traceability Check (TH-01)	Install harness dependencies	2026-06-21T17:03:27.8316516Z   Downloading opentelemetry_instrumentation_requests-0.60b0-py3-none-any.whl.metadata (2.6 kB)
ASPICE Traceability Check (TH-01)	Install harness dependencies	2026-06-21T17:03:27.8358241Z Collecting opentelemetry-instrumentation==0.60b0 (from opentelemetry-instrumentation-requests~=0.58b0->semgrep==1.165.0->-r harness/requirements.txt (line 27))
ASPICE Traceability Check (TH-01)	Install harness dependencies	2026-06-21T17:03:27.8385858Z   Downloading opentelemetry_instrumentation-0.60b0-py3-none-any.whl.metadata (7.2 kB)
ASPICE Traceability Check (TH-01)	Install harness dependencies	2026-06-21T17:03:27.8454219Z Collecting opentelemetry-semantic-conventions==0.60b0 (from opentelemetry-instrumentation-requests~=0.58b0->semgrep==1.165.0->-r harness/requirements.txt (line 27))
ASPICE Traceability Check (TH-01)	Install harness dependencies	2026-06-21T17:03:27.8483225Z   Downloading opentelemetry_semantic_conventions-0.60b0-py3-none-any.whl.metadata (2.4 kB)
ASPICE Traceability Check (TH-01)	Install harness dependencies	2026-06-21T17:03:27.8520162Z Collecting opentelemetry-util-http==0.60b0 (from opentelemetry-instrumentation-requests~=0.58b0->semgrep==1.165.0->-r harness/requirements.txt (line 27))
ASPICE Traceability Check (TH-01)	Install harness dependencies	2026-06-21T17:03:27.8546397Z   Downloading opentelemetry_util_http-0.60b0-py3-none-any.whl.metadata (2.6 kB)
ASPICE Traceability Check (TH-01)	Install harness dependencies	2026-06-21T17:03:27.8593030Z Collecting opentelemetry-instrumentation-requests~=0.58b0 (from semgrep==1.165.0->-r harness/requirements.txt (line 27))
ASPICE Traceability Check (TH-01)	Install harness dependencies	2026-06-21T17:03:27.8621023Z   Downloading opentelemetry_instrumentation_requests-0.59b0-py3-none-any.whl.metadata (2.6 kB)
ASPICE Traceability Check (TH-01)	Install harness dependencies	2026-06-21T17:03:27.8664776Z Collecting opentelemetry-instrumentation==0.59b0 (from opentelemetry-instrumentation-requests~=0.58b0->semgrep==1.165.0->-r harness/requirements.txt (line 27))
ASPICE Traceability Check (TH-01)	Install harness dependencies	2026-06-21T17:03:27.8693425Z   Downloading opentelemetry_instrumentation-0.59b0-py3-none-any.whl.metadata (7.1 kB)
ASPICE Traceability Check (TH-01)	Install harness dependencies	2026-06-21T17:03:27.8733280Z Collecting opentelemetry-semantic-conventions==0.59b0 (from opentelemetry-instrumentation-requests~=0.58b0->semgrep==1.165.0->-r harness/requirements.txt (line 27))
ASPICE Traceability Check (TH-01)	Install harness dependencies	2026-06-21T17:03:27.8761537Z   Downloading opentelemetry_semantic_conventions-0.59b0-py3-none-any.whl.metadata (2.4 kB)
ASPICE Traceability Check (TH-01)	Install harness dependencies	2026-06-21T17:03:27.8800055Z Collecting opentelemetry-util-http==0.59b0 (from opentelemetry-instrumentation-requests~=0.58b0->semgrep==1.165.0->-r harness/requirements.txt (line 27))
ASPICE Traceability Check (TH-01)	Install harness dependencies	2026-06-21T17:03:27.8833839Z   Downloading opentelemetry_util_http-0.59b0-py3-none-any.whl.metadata (2.6 kB)
ASPICE Traceability Check (TH-01)	Install harness dependencies	2026-06-21T17:03:27.8876425Z INFO: pip is still looking at multiple versions of opentelemetry-semantic-conventions to determine which version is compatible with other requirements. This could take a while.
ASPICE Traceability Check (TH-01)	Install harness dependencies	2026-06-21T17:03:27.8882830Z Collecting opentelemetry-instrumentation-requests~=0.58b0 (from semgrep==1.165.0->-r harness/requirements.txt (line 27))
ASPICE Traceability Check (TH-01)	Install harness dependencies	2026-06-21T17:03:27.8911465Z   Downloading opentelemetry_instrumentation_requests-0.58b0-py3-none-any.whl.metadata (2.6 kB)
ASPICE Traceability Check (TH-01)	Install harness dependencies	2026-06-21T17:03:27.8953106Z Collecting opentelemetry-instrumentation==0.58b0 (from opentelemetry-instrumentation-requests~=0.58b0->semgrep==1.165.0->-r harness/requirements.txt (line 27))
ASPICE Traceability Check (TH-01)	Install harness dependencies	2026-06-21T17:03:27.8984820Z   Downloading opentelemetry_instrumentation-0.58b0-py3-none-any.whl.metadata (7.1 kB)
ASPICE Traceability Check (TH-01)	Install harness dependencies	2026-06-21T17:03:27.9025482Z Collecting opentelemetry-semantic-conventions==0.58b0 (from opentelemetry-instrumentation-requests~=0.58b0->semgrep==1.165.0->-r harness/requirements.txt (line 27))
ASPICE Traceability Check (TH-01)	Install harness dependencies	2026-06-21T17:03:27.9055072Z   Downloading opentelemetry_semantic_conventions-0.58b0-py3-none-any.whl.metadata (2.4 kB)
ASPICE Traceability Check (TH-01)	Install harness dependencies	2026-06-21T17:03:27.9092895Z Collecting opentelemetry-util-http==0.58b0 (from opentelemetry-instrumentation-requests~=0.58b0->semgrep==1.165.0->-r harness/requirements.txt (line 27))
ASPICE Traceability Check (TH-01)	Install harness dependencies	2026-06-21T17:03:27.9121746Z   Downloading opentelemetry_util_http-0.58b0-py3-none-any.whl.metadata (2.6 kB)
ASPICE Traceability Check (TH-01)	Install harness dependencies	2026-06-21T17:03:27.9202440Z Collecting wrapt<2.0.0,>=1.0.0 (from opentelemetry-instrumentation==0.58b0->opentelemetry-instrumentation-requests~=0.58b0->semgrep==1.165.0->-r harness/requirements.txt (line 27))
ASPICE Traceability Check (TH-01)	Install harness dependencies	2026-06-21T17:03:27.9229775Z   Downloading wrapt-1.17.3-cp311-cp311-manylinux1_x86_64.manylinux_2_28_x86_64.manylinux_2_5_x86_64.whl.metadata (6.4 kB)
ASPICE Traceability Check (TH-01)	Install harness dependencies	2026-06-21T17:03:27.9284713Z INFO: pip is looking at multiple versions of opentelemetry-instrumentation-threading to determine which version is compatible with other requirements. This could take a while.
ASPICE Traceability Check (TH-01)	Install harness dependencies	2026-06-21T17:03:27.9288363Z Collecting opentelemetry-instrumentation-threading~=0.58b0 (from semgrep==1.165.0->-r harness/requirements.txt (line 27))
ASPICE Traceability Check (TH-01)	Install harness dependencies	2026-06-21T17:03:27.9315311Z   Downloading opentelemetry_instrumentation_threading-0.63b0-py3-none-any.whl.metadata (2.1 kB)
ASPICE Traceability Check (TH-01)	Install harness dependencies	2026-06-21T17:03:27.9383108Z   Downloading opentelemetry_instrumentation_threading-0.62b1-py3-none-any.whl.metadata (2.2 kB)
ASPICE Traceability Check (TH-01)	Install harness dependencies	2026-06-21T17:03:27.9447757Z   Downloading opentelemetry_instrumentation_threading-0.62b0-py3-none-any.whl.metadata (2.2 kB)
ASPICE Traceability Check (TH-01)	Install harness dependencies	2026-06-21T17:03:27.9525812Z   Downloading opentelemetry_instrumentation_threading-0.61b0-py3-none-any.whl.metadata (2.2 kB)
ASPICE Traceability Check (TH-01)	Install harness dependencies	2026-06-21T17:03:27.9606835Z   Downloading opentelemetry_instrumentation_threading-0.60b1-py3-none-any.whl.metadata (2.1 kB)
ASPICE Traceability Check (TH-01)	Install harness dependencies	2026-06-21T17:03:27.9673021Z   Downloading opentelemetry_instrumentation_threading-0.60b0-py3-none-any.whl.metadata (2.1 kB)
ASPICE Traceability Check (TH-01)	Install harness dependencies	2026-06-21T17:03:27.9739538Z   Downloading opentelemetry_instrumentation_threading-0.59b0-py3-none-any.whl.metadata (2.1 kB)
ASPICE Traceability Check (TH-01)	Install harness dependencies	2026-06-21T17:03:27.9778283Z INFO: pip is still looking at multiple versions of opentelemetry-instrumentation-threading to determine which version is compatible with other requirements. This could take a while.
ASPICE Traceability Check (TH-01)	Install harness dependencies	2026-06-21T17:03:27.9807480Z   Downloading opentelemetry_instrumentation_threading-0.58b0-py3-none-any.whl.metadata (2.1 kB)
ASPICE Traceability Check (TH-01)	Install harness dependencies	2026-06-21T17:03:27.9946139Z Collecting annotated-types>=0.6.0 (from pydantic<3.0.0,>=2.11.0->mcp==1.23.3->semgrep==1.165.0->-r harness/requirements.txt (line 27))
ASPICE Traceability Check (TH-01)	Install harness dependencies	2026-06-21T17:03:27.9973032Z   Downloading annotated_types-0.7.0-py3-none-any.whl.metadata (15 kB)
ASPICE Traceability Check (TH-01)	Install harness dependencies	2026-06-21T17:03:28.5963133Z Collecting pydantic-core==2.46.4 (from pydantic<3.0.0,>=2.11.0->mcp==1.23.3->semgrep==1.165.0->-r harness/requirements.txt (line 27))
ASPICE Traceability Check (TH-01)	Install harness dependencies	2026-06-21T17:03:28.5999283Z   Downloading pydantic_core-2.46.4-cp311-cp311-manylinux_2_17_x86_64.manylinux2014_x86_64.whl.metadata (6.6 kB)
ASPICE Traceability Check (TH-01)	Install harness dependencies	2026-06-21T17:03:28.8045207Z Collecting cryptography>=3.4.0 (from pyjwt[crypto]~=2.12.0->semgrep==1.165.0->-r harness/requirements.txt (line 27))
ASPICE Traceability Check (TH-01)	Install harness dependencies	2026-06-21T17:03:28.8076602Z   Downloading cryptography-49.0.0-cp311-abi3-manylinux_2_34_x86_64.whl.metadata (4.3 kB)
ASPICE Traceability Check (TH-01)	Install harness dependencies	2026-06-21T17:03:28.8889849Z Collecting charset_normalizer<4,>=2 (from requests~=2.22->semgrep==1.165.0->-r harness/requirements.txt (line 27))
ASPICE Traceability Check (TH-01)	Install harness dependencies	2026-06-21T17:03:28.8923962Z   Downloading charset_normalizer-3.4.7-cp311-cp311-manylinux2014_x86_64.manylinux_2_17_x86_64.manylinux_2_28_x86_64.whl.metadata (40 kB)
ASPICE Traceability Check (TH-01)	Install harness dependencies	2026-06-21T17:03:28.9071176Z Collecting idna<4,>=2.5 (from requests~=2.22->semgrep==1.165.0->-r harness/requirements.txt (line 27))
ASPICE Traceability Check (TH-01)	Install harness dependencies	2026-06-21T17:03:28.9106345Z   Downloading idna-3.18-py3-none-any.whl.metadata (6.1 kB)
ASPICE Traceability Check (TH-01)	Install harness dependencies	2026-06-21T17:03:28.9276173Z Collecting certifi>=2023.5.7 (from requests~=2.22->semgrep==1.165.0->-r harness/requirements.txt (line 27))
ASPICE Traceability Check (TH-01)	Install harness dependencies	2026-06-21T17:03:28.9304714Z   Downloading certifi-2026.6.17-py3-none-any.whl.metadata (2.5 kB)
ASPICE Traceability Check (TH-01)	Install harness dependencies	2026-06-21T17:03:28.9479942Z Collecting bracex>=2.1.1 (from wcmatch~=8.3->semgrep==1.165.0->-r harness/requirements.txt (line 27))
ASPICE Traceability Check (TH-01)	Install harness dependencies	2026-06-21T17:03:28.9509600Z   Downloading bracex-2.6-py3-none-any.whl.metadata (3.6 kB)
ASPICE Traceability Check (TH-01)	Install harness dependencies	2026-06-21T17:03:29.0415903Z Collecting cffi>=2.0.0 (from cryptography>=3.4.0->pyjwt[crypto]~=2.12.0->semgrep==1.165.0->-r harness/requirements.txt (line 27))
ASPICE Traceability Check (TH-01)	Install harness dependencies	2026-06-21T17:03:29.0448150Z   Downloading cffi-2.0.0-cp311-cp311-manylinux2014_x86_64.manylinux_2_17_x86_64.whl.metadata (2.6 kB)
ASPICE Traceability Check (TH-01)	Install harness dependencies	2026-06-21T17:03:29.0565921Z Collecting pycparser (from cffi>=2.0.0->cryptography>=3.4.0->pyjwt[crypto]~=2.12.0->semgrep==1.165.0->-r harness/requirements.txt (line 27))
ASPICE Traceability Check (TH-01)	Install harness dependencies	2026-06-21T17:03:29.0594436Z   Downloading pycparser-3.0-py3-none-any.whl.metadata (8.2 kB)
ASPICE Traceability Check (TH-01)	Install harness dependencies	2026-06-21T17:03:29.0723772Z Collecting face>=20.1.1 (from glom>=23.3->semgrep==1.165.0->-r harness/requirements.txt (line 27))
ASPICE Traceability Check (TH-01)	Install harness dependencies	2026-06-21T17:03:29.0752267Z   Downloading face-26.0.1-py3-none-any.whl.metadata (1.8 kB)
ASPICE Traceability Check (TH-01)	Install harness dependencies	2026-06-21T17:03:29.0907741Z Collecting httpcore==1.* (from httpx>=0.27.1->mcp==1.23.3->semgrep==1.165.0->-r harness/requirements.txt (line 27))
ASPICE Traceability Check (TH-01)	Install harness dependencies	2026-06-21T17:03:29.0937924Z   Downloading httpcore-1.0.9-py3-none-any.whl.metadata (21 kB)
ASPICE Traceability Check (TH-01)	Install harness dependencies	2026-06-21T17:03:29.1055235Z Collecting h11>=0.16 (from httpcore==1.*->httpx>=0.27.1->mcp==1.23.3->semgrep==1.165.0->-r harness/requirements.txt (line 27))
ASPICE Traceability Check (TH-01)	Install harness dependencies	2026-06-21T17:03:29.1088880Z   Downloading h11-0.16.0-py3-none-any.whl.metadata (8.3 kB)
ASPICE Traceability Check (TH-01)	Install harness dependencies	2026-06-21T17:03:29.1324954Z Collecting python-dotenv>=0.21.0 (from pydantic-settings>=2.5.2->mcp==1.23.3->semgrep==1.165.0->-r harness/requirements.txt (line 27))
ASPICE Traceability Check (TH-01)	Install harness dependencies	2026-06-21T17:03:29.1356526Z   Downloading python_dotenv-1.2.2-py3-none-any.whl.metadata (27 kB)
ASPICE Traceability Check (TH-01)	Install harness dependencies	2026-06-21T17:03:29.1565726Z Collecting markdown-it-py>=2.2.0 (from rich->bandit==1.8.6->-r harness/requirements.txt (line 20))
ASPICE Traceability Check (TH-01)	Install harness dependencies	2026-06-21T17:03:29.1594413Z   Downloading markdown_it_py-4.2.0-py3-none-any.whl.metadata (7.4 kB)
ASPICE Traceability Check (TH-01)	Install harness dependencies	2026-06-21T17:03:29.1749291Z Collecting mdurl~=0.1 (from markdown-it-py>=2.2.0->rich->bandit==1.8.6->-r harness/requirements.txt (line 20))
ASPICE Traceability Check (TH-01)	Install harness dependencies	2026-06-21T17:03:29.1788959Z   Downloading mdurl-0.1.2-py3-none-any.whl.metadata (1.6 kB)
ASPICE Traceability Check (TH-01)	Install harness dependencies	2026-06-21T17:03:29.2033432Z Downloading ruff-0.15.13-py3-none-manylinux_2_17_x86_64.manylinux2014_x86_64.whl (11.4 MB)
ASPICE Traceability Check (TH-01)	Install harness dependencies	2026-06-21T17:03:29.2611760Z    ━━━━━━━━━━━━━━━━━━━━━━━━━━━━━━━━━━━━━━━━ 11.4/11.4 MB 214.8 MB/s  0:00:00
ASPICE Traceability Check (TH-01)	Install harness dependencies	2026-06-21T17:03:29.2646108Z Downloading mypy-1.19.1-cp311-cp311-manylinux2014_x86_64.manylinux_2_17_x86_64.manylinux_2_28_x86_64.whl (13.4 MB)
ASPICE Traceability Check (TH-01)	Install harness dependencies	2026-06-21T17:03:29.3345357Z    ━━━━━━━━━━━━━━━━━━━━━━━━━━━━━━━━━━━━━━━━ 13.4/13.4 MB 200.9 MB/s  0:00:00
ASPICE Traceability Check (TH-01)	Install harness dependencies	2026-06-21T17:03:29.3376359Z Downloading pyright-1.1.409-py3-none-any.whl (6.4 MB)
ASPICE Traceability Check (TH-01)	Install harness dependencies	2026-06-21T17:03:29.3727922Z    ━━━━━━━━━━━━━━━━━━━━━━━━━━━━━━━━━━━━━━━━ 6.4/6.4 MB 199.4 MB/s  0:00:00
ASPICE Traceability Check (TH-01)	Install harness dependencies	2026-06-21T17:03:29.3760868Z Downloading pytest-8.4.2-py3-none-any.whl (365 kB)
ASPICE Traceability Check (TH-01)	Install harness dependencies	2026-06-21T17:03:29.3817619Z Downloading pytest_cov-7.1.0-py3-none-any.whl (22 kB)
ASPICE Traceability Check (TH-01)	Install harness dependencies	2026-06-21T17:03:29.3905414Z Downloading pytest_benchmark-5.2.3-py3-none-any.whl (45 kB)
ASPICE Traceability Check (TH-01)	Install harness dependencies	2026-06-21T17:03:29.3965793Z Downloading bandit-1.8.6-py3-none-any.whl (133 kB)
ASPICE Traceability Check (TH-01)	Install harness dependencies	2026-06-21T17:03:29.4014038Z Downloading radon-6.0.1-py2.py3-none-any.whl (52 kB)
ASPICE Traceability Check (TH-01)	Install harness dependencies	2026-06-21T17:03:29.4075060Z Downloading semgrep-1.165.0-cp310.cp311.cp312.cp313.cp314.py310.py311.py312.py313.py314-none-manylinux_2_34_x86_64.whl (68.9 MB)
ASPICE Traceability Check (TH-01)	Install harness dependencies	2026-06-21T17:03:29.6941874Z    ━━━━━━━━━━━━━━━━━━━━━━━━━━━━━━━━━━━━━━━━ 68.9/68.9 MB 246.1 MB/s  0:00:00
ASPICE Traceability Check (TH-01)	Install harness dependencies	2026-06-21T17:03:29.7002704Z Downloading tree_sitter-0.25.2-cp311-cp311-manylinux2014_x86_64.manylinux_2_17_x86_64.manylinux_2_28_x86_64.whl (632 kB)
ASPICE Traceability Check (TH-01)	Install harness dependencies	2026-06-21T17:03:29.7052532Z    ━━━━━━━━━━━━━━━━━━━━━━━━━━━━━━━━━━━━━━━━ 632.2/632.2 kB 126.5 MB/s  0:00:00
ASPICE Traceability Check (TH-01)	Install harness dependencies	2026-06-21T17:03:29.7083825Z Downloading tree_sitter_javascript-0.25.0-cp310-abi3-manylinux1_x86_64.manylinux_2_28_x86_64.manylinux_2_5_x86_64.whl (99 kB)
ASPICE Traceability Check (TH-01)	Install harness dependencies	2026-06-21T17:03:29.7137677Z Downloading tree_sitter_typescript-0.23.2-cp39-abi3-manylinux_2_5_x86_64.manylinux1_x86_64.manylinux_2_17_x86_64.manylinux2014_x86_64.whl (344 kB)
ASPICE Traceability Check (TH-01)	Install harness dependencies	2026-06-21T17:03:29.7255485Z Downloading pyyaml-6.0.3-cp311-cp311-manylinux2014_x86_64.manylinux_2_17_x86_64.manylinux_2_28_x86_64.whl (806 kB)
ASPICE Traceability Check (TH-01)	Install harness dependencies	2026-06-21T17:03:29.7308531Z    ━━━━━━━━━━━━━━━━━━━━━━━━━━━━━━━━━━━━━━━━ 806.6/806.6 kB 180.1 MB/s  0:00:00
ASPICE Traceability Check (TH-01)	Install harness dependencies	2026-06-21T17:03:29.7335293Z Downloading mcp-1.23.3-py3-none-any.whl (231 kB)
ASPICE Traceability Check (TH-01)	Install harness dependencies	2026-06-21T17:03:29.7393241Z Downloading ruamel_yaml_clib-0.2.15-cp311-cp311-manylinux2014_x86_64.manylinux_2_17_x86_64.manylinux_2_28_x86_64.whl (777 kB)
ASPICE Traceability Check (TH-01)	Install harness dependencies	2026-06-21T17:03:29.7467278Z    ━━━━━━━━━━━━━━━━━━━━━━━━━━━━━━━━━━━━━━━━ 777.6/777.6 kB 152.2 MB/s  0:00:00
ASPICE Traceability Check (TH-01)	Install harness dependencies	2026-06-21T17:03:29.7495062Z Downloading opentelemetry_exporter_otlp_proto_http-1.37.0-py3-none-any.whl (19 kB)
ASPICE Traceability Check (TH-01)	Install harness dependencies	2026-06-21T17:03:29.7548646Z Downloading opentelemetry_exporter_otlp_proto_common-1.37.0-py3-none-any.whl (18 kB)
ASPICE Traceability Check (TH-01)	Install harness dependencies	2026-06-21T17:03:29.7592552Z Downloading opentelemetry_proto-1.37.0-py3-none-any.whl (72 kB)
ASPICE Traceability Check (TH-01)	Install harness dependencies	2026-06-21T17:03:29.7642279Z Downloading boltons-21.0.0-py2.py3-none-any.whl (193 kB)
ASPICE Traceability Check (TH-01)	Install harness dependencies	2026-06-21T17:03:29.7704420Z Downloading click-8.1.8-py3-none-any.whl (98 kB)
ASPICE Traceability Check (TH-01)	Install harness dependencies	2026-06-21T17:03:29.7758418Z Downloading click_option_group-0.5.9-py3-none-any.whl (11 kB)
ASPICE Traceability Check (TH-01)	Install harness dependencies	2026-06-21T17:03:29.7804953Z Downloading colorama-0.4.6-py2.py3-none-any.whl (25 kB)
ASPICE Traceability Check (TH-01)	Install harness dependencies	2026-06-21T17:03:29.7852400Z Downloading exceptiongroup-1.2.2-py3-none-any.whl (16 kB)
ASPICE Traceability Check (TH-01)	Install harness dependencies	2026-06-21T17:03:29.7903221Z Downloading googleapis_common_protos-1.75.0-py3-none-any.whl (300 kB)
ASPICE Traceability Check (TH-01)	Install harness dependencies	2026-06-21T17:03:29.7958992Z Downloading jsonschema-4.25.1-py3-none-any.whl (90 kB)
ASPICE Traceability Check (TH-01)	Install harness dependencies	2026-06-21T17:03:29.8006439Z Downloading junit_xml-1.9-py2.py3-none-any.whl (7.1 kB)
ASPICE Traceability Check (TH-01)	Install harness dependencies	2026-06-21T17:03:29.8058208Z Downloading mando-0.7.1-py2.py3-none-any.whl (28 kB)
ASPICE Traceability Check (TH-01)	Install harness dependencies	2026-06-21T17:03:29.8109034Z Downloading opentelemetry_api-1.37.0-py3-none-any.whl (65 kB)
ASPICE Traceability Check (TH-01)	Install harness dependencies	2026-06-21T17:03:29.8154407Z Downloading importlib_metadata-8.7.1-py3-none-any.whl (27 kB)
ASPICE Traceability Check (TH-01)	Install harness dependencies	2026-06-21T17:03:29.8204078Z Downloading opentelemetry_instrumentation_requests-0.58b0-py3-none-any.whl (12 kB)
ASPICE Traceability Check (TH-01)	Install harness dependencies	2026-06-21T17:03:29.8259619Z Downloading opentelemetry_semantic_conventions-0.58b0-py3-none-any.whl (207 kB)
ASPICE Traceability Check (TH-01)	Install harness dependencies	2026-06-21T17:03:29.8327113Z Downloading opentelemetry_instrumentation-0.58b0-py3-none-any.whl (33 kB)
ASPICE Traceability Check (TH-01)	Install harness dependencies	2026-06-21T17:03:29.8371052Z Downloading opentelemetry_util_http-0.58b0-py3-none-any.whl (7.7 kB)
ASPICE Traceability Check (TH-01)	Install harness dependencies	2026-06-21T17:03:29.8415864Z Downloading opentelemetry_instrumentation_threading-0.58b0-py3-none-any.whl (9.3 kB)
ASPICE Traceability Check (TH-01)	Install harness dependencies	2026-06-21T17:03:29.8481678Z Downloading opentelemetry_sdk-1.37.0-py3-none-any.whl (131 kB)
ASPICE Traceability Check (TH-01)	Install harness dependencies	2026-06-21T17:03:29.8531670Z Downloading peewee-3.19.0-py3-none-any.whl (411 kB)
ASPICE Traceability Check (TH-01)	Install harness dependencies	2026-06-21T17:03:29.8608574Z Downloading pluggy-1.6.0-py3-none-any.whl (20 kB)
ASPICE Traceability Check (TH-01)	Install harness dependencies	2026-06-21T17:03:29.8655839Z Downloading protobuf-6.33.6-cp39-abi3-manylinux2014_x86_64.whl (323 kB)
ASPICE Traceability Check (TH-01)	Install harness dependencies	2026-06-21T17:03:29.8707489Z Downloading pydantic-2.13.4-py3-none-any.whl (472 kB)
ASPICE Traceability Check (TH-01)	Install harness dependencies	2026-06-21T17:03:29.8766170Z Downloading pydantic_core-2.46.4-cp311-cp311-manylinux_2_17_x86_64.manylinux2014_x86_64.whl (2.1 MB)
ASPICE Traceability Check (TH-01)	Install harness dependencies	2026-06-21T17:03:29.8847275Z    ━━━━━━━━━━━━━━━━━━━━━━━━━━━━━━━━━━━━━━━━ 2.1/2.1 MB 304.9 MB/s  0:00:00
ASPICE Traceability Check (TH-01)	Install harness dependencies	2026-06-21T17:03:29.8873664Z Downloading pyjwt-2.12.1-py3-none-any.whl (29 kB)
ASPICE Traceability Check (TH-01)	Install harness dependencies	2026-06-21T17:03:29.8929832Z Downloading requests-2.34.2-py3-none-any.whl (73 kB)
ASPICE Traceability Check (TH-01)	Install harness dependencies	2026-06-21T17:03:29.8976856Z Downloading charset_normalizer-3.4.7-cp311-cp311-manylinux2014_x86_64.manylinux_2_17_x86_64.manylinux_2_28_x86_64.whl (214 kB)
ASPICE Traceability Check (TH-01)	Install harness dependencies	2026-06-21T17:03:29.9028150Z Downloading idna-3.18-py3-none-any.whl (65 kB)
ASPICE Traceability Check (TH-01)	Install harness dependencies	2026-06-21T17:03:29.9077121Z Downloading semantic_version-2.10.0-py2.py3-none-any.whl (15 kB)
ASPICE Traceability Check (TH-01)	Install harness dependencies	2026-06-21T17:03:29.9125526Z Downloading tomli-2.4.1-cp311-cp311-manylinux2014_x86_64.manylinux_2_17_x86_64.manylinux_2_28_x86_64.whl (243 kB)
ASPICE Traceability Check (TH-01)	Install harness dependencies	2026-06-21T17:03:29.9179444Z Downloading typing_extensions-4.15.0-py3-none-any.whl (44 kB)
ASPICE Traceability Check (TH-01)	Install harness dependencies	2026-06-21T17:03:29.9228919Z Downloading urllib3-2.7.0-py3-none-any.whl (131 kB)
ASPICE Traceability Check (TH-01)	Install harness dependencies	2026-06-21T17:03:29.9283611Z Downloading wcmatch-8.5.2-py3-none-any.whl (39 kB)
ASPICE Traceability Check (TH-01)	Install harness dependencies	2026-06-21T17:03:29.9329867Z Downloading wrapt-1.17.3-cp311-cp311-manylinux1_x86_64.manylinux_2_28_x86_64.manylinux_2_5_x86_64.whl (82 kB)
ASPICE Traceability Check (TH-01)	Install harness dependencies	2026-06-21T17:03:29.9388734Z Downloading annotated_types-0.7.0-py3-none-any.whl (13 kB)
ASPICE Traceability Check (TH-01)	Install harness dependencies	2026-06-21T17:03:29.9442994Z Downloading anyio-4.14.0-py3-none-any.whl (123 kB)
ASPICE Traceability Check (TH-01)	Install harness dependencies	2026-06-21T17:03:29.9496672Z Downloading attrs-26.1.0-py3-none-any.whl (67 kB)
ASPICE Traceability Check (TH-01)	Install harness dependencies	2026-06-21T17:03:29.9546132Z Downloading bracex-2.6-py3-none-any.whl (11 kB)
ASPICE Traceability Check (TH-01)	Install harness dependencies	2026-06-21T17:03:29.9591498Z Downloading certifi-2026.6.17-py3-none-any.whl (133 kB)
ASPICE Traceability Check (TH-01)	Install harness dependencies	2026-06-21T17:03:29.9644218Z Downloading coverage-7.14.2-cp311-cp311-manylinux1_x86_64.manylinux_2_28_x86_64.manylinux_2_5_x86_64.whl (253 kB)
ASPICE Traceability Check (TH-01)	Install harness dependencies	2026-06-21T17:03:29.9701960Z Downloading cryptography-49.0.0-cp311-abi3-manylinux_2_34_x86_64.whl (4.7 MB)
ASPICE Traceability Check (TH-01)	Install harness dependencies	2026-06-21T17:03:29.9871932Z    ━━━━━━━━━━━━━━━━━━━━━━━━━━━━━━━━━━━━━━━━ 4.7/4.7 MB 309.5 MB/s  0:00:00
ASPICE Traceability Check (TH-01)	Install harness dependencies	2026-06-21T17:03:29.9903998Z Downloading cffi-2.0.0-cp311-cp311-manylinux2014_x86_64.manylinux_2_17_x86_64.whl (215 kB)
ASPICE Traceability Check (TH-01)	Install harness dependencies	2026-06-21T17:03:29.9961410Z Downloading glom-25.12.0-py3-none-any.whl (103 kB)
ASPICE Traceability Check (TH-01)	Install harness dependencies	2026-06-21T17:03:30.0011635Z Downloading face-26.0.1-py3-none-any.whl (57 kB)
ASPICE Traceability Check (TH-01)	Install harness dependencies	2026-06-21T17:03:30.0059308Z Downloading httpx-0.28.1-py3-none-any.whl (73 kB)
ASPICE Traceability Check (TH-01)	Install harness dependencies	2026-06-21T17:03:30.0107335Z Downloading httpcore-1.0.9-py3-none-any.whl (78 kB)
ASPICE Traceability Check (TH-01)	Install harness dependencies	2026-06-21T17:03:30.0157114Z Downloading h11-0.16.0-py3-none-any.whl (37 kB)
ASPICE Traceability Check (TH-01)	Install harness dependencies	2026-06-21T17:03:30.0204656Z Downloading httpx_sse-0.4.3-py3-none-any.whl (9.0 kB)
ASPICE Traceability Check (TH-01)	Install harness dependencies	2026-06-21T17:03:30.0251769Z Downloading iniconfig-2.3.0-py3-none-any.whl (7.5 kB)
ASPICE Traceability Check (TH-01)	Install harness dependencies	2026-06-21T17:03:30.0299363Z Downloading jsonschema_specifications-2025.9.1-py3-none-any.whl (18 kB)
ASPICE Traceability Check (TH-01)	Install harness dependencies	2026-06-21T17:03:30.0348270Z Downloading librt-0.11.0-cp311-cp311-manylinux2014_x86_64.manylinux_2_17_x86_64.manylinux_2_28_x86_64.whl (497 kB)
ASPICE Traceability Check (TH-01)	Install harness dependencies	2026-06-21T17:03:30.0406821Z Downloading mypy_extensions-1.1.0-py3-none-any.whl (5.0 kB)
ASPICE Traceability Check (TH-01)	Install harness dependencies	2026-06-21T17:03:30.0456573Z Downloading nodeenv-1.10.0-py2.py3-none-any.whl (23 kB)
ASPICE Traceability Check (TH-01)	Install harness dependencies	2026-06-21T17:03:30.0519369Z Downloading packaging-26.2-py3-none-any.whl (100 kB)
ASPICE Traceability Check (TH-01)	Install harness dependencies	2026-06-21T17:03:30.0571694Z Downloading pathspec-1.1.1-py3-none-any.whl (57 kB)
ASPICE Traceability Check (TH-01)	Install harness dependencies	2026-06-21T17:03:30.0636283Z Downloading pydantic_settings-2.14.2-py3-none-any.whl (61 kB)
ASPICE Traceability Check (TH-01)	Install harness dependencies	2026-06-21T17:03:30.0707210Z Downloading pygments-2.20.0-py3-none-any.whl (1.2 MB)
ASPICE Traceability Check (TH-01)	Install harness dependencies	2026-06-21T17:03:30.0777492Z    ━━━━━━━━━━━━━━━━━━━━━━━━━━━━━━━━━━━━━━━━ 1.2/1.2 MB 223.5 MB/s  0:00:00
ASPICE Traceability Check (TH-01)	Install harness dependencies	2026-06-21T17:03:30.0805074Z Downloading python_dotenv-1.2.2-py3-none-any.whl (22 kB)
ASPICE Traceability Check (TH-01)	Install harness dependencies	2026-06-21T17:03:30.0854494Z Downloading python_multipart-0.0.32-py3-none-any.whl (30 kB)
ASPICE Traceability Check (TH-01)	Install harness dependencies	2026-06-21T17:03:30.0902471Z Downloading referencing-0.37.0-py3-none-any.whl (26 kB)
ASPICE Traceability Check (TH-01)	Install harness dependencies	2026-06-21T17:03:30.0956812Z Downloading rich-15.0.0-py3-none-any.whl (310 kB)
ASPICE Traceability Check (TH-01)	Install harness dependencies	2026-06-21T17:03:30.1012782Z Downloading markdown_it_py-4.2.0-py3-none-any.whl (91 kB)
ASPICE Traceability Check (TH-01)	Install harness dependencies	2026-06-21T17:03:30.1063706Z Downloading mdurl-0.1.2-py3-none-any.whl (10.0 kB)
ASPICE Traceability Check (TH-01)	Install harness dependencies	2026-06-21T17:03:30.1113557Z Downloading rpds_py-2026.5.1-cp311-cp311-manylinux_2_17_x86_64.manylinux2014_x86_64.whl (378 kB)
ASPICE Traceability Check (TH-01)	Install harness dependencies	2026-06-21T17:03:30.1170022Z Downloading ruamel_yaml-0.19.1-py3-none-any.whl (118 kB)
ASPICE Traceability Check (TH-01)	Install harness dependencies	2026-06-21T17:03:30.1220071Z Downloading sse_starlette-3.4.5-py3-none-any.whl (16 kB)
ASPICE Traceability Check (TH-01)	Install harness dependencies	2026-06-21T17:03:30.1269864Z Downloading starlette-1.3.1-py3-none-any.whl (73 kB)
ASPICE Traceability Check (TH-01)	Install harness dependencies	2026-06-21T17:03:30.1317555Z Downloading stevedore-5.8.0-py3-none-any.whl (54 kB)
ASPICE Traceability Check (TH-01)	Install harness dependencies	2026-06-21T17:03:30.1362954Z Downloading typing_inspection-0.4.2-py3-none-any.whl (14 kB)
ASPICE Traceability Check (TH-01)	Install harness dependencies	2026-06-21T17:03:30.1410456Z Downloading uvicorn-0.49.0-py3-none-any.whl (71 kB)
ASPICE Traceability Check (TH-01)	Install harness dependencies	2026-06-21T17:03:30.1463148Z Downloading zipp-4.1.0-py3-none-any.whl (10 kB)
ASPICE Traceability Check (TH-01)	Install harness dependencies	2026-06-21T17:03:30.1507225Z Downloading parso-0.8.7-py2.py3-none-any.whl (107 kB)
ASPICE Traceability Check (TH-01)	Install harness dependencies	2026-06-21T17:03:30.1577458Z Downloading pony-0.7.19-py3-none-any.whl (317 kB)
ASPICE Traceability Check (TH-01)	Install harness dependencies	2026-06-21T17:03:30.1634470Z Downloading py_cpuinfo-9.0.0-py3-none-any.whl (22 kB)
ASPICE Traceability Check (TH-01)	Install harness dependencies	2026-06-21T17:03:30.1686769Z Downloading pycparser-3.0-py3-none-any.whl (48 kB)
ASPICE Traceability Check (TH-01)	Install harness dependencies	2026-06-21T17:03:30.1736860Z Downloading six-1.17.0-py2.py3-none-any.whl (11 kB)
ASPICE Traceability Check (TH-01)	Install harness dependencies	2026-06-21T17:03:30.1782360Z Downloading toml-0.10.2-py2.py3-none-any.whl (16 kB)
ASPICE Traceability Check (TH-01)	Install harness dependencies	2026-06-21T17:03:30.3938708Z Building wheels for collected packages: mutmut, glob2
ASPICE Traceability Check (TH-01)	Install harness dependencies	2026-06-21T17:03:30.3946687Z   Building wheel for mutmut (pyproject.toml): started
ASPICE Traceability Check (TH-01)	Install harness dependencies	2026-06-21T17:03:30.6019331Z   Building wheel for mutmut (pyproject.toml): finished with status 'done'
ASPICE Traceability Check (TH-01)	Install harness dependencies	2026-06-21T17:03:30.6024732Z   Created wheel for mutmut: filename=mutmut-2.5.1-py2.py3-none-any.whl size=31439 sha256=38a7822b8d93c5e13c659c5ccb0df72e43ed337841638c769c34f10fbeca2150
ASPICE Traceability Check (TH-01)	Install harness dependencies	2026-06-21T17:03:30.6026451Z   Stored in directory: /home/runner/.cache/pip/wheels/de/da/26/9335ec3b5a0d10f61a64e2719152627ecfb2914c8edcbef538
ASPICE Traceability Check (TH-01)	Install harness dependencies	2026-06-21T17:03:30.6055453Z   Building wheel for glob2 (pyproject.toml): started
ASPICE Traceability Check (TH-01)	Install harness dependencies	2026-06-21T17:03:30.7937926Z   Building wheel for glob2 (pyproject.toml): finished with status 'done'
ASPICE Traceability Check (TH-01)	Install harness dependencies	2026-06-21T17:03:30.7942762Z   Created wheel for glob2: filename=glob2-0.7-py2.py3-none-any.whl size=9364 sha256=ab1a0dcc54b0e94b630d428cec5c32b22de811349b66e0137d07356beb439089
ASPICE Traceability Check (TH-01)	Install harness dependencies	2026-06-21T17:03:30.7944108Z   Stored in directory: /home/runner/.cache/pip/wheels/96/41/06/9f8fddc6eb1d75bde63db7f491311a4ae26905212617e06eb2
ASPICE Traceability Check (TH-01)	Install harness dependencies	2026-06-21T17:03:30.7957875Z Successfully built mutmut glob2
ASPICE Traceability Check (TH-01)	Install harness dependencies	2026-06-21T17:03:30.9399854Z Installing collected packages: py-cpuinfo, pony, peewee, glob2, boltons, zipp, wrapt, urllib3, typing_extensions, tree-sitter-typescript, tree-sitter-javascript, tree-sitter, tomli, toml, stevedore, six, semantic-version, ruff, ruamel.yaml.clib, ruamel.yaml, rpds-py, pyyaml, python-multipart, python-dotenv, pyjwt, pygments, pycparser, protobuf, pluggy, pathspec, parso, packaging, opentelemetry-util-http, nodeenv, mypy_extensions, mdurl, librt, iniconfig, idna, httpx-sse, h11, face, exceptiongroup, coverage, colorama, click, charset_normalizer, certifi, bracex, attrs, annotated-types, wcmatch, uvicorn, typing-inspection, requests, referencing, pytest, pyright, pydantic-core, opentelemetry-proto, mypy, markdown-it-py, mando, junit-xml, importlib-metadata, httpcore, googleapis-common-protos, glom, click-option-group, cffi, anyio, starlette, rich, radon, pytest-cov, pytest-benchmark, pydantic, opentelemetry-exporter-otlp-proto-common, opentelemetry-api, mutmut, jsonschema-specifications, httpx, cryptography, sse-starlette, pydantic-settings, opentelemetry-semantic-conventions, jsonschema, bandit, opentelemetry-sdk, opentelemetry-instrumentation, mcp, opentelemetry-instrumentation-threading, opentelemetry-instrumentation-requests, opentelemetry-exporter-otlp-proto-http, semgrep
ASPICE Traceability Check (TH-01)	Install harness dependencies	2026-06-21T17:03:39.1448069Z 
ASPICE Traceability Check (TH-01)	Install harness dependencies	2026-06-21T17:03:39.1495899Z Successfully installed annotated-types-0.7.0 anyio-4.14.0 attrs-26.1.0 bandit-1.8.6 boltons-21.0.0 bracex-2.6 certifi-2026.6.17 cffi-2.0.0 charset_normalizer-3.4.7 click-8.1.8 click-option-group-0.5.9 colorama-0.4.6 coverage-7.14.2 cryptography-49.0.0 exceptiongroup-1.2.2 face-26.0.1 glob2-0.7 glom-25.12.0 googleapis-common-protos-1.75.0 h11-0.16.0 httpcore-1.0.9 httpx-0.28.1 httpx-sse-0.4.3 idna-3.18 importlib-metadata-8.7.1 iniconfig-2.3.0 jsonschema-4.25.1 jsonschema-specifications-2025.9.1 junit-xml-1.9 librt-0.11.0 mando-0.7.1 markdown-it-py-4.2.0 mcp-1.23.3 mdurl-0.1.2 mutmut-2.5.1 mypy-1.19.1 mypy_extensions-1.1.0 nodeenv-1.10.0 opentelemetry-api-1.37.0 opentelemetry-exporter-otlp-proto-common-1.37.0 opentelemetry-exporter-otlp-proto-http-1.37.0 opentelemetry-instrumentation-0.58b0 opentelemetry-instrumentation-requests-0.58b0 opentelemetry-instrumentation-threading-0.58b0 opentelemetry-proto-1.37.0 opentelemetry-sdk-1.37.0 opentelemetry-semantic-conventions-0.58b0 opentelemetry-util-http-0.58b0 packaging-26.2 parso-0.8.7 pathspec-1.1.1 peewee-3.19.0 pluggy-1.6.0 pony-0.7.19 protobuf-6.33.6 py-cpuinfo-9.0.0 pycparser-3.0 pydantic-2.13.4 pydantic-core-2.46.4 pydantic-settings-2.14.2 pygments-2.20.0 pyjwt-2.12.1 pyright-1.1.409 pytest-8.4.2 pytest-benchmark-5.2.3 pytest-cov-7.1.0 python-dotenv-1.2.2 python-multipart-0.0.32 pyyaml-6.0.3 radon-6.0.1 referencing-0.37.0 requests-2.34.2 rich-15.0.0 rpds-py-2026.5.1 ruamel.yaml-0.19.1 ruamel.yaml.clib-0.2.15 ruff-0.15.13 semantic-version-2.10.0 semgrep-1.165.0 six-1.17.0 sse-starlette-3.4.5 starlette-1.3.1 stevedore-5.8.0 toml-0.10.2 tomli-2.4.1 tree-sitter-0.25.2 tree-sitter-javascript-0.25.0 tree-sitter-typescript-0.23.2 typing-inspection-0.4.2 typing_extensions-4.15.0 urllib3-2.7.0 uvicorn-0.49.0 wcmatch-8.5.2 wrapt-1.17.3 zipp-4.1.0
ASPICE Traceability Check (TH-01)	Detect phase	﻿2026-06-21T17:03:39.4851302Z ##[group]Run PHASE=$(python3 -c "
ASPICE Traceability Check (TH-01)	Detect phase	2026-06-21T17:03:39.4851643Z ^[[36;1mPHASE=$(python3 -c "^[[0m
ASPICE Traceability Check (TH-01)	Detect phase	2026-06-21T17:03:39.4851883Z ^[[36;1mimport json^[[0m
ASPICE Traceability Check (TH-01)	Detect phase	2026-06-21T17:03:39.4852083Z ^[[36;1mtry:^[[0m
ASPICE Traceability Check (TH-01)	Detect phase	2026-06-21T17:03:39.4852341Z ^[[36;1m    d = json.load(open('.methodology/state.json'))^[[0m
ASPICE Traceability Check (TH-01)	Detect phase	2026-06-21T17:03:39.4852706Z ^[[36;1m    print(int(d.get('current_phase', 0)))^[[0m
ASPICE Traceability Check (TH-01)	Detect phase	2026-06-21T17:03:39.4853017Z ^[[36;1mexcept Exception:^[[0m
ASPICE Traceability Check (TH-01)	Detect phase	2026-06-21T17:03:39.4853248Z ^[[36;1m    print(0)^[[0m
ASPICE Traceability Check (TH-01)	Detect phase	2026-06-21T17:03:39.4853461Z ^[[36;1m" 2>/dev/null || echo "0")^[[0m
ASPICE Traceability Check (TH-01)	Detect phase	2026-06-21T17:03:39.4853747Z ^[[36;1mecho "PHASE=$PHASE" >> $GITHUB_OUTPUT^[[0m
ASPICE Traceability Check (TH-01)	Detect phase	2026-06-21T17:03:39.4891874Z shell: /usr/bin/bash -e {0}
ASPICE Traceability Check (TH-01)	Detect phase	2026-06-21T17:03:39.4892125Z env:
ASPICE Traceability Check (TH-01)	Detect phase	2026-06-21T17:03:39.4892394Z   pythonLocation: /opt/hostedtoolcache/Python/3.11.15/x64
ASPICE Traceability Check (TH-01)	Detect phase	2026-06-21T17:03:39.4892863Z   PKG_CONFIG_PATH: /opt/hostedtoolcache/Python/3.11.15/x64/lib/pkgconfig
ASPICE Traceability Check (TH-01)	Detect phase	2026-06-21T17:03:39.4893304Z   Python_ROOT_DIR: /opt/hostedtoolcache/Python/3.11.15/x64
ASPICE Traceability Check (TH-01)	Detect phase	2026-06-21T17:03:39.4893679Z   Python2_ROOT_DIR: /opt/hostedtoolcache/Python/3.11.15/x64
ASPICE Traceability Check (TH-01)	Detect phase	2026-06-21T17:03:39.4894109Z   Python3_ROOT_DIR: /opt/hostedtoolcache/Python/3.11.15/x64
ASPICE Traceability Check (TH-01)	Detect phase	2026-06-21T17:03:39.4894491Z   LD_LIBRARY_PATH: /opt/hostedtoolcache/Python/3.11.15/x64/lib
ASPICE Traceability Check (TH-01)	Detect phase	2026-06-21T17:03:39.4894813Z ##[endgroup]
ASPICE Traceability Check (TH-01)	Verify trace attestation (PR 3, P3+)	﻿2026-06-21T17:03:39.5228269Z ##[group]Run python harness/harness_cli.py verify-trace \
ASPICE Traceability Check (TH-01)	Verify trace attestation (PR 3, P3+)	2026-06-21T17:03:39.5228714Z ^[[36;1mpython harness/harness_cli.py verify-trace \^[[0m
ASPICE Traceability Check (TH-01)	Verify trace attestation (PR 3, P3+)	2026-06-21T17:03:39.5245897Z ^[[36;1m  --project . --gate "$PHASE" || {^[[0m
ASPICE Traceability Check (TH-01)	Verify trace attestation (PR 3, P3+)	2026-06-21T17:03:39.5246201Z ^[[36;1m  EXIT=$?^[[0m
ASPICE Traceability Check (TH-01)	Verify trace attestation (PR 3, P3+)	2026-06-21T17:03:39.5246427Z ^[[36;1m  [ $EXIT -eq 2 ] && exit 0^[[0m
ASPICE Traceability Check (TH-01)	Verify trace attestation (PR 3, P3+)	2026-06-21T17:03:39.5247062Z ^[[36;1m  [ $EXIT -eq 1 ] && [ "$PHASE" -lt 5 ] && exit 0^[[0m
ASPICE Traceability Check (TH-01)	Verify trace attestation (PR 3, P3+)	2026-06-21T17:03:39.5247378Z ^[[36;1m  exit $EXIT^[[0m
ASPICE Traceability Check (TH-01)	Verify trace attestation (PR 3, P3+)	2026-06-21T17:03:39.5247582Z ^[[36;1m}^[[0m
ASPICE Traceability Check (TH-01)	Verify trace attestation (PR 3, P3+)	2026-06-21T17:03:39.5278009Z shell: /usr/bin/bash -e {0}
ASPICE Traceability Check (TH-01)	Verify trace attestation (PR 3, P3+)	2026-06-21T17:03:39.5278259Z env:
ASPICE Traceability Check (TH-01)	Verify trace attestation (PR 3, P3+)	2026-06-21T17:03:39.5278532Z   pythonLocation: /opt/hostedtoolcache/Python/3.11.15/x64
ASPICE Traceability Check (TH-01)	Verify trace attestation (PR 3, P3+)	2026-06-21T17:03:39.5278973Z   PKG_CONFIG_PATH: /opt/hostedtoolcache/Python/3.11.15/x64/lib/pkgconfig
ASPICE Traceability Check (TH-01)	Verify trace attestation (PR 3, P3+)	2026-06-21T17:03:39.5279394Z   Python_ROOT_DIR: /opt/hostedtoolcache/Python/3.11.15/x64
ASPICE Traceability Check (TH-01)	Verify trace attestation (PR 3, P3+)	2026-06-21T17:03:39.5279764Z   Python2_ROOT_DIR: /opt/hostedtoolcache/Python/3.11.15/x64
ASPICE Traceability Check (TH-01)	Verify trace attestation (PR 3, P3+)	2026-06-21T17:03:39.5280134Z   Python3_ROOT_DIR: /opt/hostedtoolcache/Python/3.11.15/x64
ASPICE Traceability Check (TH-01)	Verify trace attestation (PR 3, P3+)	2026-06-21T17:03:39.5280557Z   LD_LIBRARY_PATH: /opt/hostedtoolcache/Python/3.11.15/x64/lib
ASPICE Traceability Check (TH-01)	Verify trace attestation (PR 3, P3+)	2026-06-21T17:03:39.5280871Z   PHASE: 3
ASPICE Traceability Check (TH-01)	Verify trace attestation (PR 3, P3+)	2026-06-21T17:03:39.5281051Z ##[endgroup]
ASPICE Traceability Check (TH-01)	Verify trace attestation (PR 3, P3+)	2026-06-21T17:03:39.8157355Z 
ASPICE Traceability Check (TH-01)	Verify trace attestation (PR 3, P3+)	2026-06-21T17:03:39.8158084Z verify-trace [gate 3]  project=/home/runner/work/omnibot/omnibot
ASPICE Traceability Check (TH-01)	Verify trace attestation (PR 3, P3+)	2026-06-21T17:03:39.8158873Z   SHA mismatch — code changed since last attestation.
ASPICE Traceability Check (TH-01)	Verify trace attestation (PR 3, P3+)	2026-06-21T17:03:39.8159328Z   stored:  184c42ca129a51f4c30e7dbe685500cafb637cace0a19b391f924e4c906924a7
ASPICE Traceability Check (TH-01)	Verify trace attestation (PR 3, P3+)	2026-06-21T17:03:39.8160128Z   current: 3e6c26dc1c8d02b4e16e9f100faf1d345ada5ffb7ef3da5835727edece94c355
ASPICE Traceability Check (TH-01)	Verify trace attestation (PR 3, P3+)	2026-06-21T17:03:39.8160776Z Re-run: python harness_cli.py build-trace-attestation --project /home/runner/work/omnibot/omnibot --write
ASPICE Traceability Check (TH-01)	Post Run actions/setup-python@v5	﻿2026-06-21T17:03:39.8394732Z Node 20 is being deprecated. This workflow is running with Node 24 by default. If you need to temporarily use Node 20, you can set the ACTIONS_ALLOW_USE_UNSECURE_NODE_VERSION=true environment variable. For more information see: https://github.blog/changelog/2025-09-19-deprecation-of-node-20-on-github-actions-runners/
ASPICE Traceability Check (TH-01)	Post Run actions/setup-python@v5	2026-06-21T17:03:39.8396019Z Post job cleanup.
ASPICE Traceability Check (TH-01)	Post Run actions/setup-python@v5	2026-06-21T17:03:39.9578187Z (node:2630) [DEP0040] DeprecationWarning: The `punycode` module is deprecated. Please use a userland alternative instead.
ASPICE Traceability Check (TH-01)	Post Run actions/setup-python@v5	2026-06-21T17:03:39.9579156Z (Use `node --trace-deprecation ...` to show where the warning was created)
ASPICE Traceability Check (TH-01)	Post Run actions/checkout@v4	﻿2026-06-21T17:03:39.9731399Z Node 20 is being deprecated. This workflow is running with Node 24 by default. If you need to temporarily use Node 20, you can set the ACTIONS_ALLOW_USE_UNSECURE_NODE_VERSION=true environment variable. For more information see: https://github.blog/changelog/2025-09-19-deprecation-of-node-20-on-github-actions-runners/
ASPICE Traceability Check (TH-01)	Post Run actions/checkout@v4	2026-06-21T17:03:39.9732674Z Post job cleanup.
ASPICE Traceability Check (TH-01)	Post Run actions/checkout@v4	2026-06-21T17:03:40.0534773Z [command]/usr/bin/git version
ASPICE Traceability Check (TH-01)	Post Run actions/checkout@v4	2026-06-21T17:03:40.0605020Z git version 2.54.0
ASPICE Traceability Check (TH-01)	Post Run actions/checkout@v4	2026-06-21T17:03:40.0643836Z Temporarily overriding HOME='/home/runner/work/_temp/6f2cd98e-b81a-4437-beb9-9c983decf985' before making global git config changes
ASPICE Traceability Check (TH-01)	Post Run actions/checkout@v4	2026-06-21T17:03:40.0645086Z Adding repository directory to the temporary git global config as a safe directory
ASPICE Traceability Check (TH-01)	Post Run actions/checkout@v4	2026-06-21T17:03:40.0650279Z [command]/usr/bin/git config --global --add safe.directory /home/runner/work/omnibot/omnibot
ASPICE Traceability Check (TH-01)	Post Run actions/checkout@v4	2026-06-21T17:03:40.0686190Z [command]/usr/bin/git config --local --name-only --get-regexp core\.sshCommand
ASPICE Traceability Check (TH-01)	Post Run actions/checkout@v4	2026-06-21T17:03:40.0720335Z [command]/usr/bin/git submodule foreach --recursive sh -c "git config --local --name-only --get-regexp 'core\.sshCommand' && git config --local --unset-all 'core.sshCommand' || :"
ASPICE Traceability Check (TH-01)	Post Run actions/checkout@v4	2026-06-21T17:03:40.0929383Z Entering 'harness'
ASPICE Traceability Check (TH-01)	Post Run actions/checkout@v4	2026-06-21T17:03:40.0986315Z [command]/usr/bin/git config --local --name-only --get-regexp http\.https\:\/\/github\.com\/\.extraheader
ASPICE Traceability Check (TH-01)	Post Run actions/checkout@v4	2026-06-21T17:03:40.1010789Z http.https://github.com/.extraheader
ASPICE Traceability Check (TH-01)	Post Run actions/checkout@v4	2026-06-21T17:03:40.1020565Z [command]/usr/bin/git config --local --unset-all http.https://github.com/.extraheader
ASPICE Traceability Check (TH-01)	Post Run actions/checkout@v4	2026-06-21T17:03:40.1050819Z [command]/usr/bin/git submodule foreach --recursive sh -c "git config --local --name-only --get-regexp 'http\.https\:\/\/github\.com\/\.extraheader' && git config --local --unset-all 'http.https://github.com/.extraheader' || :"
ASPICE Traceability Check (TH-01)	Post Run actions/checkout@v4	2026-06-21T17:03:40.1257105Z Entering 'harness'
ASPICE Traceability Check (TH-01)	Post Run actions/checkout@v4	2026-06-21T17:03:40.1280882Z http.https://github.com/.extraheader
ASPICE Traceability Check (TH-01)	Post Run actions/checkout@v4	2026-06-21T17:03:40.1332131Z [command]/usr/bin/git config --local --name-only --get-regexp ^includeIf\.gitdir:
ASPICE Traceability Check (TH-01)	Post Run actions/checkout@v4	2026-06-21T17:03:40.1366577Z [command]/usr/bin/git submodule foreach --recursive git config --local --show-origin --name-only --get-regexp remote.origin.url
ASPICE Traceability Check (TH-01)	Post Run actions/checkout@v4	2026-06-21T17:03:40.1593296Z Entering 'harness'
ASPICE Traceability Check (TH-01)	Post Run actions/checkout@v4	2026-06-21T17:03:40.1613851Z file:/home/runner/work/omnibot/omnibot/.git/modules/harness/config	remote.origin.url
ASPICE Traceability Check (TH-01)	Post Run actions/checkout@v4	2026-06-21T17:03:40.1650088Z [command]/usr/bin/git config --file /home/runner/work/omnibot/omnibot/.git/modules/harness/config --name-only --get-regexp ^includeIf\.gitdir:
ASPICE Traceability Check (TH-01)	Complete job	﻿2026-06-21T17:03:40.1831533Z Cleaning up orphan processes
ASPICE Traceability Check (TH-01)	Complete job	2026-06-21T17:03:40.2277106Z ##[warning]Node.js 20 is deprecated. The following actions target Node.js 20 but are being forced to run on Node.js 24: actions/checkout@v4, actions/setup-python@v5. For more information see: https://github.blog/changelog/2025-09-19-deprecation-of-node-20-on-github-actions-runners/
Phase Deliverables Existence Check	Set up job	﻿2026-06-21T17:03:15.6159363Z Current runner version: '2.335.1'
Phase Deliverables Existence Check	Set up job	2026-06-21T17:03:15.6193802Z ##[group]Runner Image Provisioner
Phase Deliverables Existence Check	Set up job	2026-06-21T17:03:15.6195475Z Hosted Compute Agent
Phase Deliverables Existence Check	Set up job	2026-06-21T17:03:15.6196425Z Version: 20260611.554
Phase Deliverables Existence Check	Set up job	2026-06-21T17:03:15.6197537Z Commit: 5e0782fdc9014723d3be820dd114dd31555c2bd1
Phase Deliverables Existence Check	Set up job	2026-06-21T17:03:15.6198742Z Build Date: 2026-06-11T21:40:46Z
Phase Deliverables Existence Check	Set up job	2026-06-21T17:03:15.6200047Z Worker ID: {35554859-0f50-4ab2-8fcf-45caa94fae78}
Phase Deliverables Existence Check	Set up job	2026-06-21T17:03:15.6201216Z Azure Region: eastus
Phase Deliverables Existence Check	Set up job	2026-06-21T17:03:15.6202583Z ##[endgroup]
Phase Deliverables Existence Check	Set up job	2026-06-21T17:03:15.6205223Z ##[group]Operating System
Phase Deliverables Existence Check	Set up job	2026-06-21T17:03:15.6206241Z Ubuntu
Phase Deliverables Existence Check	Set up job	2026-06-21T17:03:15.6207220Z 24.04.4
Phase Deliverables Existence Check	Set up job	2026-06-21T17:03:15.6208017Z LTS
Phase Deliverables Existence Check	Set up job	2026-06-21T17:03:15.6208968Z ##[endgroup]
Phase Deliverables Existence Check	Set up job	2026-06-21T17:03:15.6209821Z ##[group]Runner Image
Phase Deliverables Existence Check	Set up job	2026-06-21T17:03:15.6210729Z Image: ubuntu-24.04
Phase Deliverables Existence Check	Set up job	2026-06-21T17:03:15.6211784Z Version: 20260615.205.1
Phase Deliverables Existence Check	Set up job	2026-06-21T17:03:15.6213526Z Included Software: https://github.com/actions/runner-images/blob/ubuntu24/20260615.205/images/ubuntu/Ubuntu2404-Readme.md
Phase Deliverables Existence Check	Set up job	2026-06-21T17:03:15.6216733Z Image Release: https://github.com/actions/runner-images/releases/tag/ubuntu24%2F20260615.205
Phase Deliverables Existence Check	Set up job	2026-06-21T17:03:15.6218424Z ##[endgroup]
Phase Deliverables Existence Check	Set up job	2026-06-21T17:03:15.6220365Z ##[group]GITHUB_TOKEN Permissions
Phase Deliverables Existence Check	Set up job	2026-06-21T17:03:15.6223045Z Contents: read
Phase Deliverables Existence Check	Set up job	2026-06-21T17:03:15.6224221Z Metadata: read
Phase Deliverables Existence Check	Set up job	2026-06-21T17:03:15.6225227Z Packages: read
Phase Deliverables Existence Check	Set up job	2026-06-21T17:03:15.6226181Z ##[endgroup]
Phase Deliverables Existence Check	Set up job	2026-06-21T17:03:15.6229084Z Secret source: Actions
Phase Deliverables Existence Check	Set up job	2026-06-21T17:03:15.6230446Z Prepare workflow directory
Phase Deliverables Existence Check	Set up job	2026-06-21T17:03:15.6694834Z Prepare all required actions
Phase Deliverables Existence Check	Set up job	2026-06-21T17:03:15.6749950Z Getting action download info
Phase Deliverables Existence Check	Set up job	2026-06-21T17:03:15.8471716Z Download action repository 'actions/checkout@v4' (SHA:34e114876b0b11c390a56381ad16ebd13914f8d5)
Phase Deliverables Existence Check	Set up job	2026-06-21T17:03:16.0064546Z Complete job name: Phase Deliverables Existence Check
Phase Deliverables Existence Check	Run actions/checkout@v4	﻿2026-06-21T17:03:16.0909296Z Node 20 is being deprecated. This workflow is running with Node 24 by default. If you need to temporarily use Node 20, you can set the ACTIONS_ALLOW_USE_UNSECURE_NODE_VERSION=true environment variable. For more information see: https://github.blog/changelog/2025-09-19-deprecation-of-node-20-on-github-actions-runners/
Phase Deliverables Existence Check	Run actions/checkout@v4	2026-06-21T17:03:16.0918092Z ##[group]Run actions/checkout@v4
Phase Deliverables Existence Check	Run actions/checkout@v4	2026-06-21T17:03:16.0918816Z with:
Phase Deliverables Existence Check	Run actions/checkout@v4	2026-06-21T17:03:16.0919287Z   repository: johnnylugm-tech/omnibot
Phase Deliverables Existence Check	Run actions/checkout@v4	2026-06-21T17:03:16.0924392Z   token: ***
Phase Deliverables Existence Check	Run actions/checkout@v4	2026-06-21T17:03:16.0924860Z   ssh-strict: true
Phase Deliverables Existence Check	Run actions/checkout@v4	2026-06-21T17:03:16.0925327Z   ssh-user: git
Phase Deliverables Existence Check	Run actions/checkout@v4	2026-06-21T17:03:16.0925779Z   persist-credentials: true
Phase Deliverables Existence Check	Run actions/checkout@v4	2026-06-21T17:03:16.0926280Z   clean: true
Phase Deliverables Existence Check	Run actions/checkout@v4	2026-06-21T17:03:16.0926735Z   sparse-checkout-cone-mode: true
Phase Deliverables Existence Check	Run actions/checkout@v4	2026-06-21T17:03:16.0927277Z   fetch-depth: 1
Phase Deliverables Existence Check	Run actions/checkout@v4	2026-06-21T17:03:16.0927713Z   fetch-tags: false
Phase Deliverables Existence Check	Run actions/checkout@v4	2026-06-21T17:03:16.0928159Z   show-progress: true
Phase Deliverables Existence Check	Run actions/checkout@v4	2026-06-21T17:03:16.0928615Z   lfs: false
Phase Deliverables Existence Check	Run actions/checkout@v4	2026-06-21T17:03:16.0929045Z   submodules: false
Phase Deliverables Existence Check	Run actions/checkout@v4	2026-06-21T17:03:16.0929554Z   set-safe-directory: true
Phase Deliverables Existence Check	Run actions/checkout@v4	2026-06-21T17:03:16.0930282Z ##[endgroup]
Phase Deliverables Existence Check	Run actions/checkout@v4	2026-06-21T17:03:16.1921239Z Syncing repository: johnnylugm-tech/omnibot
Phase Deliverables Existence Check	Run actions/checkout@v4	2026-06-21T17:03:16.1924048Z ##[group]Getting Git version info
Phase Deliverables Existence Check	Run actions/checkout@v4	2026-06-21T17:03:16.1924936Z Working directory is '/home/runner/work/omnibot/omnibot'
Phase Deliverables Existence Check	Run actions/checkout@v4	2026-06-21T17:03:16.1926053Z [command]/usr/bin/git version
Phase Deliverables Existence Check	Run actions/checkout@v4	2026-06-21T17:03:16.1994831Z git version 2.54.0
Phase Deliverables Existence Check	Run actions/checkout@v4	2026-06-21T17:03:16.2052500Z ##[endgroup]
Phase Deliverables Existence Check	Run actions/checkout@v4	2026-06-21T17:03:16.2058874Z Temporarily overriding HOME='/home/runner/work/_temp/cdfdc92f-8fbd-4130-aeed-9a4b6abf74a2' before making global git config changes
Phase Deliverables Existence Check	Run actions/checkout@v4	2026-06-21T17:03:16.2061032Z Adding repository directory to the temporary git global config as a safe directory
Phase Deliverables Existence Check	Run actions/checkout@v4	2026-06-21T17:03:16.2064320Z [command]/usr/bin/git config --global --add safe.directory /home/runner/work/omnibot/omnibot
Phase Deliverables Existence Check	Run actions/checkout@v4	2026-06-21T17:03:16.2112319Z Deleting the contents of '/home/runner/work/omnibot/omnibot'
Phase Deliverables Existence Check	Run actions/checkout@v4	2026-06-21T17:03:16.2116783Z ##[group]Initializing the repository
Phase Deliverables Existence Check	Run actions/checkout@v4	2026-06-21T17:03:16.2120599Z [command]/usr/bin/git init /home/runner/work/omnibot/omnibot
Phase Deliverables Existence Check	Run actions/checkout@v4	2026-06-21T17:03:16.2204958Z hint: Using 'master' as the name for the initial branch. This default branch name
Phase Deliverables Existence Check	Run actions/checkout@v4	2026-06-21T17:03:16.2206666Z hint: will change to "main" in Git 3.0. To configure the initial branch name
Phase Deliverables Existence Check	Run actions/checkout@v4	2026-06-21T17:03:16.2207647Z hint: to use in all of your new repositories, which will suppress this warning,
Phase Deliverables Existence Check	Run actions/checkout@v4	2026-06-21T17:03:16.2208410Z hint: call:
Phase Deliverables Existence Check	Run actions/checkout@v4	2026-06-21T17:03:16.2209047Z hint:
Phase Deliverables Existence Check	Run actions/checkout@v4	2026-06-21T17:03:16.2209863Z hint: 	git config --global init.defaultBranch <name>
Phase Deliverables Existence Check	Run actions/checkout@v4	2026-06-21T17:03:16.2210894Z hint:
Phase Deliverables Existence Check	Run actions/checkout@v4	2026-06-21T17:03:16.2211823Z hint: Names commonly chosen instead of 'master' are 'main', 'trunk' and
Phase Deliverables Existence Check	Run actions/checkout@v4	2026-06-21T17:03:16.2213347Z hint: 'development'. The just-created branch can be renamed via this command:
Phase Deliverables Existence Check	Run actions/checkout@v4	2026-06-21T17:03:16.2214785Z hint:
Phase Deliverables Existence Check	Run actions/checkout@v4	2026-06-21T17:03:16.2215488Z hint: 	git branch -m <name>
Phase Deliverables Existence Check	Run actions/checkout@v4	2026-06-21T17:03:16.2216288Z hint:
Phase Deliverables Existence Check	Run actions/checkout@v4	2026-06-21T17:03:16.2217314Z hint: Disable this message with "git config set advice.defaultBranchName false"
Phase Deliverables Existence Check	Run actions/checkout@v4	2026-06-21T17:03:16.2218997Z Initialized empty Git repository in /home/runner/work/omnibot/omnibot/.git/
Phase Deliverables Existence Check	Run actions/checkout@v4	2026-06-21T17:03:16.2222710Z [command]/usr/bin/git remote add origin https://github.com/johnnylugm-tech/omnibot
Phase Deliverables Existence Check	Run actions/checkout@v4	2026-06-21T17:03:16.2266201Z ##[endgroup]
Phase Deliverables Existence Check	Run actions/checkout@v4	2026-06-21T17:03:16.2267501Z ##[group]Disabling automatic garbage collection
Phase Deliverables Existence Check	Run actions/checkout@v4	2026-06-21T17:03:16.2270528Z [command]/usr/bin/git config --local gc.auto 0
Phase Deliverables Existence Check	Run actions/checkout@v4	2026-06-21T17:03:16.2300913Z ##[endgroup]
Phase Deliverables Existence Check	Run actions/checkout@v4	2026-06-21T17:03:16.2302163Z ##[group]Setting up auth
Phase Deliverables Existence Check	Run actions/checkout@v4	2026-06-21T17:03:16.2307948Z [command]/usr/bin/git config --local --name-only --get-regexp core\.sshCommand
Phase Deliverables Existence Check	Run actions/checkout@v4	2026-06-21T17:03:16.2343245Z [command]/usr/bin/git submodule foreach --recursive sh -c "git config --local --name-only --get-regexp 'core\.sshCommand' && git config --local --unset-all 'core.sshCommand' || :"
Phase Deliverables Existence Check	Run actions/checkout@v4	2026-06-21T17:03:16.2678650Z [command]/usr/bin/git config --local --name-only --get-regexp http\.https\:\/\/github\.com\/\.extraheader
Phase Deliverables Existence Check	Run actions/checkout@v4	2026-06-21T17:03:16.2710238Z [command]/usr/bin/git submodule foreach --recursive sh -c "git config --local --name-only --get-regexp 'http\.https\:\/\/github\.com\/\.extraheader' && git config --local --unset-all 'http.https://github.com/.extraheader' || :"
Phase Deliverables Existence Check	Run actions/checkout@v4	2026-06-21T17:03:16.2956060Z [command]/usr/bin/git config --local --name-only --get-regexp ^includeIf\.gitdir:
Phase Deliverables Existence Check	Run actions/checkout@v4	2026-06-21T17:03:16.2983657Z [command]/usr/bin/git submodule foreach --recursive git config --local --show-origin --name-only --get-regexp remote.origin.url
Phase Deliverables Existence Check	Run actions/checkout@v4	2026-06-21T17:03:16.3241152Z [command]/usr/bin/git config --local http.https://github.com/.extraheader AUTHORIZATION: basic ***
Phase Deliverables Existence Check	Run actions/checkout@v4	2026-06-21T17:03:16.3320915Z ##[endgroup]
Phase Deliverables Existence Check	Run actions/checkout@v4	2026-06-21T17:03:16.3322124Z ##[group]Fetching the repository
Phase Deliverables Existence Check	Run actions/checkout@v4	2026-06-21T17:03:16.3330728Z [command]/usr/bin/git -c protocol.version=2 fetch --no-tags --prune --no-recurse-submodules --depth=1 origin +b4a42eeb727aaa535039bd86a9731a15588be212:refs/remotes/origin/main
Phase Deliverables Existence Check	Run actions/checkout@v4	2026-06-21T17:03:16.9981980Z From https://github.com/johnnylugm-tech/omnibot
Phase Deliverables Existence Check	Run actions/checkout@v4	2026-06-21T17:03:16.9984446Z  * [new ref]         b4a42eeb727aaa535039bd86a9731a15588be212 -> origin/main
Phase Deliverables Existence Check	Run actions/checkout@v4	2026-06-21T17:03:17.0015332Z ##[endgroup]
Phase Deliverables Existence Check	Run actions/checkout@v4	2026-06-21T17:03:17.0016946Z ##[group]Determining the checkout info
Phase Deliverables Existence Check	Run actions/checkout@v4	2026-06-21T17:03:17.0018828Z ##[endgroup]
Phase Deliverables Existence Check	Run actions/checkout@v4	2026-06-21T17:03:17.0024449Z [command]/usr/bin/git sparse-checkout disable
Phase Deliverables Existence Check	Run actions/checkout@v4	2026-06-21T17:03:17.0070457Z [command]/usr/bin/git config --local --unset-all extensions.worktreeConfig
Phase Deliverables Existence Check	Run actions/checkout@v4	2026-06-21T17:03:17.0100187Z ##[group]Checking out the ref
Phase Deliverables Existence Check	Run actions/checkout@v4	2026-06-21T17:03:17.0104349Z [command]/usr/bin/git checkout --progress --force -B main refs/remotes/origin/main
Phase Deliverables Existence Check	Run actions/checkout@v4	2026-06-21T17:03:17.3752378Z Switched to a new branch 'main'
Phase Deliverables Existence Check	Run actions/checkout@v4	2026-06-21T17:03:17.3754572Z branch 'main' set up to track 'origin/main'.
Phase Deliverables Existence Check	Run actions/checkout@v4	2026-06-21T17:03:17.3769175Z ##[endgroup]
Phase Deliverables Existence Check	Run actions/checkout@v4	2026-06-21T17:03:17.3815034Z [command]/usr/bin/git log -1 --format=%H
Phase Deliverables Existence Check	Run actions/checkout@v4	2026-06-21T17:03:17.3839117Z b4a42eeb727aaa535039bd86a9731a15588be212
Phase Deliverables Existence Check	Detect phase	﻿2026-06-21T17:03:17.4060650Z ##[group]Run PHASE=$(python3 -c "
Phase Deliverables Existence Check	Detect phase	2026-06-21T17:03:17.4061400Z ^[[36;1mPHASE=$(python3 -c "^[[0m
Phase Deliverables Existence Check	Detect phase	2026-06-21T17:03:17.4061939Z ^[[36;1mimport json^[[0m
Phase Deliverables Existence Check	Detect phase	2026-06-21T17:03:17.4062393Z ^[[36;1mtry:^[[0m
Phase Deliverables Existence Check	Detect phase	2026-06-21T17:03:17.4062921Z ^[[36;1m    d = json.load(open('.methodology/state.json'))^[[0m
Phase Deliverables Existence Check	Detect phase	2026-06-21T17:03:17.4063783Z ^[[36;1m    print(int(d.get('current_phase', 0)))^[[0m
Phase Deliverables Existence Check	Detect phase	2026-06-21T17:03:17.4064668Z ^[[36;1mexcept Exception:^[[0m
Phase Deliverables Existence Check	Detect phase	2026-06-21T17:03:17.4065143Z ^[[36;1m    print(0)^[[0m
Phase Deliverables Existence Check	Detect phase	2026-06-21T17:03:17.4065598Z ^[[36;1m" 2>/dev/null || echo "0")^[[0m
Phase Deliverables Existence Check	Detect phase	2026-06-21T17:03:17.4066133Z ^[[36;1mecho "PHASE=$PHASE" >> $GITHUB_OUTPUT^[[0m
Phase Deliverables Existence Check	Detect phase	2026-06-21T17:03:17.4233783Z shell: /usr/bin/bash -e {0}
Phase Deliverables Existence Check	Detect phase	2026-06-21T17:03:17.4234663Z ##[endgroup]
Phase Deliverables Existence Check	Check phase deliverables exist	﻿2026-06-21T17:03:17.4614986Z ##[group]Run python3 - <<'EOF'
Phase Deliverables Existence Check	Check phase deliverables exist	2026-06-21T17:03:17.4615604Z ^[[36;1mpython3 - <<'EOF'^[[0m
Phase Deliverables Existence Check	Check phase deliverables exist	2026-06-21T17:03:17.4616051Z ^[[36;1mimport os, sys^[[0m
Phase Deliverables Existence Check	Check phase deliverables exist	2026-06-21T17:03:17.4616552Z ^[[36;1mphase = int(os.environ.get("PHASE", "0"))^[[0m
Phase Deliverables Existence Check	Check phase deliverables exist	2026-06-21T17:03:17.4617199Z ^[[36;1m# Deliverables required to exist when phase >= p.^[[0m
Phase Deliverables Existence Check	Check phase deliverables exist	2026-06-21T17:03:17.4617876Z ^[[36;1m# Each entry: "checked when entering phase p or later" (cumulative).^[[0m
Phase Deliverables Existence Check	Check phase deliverables exist	2026-06-21T17:03:17.4618630Z ^[[36;1m# Paths authoritative from core/quality_gate/phase_artifact_enforcer.py.^[[0m
Phase Deliverables Existence Check	Check phase deliverables exist	2026-06-21T17:03:17.4619295Z ^[[36;1mrequired = {^[[0m
Phase Deliverables Existence Check	Check phase deliverables exist	2026-06-21T17:03:17.4619907Z ^[[36;1m    3: ["02-architecture/SAD.md"],                         # G-NEW-1: P2 artifact, present from P3+^[[0m
Phase Deliverables Existence Check	Check phase deliverables exist	2026-06-21T17:03:17.4620747Z ^[[36;1m    5: ["04-testing/TEST_PLAN.md",                        # P4 artifact, enforce after P4 complete^[[0m
Phase Deliverables Existence Check	Check phase deliverables exist	2026-06-21T17:03:17.4621418Z ^[[36;1m        "04-testing/TEST_RESULTS.md"],^[[0m
Phase Deliverables Existence Check	Check phase deliverables exist	2026-06-21T17:03:17.4622089Z ^[[36;1m    6: ["05-verification/VERIFICATION_REPORT.md", "05-verification/BASELINE.md"],^[[0m
Phase Deliverables Existence Check	Check phase deliverables exist	2026-06-21T17:03:17.4623209Z ^[[36;1m    7: ["06-quality/QUALITY_REPORT.md",                   # P6 artifact^[[0m
Phase Deliverables Existence Check	Check phase deliverables exist	2026-06-21T17:03:17.4624249Z ^[[36;1m        "RELEASE_NOTES.md",                               # C-1: P6 artifact (project root)^[[0m
Phase Deliverables Existence Check	Check phase deliverables exist	2026-06-21T17:03:17.4625007Z ^[[36;1m        "FINAL_SIGN_OFF.md"],                             # G-NEW-2: P6 artifact^[[0m
Phase Deliverables Existence Check	Check phase deliverables exist	2026-06-21T17:03:17.4625855Z ^[[36;1m    8: ["07-risk/RISK_STATUS_REPORT.md",                  # C-2: P7 artifact, was missing RISK_REGISTER^[[0m
Phase Deliverables Existence Check	Check phase deliverables exist	2026-06-21T17:03:17.4626633Z ^[[36;1m        "07-risk/RISK_REGISTER.md",                       # C-2 fix^[[0m
Phase Deliverables Existence Check	Check phase deliverables exist	2026-06-21T17:03:17.4627394Z ^[[36;1m        "07-risk/RISK_MITIGATION_PLANS.md"],              # K-1: generator lists this, now CI-enforced^[[0m
Phase Deliverables Existence Check	Check phase deliverables exist	2026-06-21T17:03:17.4628059Z ^[[36;1m}^[[0m
Phase Deliverables Existence Check	Check phase deliverables exist	2026-06-21T17:03:17.4628453Z ^[[36;1mmissing = []^[[0m
Phase Deliverables Existence Check	Check phase deliverables exist	2026-06-21T17:03:17.4628898Z ^[[36;1mfor p, files in required.items():^[[0m
Phase Deliverables Existence Check	Check phase deliverables exist	2026-06-21T17:03:17.4629402Z ^[[36;1m    if phase >= p:^[[0m
Phase Deliverables Existence Check	Check phase deliverables exist	2026-06-21T17:03:17.4629858Z ^[[36;1m        for f in files:^[[0m
Phase Deliverables Existence Check	Check phase deliverables exist	2026-06-21T17:03:17.4630336Z ^[[36;1m            if not os.path.exists(f):^[[0m
Phase Deliverables Existence Check	Check phase deliverables exist	2026-06-21T17:03:17.4630876Z ^[[36;1m                missing.append(f"[Phase {p}+] {f}")^[[0m
Phase Deliverables Existence Check	Check phase deliverables exist	2026-06-21T17:03:17.4631388Z ^[[36;1mif missing:^[[0m
Phase Deliverables Existence Check	Check phase deliverables exist	2026-06-21T17:03:17.4631864Z ^[[36;1m    print("FAIL: Expected deliverables missing:")^[[0m
Phase Deliverables Existence Check	Check phase deliverables exist	2026-06-21T17:03:17.4632400Z ^[[36;1m    for m in missing:^[[0m
Phase Deliverables Existence Check	Check phase deliverables exist	2026-06-21T17:03:17.4632847Z ^[[36;1m        print(f"  {m}")^[[0m
Phase Deliverables Existence Check	Check phase deliverables exist	2026-06-21T17:03:17.4633296Z ^[[36;1m    sys.exit(1)^[[0m
Phase Deliverables Existence Check	Check phase deliverables exist	2026-06-21T17:03:17.4634082Z ^[[36;1mprint(f"OK: all expected deliverables present for phase {phase}.")^[[0m
Phase Deliverables Existence Check	Check phase deliverables exist	2026-06-21T17:03:17.4634681Z ^[[36;1mEOF^[[0m
Phase Deliverables Existence Check	Check phase deliverables exist	2026-06-21T17:03:17.4668043Z shell: /usr/bin/bash -e {0}
Phase Deliverables Existence Check	Check phase deliverables exist	2026-06-21T17:03:17.4668510Z env:
Phase Deliverables Existence Check	Check phase deliverables exist	2026-06-21T17:03:17.4668892Z   PHASE: 3
Phase Deliverables Existence Check	Check phase deliverables exist	2026-06-21T17:03:17.4669277Z ##[endgroup]
Phase Deliverables Existence Check	Check phase deliverables exist	2026-06-21T17:03:17.4865707Z OK: all expected deliverables present for phase 3.
Phase Deliverables Existence Check	Post Run actions/checkout@v4	﻿2026-06-21T17:03:17.5026868Z Node 20 is being deprecated. This workflow is running with Node 24 by default. If you need to temporarily use Node 20, you can set the ACTIONS_ALLOW_USE_UNSECURE_NODE_VERSION=true environment variable. For more information see: https://github.blog/changelog/2025-09-19-deprecation-of-node-20-on-github-actions-runners/
Phase Deliverables Existence Check	Post Run actions/checkout@v4	2026-06-21T17:03:17.5028687Z Post job cleanup.
Phase Deliverables Existence Check	Post Run actions/checkout@v4	2026-06-21T17:03:17.5854120Z [command]/usr/bin/git version
Phase Deliverables Existence Check	Post Run actions/checkout@v4	2026-06-21T17:03:17.5922463Z git version 2.54.0
Phase Deliverables Existence Check	Post Run actions/checkout@v4	2026-06-21T17:03:17.5959849Z Temporarily overriding HOME='/home/runner/work/_temp/9466a6ac-aff4-4fe1-b90e-8b2e57f6d174' before making global git config changes
Phase Deliverables Existence Check	Post Run actions/checkout@v4	2026-06-21T17:03:17.5961907Z Adding repository directory to the temporary git global config as a safe directory
Phase Deliverables Existence Check	Post Run actions/checkout@v4	2026-06-21T17:03:17.5965923Z [command]/usr/bin/git config --global --add safe.directory /home/runner/work/omnibot/omnibot
Phase Deliverables Existence Check	Post Run actions/checkout@v4	2026-06-21T17:03:17.6001373Z [command]/usr/bin/git config --local --name-only --get-regexp core\.sshCommand
Phase Deliverables Existence Check	Post Run actions/checkout@v4	2026-06-21T17:03:17.6034512Z [command]/usr/bin/git submodule foreach --recursive sh -c "git config --local --name-only --get-regexp 'core\.sshCommand' && git config --local --unset-all 'core.sshCommand' || :"
Phase Deliverables Existence Check	Post Run actions/checkout@v4	2026-06-21T17:03:17.6269083Z [command]/usr/bin/git config --local --name-only --get-regexp http\.https\:\/\/github\.com\/\.extraheader
Phase Deliverables Existence Check	Post Run actions/checkout@v4	2026-06-21T17:03:17.6296028Z http.https://github.com/.extraheader
Phase Deliverables Existence Check	Post Run actions/checkout@v4	2026-06-21T17:03:17.6306030Z [command]/usr/bin/git config --local --unset-all http.https://github.com/.extraheader
Phase Deliverables Existence Check	Post Run actions/checkout@v4	2026-06-21T17:03:17.6337863Z [command]/usr/bin/git submodule foreach --recursive sh -c "git config --local --name-only --get-regexp 'http\.https\:\/\/github\.com\/\.extraheader' && git config --local --unset-all 'http.https://github.com/.extraheader' || :"
Phase Deliverables Existence Check	Post Run actions/checkout@v4	2026-06-21T17:03:17.6572156Z [command]/usr/bin/git config --local --name-only --get-regexp ^includeIf\.gitdir:
Phase Deliverables Existence Check	Post Run actions/checkout@v4	2026-06-21T17:03:17.6603495Z [command]/usr/bin/git submodule foreach --recursive git config --local --show-origin --name-only --get-regexp remote.origin.url
Phase Deliverables Existence Check	Complete job	﻿2026-06-21T17:03:17.6972533Z Cleaning up orphan processes
Phase Deliverables Existence Check	Complete job	2026-06-21T17:03:17.7298536Z ##[warning]Node.js 20 is deprecated. The following actions target Node.js 20 but are being forced to run on Node.js 24: actions/checkout@v4. For more information see: https://github.blog/changelog/2025-09-19-deprecation-of-node-20-on-github-actions-runners/
